{
  "created_utc": "2026-09-30T07:52:58.514503+00:00",
  "scope": "Two-ended completion with additional shortened seeds in the same orbits; no larger bridge enumeration",
  "source": "research/certificates/G9-shortened-seeds-v1/certificate.json",
  "source_sha256": "3e56a903a87782be78f4ead99c208afe319f3afb2fe933f69b32c15d9d6b33b7",
  "original_atoms": 21769,
  "rank_two_orbits": 3239,
  "checks": {
    "original_flow_equalities": 21742,
    "action_compositions": 3239,
    "central_representatives": 62003,
    "strip_controls": 83144,
    "quadrant_controls": 25912
  },
  "original_cost_counts": [
    0,
    1,
    2,
    2,
    2,
    2,
    6,
    26,
    71,
    162,
    341,
    779,
    1961,
    5098,
    13030
  ],
  "extended_initial_counts": [
    0,
    1,
    2,
    2,
    2,
    2,
    6,
    26,
    71,
    162,
    341,
    779,
    1961,
    5098,
    13030,
    26453,
    41213,
    55134,
    68420,
    81405,
    94174,
    106866,
    119589,
    132258,
    145151,
    158026,
    170982
  ],
  "central_coefficients": [
    0,
    1,
    0,
    0,
    0,
    0,
    4,
    24,
    69,
    160,
    339,
    777,
    1959,
    5096,
    13028,
    13027,
    8445,
    6090,
    4552,
    3299,
    2318,
    1438,
    883,
    324,
    171,
    0,
    0
  ],
  "strip_coefficients": [
    0,
    0,
    2,
    0,
    0,
    0,
    0,
    0,
    0,
    0,
    0,
    0,
    0,
    0,
    0,
    13424,
    11888,
    6060,
    3468,
    2412,
    1540,
    1232,
    644,
    544,
    180,
    180,
    0
  ],
  "quadrant_coefficients": [
    0,
    0,
    0,
    0,
    0,
    0,
    0,
    0,
    0,
    0,
    0,
    0,
    0,
    0,
    0,
    0,
    7454,
    2762,
    1140,
    470,
    384,
    130,
    294,
    50,
    182,
    0,
    90
  ],
  "rational_numerator": [
    0,
    1,
    0,
    -1,
    0,
    0,
    4,
    16,
    25,
    46,
    88,
    259,
    744,
    1955,
    4795,
    5491,
    1337,
    -839,
    -635,
    -301,
    -216,
    -77,
    31,
    -54,
    224,
    -18,
    81
  ],
  "lower_numerator": 2676871486,
  "root_upper_numerator": 2676871487,
  "denominator": 1000000000
}
PASS G9 shortened atom completion
