{"lean_version": "Lean (version 4.24.0, x86_64-unknown-linux-gnu, commit 797c613eb9b6d4ec95db23e3e00af9ac6657f24b, Release)", "components": [{"path": "research/certificates/N8-polynomial-bridge-lean/Bridge.lean", "sha256": "ad4697b0313dd3ba7cb18bf63ca9b4825b29d93e3d749e310447c1d6b77ccf10"}, {"path": "research/certificates/N8-energy-lean/Energy.lean", "sha256": "63ae082e726df82e198f6a64478d91d443b868a3477f024e017baba9883123d0"}, {"path": "research/certificates/N8-analytic-assembly/Assembly.lean", "sha256": "e13a72adfe914b2cbdee080554f2133f16b2aa9b47a4e12419a592d237673477"}, {"path": "research/certificates/N8-positional-polynomials/Polynomial.lean", "sha256": "3877d87cee7d0eb0dad7a7965fe77aefd885dd631a6a525ce29cdae8a8a2c3e1"}, {"path": "research/certificates/N8-word-dictionary/Words.lean", "sha256": "4d446674f2c89ca52a09decbe9ed8b2cee819424cefa49175ba4a11c1f9375c4"}], "snapshot": "/project/gworld1/research/certificates/N8-word-dictionary/Combined-v5.lean", "snapshot_sha256": "5fba119b6b84636fd049a5370c6176c5f97b000b0bbff16dc9ad4325cc846929", "command": ["lake", "env", "lean", "--trust=0", "--stdin"], "mathlib_revision": "f897ebcf72cd16f89ab4577d0c826cd14afaafc7", "scope": "Universal ordered-word encoding, actual free-associative prefix/suffix commutators and positional implication; free-Lie and full N8 algorithm outside."}
'N8Bridge.transfer_average_half' depends on axioms: [propext, Classical.choice, Quot.sound]
PASS N8 division-free positional averaging bridge
'N8Energy.hyperplane_harmonic_constant' depends on axioms: [propext, Classical.choice, Quot.sound]
PASS N8 concrete half-transfer energy maximum principle
'N8Assembly.positional_constant' depends on axioms: [propext, Classical.choice, Quot.sound]
PASS N8 assembled positional identities imply constancy
'N8Polynomial.rational_polynomial_constant' depends on axioms: [propext, Classical.choice, Quot.sound]
'N8Polynomial.rational_diagonal_constant' depends on axioms: [propext, Classical.choice, Quot.sound]
PASS N8 rational positional polynomial constancy
Try this:
  ring_nf
  
  The `ring` tactic failed to close the goal. Use `ring_nf` to obtain a normal form.
    
  Note that `ring` works primarily in *commutative* rings. If you have a noncommutative ring, abelian group or module, consider using `noncomm_ring`, `abel` or `module` instead.
<stdin>:1116:58: error: unsolved goals
m : ℕ
hc : C (-1 / 2) + C (-1 / 2) + 1 = 0
⊢ ?m.109 = (C (-1) * ∑ i, X i) * 2 + ∑ i, X i
<stdin>:1117:20: error: Tactic `rewrite` failed: Did not find an occurrence of the pattern
  C (-1 / 2) + C (-1 / 2) + 1
in the target expression
  (C (-1 / 2) + C (-1 / 2) + 1) * ∑ i, X i = 0

m : ℕ
hc : C (-1 / 2) + C (-1 / 2) + 1 = 0
⊢ (C (-1 / 2) + C (-1 / 2) + 1) * ∑ i, X i = 0
<stdin>:1115:2: error: 'calc' expression has type
  ?m.109 = 0
but is expected to have type
  C (-1 / 2) * ∑ i, X i + (∑ i, X i + C (-1 / 2) * ∑ i, X i) = 0
'N8Words.positional_word_constant' depends on axioms: [propext, Classical.choice, Quot.sound]
'N8Words.associative_separation' depends on axioms: [propext, Classical.choice, Quot.sound]
<stdin>:1137:0: error: Unexpected axiom sorryAx
