PASS F20 ground encoding generation: 58 files
w6-collect-target-01.p 24 [6, 4]
w6-collect-target-02.p 25 [6, 5]
w6-collect-target-03.p 26 [7, 4]
w6-collect-target-04.p 27 [7, 5]
w6-collect-target-05.p 28 [8, 4]
w6-collect-target-06.p 29 [8, 5]
w6-collect-target-07.p 30 [9, 3]
w6-collect-target-08.p 31 [10, 3]
w6-collect-target-09.p 32 [11, 3]
w6-collect-target-10.p 33 [12, 3]
w6-collect-target-11.p 34 [13, 3]
w6-collect-target-12.p 35 [14, 3]
w6-collect-target-13.p 36 [19, 1]
w6-collect-target-14.p 37 [19, 2]
w6-collect-target-15.p 38 [20, 2]
w6-collect-target-16.p 39 [21, 2]
w6-collect-target-17.p 40 [22, 2]
w6-collect-target-18.p 41 [23, 2]
w6-collect-negative-control-19.p 9 [4, 3]
