BEGIN GAP quotient 2 11
READY GAP quotient 2 11
WITNESS 1
WITNESS 2
WITNESS 3
BEGIN LINEAR 1
BEGIN GAP quotient 2 10
READY GAP quotient 2 10
LINEAR 1 true
BEGIN LINEAR 2
LINEAR 2 true
BEGIN LINEAR 3
LINEAR 3 true
BEGIN LINEAR 4
LINEAR 4 true
BEGIN LINEAR 5
LINEAR 5 true
BEGIN LINEAR 6
LINEAR 6 true
BEGIN LINEAR 7
LINEAR 7 true
BEGIN POLYNOMIAL 11
BEGIN POLYNOMIAL 11
BEGIN POLYNOMIAL 11
BEGIN POLYNOMIAL 11
BEGIN POLYNOMIAL 11
BEGIN POLYNOMIAL 11
BEGIN POLYNOMIAL 11
PASS N8 class9 GAP: 3 witnesses; 7 linear decisions (0 negative); 
7 polynomial decisions (4 empty); 35 samples
