{"lean_version": "Lean (version 4.24.0, x86_64-unknown-linux-gnu, commit 797c613eb9b6d4ec95db23e3e00af9ac6657f24b, Release)", "components": [{"path": "research/certificates/N8-polynomial-bridge-lean/Bridge.lean", "sha256": "ad4697b0313dd3ba7cb18bf63ca9b4825b29d93e3d749e310447c1d6b77ccf10"}, {"path": "research/certificates/N8-energy-lean/Energy.lean", "sha256": "63ae082e726df82e198f6a64478d91d443b868a3477f024e017baba9883123d0"}, {"path": "research/certificates/N8-analytic-assembly/Assembly.lean", "sha256": "e13a72adfe914b2cbdee080554f2133f16b2aa9b47a4e12419a592d237673477"}, {"path": "research/certificates/N8-positional-polynomials/Polynomial.lean", "sha256": "3877d87cee7d0eb0dad7a7965fe77aefd885dd631a6a525ce29cdae8a8a2c3e1"}, {"path": "research/certificates/N8-word-dictionary/Words.lean", "sha256": "8bda4590775b80389e646df3bec0b6cf414383219330872ddd2e8ea4aefb7a71"}, {"path": "research/certificates/N8-lie-exception/Lie.lean", "sha256": "dc86390bfe021302a83753bbe9a6e5b69ac293fcaa7d4be19ba308e7824f66c0"}], "snapshot": "/project/gworld1/research/certificates/N8-lie-exception/Combined-v1.lean", "snapshot_sha256": "dbabc03c92d616ec80a3923e2d3b4dc754fb3d0a7e0f2018d1bcea081a3e762e", "command": ["lake", "env", "lean", "--trust=0", "--stdin"], "mathlib_revision": "f897ebcf72cd16f89ab4577d0c826cd14afaafc7", "scope": "Generated Lie-subalgebra scalar-power exclusion and positional separation; abstract free-Lie embedding, projections and full N8 algorithm outside."}
'N8Bridge.transfer_average_half' depends on axioms: [propext, Classical.choice, Quot.sound]
PASS N8 division-free positional averaging bridge
'N8Energy.hyperplane_harmonic_constant' depends on axioms: [propext, Classical.choice, Quot.sound]
PASS N8 concrete half-transfer energy maximum principle
'N8Assembly.positional_constant' depends on axioms: [propext, Classical.choice, Quot.sound]
PASS N8 assembled positional identities imply constancy
'N8Polynomial.rational_polynomial_constant' depends on axioms: [propext, Classical.choice, Quot.sound]
'N8Polynomial.rational_diagonal_constant' depends on axioms: [propext, Classical.choice, Quot.sound]
PASS N8 rational positional polynomial constancy
'N8Words.positional_word_constant' depends on axioms: [propext, Classical.choice, Quot.sound]
'N8Words.associative_separation' depends on axioms: [propext, Classical.choice, Quot.sound]
PASS N8 ordered-word positional dictionary
<stdin>:1215:2: error: Type mismatch: After simplification, term
  hcoeff
 has type
  c = a * Polynomial.X.coeff m
but is expected to have type
  c = 0
'N8Lie.lie_separation' depends on axioms: [propext, sorryAx, Classical.choice, Quot.sound]
'N8Lie.lie_separation_ne_one' depends on axioms: [propext, sorryAx, Classical.choice, Quot.sound]
<stdin>:1247:0: error: Unexpected axiom sorryAx
