common q=2 dimensions=[ 2, 2 ] kernels=[ 0, 1 ]
common q=3 dimensions=[ 2, 3 ] kernels=[ 0, 0 ]
common q=4 dimensions=[ 3, 6 ] kernels=[ 0, 1 ]
common q=5 dimensions=[ 6, 9 ] kernels=[ 0, 0 ]
common q=6 dimensions=[ 9, 18 ] kernels=[ 0, 1 ]
common q=7 dimensions=[ 18, 30 ] kernels=[ 0, 1 ]
common q=8 dimensions=[ 30, 56 ] kernels=[ 0, 2 ]
common q=9 dimensions=[ 56, 99 ] kernels=[ 0, 1 ]
common q=10 dimensions=[ 99, 186 ] kernels=[ 0, 4 ]
double q=2 dimensions=[ 1, 1, 1 ] kernel=1
double q=3 dimensions=[ 1, 1, 2 ] kernel=0
double q=4 dimensions=[ 1, 2, 2 ] kernel=0
double q=5 dimensions=[ 2, 2, 4 ] kernel=0
double q=6 dimensions=[ 2, 4, 5 ] kernel=0
double q=7 dimensions=[ 4, 5, 8 ] kernel=0
double q=8 dimensions=[ 5, 8, 11 ] kernel=0
double q=9 dimensions=[ 8, 11, 18 ] kernel=0
double q=10 dimensions=[ 11, 18, 25 ] kernel=0
double q=11 dimensions=[ 18, 25, 40 ] kernel=0
double q=12 dimensions=[ 25, 40, 58 ] kernel=0
double q=13 dimensions=[ 40, 58, 90 ] kernel=0
double q=14 dimensions=[ 58, 90, 135 ] kernel=0
PASS N8 independent differential kernel GAP checks:9 common,13 double; boundar\
y and nonzero-kernel controls
