BEGIN GAP quotient 3 8
HALL CACHE VERIFIED 3 8
READY GAP quotient 3 8
WITNESS 1
WITNESS 2
WITNESS 3
WITNESS 4
WITNESS 5
WITNESS 6
WITNESS 7
WITNESS 8
BEGIN LINEAR 1
BEGIN GAP quotient 3 5
HALL CACHE VERIFIED 3 5
READY GAP quotient 3 5
BEGIN COLUMNS 16
BEGIN MEMBERSHIP
LINEAR 1 true
BEGIN LINEAR 2
BEGIN GAP quotient 3 6
HALL CACHE VERIFIED 3 6
READY GAP quotient 3 6
BEGIN COLUMNS 36
BEGIN MEMBERSHIP
LINEAR 2 true
BEGIN LINEAR 3
BEGIN COLUMNS 0
BEGIN MEMBERSHIP
LINEAR 3 true
BEGIN LINEAR 4
BEGIN COLUMNS 16
BEGIN MEMBERSHIP
LINEAR 4 true
BEGIN LINEAR 5
BEGIN COLUMNS 36
BEGIN MEMBERSHIP
LINEAR 5 false
BEGIN LINEAR 6
BEGIN COLUMNS 16
BEGIN MEMBERSHIP
LINEAR 6 true
BEGIN LINEAR 7
BEGIN COLUMNS 36
BEGIN MEMBERSHIP
LINEAR 7 true
BEGIN LINEAR 8
BEGIN COLUMNS 328
BEGIN MEMBERSHIP
LINEAR 8 true
BEGIN LINEAR 9
BEGIN COLUMNS 16
BEGIN MEMBERSHIP
LINEAR 9 true
BEGIN LINEAR 10
BEGIN COLUMNS 36
BEGIN MEMBERSHIP
LINEAR 10 true
BEGIN LINEAR 11
BEGIN COLUMNS 328
BEGIN MEMBERSHIP
LINEAR 11 true
BEGIN LINEAR 12
BEGIN COLUMNS 16
BEGIN MEMBERSHIP
LINEAR 12 true
BEGIN LINEAR 13
BEGIN COLUMNS 36
BEGIN MEMBERSHIP
LINEAR 13 true
BEGIN LINEAR 14
BEGIN COLUMNS 328
BEGIN MEMBERSHIP
LINEAR 14 true
BEGIN LINEAR 15
BEGIN COLUMNS 16
BEGIN MEMBERSHIP
LINEAR 15 true
BEGIN LINEAR 16
BEGIN COLUMNS 36
BEGIN MEMBERSHIP
LINEAR 16 true
BEGIN LINEAR 17
BEGIN COLUMNS 328
BEGIN MEMBERSHIP
LINEAR 17 false
BEGIN LINEAR 18
BEGIN COLUMNS 21
BEGIN MEMBERSHIP
LINEAR 18 true
BEGIN LINEAR 19
BEGIN COLUMNS 56
BEGIN MEMBERSHIP
LINEAR 19 true
BEGIN LINEAR 20
BEGIN COLUMNS 0
BEGIN MEMBERSHIP
LINEAR 20 true
BEGIN LINEAR 21
BEGIN COLUMNS 21
BEGIN MEMBERSHIP
LINEAR 21 true
BEGIN LINEAR 22
BEGIN COLUMNS 56
BEGIN MEMBERSHIP
LINEAR 22 true
BEGIN LINEAR 23
BEGIN COLUMNS 494
BEGIN MEMBERSHIP
LINEAR 23 true
BEGIN LINEAR 24
BEGIN COLUMNS 21
BEGIN MEMBERSHIP
LINEAR 24 true
BEGIN LINEAR 25
BEGIN COLUMNS 56
BEGIN MEMBERSHIP
LINEAR 25 true
BEGIN LINEAR 26
BEGIN COLUMNS 494
BEGIN MEMBERSHIP
LINEAR 26 true
BEGIN LINEAR 27
BEGIN COLUMNS 21
BEGIN MEMBERSHIP
LINEAR 27 true
BEGIN LINEAR 28
BEGIN COLUMNS 56
BEGIN MEMBERSHIP
LINEAR 28 true
BEGIN LINEAR 29
BEGIN COLUMNS 494
BEGIN MEMBERSHIP
LINEAR 29 true
NULLITY 1 0 VERIFIED
NULLITY 2 0 VERIFIED
NULLITY 3 0 VERIFIED
NULLITY 4 0 VERIFIED
NULLITY 5 0 VERIFIED
NULLITY 6 0 VERIFIED
NULLITY 7 0 VERIFIED
NULLITY 8 0 VERIFIED
NULLITY 9 0 VERIFIED
NULLITY 10 0 VERIFIED
NULLITY 11 0 VERIFIED
NULLITY 12 0 VERIFIED
NULLITY 13 1 VERIFIED
NULLITY 14 0 VERIFIED
NULLITY 15 1 VERIFIED
NULLITY 16 0 VERIFIED
NULLITY 17 1 VERIFIED
NULLITY 18 0 VERIFIED
NULLITY 19 1 VERIFIED
BEGIN GAP quotient 3 3
HALL CACHE VERIFIED 3 3
READY GAP quotient 3 3
NIELSEN 1 VERIFIED
NIELSEN 2 VERIFIED
NIELSEN 3 VERIFIED
NIELSEN 4 VERIFIED
PASS N8 fifth/sixth layer GAP: 8 witnesses; 29 linear decisions (2 negative); 
19 nullities; 4 Nielsen periods; 0 coupled (0 negative, 0 points, 0 lines, 
0 nonunit steps); 0 polynomials (0 late, 0 empty); 0 polynomial samples
