EXHAUSTIVE_TINY_GRAPH_CONTROLS 960
CHECKED 10000 NEW_IMPROVEMENTS 0
CHECKED 20000 NEW_IMPROVEMENTS 0
CHECKED 30000 NEW_IMPROVEMENTS 0
CHECKED 40000 NEW_IMPROVEMENTS 1
CHECKED 50000 NEW_IMPROVEMENTS 10
CHECKED 60000 NEW_IMPROVEMENTS 34
{
  "central_words_checked": 62003,
  "shortened_from_original": 320,
  "improved_over_heuristic": 34,
  "total_letters_saved_from_original": 640,
  "total_letters_saved_over_heuristic": 68,
  "maximum_contracted_vertices": 21,
  "component_counts": {
    "1": 39648,
    "2": 19800,
    "3": 2551,
    "4": 4
  }
}
PASS G9 finite Steiner shortening
