     ● G  GAP 4.16.1 of 2026-08-23
  ● ●  A  https://www.gap-system.org
     ● P  Architecture: x86_64-pc-linux-gnu-default64-kv11
 Configuration:  gmp 6.3.0, GASMAN, readline
 Loading the library and packages ...
 Packages:   AClib 1.4, Alnuth 4.0.2, AtlasRep 2.1.12, AutoDoc 2026.06.30, 
             AutPGrp 1.12.0, Browse 1.8.23, CaratInterface 2.3.11, 
             CRISP 1.4.11, Cryst 4.1.32, CrystCat 1.1.13, CTblLib 1.3.11, 
             FactInt 1.7.0, FGA 1.5.0, Forms 1.3.0, GAPDoc 1.6.10, 
             genss 1.6.10, IO 4.10.0, IRREDSOL 1.4.6, LAGUNA 3.10.1, 
             orb 5.1.0, PackageManager 1.6.4, Polenta 1.3.11, Polycyclic 2.18, 
             PrimGrp 4.0.3, RadiRoot 2.10, recog 1.5.1, ResClasses 4.7.4, 
             SmallGrp 1.7.0, Sophus 1.27, SpinSym 1.5.2, StandardFF 1.0, 
             TomLib 1.2.11, TransGrp 3.6.5, utils 0.98
 Try '??help' for help. See also '?copyright', '?cite' and '?authors'
space m,k,dimD,dimV,compatible,rank = [ 1, 0, 1, 0, 1, 0 ]
space m,k,dimD,dimV,compatible,rank = [ 1, 1, 1, 0, 0, 0 ]
space m,k,dimD,dimV,compatible,rank = [ 1, 2, 1, 1, 1, 1 ]
space m,k,dimD,dimV,compatible,rank = [ 1, 3, 1, 1, 0, 0 ]
space m,k,dimD,dimV,compatible,rank = [ 1, 4, 1, 2, 1, 1 ]
space m,k,dimD,dimV,compatible,rank = [ 1, 5, 1, 2, 0, 0 ]
space m,k,dimD,dimV,compatible,rank = [ 1, 6, 1, 3, 1, 1 ]
space m,k,dimD,dimV,compatible,rank = [ 1, 7, 1, 3, 0, 0 ]
space m,k,dimD,dimV,compatible,rank = [ 1, 8, 1, 4, 1, 1 ]
space m,k,dimD,dimV,compatible,rank = [ 1, 9, 1, 4, 0, 0 ]
space m,k,dimD,dimV,compatible,rank = [ 1, 10, 1, 5, 1, 1 ]
space m,k,dimD,dimV,compatible,rank = [ 2, 0, 0, 0, 0, 0 ]
space m,k,dimD,dimV,compatible,rank = [ 2, 1, 1, 0, 0, 0 ]
space m,k,dimD,dimV,compatible,rank = [ 2, 2, 1, 1, 0, 0 ]
space m,k,dimD,dimV,compatible,rank = [ 2, 3, 2, 2, 1, 1 ]
space m,k,dimD,dimV,compatible,rank = [ 2, 4, 2, 3, 0, 0 ]
space m,k,dimD,dimV,compatible,rank = [ 2, 5, 3, 5, 1, 1 ]
space m,k,dimD,dimV,compatible,rank = [ 2, 6, 3, 7, 1, 1 ]
space m,k,dimD,dimV,compatible,rank = [ 2, 7, 4, 9, 1, 1 ]
space m,k,dimD,dimV,compatible,rank = [ 2, 8, 4, 12, 1, 1 ]
space m,k,dimD,dimV,compatible,rank = [ 2, 9, 5, 15, 2, 2 ]
space m,k,dimD,dimV,compatible,rank = [ 2, 10, 5, 18, 1, 1 ]
space m,k,dimD,dimV,compatible,rank = [ 3, 0, 0, 0, 0, 0 ]
space m,k,dimD,dimV,compatible,rank = [ 3, 1, 1, 0, 0, 0 ]
space m,k,dimD,dimV,compatible,rank = [ 3, 2, 2, 1, 1, 1 ]
space m,k,dimD,dimV,compatible,rank = [ 3, 3, 3, 2, 0, 0 ]
space m,k,dimD,dimV,compatible,rank = [ 3, 4, 5, 5, 2, 2 ]
space m,k,dimD,dimV,compatible,rank = [ 3, 5, 7, 8, 1, 1 ]
space m,k,dimD,dimV,compatible,rank = [ 3, 6, 9, 14, 3, 3 ]
space m,k,dimD,dimV,compatible,rank = [ 3, 7, 12, 20, 2, 2 ]
space m,k,dimD,dimV,compatible,rank = [ 3, 8, 15, 30, 5, 5 ]
space m,k,dimD,dimV,compatible,rank = [ 3, 9, 18, 40, 3, 3 ]
space m,k,dimD,dimV,compatible,rank = [ 3, 10, 22, 55, 7, 7 ]
space m,k,dimD,dimV,compatible,rank = [ 4, 0, 0, 0, 0, 0 ]
space m,k,dimD,dimV,compatible,rank = [ 4, 1, 1, 0, 0, 0 ]
space m,k,dimD,dimV,compatible,rank = [ 4, 2, 2, 1, 0, 0 ]
space m,k,dimD,dimV,compatible,rank = [ 4, 3, 5, 3, 1, 1 ]
space m,k,dimD,dimV,compatible,rank = [ 4, 4, 8, 7, 1, 1 ]
space m,k,dimD,dimV,compatible,rank = [ 4, 5, 14, 14, 3, 3 ]
space m,k,dimD,dimV,compatible,rank = [ 4, 6, 20, 25, 3, 3 ]
space m,k,dimD,dimV,compatible,rank = [ 4, 7, 30, 42, 6, 6 ]
space m,k,dimD,dimV,compatible,rank = [ 4, 8, 40, 66, 7, 7 ]
space m,k,dimD,dimV,compatible,rank = [ 4, 9, 55, 99, 11, 11 ]
space m,k,dimD,dimV,compatible,rank = [ 4, 10, 70, 143, 13, 13 ]
PASS N8 independent diagonal restriction: 44 complete Lie spaces
