PASS C4 exact published nine-step FullHRed trace and boundary controls
exhaustive 3 1 4 best (0, 0, 1)
exhaustive 3 2 12 best (0, 0, 2)
exhaustive 3 3 36 best (1, 1, 3)
exhaustive 3 4 108 best (2, 2, 4)
exhaustive 3 5 324 best (3, 3, 5)
exhaustive 3 6 972 best (5, 3, 6)
exhaustive 3 7 2916 best (7, 4, 7)
exhaustive 3 8 8748 best (9, 6, 8)
exhaustive 4 1 6 best (0, 0, 1)
exhaustive 4 2 30 best (0, 0, 2)
exhaustive 4 3 150 best (1, 1, 3)
exhaustive 4 4 750 best (2, 2, 4)
exhaustive 4 5 3750 best (3, 3, 5)
exhaustive 4 6 18750 best (5, 4, 8)
evolution 4 24 best (93, 70, 38) actual length 24
evolution 4 48 best (251, 182, 68) actual length 42
evolution 4 96 best (949, 646, 134) actual length 84
evolution 5 24 best (79, 55, 40) actual length 24
evolution 5 48 best (223, 167, 70) actual length 46
evolution 5 96 best (845, 665, 128) actual length 84
PASS C4 bounded probe completed 45832 evaluations; 0 capped observations
