BEGIN class-nine Hall basis 2
BEGIN constructed_positive {'p': 1, 'q': 2}
constructed_positive True 1.752
BEGIN constructed_positive {'p': 1, 'q': 3}
constructed_positive True 1.042
BEGIN constructed_positive {'p': 1, 'q': 4}
constructed_positive True 0.801
BEGIN constructed_positive {'p': 2, 'q': 3}
constructed_positive True 0.629
BEGIN constructed_positive {'p': 1, 'q': 5}
constructed_positive True 0.857
BEGIN constructed_positive {'p': 2, 'q': 4}
constructed_positive True 0.405
BEGIN constructed_positive {'p': 3, 'q': 3}
constructed_positive True 0.496
BEGIN constructed_positive {'p': 1, 'q': 6}
constructed_positive True 0.558
BEGIN constructed_positive {'p': 2, 'q': 5}
constructed_positive True 0.333
BEGIN constructed_positive {'p': 3, 'q': 4}
constructed_positive True 0.285
BEGIN exceptional_positive {'q': 4, 'k': -1}
exceptional_positive True 0.663
BEGIN exceptional_positive {'q': 4, 'k': 2}
exceptional_positive True 1.544
BEGIN exceptional_perturbation {'q': 4, 'layer': 7, 'case': 0}
exceptional_perturbation True 0.592
BEGIN exceptional_perturbation {'q': 4, 'layer': 7, 'case': 1}
exceptional_perturbation True 0.745
BEGIN exceptional_perturbation {'q': 4, 'layer': 9, 'case': 0}
exceptional_perturbation True 0.477
BEGIN exceptional_perturbation {'q': 4, 'layer': 9, 'case': 1}
exceptional_perturbation False 0.924
BEGIN exceptional_positive {'q': 6, 'k': -1}
exceptional_positive True 0.923
BEGIN exceptional_positive {'q': 6, 'k': 2}
exceptional_positive True 0.827
BEGIN exceptional_perturbation {'q': 6, 'layer': 9, 'case': 0}
exceptional_perturbation False 1.37
BEGIN exceptional_perturbation {'q': 6, 'layer': 9, 'case': 1}
exceptional_perturbation False 1.27
BEGIN exceptional_perturbation {'q': 6, 'layer': 9, 'case': 0}
exceptional_perturbation False 1.268
BEGIN exceptional_perturbation {'q': 6, 'layer': 9, 'case': 1}
exceptional_perturbation False 1.352
BEGIN nonprimitive_type12 {}
nonprimitive_type12 True 7.621
BEGIN penultimate_positive {}
penultimate_positive True 0.117
BEGIN central_positive {}
central_positive True 0.197
BEGIN identity {}
identity True 0.0
BEGIN nonzero_abelianization {}
nonzero_abelianization False 0.0
PASS N8 class9 targets: 2 27 targets; 21 witnesses; 68 linear steps; 17 polynomial branches
