     ● G  GAP 4.16.1 of 2026-08-23
  ● ●  A  https://www.gap-system.org
     ● P  Architecture: x86_64-pc-linux-gnu-default64-kv11
 Configuration:  gmp 6.3.0, GASMAN, readline
 Loading the library and packages ...
 Packages:   AClib 1.4, Alnuth 4.0.2, AtlasRep 2.1.12, AutoDoc 2026.06.30, 
             AutPGrp 1.12.0, Browse 1.8.23, CaratInterface 2.3.11, 
             CRISP 1.4.11, Cryst 4.1.32, CrystCat 1.1.13, CTblLib 1.3.11, 
             FactInt 1.7.0, FGA 1.5.0, Forms 1.3.0, GAPDoc 1.6.10, 
             genss 1.6.10, IO 4.10.0, IRREDSOL 1.4.6, LAGUNA 3.10.1, 
             orb 5.1.0, PackageManager 1.6.4, Polenta 1.3.11, Polycyclic 2.18, 
             PrimGrp 4.0.3, RadiRoot 2.10, recog 1.5.1, ResClasses 4.7.4, 
             SmallGrp 1.7.0, Sophus 1.27, SpinSym 1.5.2, StandardFF 1.0, 
             TomLib 1.2.11, TransGrp 3.6.5, utils 0.98
 Try '??help' for help. See also '?copyright', '?cite' and '?authors'
Loading nq 2.5.11 (Nilpotent Quotient Algorithm)
  by Werner Nickel
  maintained by Max Horn (mhorn@rptu.de)
Independent fixed gates and full saturated integer kernel checked
Integral circuit witnesses and necessary modulus-three guard checked
One fixed torsion-free class-two group: Hirsch length 82
Actual retraction for n=9, y=-4 checked
Actual retraction for n=4, y=-3 checked
Actual retraction for n=1, y=-2 checked
Actual retraction for n=0, y=-1 checked
Actual retraction for n=1, y=0 checked
Actual retraction for n=4, y=1 checked
Actual retraction for n=9, y=2 checked
Negative-parameter subgroup inputs checked; no bounded nonexistence inference
PASS independent GAP N9 fixed-circuit lattice and retractions
