BEGIN GAP quotient 2 10
HALL CACHE VERIFIED 2 10
READY GAP quotient 2 10
WITNESS 1
WITNESS 2
WITNESS 3
WITNESS 4
WITNESS 5
WITNESS 6
WITNESS 7
BEGIN LINEAR 1
BEGIN GAP quotient 2 9
HALL CACHE VERIFIED 2 9
READY GAP quotient 2 9
BEGIN COLUMNS 12
BEGIN MEMBERSHIP
LINEAR 1 true
BEGIN LINEAR 2
BEGIN COLUMNS 24
BEGIN MEMBERSHIP
LINEAR 2 true
BEGIN LINEAR 3
BEGIN COLUMNS 12
BEGIN MEMBERSHIP
LINEAR 3 true
BEGIN LINEAR 4
BEGIN COLUMNS 24
BEGIN MEMBERSHIP
LINEAR 4 false
BEGIN LINEAR 5
BEGIN COLUMNS 12
BEGIN MEMBERSHIP
LINEAR 5 true
BEGIN LINEAR 6
BEGIN COLUMNS 24
BEGIN MEMBERSHIP
LINEAR 6 false
BEGIN LINEAR 7
BEGIN COLUMNS 12
BEGIN MEMBERSHIP
LINEAR 7 true
BEGIN LINEAR 8
BEGIN COLUMNS 24
BEGIN MEMBERSHIP
LINEAR 8 true
BEGIN LINEAR 9
BEGIN COLUMNS 12
BEGIN MEMBERSHIP
LINEAR 9 true
BEGIN LINEAR 10
BEGIN COLUMNS 24
BEGIN MEMBERSHIP
LINEAR 10 false
BEGIN LINEAR 11
BEGIN COLUMNS 12
BEGIN MEMBERSHIP
LINEAR 11 true
BEGIN LINEAR 12
BEGIN COLUMNS 24
BEGIN MEMBERSHIP
LINEAR 12 false
BEGIN LINEAR 13
BEGIN COLUMNS 12
BEGIN MEMBERSHIP
LINEAR 13 false
BEGIN LINEAR 14
BEGIN COLUMNS 12
BEGIN MEMBERSHIP
LINEAR 14 false
BEGIN LINEAR 15
BEGIN COLUMNS 12
BEGIN MEMBERSHIP
LINEAR 15 true
BEGIN LINEAR 16
BEGIN COLUMNS 18
BEGIN MEMBERSHIP
LINEAR 16 true
BEGIN LINEAR 17
BEGIN COLUMNS 12
BEGIN MEMBERSHIP
LINEAR 17 true
BEGIN LINEAR 18
BEGIN COLUMNS 18
BEGIN MEMBERSHIP
LINEAR 18 false
BEGIN LINEAR 19
BEGIN COLUMNS 12
BEGIN MEMBERSHIP
LINEAR 19 true
BEGIN LINEAR 20
BEGIN COLUMNS 18
BEGIN MEMBERSHIP
LINEAR 20 true
BEGIN LINEAR 21
BEGIN COLUMNS 12
BEGIN MEMBERSHIP
LINEAR 21 true
BEGIN LINEAR 22
BEGIN COLUMNS 18
BEGIN MEMBERSHIP
LINEAR 22 false
BEGIN LINEAR 23
BEGIN COLUMNS 12
BEGIN MEMBERSHIP
LINEAR 23 true
BEGIN LINEAR 24
BEGIN COLUMNS 18
BEGIN MEMBERSHIP
LINEAR 24 true
BEGIN LINEAR 25
BEGIN COLUMNS 31
BEGIN MEMBERSHIP
LINEAR 25 false
BEGIN LINEAR 26
BEGIN COLUMNS 31
BEGIN MEMBERSHIP
LINEAR 26 false
BEGIN LINEAR 27
BEGIN COLUMNS 20
BEGIN MEMBERSHIP
LINEAR 27 true
BEGIN LINEAR 28
BEGIN COLUMNS 33
BEGIN MEMBERSHIP
LINEAR 28 true
BEGIN LINEAR 29
BEGIN COLUMNS 31
BEGIN MEMBERSHIP
LINEAR 29 true
BEGIN LINEAR 30
BEGIN COLUMNS 58
BEGIN MEMBERSHIP
LINEAR 30 true
FIRST NULLITY 0 VERIFIED
FIRST NULLITY 0 VERIFIED
FIRST NULLITY 0 VERIFIED
FIRST NULLITY 0 VERIFIED
FIRST NULLITY 0 VERIFIED
FIRST NULLITY 0 VERIFIED
FIRST NULLITY 0 VERIFIED
FIRST NULLITY 0 VERIFIED
FIRST NULLITY 0 VERIFIED
FIRST NULLITY 0 VERIFIED
FIRST NULLITY 0 VERIFIED
FIRST NULLITY 0 VERIFIED
FIRST NULLITY 0 VERIFIED
PASS N8 all third-layer GAP: 7 witnesses; 30 linear decisions (10 negative); 
0 polynomial decisions (0 empty); 0 samples; 13 first nullities; 
0 Nielsen periods
