BEGIN GAP quotient 2 10
HALL CACHE VERIFIED 2 10
READY GAP quotient 2 10
WITNESS 1
WITNESS 2
WITNESS 3
BEGIN LINEAR 1
BEGIN GAP quotient 2 9
HALL CACHE VERIFIED 2 9
READY GAP quotient 2 9
BEGIN COLUMNS 31
BEGIN MEMBERSHIP
LINEAR 1 false
BEGIN LINEAR 2
BEGIN COLUMNS 31
BEGIN MEMBERSHIP
LINEAR 2 false
BEGIN LINEAR 3
BEGIN COLUMNS 20
BEGIN MEMBERSHIP
LINEAR 3 true
BEGIN LINEAR 4
BEGIN COLUMNS 33
BEGIN MEMBERSHIP
LINEAR 4 true
BEGIN LINEAR 5
BEGIN COLUMNS 31
BEGIN MEMBERSHIP
LINEAR 5 false
BEGIN LINEAR 6
BEGIN COLUMNS 31
BEGIN MEMBERSHIP
LINEAR 6 false
BEGIN LINEAR 7
BEGIN COLUMNS 20
BEGIN MEMBERSHIP
LINEAR 7 true
BEGIN LINEAR 8
BEGIN COLUMNS 33
BEGIN MEMBERSHIP
LINEAR 8 true
BEGIN LINEAR 9
BEGIN COLUMNS 31
BEGIN MEMBERSHIP
LINEAR 9 false
BEGIN LINEAR 10
BEGIN COLUMNS 31
BEGIN MEMBERSHIP
LINEAR 10 false
BEGIN LINEAR 11
BEGIN COLUMNS 20
BEGIN MEMBERSHIP
LINEAR 11 true
BEGIN LINEAR 12
BEGIN COLUMNS 33
BEGIN MEMBERSHIP
LINEAR 12 false
BEGIN LINEAR 13
BEGIN COLUMNS 20
BEGIN MEMBERSHIP
LINEAR 13 true
BEGIN LINEAR 14
BEGIN COLUMNS 33
BEGIN MEMBERSHIP
LINEAR 14 false
BEGIN LINEAR 15
BEGIN COLUMNS 31
BEGIN MEMBERSHIP
LINEAR 15 false
BEGIN LINEAR 16
BEGIN COLUMNS 31
BEGIN MEMBERSHIP
LINEAR 16 false
BEGIN LINEAR 17
BEGIN COLUMNS 20
BEGIN MEMBERSHIP
LINEAR 17 false
BEGIN LINEAR 18
BEGIN COLUMNS 20
BEGIN MEMBERSHIP
LINEAR 18 false
BEGIN LINEAR 19
BEGIN COLUMNS 31
BEGIN MEMBERSHIP
LINEAR 19 true
BEGIN LINEAR 20
BEGIN COLUMNS 58
BEGIN MEMBERSHIP
LINEAR 20 true
FIRST NULLITY 0 VERIFIED
FIRST NULLITY 0 VERIFIED
FIRST NULLITY 0 VERIFIED
FIRST NULLITY 0 VERIFIED
FIRST NULLITY 0 VERIFIED
BEGIN GAP quotient 2 8
HALL CACHE VERIFIED 2 8
READY GAP quotient 2 8
HIGHER-TYPE SCOPE true VERIFIED
HIGHER-TYPE SCOPE true VERIFIED
HIGHER-TYPE SCOPE true VERIFIED
HIGHER-TYPE SCOPE true VERIFIED
HIGHER-TYPE SCOPE true VERIFIED
HIGHER-TYPE SCOPE false VERIFIED
PASS N8 type12 GAP: 3 witnesses; 20 linear decisions (12 negative); 
0 polynomial decisions (0 empty); 0 samples; 5 first nullities; 6 scope checks
