BEGIN WITNESS 1
GROUP READY 3_8
CHECKED WITNESS 1
BEGIN LINEAR 1
GROUP READY 3_6
BEGIN LINEAR 2
BEGIN LINEAR 3
BEGIN LINEAR 4
BEGIN LINEAR 5
BEGIN LINEAR 6
BEGIN LINEAR 7
BEGIN LINEAR 8
BEGIN LINEAR 9
BEGIN LINEAR 10
BEGIN LINEAR 11
BEGIN LINEAR 12
BEGIN LINEAR 13
BEGIN LINEAR 14
BEGIN LINEAR 15
BEGIN LINEAR 16
BEGIN LINEAR 17
BEGIN LINEAR 18
BEGIN POLYNOMIAL 1
GROUP READY 3_7
BEGIN POLYNOMIAL 2
BEGIN POLYNOMIAL 3
BEGIN POLYNOMIAL 4
BEGIN POLYNOMIAL 5
BEGIN POLYNOMIAL 6
BEGIN POLYNOMIAL 7
BEGIN POLYNOMIAL 8
BEGIN POLYNOMIAL 9
BEGIN POLYNOMIAL 10
BEGIN POLYNOMIAL 11
BEGIN POLYNOMIAL 12
PASS N8 class8 GAP: 1 witnesses; 18 linear decisions (6 negative); 
12 polynomial decisions (6 empty); 60 samples
