BEGIN displayed_positive
RESULT displayed_positive True 4.756
BEGIN constructed_positive_-1
RESULT constructed_positive_-1 True 7.085
BEGIN constructed_positive_2
RESULT constructed_positive_2 True 5.914
BEGIN nonprimitive_negative_scalar_positive
RESULT nonprimitive_negative_scalar_positive True 23.404
BEGIN last_layer_perturbation_0
RESULT last_layer_perturbation_0 False 10.036
BEGIN last_layer_perturbation_1
RESULT last_layer_perturbation_1 False 9.995
BEGIN first_layer_perturbation
RESULT first_layer_perturbation False 0.774
BEGIN outside_same_degree_linear_adjoint
RESULT outside_same_degree_linear_adjoint None 0.188
BEGIN outside_identity
RESULT outside_identity None 0.0
BEGIN outside_degree_one
RESULT outside_degree_one None 0.0
PASS N8 odd-adjoint groups: 10 records; 4 witnesses; 10 linear steps; 8 polynomials
