BEGIN Hall construction 2 9
BEGIN 17-nonlinear-exception
{"label": "17-nonlinear-exception", "p": 1, "q": 7, "columns": 31, "nullity": 1, "expected": 1}
BEGIN 17-length-one
{"label": "17-length-one", "p": 1, "q": 7, "columns": 31, "nullity": 0, "expected": 0}
BEGIN 17-length-two-off-ratio
{"label": "17-length-two-off-ratio", "p": 1, "q": 7, "columns": 31, "nullity": 0, "expected": 0}
BEGIN 17-length-three
{"label": "17-length-three", "p": 1, "q": 7, "columns": 31, "nullity": 0, "expected": 0}
BEGIN 17-mixed-length
{"label": "17-mixed-length", "p": 1, "q": 7, "columns": 31, "nullity": 0, "expected": 0}
BEGIN 17-hall-0
{"label": "17-hall-0", "p": 1, "q": 7, "columns": 31, "nullity": 0, "expected": 0}
BEGIN 17-hall-9
{"label": "17-hall-9", "p": 1, "q": 7, "columns": 31, "nullity": 0, "expected": 0}
BEGIN 17-hall-17
{"label": "17-hall-17", "p": 1, "q": 7, "columns": 31, "nullity": 0, "expected": 0}
BEGIN 26-hall-0
{"label": "26-hall-0", "p": 2, "q": 6, "columns": 20, "nullity": 0, "expected": 0}
BEGIN 26-hall-1
{"label": "26-hall-1", "p": 2, "q": 6, "columns": 20, "nullity": 0, "expected": 0}
BEGIN 26-hall-2
{"label": "26-hall-2", "p": 2, "q": 6, "columns": 20, "nullity": 0, "expected": 0}
BEGIN 26-mixed
{"label": "26-mixed", "p": 2, "q": 6, "columns": 20, "nullity": 0, "expected": 0}
BEGIN 35-hall-0
{"label": "35-hall-0", "p": 3, "q": 5, "columns": 12, "nullity": 0, "expected": 0}
BEGIN 35-hall-1
{"label": "35-hall-1", "p": 3, "q": 5, "columns": 12, "nullity": 0, "expected": 0}
BEGIN 35-hall-2
{"label": "35-hall-2", "p": 3, "q": 5, "columns": 12, "nullity": 0, "expected": 0}
BEGIN 35-mixed
{"label": "35-mixed", "p": 3, "q": 5, "columns": 12, "nullity": 0, "expected": 0}
BEGIN 44-hall-0
{"label": "44-hall-0", "p": 4, "q": 4, "columns": 12, "nullity": 0, "expected": 0}
BEGIN 44-hall-1
{"label": "44-hall-1", "p": 4, "q": 4, "columns": 12, "nullity": 0, "expected": 0}
BEGIN 44-hall-2
{"label": "44-hall-2", "p": 4, "q": 4, "columns": 12, "nullity": 0, "expected": 0}
BEGIN 44-mixed
{"label": "44-mixed", "p": 4, "q": 4, "columns": 12, "nullity": 0, "expected": 0}
BEGIN 26-derived-length-two
{"label": "26-derived-length-two", "p": 2, "q": 6, "columns": 20, "nullity": 0, "expected": 0}
BEGIN 26-two-B-letters
{"label": "26-two-B-letters", "p": 2, "q": 6, "columns": 20, "nullity": 0, "expected": 0}
BEGIN 35-derived-second
{"label": "35-derived-second", "p": 3, "q": 5, "columns": 12, "nullity": 0, "expected": 0}
BEGIN 44-dependent-control
{"label": "44-dependent-control", "p": 4, "q": 4, "columns": 12, "nullity": 6, "expected": 6}
PASS N8 class10 third-layer kernels: 2 24
