Starting class 3
Class 3; Hirsch length 8; finite nontrivial relative orders [  ]
Starting class 4
Class 4; Hirsch length 11; finite nontrivial relative orders [ 2 ]
Torsion subgroup size 1; generators [  ]
Starting class 5
Class 5; Hirsch length 14; finite nontrivial relative orders [ 2, 2, 2, 2 ]
Torsion subgroup size 8; generators [ g13*g14*g15^-1*g17^-1, g14*g17^-1, 
  g16*g18 ]
Starting class 6
Class 6; Hirsch length 16; finite nontrivial relative orders 
[ 2, 2, 2, 2, 2, 2, 3, 6, 2, 2, 2, 3, 6, 3, 6 ]
Torsion subgroup size 1492992; generators 
[ g13*g14*g15^-1*g16*g17^-1*g18*g20*g23*g26^2*g27^-4*g28^4*g29^3*g30*g31^2, 
  g14*g17^-1*g19*g20*g21^2*g26^2*g27^-1*g28*g29*g31^3, 
  g16*g18*g19*g21^2*g22^4*g26^2*g27^-2*g28^2*g29*g30*g31, 
  g19*g21^2*g22^3*g24*g28^3*g29, g20*g21*g22^2*g23*g24*g26*g27^-1*g28^4*g29^
    2*g31^2, g21*g22^2*g26^2*g28^4*g31^2, g22*g28^5*g31^4, 
  g23*g24*g26*g27^-1*g29^2*g31^2, g24*g29, g25*g31^5, g26*g31^2, g28*g31^5, 
  g30*g31^4, g31 ]
Starting class 7
Class 7; Hirsch length 19; finite nontrivial relative orders 
[ 2, 2, 2, 2, 2, 2, 3, 6, 2, 2, 2, 3, 6, 3, 6, 2, 2, 2, 2, 6, 2, 2, 2, 2, 2, 
  2, 2, 6, 4, 6, 2, 3, 6, 6 ]
Torsion subgroup size 285315214344192; generators 
[ g13*g14*g15^-1*g16*g17^-1*g18*g19*g20*g21^2*g23*g26^2*g27^-4*g28^4*g29^
    3*g30*g31^2*g32*g34*g35*g36^2*g37*g39*g40*g44*g45^2*g48^-2*g50^7*g51*g52^
    2*g53^4, g14*g17^-1*g23*g25*g26*g27^-2*g29^2*g32*g34*g36^
    4*g38*g39*g40*g44^5*g45*g46^5*g48^-3*g50^3*g52*g53, 
  g16*g18*g19*g22^2*g23*g25*g27^-3*g28^3*g29^2*g30*g31^5*g32*g36^
    4*g40*g41*g44^2*g45^3*g48^-2*g50^10*g51^2*g52*g53, 
  g19*g20*g21^2*g26^2*g33*g35*g38*g42*g43*g44^2*g46^5*g47*g51*g52^2*g53^5, 
  g20*g24*g26*g29*g30*g31^2*g36^4*g37*g38*g41*g42*g45^3*g48*g49^-1*g50^5, 
  g21*g22^2*g26*g28^2*g30*g32*g33*g34*g35*g36*g37*g41*g43*g45^2*g46^5*g49^
    -1*g50^2*g52^2*g53, g22*g28^2*g31*g33*g34*g36^2*g39*g40*g41*g42*g43*g44^
    2*g46^3*g50*g53, g23*g24*g25*g26*g27^-1*g28^5*g29^2*g31^2*g32*g36^
    5*g39*g44^4*g45^3*g46^2*g47*g48^-3*g49^-1*g50^6*g51*g52^3*g53^5, 
  g24*g29*g31^3*g36^3*g41*g42*g43*g44^4*g45^2*g46^3*g48^-2*g49*g50^5*g51^
    2*g52^3*g53^5, g25*g30*g31^3*g32*g34*g35*g36^4*g37*g40*g44^4*g46*g48^
    -1*g49^-3*g50^3*g52^3*g53^2, g26*g30^2*g31*g34*g35*g36^3*g40*g41*g43*g44^
    4*g45^2*g46^2*g48^-1*g49^-3*g50^3*g51*g52^3*g53^2, 
  g28*g31^5*g33*g36*g37*g38*g39*g40*g43*g44*g45^3*g47*g48*g49^-1*g50^8*g51^
    2*g52^4*g53, g30*g36^4*g37*g40*g43*g45^2*g46^4*g48*g49^-2*g50^2*g51^2*g53,
  g31*g34*g36*g40*g42*g43*g44^4*g45^2*g46^3*g48^-1*g50^3*g51*g53^3, 
  g32*g35*g36^3*g37*g38*g43*g44*g45^3*g46*g47*g50^3*g52^5*g53^2, 
  g33*g37*g41*g42*g44^4*g47*g48^-2*g49*g51^2*g52^2, 
  g34*g43*g44^4*g46^3*g48^-2*g52^3*g53^5, g35*g36^3*g38*g41*g42*g44^5*g45*g46^
    4*g48^-2*g49*g50*g51*g52^2, g36*g38*g39*g41*g42*g44^3*g48^-1*g52^3*g53^3, 
  g37*g42*g51^2, g38*g39*g40*g44^5*g45^2*g48^-1*g49^-1*g50^2*g51*g52^4, 
  g39*g40*g43*g45*g48*g49^-1*g50*g51*g52^2*g53^2, g40*g41*g48*g49, 
  g41*g45^2*g49*g50^2*g52^4, g42*g43*g46^5*g52^2, g43*g53^2, 
  g44^2*g47*g48^-1*g51*g53, g45*g50*g52^2, g46*g47*g51*g52^3*g53^5, 
  g47*g52^2*g53^3, g51*g52^2*g53^4, g52, g53 ]
Starting class 8
Class 8; Hirsch length 22; finite nontrivial relative orders 
[ 2, 2, 2, 2, 2, 2, 3, 6, 2, 2, 2, 3, 6, 3, 6, 2, 2, 2, 2, 6, 2, 2, 2, 2, 2, 
  2, 2, 6, 4, 6, 2, 3, 6, 6, 2, 2, 2, 2, 2, 3, 6, 6, 2, 2, 2, 2, 2, 2, 2, 2, 
  2, 2, 3, 6, 6, 4, 2, 3, 6, 6, 2, 2, 4, 3, 3, 3, 6, 6, 6, 6, 3, 6 ]
Torsion subgroup size 949505255199079225315801165725696; generators 
[ g13*g14*g15^-1*g16*g17^-1*g18*g19*g21^2*g22^3*g23*g25*g27^-4*g28^4*g29^
    3*g30^2*g31^2*g32*g33*g34*g35*g36^3*g38*g40*g41*g44*g46*g47*g48^-2*g49^
    -1*g50^5*g51*g52^2*g53^2*g55*g57*g58*g59*g60^3*g61^
    2*g62*g65*g66*g67*g69*g72^2*g73^5*g76*g77*g78^3*g79^4*g81*g82^-6*g83*g84^
    -6*g85^7*g86^2*g87*g88^2*g89^4*g91^4*g92^2*g94^2, 
  g14*g17^-1*g19*g20*g22^2*g23*g26*g27^-2*g28^4*g29^2*g30*g31^
    4*g33*g36*g37*g39*g40*g41*g42*g43*g44^3*g46*g48^-2*g50^6*g53^
    3*g56*g57*g58*g59*g60^5*g61^5*g64*g71*g73^4*g74^4*g75^3*g76*g78^5*g79^
    2*g80*g81*g82^-8*g83^3*g84^-11*g85^13*g86*g88*g89^5*g90^3*g91^3*g92^3*g94^
    5, g16*g18*g19*g20*g21^2*g22*g24*g26^2*g27^-2*g28^2*g29^2*g30*g31^
    2*g32*g33*g34*g36^3*g37*g40*g41*g42*g43*g44*g45^2*g50^5*g51*g53^
    3*g56*g58*g59*g60^4*g61^4*g63*g64*g66*g70*g71*g72*g77*g78^4*g79^2*g81*g82^
    -1*g83^2*g84^-7*g85^10*g86*g87*g88^2*g89^3*g92^2*g94^3, 
  g19*g20*g21^2*g22^3*g24*g25*g26^2*g29*g30*g32*g33*g35*g36^
    4*g38*g39*g41*g42*g43*g46^5*g48*g49^-3*g51^2*g52^
    5*g53*g55*g57*g60*g61*g65*g66*g69*g70*g72*g73^3*g74^4*g75^2*g76*g78*g79^
    5*g80*g81*g82^-1*g84^7*g85^5*g86*g87^2*g89*g91^3*g92^4*g93, 
  g20*g25*g26^2*g28^3*g30*g32*g33*g34*g35*g37*g38*g44^4*g45^2*g46^3*g48^
    -1*g49^-3*g50^2*g52^4*g55*g56*g57*g59^2*g60^3*g61^
    3*g62*g64*g66*g67*g68*g69*g72^2*g74^2*g75^2*g76*g78*g79^2*g82^4*g83^3*g84^
    4*g85^7*g86*g87^2*g88*g89^4*g90^5*g91^2*g92^5*g93*g94^3, 
  g21*g24*g28^2*g29*g31^5*g34*g41*g44^4*g45^2*g46^2*g47*g48^-2*g49*g50^7*g52^
    2*g53^4*g55*g58*g59^2*g60^2*g61^3*g62*g65*g68*g69*g70*g72*g73^4*g74^4*g75^
    2*g78^2*g80*g81*g82^-9*g83^2*g84^-13*g85^13*g87^2*g88^2*g89^5*g90^4*g91^
    5*g92^5*g93*g94, g22*g26*g28*g30^2*g31^2*g32*g35*g36^4*g39*g41*g43*g44^
    2*g46^3*g48^-1*g49^-4*g50^2*g52^4*g53^3*g55*g58*g59^2*g60^5*g61^
    5*g62*g63*g65*g68*g72*g74*g75^3*g77^2*g78*g81*g82^8*g83^3*g84^3*g85^
    10*g86^2*g87*g88*g89^5*g90^3*g91^2*g92*g94, 
  g23*g27^-1*g28^5*g29*g30^2*g34*g36^4*g38*g39*g42*g43*g44^3*g45^2*g46^2*g48^
    -2*g49^-4*g50^3*g52^3*g53^3*g55*g59*g60^2*g66*g69*g71*g72^2*g73^5*g74^
    5*g76*g78^4*g79*g80*g81*g83*g84^-7*g85^9*g88*g89^2*g90*g91^5*g92^4*g93^
    2*g94^3, g24*g29*g33*g34*g36^5*g37*g45^2*g47*g50^2*g51^2*g52^
    2*g56*g58*g61^5*g63*g64*g65*g68*g70*g74^2*g75^3*g77*g78^2*g79^
    4*g80*g81*g82^-4*g84*g85^2*g86*g87^2*g88*g90^5*g91^2*g92^2, 
  g25*g28^3*g30*g32*g33*g34*g35*g36^5*g41*g44^2*g46*g47*g48^-1*g49^-2*g51^
    2*g52^5*g53^2*g56*g59^2*g60^2*g61^4*g62*g68*g72*g73^5*g74^4*g75^2*g77^
    2*g78^5*g79^4*g82^-4*g84^4*g85^3*g86*g87*g89^4*g92^2*g94, 
  g26*g28^2*g30^2*g33*g35*g36^4*g40*g41*g44^2*g45^2*g46^5*g49^-3*g50^
    2*g51*g52^2*g59*g60^4*g61^4*g62*g70*g77*g78^4*g79^4*g82^4*g84^-1*g85^
    2*g87*g88^2*g89^2*g90^3*g91^2*g92^3*g94^2, 
  g28*g31^5*g32*g33*g34*g37*g40*g41*g42*g43*g44^2*g45^3*g46^4*g47*g49*g50^
    8*g51*g52^4*g53*g55*g57*g59^2*g60^2*g61^5*g62*g63*g64*g68*g69*g70*g72^
    2*g73*g74^3*g75^2*g78^2*g79^5*g82^-4*g83^3*g84^-12*g85^13*g86*g87^2*g90^
    3*g91^4*g93^2*g94^5, g30*g31^4*g33*g34*g36*g37*g42*g43*g44^4*g45^2*g48^
    -2*g49^-2*g50^6*g51*g52*g53^5*g55*g56*g59*g60^4*g61^
    5*g63*g64*g65*g66*g67*g68*g69*g71*g72^2*g73^5*g74^4*g75^3*g77*g78^3*g79^
    2*g80*g81*g82^-6*g84^-11*g85^12*g87^2*g88^2*g89^5*g91^4*g92^4*g93^2*g94^2,
  g31*g32*g36^2*g37*g40*g42*g44^2*g45^2*g46^4*g50^3*g52*g53^2*g58*g60^4*g61^
    3*g62*g63*g64*g65*g68*g69*g70*g73^4*g77^2*g78^2*g79^4*g80*g81*g82^-7*g83^
    2*g84^-4*g85^7*g86*g87*g88^2*g89^5*g93^2*g94^3, 
  g32*g33*g35*g36*g37*g41*g44^4*g45^2*g46^4*g48^-2*g49*g50^2*g51*g52^
    4*g57*g59*g60^5*g61^3*g63*g65*g66*g68*g70*g71*g74^2*g76*g77^2*g80*g82^
    -5*g83^3*g84^-1*g85^6*g86*g87^2*g88*g90^3*g91^5*g92^4*g93^2*g94^3, 
  g33*g34*g36^3*g40*g41*g42*g44^2*g45^2*g49*g50^2*g51*g52*g55*g58*g60^
    3*g62*g65*g66*g72*g73^3*g74^3*g78^2*g80*g81*g82^-7*g84^-6*g85^2*g87*g88^
    2*g91^2*g92^4*g94^3, g34*g36^3*g37*g42*g44^4*g47*g48^-2*g51^2*g52^
    2*g56*g61^3*g62*g65*g67*g70*g72*g73^4*g78*g79^3*g80*g81*g82^-13*g83^3*g84^
    2*g85^3*g86*g88^2*g89^5*g90^3*g91^3*g92^2*g94^3, 
  g35*g36^4*g46^4*g47*g52^2*g57*g61*g62*g65*g67*g74^5*g76*g77*g78^3*g79^5*g82^
    -1*g83*g84^-2*g85^2*g87^2*g88*g89^2*g90^4*g91^3*g92^2, 
  g36*g44^4*g46^4*g48^-2*g52^4*g53^2*g60^2*g61^2*g62*g66*g67*g68*g72^2*g73^
    2*g75^2*g77^2*g78^5*g79^3*g80*g82^-5*g83*g84^6*g85^3*g87^2*g88^2*g89^
    2*g90^3*g91^3*g93, g37*g40*g48*g51*g62*g66*g68*g70*g72*g76*g79^
    3*g80*g81*g82^-1*g83*g85^2*g86*g87*g89*g90^5*g91^3*g92^5, 
  g38*g39*g40*g41*g42*g44^5*g45^2*g46^4*g47*g48^-1*g50^2*g55*g56*g58*g60^
    2*g61^2*g63*g64*g65*g66*g67*g68*g69*g70*g71*g72*g73^4*g74^3*g75^2*g76*g77^
    2*g79^2*g82^-7*g83^3*g84^-3*g85^7*g86^2*g89^4*g90^3*g91^3*g93^2, 
  g39*g40*g41*g48*g51^2*g52^4*g53^4*g55*g56*g58*g59*g60^2*g61^
    4*g62*g63*g66*g73^4*g74^2*g75^2*g77^2*g78*g79^2*g80*g82^-4*g83*g84^4*g85^
    6*g88^2*g89^5*g90^2*g91^5*g92^2*g93*g94^2, 
  g40*g48*g56*g62*g64*g67*g68*g69*g72^2*g74^2*g75^2*g81*g84*g87*g88*g89^2*g90^
    5*g91^3, g41*g45^2*g49*g50^2*g52^4*g55*g58*g59^2*g61^
    4*g62*g64*g67*g69*g73^2*g77^2*g78^5*g80*g82^-2*g83^2*g84*g85^4*g87*g88^
    2*g90^5*g91^2*g92^4*g93^2*g94, g42*g44^4*g46^4*g47*g48^-2*g51*g53^
    5*g55*g59*g60^5*g61^3*g64*g65*g68*g69*g71*g72^2*g73^3*g74^2*g76*g77*g78^
    4*g79^4*g81*g82^-11*g83*g84^-1*g85^7*g89^3*g90^3*g92^3*g93*g94^2, 
  g43*g44^2*g45^2*g46^2*g48^-1*g50^2*g56*g58*g59*g60^4*g61^4*g64*g69*g72^
    2*g73*g77*g78^4*g79^2*g82^-3*g83*g84^-3*g85^4*g86^2*g87*g88^2*g89^
    3*g90*g91^5*g92^4*g94^5, g44^2*g46^4*g48^-1*g51*g52^4*g53^2*g58*g61^
    2*g64*g66*g69*g70*g72*g73*g74^2*g77^2*g78*g79^4*g80*g82^-4*g83^2*g84^
    3*g85^4*g86*g87*g88*g89^2*g90^3*g91^2*g92*g93*g94^5, 
  g45*g47*g50*g52^2*g53^4*g56*g57*g58*g60*g61*g62*g66*g67*g70*g71*g72^
    2*g73*g74*g75*g77^2*g78^2*g79*g85^5*g88^2*g89^3*g90*g92^4*g93*g94^5, 
  g46*g51^2*g52^4*g53^2*g55*g58*g60^4*g62*g64*g66*g69*g73*g74^2*g75*g77*g78^
    5*g79^4*g82^-4*g84^4*g85^2*g86*g88^2*g89*g90^3*g91^4*g92^2*g93*g94, 
  g47*g52^2*g55*g56*g57*g59^2*g60^2*g61^2*g62*g65*g66*g70*g72^2*g74^
    2*g76*g77*g79^5*g80*g81*g83*g85^2*g86^2*g87*g88*g89^2*g90^3*g91^4*g93*g94^
    2, g51*g53^4*g59^2*g60^4*g61^2*g62*g70*g72^2*g73^2*g74^4*g77^2*g79^2*g82^
    -4*g84^-4*g85^4*g88^2*g89^4*g90^4*g92*g93^2, 
  g52*g53^2*g56*g60^3*g61*g65*g66*g67*g73^5*g74^2*g77*g79^3*g80*g82^
    -5*g83*g84^-1*g85^3*g86*g87*g88^2*g89^4*g90*g92^2*g93^2*g94, 
  g53*g54*g56*g58*g59*g60*g61^3*g62*g66*g67*g70*g73^2*g74^2*g75^2*g78^2*g79^
    2*g80*g82^-1*g83^2*g85^3*g87*g89^2*g90^3*g91^3*g93^2*g94^2, 
  g54*g55*g58*g59*g60^2*g64*g66*g67*g68*g69*g72*g73^5*g74^4*g75^2*g78^
    5*g81*g82^-4*g84^-1*g86^2*g90^5*g91^4*g92^4*g93*g94^5, 
  g55*g56*g58*g59*g61^2*g64*g66*g67*g69*g72*g73^4*g74^2*g75^2*g77*g78^3*g79^
    3*g81*g82^-3*g83^2*g84*g85^2*g89^5*g90^2*g92^4*g93*g94^5, 
  g56*g58*g59^2*g61^4*g62*g66*g67*g72*g75^2*g77^2*g78^5*g79^3*g80*g81*g82*g83^
    2*g84^2*g85^2*g86^2*g88^2*g89*g90^3*g92^2*g93^2*g94^4, 
  g57*g59*g61^2*g66*g68*g70*g71*g77^2*g78^5*g81*g82*g83^2*g85^2*g87*g88^2*g89^
    5*g90^2*g91^3*g94^2, g58*g62*g66*g68*g71*g78^4*g81*g82*g86*g87*g90^2*g93^2
    , g59*g60^4*g75^2*g79^2*g84^2*g89*g90*g92^2*g93^2*g94^4, 
  g60*g61*g62*g64*g66*g69*g71*g74^2*g77^2*g78^4*g79^5*g80*g82*g84^
    -1*g86*g88*g89^2*g91^3*g92^4*g94^2, 
  g61*g65*g66*g67*g68*g73^3*g74^5*g75*g76*g78*g79^3*g81*g82^-3*g83^2*g84^
    -4*g85^3*g86*g88*g89^2*g91^3*g92^2*g93*g94^3, 
  g62*g66*g67*g70*g71*g75^2*g78^3*g79^3*g81*g82*g84^2*g86^2*g89*g90^2*g92^
    5*g93^2, g63*g64*g69*g72*g73^4*g74^2*g75^3*g77^2*g78*g79^4*g80*g81*g82^
    -3*g83^3*g84^2*g85^3*g87*g88*g89^3*g90^3*g91^3*g92^2*g93, 
  g64*g66*g67*g69*g73^3*g74^2*g78^3*g79^3*g80*g82^-2*g83^2*g84^-1*g85^
    2*g86*g89*g90^2*g94^3, g65*g66*g67*g68*g70*g71*g72*g73^5*g74^4*g77^2*g78^
    4*g80*g82^-5*g83^3*g84^-4*g85^3*g86^2*g90*g91^2*g92, 
  g66*g82*g83^2*g85^2*g88^2*g90^2, g67*g68*g75^2*g81*g83^2*g84^2*g85^
    2*g86*g87*g88^2*g89*g90^4*g94^3, g68*g69*g70*g79^3*g81*g83^2*g85^
    2*g87*g90^4*g92^5*g94^3, g69*g71*g73^3*g74^3*g75^3*g76*g78^3*g80*g81*g82^
    -3*g83^3*g85^4*g88*g89^5*g90*g91^3*g93^2*g94^3, 
  g70*g73^3*g74^4*g77*g78^5*g79^2*g82^-3*g84^-4*g86*g87*g88*g89*g91^3*g92^
    5*g93^2*g94^2, g71*g73^3*g74^4*g78*g79^2*g80*g82^-3*g84^
    -4*g86*g87*g88*g89^3*g90^5*g91^3*g92^4*g93^2*g94^2, 
  g72*g73^2*g74^4*g78^4*g79^4*g82^-2*g84^-4*g88^2*g90^4*g91^4*g92^4*g93, 
  g73*g82^-1*g86^2*g87^2*g88*g89^5*g90*g91, 
  g74*g75^3*g76*g78*g80*g81*g83^3*g84^2*g85^4*g89^3*g90^4*g91^5*g92^2*g93*g94^
    2, g75*g76*g77^2*g78^5*g79^5*g80*g83*g84*g85^2*g86*g87*g89*g90^3*g91^
    2*g92^4*g93*g94^2, g76*g77^2*g78^2*g79^5*g81*g83^3*g85^4*g86^2*g87^2*g89^
    3*g90^4*g91^3*g94, g77*g78^4*g90^4*g92^2*g93^2, 
  g78*g80*g81*g83^2*g85^2*g87*g89^3*g91^5*g93*g94^4, 
  g79*g87*g88^2*g89*g90^5*g91*g92*g93^2*g94^3, 
  g80*g81*g87^2*g88^2*g89*g90*g91^3*g93^2*g94, g81*g90^5, 
  g83*g85*g86^2*g87^2*g88*g89*g90^5*g91^4*g92^5*g93, 
  g86*g87^2*g89^4*g90^4*g91^2*g93, g87*g88*g89^4*g90^4*g93*g94^2, 
  g88*g89^5*g90^2*g92^3*g94^3, g89*g91^4*g92^3*g93*g94, g90, g91, g92*g94, 
  g93*g94^2, g94 ]
PASS N3 bounded pair-class-two probe completed
