Timeout (0:01:00)!
Thread 0x000075d067421080 (most recent call first):
  File "/project/gworld1/scripts/n8_flint_linear.py", line 12 in affine_solution
  File "/project/gworld1/scripts/n8_flint_linear.py", line 35 in linear_solution
  File "/project/gworld1/scripts/n8_class7.py", line 117 in tail
  File "/project/gworld1/scripts/n8_class8.py", line 88 in decide_class8
  File "/project/gworld1/scripts/check_n8_class8_focused.py", line 25 in check
  File "/project/gworld1/scripts/check_n8_class8_focused.py", line 44 in <module>
Traceback (most recent call last):
  File "/project/gworld1/scripts/check_n8_class8_focused.py", line 52, in <module>
    check(wcomm(z+wpow(t,k),higher(d,5,7)),
  File "/project/gworld1/scripts/check_n8_class8_focused.py", line 25, in check
    result=decide_class8(m,word,audit)
           ^^^^^^^^^^^^^^^^^^^^^^^^^^^
  File "/project/gworld1/scripts/n8_class8.py", line 71, in decide_class8
    answer=polynomial_finish(m,g,x0,y0,vector,kernel,rec,audit,word)
           ^^^^^^^^^^^^^^^^^^^^^^^^^^^^^^^^^^^^^^^^^^^^^^^^^^^^^^^^^
  File "/project/gworld1/scripts/n8_class8.py", line 34, in polynomial_finish
    samples=[[k,*[m.collect(z)[0] for z in pair(k)]] for k in [-1,0,1,2,3]]))
                  ^^^^^^^^^^^^
  File "/project/gworld1/scripts/n8_ia_orbits.py", line 108, in collect
    word=reduced(word);assert self.expansion(word)==g
                              ^^^^^^^^^^^^^^^^^^^^^^^
AssertionError
