PASS F38 carrier GAP graphs: 29 quotients; 7 positive carriers
F38 STABILIZER VERIFIED 1 finite_orbit rank=2
F38 STABILIZER VERIFIED 2 finite_orbit rank=2
F38 STABILIZER VERIFIED 3 finite_orbit rank=2
F38 STABILIZER VERIFIED 4 finite_orbit rank=2
F38 STABILIZER VERIFIED 5 finite_orbit rank=2
F38 STABILIZER VERIFIED 6 finite_orbit rank=2
F38 STABILIZER VERIFIED 7 finite_orbit rank=2
F38 STABILIZER VERIFIED 8 finite_orbit rank=2
F38 STABILIZER VERIFIED 9 finite_orbit rank=2
F38 STABILIZER VERIFIED 10 finite_orbit rank=2
F38 STABILIZER VERIFIED 11 finite_orbit rank=2
F38 STABILIZER VERIFIED 12 finite_orbit rank=2
F38 STABILIZER VERIFIED 13 finite_orbit rank=2
F38 STABILIZER VERIFIED 14 infinite_orbit_witness rank=2
F38 STABILIZER VERIFIED 15 finite_orbit rank=2
F38 STABILIZER VERIFIED 16 finite_orbit rank=2
F38 STABILIZER VERIFIED 17 finite_orbit rank=2
F38 STABILIZER VERIFIED 18 finite_orbit rank=2
F38 STABILIZER VERIFIED 19 finite_orbit rank=2
F38 STABILIZER VERIFIED 20 finite_orbit rank=2
F38 STABILIZER VERIFIED 21 finite_orbit rank=2
F38 STABILIZER VERIFIED 22 infinite_orbit_witness rank=2
F38 STABILIZER VERIFIED 23 finite_orbit rank=2
F38 STABILIZER VERIFIED 24 finite_orbit rank=2
F38 STABILIZER VERIFIED 25 finite_orbit rank=2
F38 STABILIZER VERIFIED 26 finite_orbit rank=2
F38 STABILIZER VERIFIED 27 finite_orbit rank=2
F38 STABILIZER VERIFIED 28 finite_orbit rank=2
F38 STABILIZER VERIFIED 29 finite_orbit rank=2
F38 STABILIZER VERIFIED 30 infinite_orbit_witness rank=2
F38 STABILIZER VERIFIED 31 finite_orbit rank=2
F38 STABILIZER VERIFIED 32 finite_orbit rank=2
F38 STABILIZER VERIFIED 33 finite_orbit rank=2
F38 STABILIZER VERIFIED 34 finite_orbit rank=2
F38 STABILIZER VERIFIED 35 finite_orbit rank=2
F38 STABILIZER VERIFIED 36 finite_orbit rank=2
PASS F38 stabilizer GAP: 3 infinite-orbit witnesses; 
33 finite invariant orbits; 147 inverse pairs; 144 orbit transitions
