FRINGE (1,) 1 1
FRINGE (1, 1, 1, 1) 3 15
FRINGE (1, 2) 2 2
FRINGE (1, 2, -1, -2) 7 15
FRINGE (1, 1, 2, 2, -1, -2) 16 203
BEGIN same_cyclic_powers
RESULT same_cyclic_powers boundedly_equivalent_prior_common_filling_case 2 0.0
BEGIN independently_conjugate_powers
RESULT independently_conjugate_powers boundedly_equivalent_prior_common_filling_case 2 0.0
BEGIN distinct_primitive_carriers
RESULT distinct_primitive_carriers no_common_filling_carrier_not_a_boundedness_decision 1 0.0
BEGIN Lee_positive_beyond_this_test
RESULT Lee_positive_beyond_this_test no_common_filling_carrier_not_a_boundedness_decision 1 0.0
BEGIN two_filling_ambient_rank2
RESULT two_filling_ambient_rank2 boundedly_equivalent_prior_common_filling_case 11 0.007
BEGIN proper_free_factor_rank3
RESULT proper_free_factor_rank3 boundedly_equivalent_prior_common_filling_case 11 0.007
BEGIN cyclic_HNN_vertex_rank2
RESULT cyclic_HNN_vertex_rank2 boundedly_equivalent_prior_common_filling_case 38 0.056
BEGIN cyclic_HNN_vertex_rank3
RESULT cyclic_HNN_vertex_rank3 boundedly_equivalent_prior_common_filling_case 38 0.055
BEGIN independent_conjugates_of_vertex_words
RESULT independent_conjugates_of_vertex_words boundedly_equivalent_prior_common_filling_case 38 0.053
PASS F38 common filling: 9 pairs; 7 positive carriers; 29 quotient graphs; 36 orbit fixtures
