rank1_zero nonautomorphism_certificate
rank1_double nonautomorphism_certificate
rank1_inverse metabelian_automorphism
abelian_singular nonautomorphism_certificate
abelian_det6 nonautomorphism_certificate
prime_bound inconclusive_bound
extension_field nonautomorphism_certificate
field_bound inconclusive_bound
random_2_0 nonautomorphism_certificate
random_2_1 nonautomorphism_certificate
random_2_2 nonautomorphism_certificate
random_2_3 nonautomorphism_certificate
random_2_4 nonautomorphism_certificate
random_2_5 nonautomorphism_certificate
random_2_6 nonautomorphism_certificate
random_2_7 nonautomorphism_certificate
free_automorphism_2_0 metabelian_automorphism
free_automorphism_2_1 metabelian_automorphism
free_automorphism_2_2 metabelian_automorphism
changed_singular_2 nonautomorphism_certificate
random_3_0 metabelian_automorphism
random_3_1 nonautomorphism_certificate
random_3_2 nonautomorphism_certificate
random_3_3 nonautomorphism_certificate
random_3_4 nonautomorphism_certificate
random_3_5 nonautomorphism_certificate
random_3_6 metabelian_automorphism
random_3_7 nonautomorphism_certificate
free_automorphism_3_0 metabelian_automorphism
free_automorphism_3_1 metabelian_automorphism
free_automorphism_3_2 metabelian_automorphism
changed_singular_3 nonautomorphism_certificate
random_4_0 nonautomorphism_certificate
random_4_1 metabelian_automorphism
random_4_2 nonautomorphism_certificate
random_4_3 nonautomorphism_certificate
random_4_4 nonautomorphism_certificate
random_4_5 nonautomorphism_certificate
random_4_6 nonautomorphism_certificate
random_4_7 nonautomorphism_certificate
free_automorphism_4_0 metabelian_automorphism
free_automorphism_4_1 metabelian_automorphism
free_automorphism_4_2 metabelian_automorphism
changed_singular_4 nonautomorphism_certificate
{"records": 44, "counts": {"inconclusive_bound": 2, "metabelian_automorphism": 13, "nonautomorphism_certificate": 29}, "fields": [2, 3, 4], "max_basis_word": 76}
PASS M0 end-to-end witness constructor
