fixed-earlier-prefix complete-leading-list  
fixed-earlier-prefix unique-layer 1 
fixed-earlier-prefix exception-block 2 
fixed-earlier-prefix fixed-exception 2 
fixed-earlier-prefix linear-tail 3 
fixed-earlier-prefix positive-commutator  
scaled-delayed complete-leading-list  
scaled-delayed unique-layer 1 
scaled-delayed exception-block 2 
scaled-delayed quadratic-exception 2 2
scaled-delayed linear-tail 3 
scaled-delayed positive-commutator  
scaled-fixed-prefix complete-leading-list  
scaled-fixed-prefix linear-obstruction 1 
scaled-fixed-prefix linear-obstruction 1 
scaled-fixed-prefix unique-layer 1 
scaled-fixed-prefix exception-block 2 
scaled-fixed-prefix fixed-exception 2 
scaled-fixed-prefix linear-tail 3 
scaled-fixed-prefix positive-commutator  
{"fixed_exception_count": 2, "parameter_steps": [2], "seconds": 19.99869958870113}
COMPLETE N8 lattice branch probe; inspect actual branch coverage
