{"test": "constructed_positive", "answer": true, "seconds": 0.988, "p": 1, "q": 2, "scale": 1}
{"test": "constructed_positive", "answer": true, "seconds": 4.16, "p": 1, "q": 2, "scale": 2}
{"test": "constructed_positive", "answer": true, "seconds": 0.417, "p": 1, "q": 3, "scale": 1}
{"test": "constructed_positive", "answer": true, "seconds": 0.745, "p": 1, "q": 3, "scale": 2}
{"test": "constructed_positive", "answer": true, "seconds": 0.183, "p": 1, "q": 4, "scale": 1}
{"test": "constructed_positive", "answer": true, "seconds": 0.354, "p": 1, "q": 4, "scale": 2}
{"test": "constructed_positive", "answer": true, "seconds": 0.239, "p": 2, "q": 3, "scale": 1}
{"test": "constructed_positive", "answer": true, "seconds": 2.927, "p": 2, "q": 3, "scale": 2}
{"test": "constructed_positive", "answer": true, "seconds": 0.068, "p": 1, "q": 5, "scale": 1}
{"test": "constructed_positive", "answer": true, "seconds": 0.27, "p": 1, "q": 5, "scale": 2}
{"test": "constructed_positive", "answer": true, "seconds": 0.108, "p": 2, "q": 4, "scale": 1}
{"test": "constructed_positive", "answer": true, "seconds": 0.149, "p": 2, "q": 4, "scale": 2}
{"test": "constructed_positive", "answer": true, "seconds": 0.054, "p": 3, "q": 3, "scale": 1}
{"test": "constructed_positive", "answer": true, "seconds": 0.115, "p": 3, "q": 3, "scale": 2}
{"test": "constructed_positive", "answer": true, "seconds": 0.05, "p": 1, "q": 6, "scale": 1}
{"test": "constructed_positive", "answer": true, "seconds": 0.151, "p": 1, "q": 6, "scale": 2}
{"test": "constructed_positive", "answer": true, "seconds": 0.031, "p": 2, "q": 5, "scale": 1}
{"test": "constructed_positive", "answer": true, "seconds": 0.084, "p": 2, "q": 5, "scale": 2}
{"test": "constructed_positive", "answer": true, "seconds": 0.034, "p": 3, "q": 4, "scale": 1}
{"test": "constructed_positive", "answer": true, "seconds": 0.07, "p": 3, "q": 4, "scale": 2}
{"test": "quadratic_direction_positive", "answer": true, "seconds": 0.922, "scale": 1, "k": -2}
{"test": "quadratic_direction_positive", "answer": true, "seconds": 0.75, "scale": 1, "k": 1}
{"test": "quadratic_direction_positive", "answer": true, "seconds": 0.894, "scale": 1, "k": 3}
{"test": "quadratic_direction_positive", "answer": true, "seconds": 0.829, "scale": 2, "k": -2}
{"test": "quadratic_direction_positive", "answer": true, "seconds": 1.873, "scale": 2, "k": 1}
{"test": "quadratic_direction_positive", "answer": true, "seconds": 2.756, "scale": 2, "k": 3}
{"test": "quadratic_direction_positive", "answer": true, "seconds": 2.749, "scale": 3, "k": -2}
{"test": "quadratic_direction_positive", "answer": true, "seconds": 4.073, "scale": 3, "k": 1}
{"test": "quadratic_direction_positive", "answer": true, "seconds": 1.732, "scale": 3, "k": 3}
{"test": "middle_perturbation", "answer": false, "seconds": 0.099, "leading": 3, "case": 0}
{"test": "middle_perturbation", "answer": true, "seconds": 0.854, "leading": 3, "case": 1}
{"test": "middle_perturbation", "answer": false, "seconds": 0.704, "leading": 3, "case": 2}
{"test": "middle_perturbation", "answer": true, "seconds": 0.456, "leading": 3, "case": 3}
{"test": "middle_perturbation", "answer": true, "seconds": 0.878, "leading": 3, "case": 4}
{"test": "middle_perturbation", "answer": false, "seconds": 0.731, "leading": 3, "case": 5}
{"test": "middle_perturbation", "answer": false, "seconds": 0.055, "leading": 3, "case": 6}
{"test": "middle_perturbation", "answer": false, "seconds": 0.826, "leading": 3, "case": 7}
{"test": "middle_perturbation", "answer": false, "seconds": 0.376, "leading": 4, "case": 0}
{"test": "middle_perturbation", "answer": false, "seconds": 1.109, "leading": 4, "case": 1}
{"test": "middle_perturbation", "answer": false, "seconds": 0.05, "leading": 4, "case": 2}
{"test": "middle_perturbation", "answer": false, "seconds": 0.062, "leading": 4, "case": 3}
{"test": "middle_perturbation", "answer": false, "seconds": 0.626, "leading": 4, "case": 4}
{"test": "middle_perturbation", "answer": false, "seconds": 0.071, "leading": 4, "case": 5}
{"test": "middle_perturbation", "answer": false, "seconds": 0.368, "leading": 4, "case": 6}
{"test": "middle_perturbation", "answer": false, "seconds": 0.065, "leading": 4, "case": 7}
{"test": "middle_perturbation", "answer": false, "seconds": 0.033, "leading": 5, "case": 0}
{"test": "middle_perturbation", "answer": false, "seconds": 0.06, "leading": 5, "case": 1}
{"test": "middle_perturbation", "answer": false, "seconds": 0.344, "leading": 5, "case": 2}
{"test": "middle_perturbation", "answer": false, "seconds": 0.061, "leading": 5, "case": 3}
{"test": "middle_perturbation", "answer": false, "seconds": 0.061, "leading": 5, "case": 4}
{"test": "middle_perturbation", "answer": false, "seconds": 0.277, "leading": 5, "case": 5}
{"test": "middle_perturbation", "answer": false, "seconds": 0.059, "leading": 5, "case": 6}
{"test": "middle_perturbation", "answer": false, "seconds": 0.055, "leading": 5, "case": 7}
{"test": "quadratic_central_perturbation", "answer": true, "seconds": 0.439, "case": 0}
{"test": "quadratic_central_perturbation", "answer": true, "seconds": 0.446, "case": 1}
{"test": "quadratic_central_perturbation", "answer": true, "seconds": 0.447, "case": 2}
{"test": "quadratic_central_perturbation", "answer": false, "seconds": 0.852, "case": 3}
{"test": "quadratic_central_perturbation", "answer": false, "seconds": 0.846, "case": 4}
{"test": "quadratic_central_perturbation", "answer": false, "seconds": 0.842, "case": 5}
{"test": "quadratic_central_perturbation", "answer": true, "seconds": 0.507, "case": 6}
{"test": "quadratic_central_perturbation", "answer": false, "seconds": 0.841, "case": 7}
{"test": "quadratic_central_perturbation", "answer": true, "seconds": 0.454, "case": 8}
{"test": "quadratic_central_perturbation", "answer": false, "seconds": 0.858, "case": 9}
{"test": "negative_class5_quotient", "answer": false, "seconds": 0.011}
{"test": "abelian_boundary", "answer": false, "seconds": 0.0}
{"test": "identity_boundary", "answer": true, "seconds": 0.0}
{"test": "degree_two_dispatch", "answer": true, "seconds": 48.016}
PASS N8 rank2 class7: 67 targets; 39 witnesses; 196 linear steps; 32 quadratic branches; 8 arithmetic controls
