BEGIN GAP quotient 2 9
READY GAP quotient 2 9
WITNESS 1
WITNESS 2
WITNESS 3
WITNESS 4
WITNESS 5
WITNESS 6
WITNESS 7
WITNESS 8
WITNESS 9
WITNESS 10
WITNESS 11
WITNESS 12
WITNESS 13
WITNESS 14
WITNESS 15
WITNESS 16
WITNESS 17
WITNESS 18
WITNESS 19
WITNESS 20
WITNESS 21
BEGIN LINEAR 1
BEGIN GAP quotient 2 4
READY GAP quotient 2 4
LINEAR 1 true
BEGIN LINEAR 2
BEGIN GAP quotient 2 5
READY GAP quotient 2 5
LINEAR 2 true
BEGIN LINEAR 3
BEGIN GAP quotient 2 6
READY GAP quotient 2 6
LINEAR 3 true
BEGIN LINEAR 4
LINEAR 4 true
BEGIN LINEAR 5
LINEAR 5 false
BEGIN LINEAR 6
LINEAR 6 false
BEGIN LINEAR 7
LINEAR 7 true
BEGIN LINEAR 8
LINEAR 8 true
BEGIN LINEAR 9
LINEAR 9 true
BEGIN LINEAR 10
LINEAR 10 true
BEGIN LINEAR 11
BEGIN GAP quotient 2 7
READY GAP quotient 2 7
LINEAR 11 true
BEGIN LINEAR 12
LINEAR 12 true
BEGIN LINEAR 13
LINEAR 13 true
BEGIN LINEAR 14
LINEAR 14 true
BEGIN LINEAR 15
LINEAR 15 true
BEGIN LINEAR 16
LINEAR 16 false
BEGIN LINEAR 17
LINEAR 17 false
BEGIN LINEAR 18
LINEAR 18 true
BEGIN LINEAR 19
LINEAR 19 true
BEGIN LINEAR 20
LINEAR 20 false
BEGIN LINEAR 21
LINEAR 21 false
BEGIN LINEAR 22
LINEAR 22 true
BEGIN LINEAR 23
LINEAR 23 true
BEGIN LINEAR 24
LINEAR 24 true
BEGIN LINEAR 25
LINEAR 25 true
BEGIN LINEAR 26
BEGIN GAP quotient 2 8
READY GAP quotient 2 8
LINEAR 26 true
BEGIN LINEAR 27
LINEAR 27 true
BEGIN LINEAR 28
LINEAR 28 true
BEGIN LINEAR 29
LINEAR 29 true
BEGIN LINEAR 30
LINEAR 30 true
BEGIN LINEAR 31
LINEAR 31 true
BEGIN LINEAR 32
LINEAR 32 true
BEGIN LINEAR 33
LINEAR 33 true
BEGIN LINEAR 34
LINEAR 34 true
BEGIN LINEAR 35
LINEAR 35 false
BEGIN LINEAR 36
LINEAR 36 true
BEGIN LINEAR 37
LINEAR 37 true
BEGIN LINEAR 38
LINEAR 38 true
BEGIN LINEAR 39
LINEAR 39 true
BEGIN LINEAR 40
LINEAR 40 true
BEGIN LINEAR 41
LINEAR 41 true
BEGIN LINEAR 42
LINEAR 42 true
BEGIN LINEAR 43
LINEAR 43 true
BEGIN LINEAR 44
LINEAR 44 false
BEGIN LINEAR 45
LINEAR 45 true
BEGIN LINEAR 46
LINEAR 46 false
BEGIN LINEAR 47
LINEAR 47 true
BEGIN LINEAR 48
LINEAR 48 true
BEGIN LINEAR 49
LINEAR 49 true
BEGIN LINEAR 50
LINEAR 50 true
BEGIN LINEAR 51
LINEAR 51 true
BEGIN LINEAR 52
LINEAR 52 true
BEGIN LINEAR 53
LINEAR 53 true
BEGIN LINEAR 54
LINEAR 54 true
BEGIN LINEAR 55
LINEAR 55 true
BEGIN LINEAR 56
LINEAR 56 true
BEGIN LINEAR 57
LINEAR 57 true
BEGIN LINEAR 58
LINEAR 58 true
BEGIN LINEAR 59
LINEAR 59 true
BEGIN LINEAR 60
LINEAR 60 false
BEGIN LINEAR 61
LINEAR 61 false
BEGIN LINEAR 62
LINEAR 62 false
BEGIN LINEAR 63
LINEAR 63 false
BEGIN LINEAR 64
LINEAR 64 false
BEGIN LINEAR 65
LINEAR 65 true
BEGIN LINEAR 66
LINEAR 66 true
BEGIN LINEAR 67
LINEAR 67 false
BEGIN LINEAR 68
LINEAR 68 true
BEGIN POLYNOMIAL 7
BEGIN POLYNOMIAL 7
BEGIN POLYNOMIAL 7
BEGIN POLYNOMIAL 7
BEGIN POLYNOMIAL 7
BEGIN POLYNOMIAL 7
BEGIN POLYNOMIAL 7
BEGIN POLYNOMIAL 9
BEGIN POLYNOMIAL 9
BEGIN POLYNOMIAL 9
BEGIN POLYNOMIAL 9
BEGIN POLYNOMIAL 9
BEGIN POLYNOMIAL 9
BEGIN POLYNOMIAL 9
BEGIN POLYNOMIAL 9
BEGIN POLYNOMIAL 9
BEGIN POLYNOMIAL 9
PASS N8 class9 GAP: 21 witnesses; 68 linear decisions (15 negative); 
17 polynomial decisions (8 empty); 85 samples
