Lean (version 4.24.0, x86_64-unknown-linux-gnu, commit 797c613eb9b6d4ec95db23e3e00af9ac6657f24b, Release)
{"source": "/project/gworld1/research/certificates/N8-polynomial-bridge-lean/Bridge.lean", "command": ["lake", "env", "lean", "--trust=0", "--stdin"], "mathlib_revision": "f897ebcf72cd16f89ab4577d0c826cd14afaafc7", "scope": "All finite tuple lengths; from delta and diagonal evaluation identities to cyclic boundary and transfer averaging. Not the Lie encoding, contraction application or N8 algorithm."}
<stdin>:137:4: error: failed to compile definition, compiler IR check failed at `clockwise`. Error: depends on declaration 'Real.instDivInvMonoid', which has no executable code; consider marking definition as 'noncomputable'
<stdin>:140:4: error: failed to compile definition, compiler IR check failed at `counterclockwise`. Error: depends on declaration 'Real.instDivInvMonoid', which has no executable code; consider marking definition as 'noncomputable'
Try this:
  ring_nf
  
  The `ring` tactic failed to close the goal. Use `ring_nf` to obtain a normal form.
    
  Note that `ring` works primarily in *commutative* rings. If you have a noncommutative ring, abelian group or module, consider using `noncomm_ring`, `abel` or `module` instead.
<stdin>:144:39: error: unsolved goals
n : ℕ
w : Fin (n + 2) → ℝ
⊢ w 0 + w (Fin.succ 0) + ∑ x, w x.succ.succ = ∑ i, w i
Try this:
  ring_nf
  
  The `ring` tactic failed to close the goal. Use `ring_nf` to obtain a normal form.
    
  Note that `ring` works primarily in *commutative* rings. If you have a noncommutative ring, abelian group or module, consider using `noncomm_ring`, `abel` or `module` instead.
<stdin>:151:46: error: unsolved goals
n : ℕ
w : Fin (n + 2) → ℝ
⊢ w 0 + w (Fin.succ 0) + ∑ x, w x.succ.succ = ∑ i, w i
'N8Bridge.transfer_average_half' depends on axioms: [propext, Classical.choice, Quot.sound]
<stdin>:223:0: error: Unexpected axiom sorryAx
