Syntax warning: Unbound global variable in scripts/check_n9_coproduct_repair.g\
:24
    if ForAny(bg,t->Image(ret,Image(emb,t))<>t) then
                          ^^^
Syntax warning: Unbound global variable in scripts/check_n9_coproduct_repair.g\
:24
    if ForAny(bg,t->Image(ret,Image(emb,t))<>t) then
                                    ^^^
Syntax warning: Unbound global variable in scripts/check_n9_coproduct_repair.g\
:41
    if ForAny([1,2],i->ForAny([3,4],j->Comm(dg[i],dg[j])<>One(bad))) then
                                            ^^
Syntax warning: Unbound global variable in scripts/check_n9_coproduct_repair.g\
:41
    if ForAny([1,2],i->ForAny([3,4],j->Comm(dg[i],dg[j])<>One(bad))) then
                                                  ^^
Syntax warning: Unbound global variable in scripts/check_n9_coproduct_repair.g\
:41
    if ForAny([1,2],i->ForAny([3,4],j->Comm(dg[i],dg[j])<>One(bad))) then
                                                              ^^^
