{
  "created_utc": "2026-09-30T09:14:21.787617+00:00",
  "scope": "Disjoint infinite shear tails added to the retained two-boundary atom alphabet",
  "original_seed_count": 21803,
  "excluded_height_counts": [
    [
      1,
      27
    ],
    [
      2,
      8658
    ]
  ],
  "covered_seeds": 13118,
  "covered_old_orbits": 2803,
  "shear_orbits": 1453,
  "old_rational_numerator": [
    0,
    1,
    0,
    -1,
    0,
    0,
    4,
    16,
    25,
    46,
    88,
    259,
    744,
    1955,
    4795,
    5497,
    1357,
    -849,
    -655,
    -297,
    -216,
    -77,
    31,
    -54,
    224,
    -18,
    81
  ],
  "additional_terms": [
    [
      7,
      19,
      80
    ],
    [
      7,
      20,
      236
    ],
    [
      7,
      21,
      1658
    ],
    [
      9,
      22,
      68
    ],
    [
      9,
      23,
      448
    ],
    [
      10,
      22,
      6
    ],
    [
      10,
      23,
      48
    ],
    [
      10,
      24,
      362
    ]
  ],
  "additional_counts_through_40": [
    0,
    0,
    0,
    0,
    0,
    0,
    0,
    0,
    0,
    0,
    0,
    0,
    0,
    0,
    0,
    0,
    0,
    0,
    0,
    80,
    556,
    3242,
    9554,
    18168,
    28210,
    39472,
    51176,
    63276,
    77586,
    95448,
    114968,
    134556,
    154734,
    176016,
    198606,
    224178,
    253664,
    284808,
    315952,
    347096,
    378388
  ],
  "lower_numerator": 2676891785,
  "root_upper_numerator": 2676891786,
  "denominator": 1000000000,
  "checks": {
    "tail_boundary_controls": 26154,
    "shear_compositions": 2906
  }
}
PASS G9 disjoint shear-tail certificate
