{
  "created_utc": "2026-09-30T08:38:09.846243+00:00",
  "scope": "Two-ended completion with additional shortened seeds in the same orbits; no larger bridge enumeration",
  "source": "research/certificates/G9-steiner-seeds-v1/certificate.json",
  "source_sha256": "82c72ef373d04208f1475dae1c39c944031f4e04241f8cf17f6859cdf9063562",
  "original_atoms": 21803,
  "rank_two_orbits": 3239,
  "checks": {
    "original_flow_equalities": 21776,
    "action_compositions": 3239,
    "central_representatives": 62003,
    "strip_controls": 83144,
    "quadrant_controls": 25912
  },
  "original_cost_counts": [
    0,
    1,
    2,
    2,
    2,
    2,
    6,
    26,
    71,
    162,
    341,
    779,
    1961,
    5098,
    13030
  ],
  "extended_initial_counts": [
    0,
    1,
    2,
    2,
    2,
    2,
    6,
    26,
    71,
    162,
    341,
    779,
    1961,
    5098,
    13030,
    26459,
    41245,
    55182,
    68464,
    81449,
    94218,
    106910,
    119633,
    132302,
    145195,
    158070,
    171026
  ],
  "central_coefficients": [
    0,
    1,
    0,
    0,
    0,
    0,
    4,
    24,
    69,
    160,
    339,
    777,
    1959,
    5096,
    13028,
    13033,
    8465,
    6092,
    4532,
    3291,
    2318,
    1438,
    883,
    324,
    171,
    0,
    0
  ],
  "strip_coefficients": [
    0,
    0,
    2,
    0,
    0,
    0,
    0,
    0,
    0,
    0,
    0,
    0,
    0,
    0,
    0,
    13424,
    11900,
    6088,
    3472,
    2384,
    1524,
    1232,
    644,
    544,
    180,
    180,
    0
  ],
  "quadrant_coefficients": [
    0,
    0,
    0,
    0,
    0,
    0,
    0,
    0,
    0,
    0,
    0,
    0,
    0,
    0,
    0,
    0,
    7454,
    2768,
    1148,
    472,
    376,
    122,
    294,
    50,
    182,
    0,
    90
  ],
  "rational_numerator": [
    0,
    1,
    0,
    -1,
    0,
    0,
    4,
    16,
    25,
    46,
    88,
    259,
    744,
    1955,
    4795,
    5497,
    1357,
    -849,
    -655,
    -297,
    -216,
    -77,
    31,
    -54,
    224,
    -18,
    81
  ],
  "lower_numerator": 2676880030,
  "root_upper_numerator": 2676880031,
  "denominator": 1000000000
}
PASS G9 Steiner atom completion
