BEGIN Hall/Magnus construction 2 9
BEGIN type12_third
{"test": "type12_third", "p": 1, "q": 2, "j": 3, "C": [1, -2], "D": [-1], "columns": 9, "nullity": 1, "expected": 1, "predicted_direction": [-1, 4, -4, 1, -2, 0, 0, 0, 0]}
BEGIN type23_second
{"test": "type23_second", "p": 2, "q": 3, "j": 2, "C": [-1], "D": [-2, -1], "columns": 9, "nullity": 0, "expected": 0}
BEGIN type16_exception
{"test": "type16_exception", "p": 1, "q": 6, "j": 1, "C": [1, -2], "D": [16, 10, -36, 24, -1, 8, -24, 32, -16], "columns": 19, "nullity": 1, "expected": 1, "predicted_direction": [-1, 1, -2, -4, 8, 4, -8, 4, -4, -1, 6, -12, 8, 0, 0, 0, 0, 0, 0]}
BEGIN type16_general
{"test": "type16_general", "p": 1, "q": 6, "j": 1, "C": [1, -2], "D": [0, 0, 0, 1, 0, 2, 0, 0, 1], "columns": 19, "nullity": 0, "expected": 0}
BEGIN type25_first
{"test": "type25_first", "p": 2, "q": 5, "j": 1, "C": [1], "D": [-1, 1, 0, -2, 0, 0], "columns": 11, "nullity": 0, "expected": 0}
BEGIN type34_first
{"test": "type34_first", "p": 3, "q": 4, "j": 1, "C": [-2, 2], "D": [-1, 1, -1], "columns": 9, "nullity": 1, "expected": 1, "predicted_direction": [-1, 1, -1, 0, 0, 0, 0, 0, 0]}
OBSTRUCTION 32 33
BEGIN type12_third
{"test": "type12_third", "p": 1, "q": 2, "j": 3, "C": [-2, 1], "D": [-1], "columns": 9, "nullity": 1, "expected": 1, "predicted_direction": [-4, 4, -1, -2, 1, 0, 0, 0, 0]}
BEGIN type23_second
{"test": "type23_second", "p": 2, "q": 3, "j": 2, "C": [1], "D": [-2, 1], "columns": 9, "nullity": 0, "expected": 0}
BEGIN type16_exception
{"test": "type16_exception", "p": 1, "q": 6, "j": 1, "C": [-2, 1], "D": [16, 40, -36, 6, -16, 32, -24, 8, -1], "columns": 19, "nullity": 1, "expected": 1, "predicted_direction": [-1, -8, 4, 8, -4, -2, 1, -8, 2, 8, -12, 6, -1, 0, 0, 0, 0, 0, 0]}
BEGIN type16_general
{"test": "type16_general", "p": 1, "q": 6, "j": 1, "C": [-2, 1], "D": [2, 0, 0, -1, 0, 0, 0, 2, 0], "columns": 19, "nullity": 0, "expected": 0}
BEGIN type25_first
{"test": "type25_first", "p": 2, "q": 5, "j": 1, "C": [2], "D": [2, 0, 2, 0, 0, -2], "columns": 11, "nullity": 0, "expected": 0}
BEGIN type34_first
{"test": "type34_first", "p": 3, "q": 4, "j": 1, "C": [1, 2], "D": [2, 2, -2], "columns": 9, "nullity": 1, "expected": 1, "predicted_direction": [2, 2, -2, 0, 0, 0, 0, 0, 0]}
OBSTRUCTION 32 33
BEGIN type12_third
{"test": "type12_third", "p": 1, "q": 2, "j": 3, "C": [1, -2], "D": [-2], "columns": 9, "nullity": 1, "expected": 1, "predicted_direction": [-2, 8, -8, 4, -8, 0, 0, 0, 0]}
BEGIN type23_second
{"test": "type23_second", "p": 2, "q": 3, "j": 2, "C": [2], "D": [-1, -1], "columns": 9, "nullity": 0, "expected": 0}
BEGIN type16_exception
{"test": "type16_exception", "p": 1, "q": 6, "j": 1, "C": [1, -2], "D": [32, 20, -72, 48, -2, 16, -48, 64, -32], "columns": 19, "nullity": 1, "expected": 1, "predicted_direction": [-2, 4, -8, -16, 32, 16, -32, 16, -16, -4, 24, -48, 32, 0, 0, 0, 0, 0, 0]}
BEGIN type16_general
{"test": "type16_general", "p": 1, "q": 6, "j": 1, "C": [1, -2], "D": [-2, 0, 0, 0, -1, 0, 0, -1, 0], "columns": 19, "nullity": 0, "expected": 0}
BEGIN type25_first
{"test": "type25_first", "p": 2, "q": 5, "j": 1, "C": [1], "D": [-2, 0, 0, -1, 1, 0], "columns": 11, "nullity": 0, "expected": 0}
BEGIN type34_first
{"test": "type34_first", "p": 3, "q": 4, "j": 1, "C": [2, -1], "D": [1, 1, 1], "columns": 9, "nullity": 1, "expected": 1, "predicted_direction": [1, 1, 1, 0, 0, 0, 0, 0, 0]}
BEGIN type16_EW
{"test": "type16_EW", "p": 1, "q": 6, "j": 1, "C": [1, 0], "D": [0, 0, 1, 0, 0, 0, 0, 0, 0], "columns": 19, "nullity": 0, "expected": 0}
BEGIN type16_BB
{"test": "type16_BB", "p": 1, "q": 6, "j": 1, "C": [1, 0], "D": [-1, 0, 0, 0, 0, 0, 0, 0, 0], "columns": 19, "nullity": 0, "expected": 0}
BEGIN type25_EB
{"test": "type25_EB", "p": 2, "q": 5, "j": 1, "C": [1], "D": [0, -1, 0, 0, 0, 0], "columns": 11, "nullity": 0, "expected": 0}
PASS N8 class9 kernels: 2 21 kernels; 2 obstructions
