{"fixture": "zero", "dimensions": [], "centroid_dimension": 0, "chosen_k": null}
{"fixture": "abelian3", "dimensions": [1, 1, 1], "centroid_dimension": 0, "chosen_k": null}
{"fixture": "heisenberg3", "dimensions": [3], "centroid_dimension": 3, "chosen_k": 0}
{"fixture": "filiform4", "dimensions": [4], "centroid_dimension": 3, "chosen_k": 0}
{"fixture": "heisenberg5", "dimensions": [5], "centroid_dimension": 5, "chosen_k": 0}
{"fixture": "quadratic_field2", "dimensions": [6], "centroid_dimension": 10, "chosen_k": 1}
{"fixture": "dual_numbers", "dimensions": [6], "centroid_dimension": 10, "chosen_k": 0}
{"fixture": "split_quadratic", "dimensions": [3, 3], "centroid_dimension": 10, "chosen_k": 1}
{"fixture": "mixed_fields", "dimensions": [6, 6], "centroid_dimension": 36, "chosen_k": 1}
{"fixture": "repeated_field", "dimensions": [6, 6], "centroid_dimension": 36, "chosen_k": 2}
{"fixture": "central_factor", "dimensions": [1, 1, 6], "centroid_dimension": 10, "chosen_k": 1}
{"fixture": "mixed_classes", "dimensions": [1, 3, 4], "centroid_dimension": 10, "chosen_k": 2}
{"fixture": "quadratic_field2_rational_basis", "dimensions": [6], "centroid_dimension": 10, "chosen_k": 1}
{"fixture": "dual_numbers_rational_basis", "dimensions": [6], "centroid_dimension": 10, "chosen_k": 0}
{"fixture": "split_quadratic_rational_basis", "dimensions": [3, 3], "centroid_dimension": 10, "chosen_k": 1}
{"fixture": "mixed_fields_rational_basis", "dimensions": [6, 6], "centroid_dimension": 36, "chosen_k": 1}
{"fixture": "repeated_field_rational_basis", "dimensions": [6, 6], "centroid_dimension": 36, "chosen_k": 1}
{"fixture": "central_factor_rational_basis", "dimensions": [1, 1, 6], "centroid_dimension": 10, "chosen_k": 1}
{"fixture": "mixed_classes_rational_basis", "dimensions": [1, 3, 4], "centroid_dimension": 10, "chosen_k": 1}
PASS N5 rational Lie decomposition: 19 fixtures; 3 rejections
