INPUT 0 STATUS complete REASON finite_specialness_tests SOLUTIONS 2
INPUT 1 STATUS complete REASON finite_specialness_tests SOLUTIONS 2
INPUT 2 STATUS complete REASON finite_specialness_tests SOLUTIONS 2
INPUT 3 STATUS complete REASON finite_specialness_tests SOLUTIONS 2
INPUT 4 STATUS complete REASON no_parabolic_factorization SOLUTIONS 0
INPUT 5 STATUS complete REASON finite_specialness_tests SOLUTIONS 1
INPUT 6 STATUS complete REASON finite_specialness_tests SOLUTIONS 0
INPUT 7 STATUS complete REASON finite_specialness_tests SOLUTIONS 1
INPUT 8 STATUS complete REASON finite_specialness_tests SOLUTIONS 1
INPUT 9 STATUS complete REASON finite_specialness_tests SOLUTIONS 1
INPUT 10 STATUS complete REASON no_parabolic_factorization SOLUTIONS 0
INPUT 11 STATUS complete REASON no_parabolic_factorization SOLUTIONS 0
INPUT 12 STATUS complete REASON no_parabolic_factorization SOLUTIONS 0
INPUT 13 STATUS complete REASON no_parabolic_factorization SOLUTIONS 0
INPUT 14 STATUS complete REASON no_parabolic_factorization SOLUTIONS 0
INPUT 15 STATUS complete REASON finite_specialness_tests SOLUTIONS 1
INPUT 16 STATUS complete REASON no_parabolic_factorization SOLUTIONS 0
INPUT 17 STATUS complete REASON no_parabolic_factorization SOLUTIONS 0
INPUT 18 STATUS complete REASON no_parabolic_factorization SOLUTIONS 0
INPUT 19 STATUS complete REASON finite_specialness_tests SOLUTIONS 0
INPUT 20 STATUS complete REASON no_parabolic_factorization SOLUTIONS 0
INPUT 21 STATUS complete REASON no_parabolic_factorization SOLUTIONS 0
INPUT 22 STATUS complete REASON finite_specialness_tests SOLUTIONS 0
INPUT 23 STATUS complete REASON no_parabolic_factorization SOLUTIONS 0
INPUT 24 STATUS complete REASON no_parabolic_factorization SOLUTIONS 0
INPUT 25 STATUS complete REASON no_parabolic_factorization SOLUTIONS 0
INPUT 26 STATUS complete REASON finite_specialness_tests SOLUTIONS 0
INPUT 27 STATUS complete REASON no_parabolic_factorization SOLUTIONS 0
INPUT 28 STATUS complete REASON no_parabolic_factorization SOLUTIONS 0
INPUT 29 STATUS complete REASON no_parabolic_factorization SOLUTIONS 0
INPUT 30 STATUS complete REASON no_parabolic_factorization SOLUTIONS 0
INPUT 31 STATUS complete REASON finite_specialness_tests SOLUTIONS 0
INPUT 32 STATUS complete REASON no_parabolic_factorization SOLUTIONS 0
INPUT 33 STATUS complete REASON no_parabolic_factorization SOLUTIONS 0
INPUT 34 STATUS complete REASON finite_specialness_tests SOLUTIONS 0
INPUT 35 STATUS complete REASON no_parabolic_factorization SOLUTIONS 0
INPUT 36 STATUS complete REASON finite_specialness_tests SOLUTIONS 1
INPUT 37 STATUS complete REASON no_parabolic_factorization SOLUTIONS 0
INPUT 38 STATUS complete REASON no_parabolic_factorization SOLUTIONS 0
INPUT 39 STATUS complete REASON no_parabolic_factorization SOLUTIONS 0
INPUT 40 STATUS complete REASON no_parabolic_factorization SOLUTIONS 0
INPUT 41 STATUS complete REASON no_parabolic_factorization SOLUTIONS 0
INPUT 42 STATUS complete REASON finite_specialness_tests SOLUTIONS 1
INPUT 43 STATUS complete REASON no_parabolic_factorization SOLUTIONS 0
INPUT 44 STATUS complete REASON no_parabolic_factorization SOLUTIONS 0
INPUT 45 STATUS complete REASON no_parabolic_factorization SOLUTIONS 0
INPUT 46 STATUS complete REASON no_parabolic_factorization SOLUTIONS 0
INPUT 47 STATUS complete REASON no_parabolic_factorization SOLUTIONS 0
INPUT 48 STATUS complete REASON finite_specialness_tests SOLUTIONS 1
INPUT 49 STATUS complete REASON no_parabolic_factorization SOLUTIONS 0
INPUT 50 STATUS complete REASON no_parabolic_factorization SOLUTIONS 0
INPUT 51 STATUS complete REASON no_parabolic_factorization SOLUTIONS 0
{
  "complete": 52,
  "first_colors_with_solutions": 12,
  "all_solutions": 16,
  "candidate_specialness_tests": 59
}
PASS B9 fixed first color decisions
