BEGIN 15_exception_0_positive
RESULT 15_exception_0_positive True 1.844
BEGIN 15_exception_0_perturbed
RESULT 15_exception_0_perturbed False 3.335
BEGIN 15_exception_1_positive
RESULT 15_exception_1_positive True 11.54
BEGIN 15_exception_1_perturbed
RESULT 15_exception_1_perturbed False 30.426
BEGIN type12_corrected_positive
RESULT type12_corrected_positive True 1.345
BEGIN type13_corrected_positive
RESULT type13_corrected_positive True 1.602
BEGIN type13_last_perturbation
RESULT type13_last_perturbation False 2.152
BEGIN type14_corrected_positive
RESULT type14_corrected_positive True 0.272
BEGIN type23_corrected_positive
RESULT type23_corrected_positive True 0.294
BEGIN type15_corrected_positive
RESULT type15_corrected_positive True 0.446
BEGIN type24_corrected_positive
RESULT type24_corrected_positive True 0.633
BEGIN type24_last_perturbation
RESULT type24_last_perturbation False 0.836
BEGIN type33_corrected_positive
RESULT type33_corrected_positive True 0.344
BEGIN type33_last_perturbation
RESULT type33_last_perturbation False 0.438
BEGIN type16_corrected_positive
RESULT type16_corrected_positive True 0.508
BEGIN type16_last_perturbation
RESULT type16_last_perturbation False 0.953
BEGIN type25_corrected_positive
RESULT type25_corrected_positive True 0.409
BEGIN type34_corrected_positive
RESULT type34_corrected_positive True 0.413
BEGIN identity
RESULT identity True 0.0
BEGIN abelian_negative
RESULT abelian_negative False 0.0
PASS N8 full class10 groups: 20 records; 13 witnesses; 72 linear decisions; 6 coupled; 6 polynomials
