BEGIN WITNESS 1
GROUP READY 3_8
CHECKED WITNESS 1
BEGIN WITNESS 2
CHECKED WITNESS 2
BEGIN WITNESS 3
CHECKED WITNESS 3
BEGIN WITNESS 4
CHECKED WITNESS 4
BEGIN WITNESS 5
CHECKED WITNESS 5
BEGIN WITNESS 6
CHECKED WITNESS 6
BEGIN WITNESS 7
CHECKED WITNESS 7
BEGIN WITNESS 8
CHECKED WITNESS 8
BEGIN WITNESS 9
CHECKED WITNESS 9
BEGIN WITNESS 10
CHECKED WITNESS 10
BEGIN LINEAR 1
GROUP READY 3_4
BEGIN LINEAR 2
GROUP READY 3_5
BEGIN LINEAR 3
BEGIN LINEAR 4
BEGIN LINEAR 5
GROUP READY 3_6
BEGIN LINEAR 6
BEGIN LINEAR 7
BEGIN LINEAR 8
BEGIN LINEAR 9
BEGIN LINEAR 10
BEGIN LINEAR 11
