BEGIN constructed_positive {'p': 1, 'q': 2}
constructed_positive True 0.51
BEGIN constructed_positive {'p': 1, 'q': 3}
constructed_positive True 0.727
BEGIN constructed_positive {'p': 1, 'q': 4}
constructed_positive True 0.139
BEGIN constructed_positive {'p': 2, 'q': 3}
constructed_positive True 0.232
BEGIN constructed_positive {'p': 1, 'q': 5}
constructed_positive True 0.177
BEGIN constructed_positive {'p': 2, 'q': 4}
constructed_positive True 0.162
BEGIN constructed_positive {'p': 3, 'q': 3}
constructed_positive True 0.123
BEGIN exceptional_positive {'k': -1}
exceptional_positive True 0.31
BEGIN exceptional_positive {'k': 2}
exceptional_positive True 0.625
BEGIN nonprimitive_type13 {}
nonprimitive_type13 True 0.802
BEGIN middle_perturbation {'leading': 3}
middle_perturbation False 0.201
BEGIN middle_perturbation {'leading': 4}
middle_perturbation False 0.452
BEGIN middle_perturbation {'leading': 5}
middle_perturbation False 0.082
BEGIN middle_perturbation {'leading': 6}
middle_perturbation False 0.134
BEGIN exceptional_last_layer_perturbation {'case': 0}
exceptional_last_layer_perturbation True 0.201
BEGIN exceptional_last_layer_perturbation {'case': 1}
exceptional_last_layer_perturbation True 0.204
BEGIN exceptional_last_layer_perturbation {'case': 2}
exceptional_last_layer_perturbation False 0.401
BEGIN identity {}
identity True 0.0
BEGIN nonzero_abelianization {}
nonzero_abelianization False 0.0
PASS N8 class8 targets: 2 19 targets; 13 witnesses; 67 linear steps; 6 polynomial branches
