Timeout (0:01:30)!
Thread 0x000074b978a03080 (most recent call first):
  File "/usr/lib/python3.12/fractions.py", line 324 in _from_coprime_ints
  File "/usr/lib/python3.12/fractions.py", line 754 in _mul
  File "/usr/lib/python3.12/fractions.py", line 615 in forward
  File "/project/gworld1/scripts/n8_universal_gauges.py", line 44 in mul
  File "/project/gworld1/scripts/check_n8_parametric_tail.py", line 114 in main
  File "/project/gworld1/scripts/check_n8_parametric_tail.py", line 176 in <module>
Timeout (0:01:30)!
Thread 0x000074b978a03080 (most recent call first):
  File "/project/gworld1/.venv/lib/python3.12/site-packages/sympy/polys/rings.py", line 320 in zero
  File "/project/gworld1/.venv/lib/python3.12/site-packages/sympy/polys/rings.py", line 1138 in __mul__
  File "/project/gworld1/.venv/lib/python3.12/site-packages/sympy/polys/matrices/dense.py", line 104 in ddm_imatmul
  File "/project/gworld1/.venv/lib/python3.12/site-packages/sympy/polys/matrices/ddm.py", line 703 in matmul
  File "/project/gworld1/.venv/lib/python3.12/site-packages/sympy/polys/matrices/domainmatrix.py", line 1601 in matmul
  File "/project/gworld1/.venv/lib/python3.12/site-packages/sympy/polys/matrices/domainmatrix.py", line 1353 in __mul__
  File "/project/gworld1/.venv/lib/python3.12/site-packages/sympy/polys/matrices/normalforms.py", line 244 in _smith_normal_decomp
  File "/project/gworld1/.venv/lib/python3.12/site-packages/sympy/polys/matrices/normalforms.py", line 237 in _smith_normal_decomp
  File "/project/gworld1/.venv/lib/python3.12/site-packages/sympy/polys/matrices/normalforms.py", line 237 in _smith_normal_decomp
  File "/project/gworld1/.venv/lib/python3.12/site-packages/sympy/polys/matrices/normalforms.py", line 237 in _smith_normal_decomp
  File "/project/gworld1/.venv/lib/python3.12/site-packages/sympy/polys/matrices/normalforms.py", line 237 in _smith_normal_decomp
  File "/project/gworld1/.venv/lib/python3.12/site-packages/sympy/polys/matrices/normalforms.py", line 237 in _smith_normal_decomp
  File "/project/gworld1/.venv/lib/python3.12/site-packages/sympy/polys/matrices/normalforms.py", line 237 in _smith_normal_decomp
  File "/project/gworld1/.venv/lib/python3.12/site-packages/sympy/polys/matrices/normalforms.py", line 237 in _smith_normal_decomp
  File "/project/gworld1/.venv/lib/python3.12/site-packages/sympy/polys/matrices/normalforms.py", line 237 in _smith_normal_decomp
  File "/project/gworld1/.venv/lib/python3.12/site-packages/sympy/polys/matrices/normalforms.py", line 237 in _smith_normal_decomp
  File "/project/gworld1/.venv/lib/python3.12/site-packages/sympy/polys/matrices/normalforms.py", line 237 in _smith_normal_decomp
  File "/project/gworld1/.venv/lib/python3.12/site-packages/sympy/polys/matrices/normalforms.py", line 116 in smith_normal_decomp
  File "/project/gworld1/scripts/parametric_integer_linear.py", line 25 in normal_form
  File "/project/gworld1/scripts/parametric_integer_linear.py", line 66 in solve
  File "/project/gworld1/scripts/check_n8_parametric_tail.py", line 144 in main
  File "/project/gworld1/scripts/check_n8_parametric_tail.py", line 176 in <module>
Timeout (0:01:30)!
Thread 0x000074b978a03080 (most recent call first):
  File "/project/gworld1/.venv/lib/python3.12/site-packages/sympy/core/facts.py", line 616 in deduce_all_facts
  File "/project/gworld1/.venv/lib/python3.12/site-packages/sympy/core/assumptions.py", line 566 in _ask
  File "/project/gworld1/.venv/lib/python3.12/site-packages/sympy/core/assumptions.py", line 503 in getit
  File "/project/gworld1/.venv/lib/python3.12/site-packages/sympy/core/mul.py", line 293 in flatten
  File "/project/gworld1/.venv/lib/python3.12/site-packages/sympy/core/operations.py", line 108 in __new__
  File "/project/gworld1/.venv/lib/python3.12/site-packages/sympy/core/cache.py", line 72 in wrapper
  File "/project/gworld1/.venv/lib/python3.12/site-packages/sympy/polys/polyutils.py", line 405 in expr_from_dict
  File "/project/gworld1/.venv/lib/python3.12/site-packages/sympy/polys/rings.py", line 673 in as_expr
  File "/project/gworld1/.venv/lib/python3.12/site-packages/sympy/polys/polytools.py", line 7415 in cancel
  File "/project/gworld1/.venv/lib/python3.12/site-packages/sympy/simplify/simplify.py", line 2113 in dotprodsimp
  File "/project/gworld1/.venv/lib/python3.12/site-packages/sympy/matrices/utilities.py", line 27 in _dotprodsimp
  File "/project/gworld1/.venv/lib/python3.12/site-packages/sympy/matrices/determinant.py", line 763 in entry
  File "/project/gworld1/.venv/lib/python3.12/site-packages/sympy/matrices/matrixbase.py", line 3999 in _handle_creation_inputs
  File "/project/gworld1/.venv/lib/python3.12/site-packages/sympy/matrices/repmatrix.py", line 578 in _new
  File "/project/gworld1/.venv/lib/python3.12/site-packages/sympy/matrices/determinant.py", line 768 in bareiss
  File "/project/gworld1/.venv/lib/python3.12/site-packages/sympy/matrices/determinant.py", line 768 in bareiss
  File "/project/gworld1/.venv/lib/python3.12/site-packages/sympy/matrices/determinant.py", line 768 in bareiss
  File "/project/gworld1/.venv/lib/python3.12/site-packages/sympy/matrices/determinant.py", line 768 in bareiss
  File "/project/gworld1/.venv/lib/python3.12/site-packages/sympy/matrices/determinant.py", line 768 in bareiss
  File "/project/gworld1/.venv/lib/python3.12/site-packages/sympy/matrices/determinant.py", line 768 in bareiss
  File "/project/gworld1/.venv/lib/python3.12/site-packages/sympy/matrices/determinant.py", line 768 in bareiss
  File "/project/gworld1/.venv/lib/python3.12/site-packages/sympy/matrices/determinant.py", line 768 in bareiss
  File "/project/gworld1/.venv/lib/python3.12/site-packages/sympy/matrices/determinant.py", line 768 in bareiss
  File "/project/gworld1/.venv/lib/python3.12/site-packages/sympy/matrices/determinant.py", line 768 in bareiss
  File "/project/gworld1/.venv/lib/python3.12/site-packages/sympy/matrices/determinant.py", line 768 in bareiss
  File "/project/gworld1/.venv/lib/python3.12/site-packages/sympy/matrices/determinant.py", line 768 in bareiss
  File "/project/gworld1/.venv/lib/python3.12/site-packages/sympy/matrices/determinant.py", line 768 in bareiss
  File "/project/gworld1/.venv/lib/python3.12/site-packages/sympy/matrices/determinant.py", line 768 in bareiss
  File "/project/gworld1/.venv/lib/python3.12/site-packages/sympy/matrices/determinant.py", line 768 in bareiss
  File "/project/gworld1/.venv/lib/python3.12/site-packages/sympy/matrices/determinant.py", line 768 in bareiss
  File "/project/gworld1/.venv/lib/python3.12/site-packages/sympy/matrices/determinant.py", line 768 in bareiss
  File "/project/gworld1/.venv/lib/python3.12/site-packages/sympy/matrices/determinant.py", line 768 in bareiss
  File "/project/gworld1/.venv/lib/python3.12/site-packages/sympy/matrices/determinant.py", line 768 in bareiss
  File "/project/gworld1/.venv/lib/python3.12/site-packages/sympy/matrices/determinant.py", line 768 in bareiss
  File "/project/gworld1/.venv/lib/python3.12/site-packages/sympy/matrices/determinant.py", line 768 in bareiss
  File "/project/gworld1/.venv/lib/python3.12/site-packages/sympy/matrices/determinant.py", line 768 in bareiss
  File "/project/gworld1/.venv/lib/python3.12/site-packages/sympy/matrices/determinant.py", line 768 in bareiss
  File "/project/gworld1/.venv/lib/python3.12/site-packages/sympy/matrices/determinant.py", line 768 in bareiss
  File "/project/gworld1/.venv/lib/python3.12/site-packages/sympy/matrices/determinant.py", line 768 in bareiss
  File "/project/gworld1/.venv/lib/python3.12/site-packages/sympy/matrices/determinant.py", line 768 in bareiss
  File "/project/gworld1/.venv/lib/python3.12/site-packages/sympy/matrices/determinant.py", line 768 in bareiss
  File "/project/gworld1/.venv/lib/python3.12/site-packages/sympy/matrices/determinant.py", line 768 in bareiss
  File "/project/gworld1/.venv/lib/python3.12/site-packages/sympy/matrices/determinant.py", line 768 in bareiss
  File "/project/gworld1/.venv/lib/python3.12/site-packages/sympy/matrices/determinant.py", line 768 in bareiss
  File "/project/gworld1/.venv/lib/python3.12/site-packages/sympy/matrices/determinant.py", line 768 in bareiss
  File "/project/gworld1/.venv/lib/python3.12/site-packages/sympy/matrices/determinant.py", line 768 in bareiss
  File "/project/gworld1/.venv/lib/python3.12/site-packages/sympy/matrices/determinant.py", line 768 in bareiss
  File "/project/gworld1/.venv/lib/python3.12/site-packages/sympy/matrices/determinant.py", line 768 in bareiss
  File "/project/gworld1/.venv/lib/python3.12/site-packages/sympy/matrices/determinant.py", line 779 in _det_bareiss
  File "/project/gworld1/.venv/lib/python3.12/site-packages/sympy/matrices/matrixbase.py", line 3048 in _eval_det_bareiss
  File "/project/gworld1/.venv/lib/python3.12/site-packages/sympy/matrices/determinant.py", line 702 in _det
  File "/project/gworld1/.venv/lib/python3.12/site-packages/sympy/matrices/matrixbase.py", line 3078 in det
  File "/project/gworld1/scripts/parametric_integer_linear.py", line 27 in normal_form
  File "/project/gworld1/scripts/parametric_integer_linear.py", line 66 in solve
  File "/project/gworld1/scripts/check_n8_parametric_tail.py", line 144 in main
  File "/project/gworld1/scripts/check_n8_parametric_tail.py", line 176 in <module>
