Timeout (0:01:30)!
Thread 0x00007e03cafb7080 (most recent call first):
  File "/project/gworld1/scripts/check_n8_polynomial_group_tail.py", line 28 in mul
  File "/project/gworld1/scripts/check_n8_parametric_tail.py", line 22 in inv
  File "/project/gworld1/scripts/n8_weighted_automorphisms.py", line 136 in comm
  File "/project/gworld1/scripts/n8_weighted_automorphisms.py", line 145 in group_hall
  File "/project/gworld1/scripts/check_n8_delayed_quadratic.py", line 58 in coordinates
  File "/project/gworld1/scripts/check_n8_delayed_quadratic.py", line 79 in columns_for
  File "/project/gworld1/scripts/check_n8_delayed_quadratic.py", line 81 in main
  File "/project/gworld1/scripts/check_n8_delayed_quadratic.py", line 172 in <module>
Timeout (0:01:30)!
Thread 0x00007e03cafb7080 (most recent call first):
  File "<shim>", line ??? in <interpreter trampoline>
  File "/project/gworld1/scripts/n8_weighted_automorphisms.py", line 15 in add
  File "/project/gworld1/scripts/check_n8_delayed_quadratic.py", line 58 in coordinates
  File "/project/gworld1/scripts/check_n8_delayed_quadratic.py", line 79 in columns_for
  File "/project/gworld1/scripts/check_n8_delayed_quadratic.py", line 81 in main
  File "/project/gworld1/scripts/check_n8_delayed_quadratic.py", line 172 in <module>
Timeout (0:01:30)!
Thread 0x00007e03cafb7080 (most recent call first):
  File "/usr/lib/python3.12/fractions.py", line 617 in forward
  File "/project/gworld1/scripts/n8_weighted_automorphisms.py", line 22 in scale
  File "/project/gworld1/scripts/n8_weighted_automorphisms.py", line 133 in power
  File "/project/gworld1/scripts/check_n8_delayed_quadratic.py", line 45 in correct
  File "/project/gworld1/scripts/check_n8_delayed_quadratic.py", line 87 in main
  File "/project/gworld1/scripts/check_n8_delayed_quadratic.py", line 172 in <module>
Timeout (0:01:30)!
Thread 0x00007e03cafb7080 (most recent call first):
  File "/usr/lib/python3.12/fractions.py", line 324 in _from_coprime_ints
  File "/usr/lib/python3.12/fractions.py", line 754 in _mul
  File "/usr/lib/python3.12/fractions.py", line 615 in forward
  File "/project/gworld1/scripts/check_n8_polynomial_group_tail.py", line 29 in mul
  File "/project/gworld1/scripts/n8_weighted_automorphisms.py", line 136 in comm
  File "/project/gworld1/scripts/n8_weighted_automorphisms.py", line 145 in group_hall
  File "/project/gworld1/scripts/check_n8_delayed_quadratic.py", line 58 in coordinates
  File "/project/gworld1/scripts/check_n8_delayed_quadratic.py", line 115 in residual
  File "/project/gworld1/scripts/check_n8_delayed_quadratic.py", line 116 in main
  File "/project/gworld1/scripts/check_n8_delayed_quadratic.py", line 172 in <module>
Timeout (0:01:30)!
Thread 0x00007e03cafb7080 (most recent call first):
  File "/project/gworld1/scripts/check_n8_polynomial_group_tail.py", line 25 in mul
  File "/project/gworld1/scripts/n8_weighted_automorphisms.py", line 123 in log
  File "/project/gworld1/scripts/n8_weighted_automorphisms.py", line 133 in power
  File "/project/gworld1/scripts/check_n8_delayed_quadratic.py", line 45 in correct
  File "/project/gworld1/scripts/check_n8_delayed_quadratic.py", line 111 in pair_at
  File "/project/gworld1/scripts/check_n8_delayed_quadratic.py", line 113 in residual
  File "/project/gworld1/scripts/check_n8_delayed_quadratic.py", line 121 in main
  File "/project/gworld1/scripts/check_n8_delayed_quadratic.py", line 172 in <module>
Timeout (0:01:30)!
Thread 0x00007e03cafb7080 (most recent call first):
  File "/project/gworld1/scripts/check_n8_polynomial_group_tail.py", line 25 in mul
  File "/project/gworld1/scripts/check_n8_delayed_quadratic.py", line 45 in correct
  File "/project/gworld1/scripts/check_n8_delayed_quadratic.py", line 111 in pair_at
  File "/project/gworld1/scripts/check_n8_delayed_quadratic.py", line 113 in residual
  File "/project/gworld1/scripts/check_n8_delayed_quadratic.py", line 127 in main
  File "/project/gworld1/scripts/check_n8_delayed_quadratic.py", line 172 in <module>
Timeout (0:01:30)!
Thread 0x00007e03cafb7080 (most recent call first):
  File "/project/gworld1/scripts/check_n8_polynomial_group_tail.py", line 29 in mul
  File "/project/gworld1/scripts/check_n8_delayed_quadratic.py", line 45 in correct
  File "/project/gworld1/scripts/check_n8_delayed_quadratic.py", line 111 in pair_at
  File "/project/gworld1/scripts/check_n8_delayed_quadratic.py", line 113 in residual
  File "/project/gworld1/scripts/check_n8_delayed_quadratic.py", line 127 in main
  File "/project/gworld1/scripts/check_n8_delayed_quadratic.py", line 172 in <module>
Timeout (0:01:30)!
Thread 0x00007e03cafb7080 (most recent call first):
  File "/usr/lib/python3.12/fractions.py", line 754 in _mul
  File "/usr/lib/python3.12/fractions.py", line 615 in forward
  File "/project/gworld1/scripts/check_n8_polynomial_group_tail.py", line 29 in mul
  File "/project/gworld1/scripts/check_n8_delayed_quadratic.py", line 45 in correct
  File "/project/gworld1/scripts/check_n8_delayed_quadratic.py", line 111 in pair_at
  File "/project/gworld1/scripts/check_n8_delayed_quadratic.py", line 113 in residual
  File "/project/gworld1/scripts/check_n8_delayed_quadratic.py", line 127 in main
  File "/project/gworld1/scripts/check_n8_delayed_quadratic.py", line 172 in <module>
Timeout (0:01:30)!
Thread 0x00007e03cafb7080 (most recent call first):
  File "/usr/lib/python3.12/fractions.py", line 317 in _from_coprime_ints
  File "/usr/lib/python3.12/fractions.py", line 716 in _add
  File "/usr/lib/python3.12/fractions.py", line 630 in reverse
  File "/project/gworld1/scripts/check_n8_polynomial_group_tail.py", line 29 in mul
  File "/project/gworld1/scripts/n8_weighted_automorphisms.py", line 136 in comm
  File "/project/gworld1/scripts/n8_weighted_automorphisms.py", line 145 in group_hall
  File "/project/gworld1/scripts/check_n8_delayed_quadratic.py", line 58 in coordinates
  File "/project/gworld1/scripts/check_n8_delayed_quadratic.py", line 79 in columns_for
  File "/project/gworld1/scripts/check_n8_delayed_quadratic.py", line 128 in main
  File "/project/gworld1/scripts/check_n8_delayed_quadratic.py", line 172 in <module>
Timeout (0:01:30)!
Thread 0x00007e03cafb7080 (most recent call first):
  File "/project/gworld1/.venv/lib/python3.12/site-packages/sympy/polys/polyutils.py", line 215 in _parallel_dict_from_expr_if_gens
  File "/project/gworld1/.venv/lib/python3.12/site-packages/sympy/polys/polyutils.py", line 327 in _dict_from_expr_if_gens
  File "/project/gworld1/.venv/lib/python3.12/site-packages/sympy/polys/polyutils.py", line 388 in _dict_from_expr
  File "/project/gworld1/.venv/lib/python3.12/site-packages/sympy/polys/polytools.py", line 319 in _from_expr
  File "/project/gworld1/.venv/lib/python3.12/site-packages/sympy/polys/polytools.py", line 190 in __new__
  File "/project/gworld1/scripts/parametric_integer_linear.py", line 16 in coeffs
  File "/project/gworld1/scripts/parametric_integer_linear.py", line 59 in encode_poly
  File "/project/gworld1/scripts/parametric_integer_linear.py", line 61 in encode_matrix
  File "/project/gworld1/scripts/parametric_integer_linear.py", line 76 in solve
  File "/project/gworld1/scripts/n8_polynomial_families.py", line 16 in families
  File "/project/gworld1/scripts/check_n8_delayed_quadratic.py", line 146 in main
  File "/project/gworld1/scripts/check_n8_delayed_quadratic.py", line 172 in <module>
Timeout (0:01:30)!
Thread 0x00007e03cafb7080 (most recent call first):
  File "/usr/lib/python3.12/fractions.py", line 745 in _mul
  File "/usr/lib/python3.12/fractions.py", line 615 in forward
  File "/project/gworld1/scripts/check_n8_polynomial_group_tail.py", line 29 in mul
  File "/project/gworld1/scripts/n8_weighted_automorphisms.py", line 169 in collect
  File "/project/gworld1/scripts/check_n8_polynomial_group_tail.py", line 33 in collect
  File "/project/gworld1/scripts/check_n8_delayed_quadratic.py", line 155 in main
  File "/project/gworld1/scripts/check_n8_delayed_quadratic.py", line 172 in <module>
