Timeout (0:01:00)!
Thread 0x0000714a5ac64080 (most recent call first):
  File "/project/gworld1/scripts/n8_flint_linear.py", line 12 in affine_solution
  File "/project/gworld1/scripts/n8_flint_linear.py", line 35 in linear_solution
  File "/project/gworld1/scripts/n8_class7.py", line 117 in tail
  File "/project/gworld1/scripts/n8_class8.py", line 88 in decide_class8
  File "/project/gworld1/scripts/check_n8_class8_focused.py", line 25 in check
  File "/project/gworld1/scripts/check_n8_class8_focused.py", line 44 in <module>
Timeout (0:01:00)!
Thread 0x0000714a5ac64080 (most recent call first):
  File "/project/gworld1/scripts/n8_ia_orbits.py", line 81 in expansion
  File "/project/gworld1/scripts/n8_ia_orbits.py", line 108 in collect
  File "/project/gworld1/scripts/n8_class8.py", line 34 in polynomial_finish
  File "/project/gworld1/scripts/n8_class8.py", line 71 in decide_class8
  File "/project/gworld1/scripts/check_n8_class8_focused.py", line 25 in check
  File "/project/gworld1/scripts/check_n8_class8_focused.py", line 52 in <module>
Timeout (0:01:00)!
Thread 0x0000714a5ac64080 (most recent call first):
  File "/project/gworld1/scripts/n8_ia_orbits.py", line 83 in expansion
  File "/project/gworld1/scripts/n8_ia_orbits.py", line 108 in collect
  File "/project/gworld1/scripts/n8_class6.py", line 32 in finished
  File "/project/gworld1/scripts/n8_class8.py", line 105 in decide_class8
  File "/project/gworld1/scripts/check_n8_class8_focused.py", line 25 in check
  File "/project/gworld1/scripts/check_n8_class8_focused.py", line 52 in <module>
Timeout (0:01:00)!
Thread 0x0000714a5ac64080 (most recent call first):
  File "/project/gworld1/scripts/n8_ia_orbits.py", line 83 in expansion
  File "/project/gworld1/scripts/n8_ia_orbits.py", line 108 in collect
  File "/project/gworld1/scripts/n8_class6.py", line 32 in finished
  File "/project/gworld1/scripts/n8_class8.py", line 105 in decide_class8
  File "/project/gworld1/scripts/check_n8_class8_focused.py", line 25 in check
  File "/project/gworld1/scripts/check_n8_class8_focused.py", line 52 in <module>
Timeout (0:01:00)!
Thread 0x0000714a5ac64080 (most recent call first):
  File "/project/gworld1/scripts/n8_fast_magnus.py", line 21 in mul
  File "/project/gworld1/scripts/n8_ia_orbits.py", line 73 in comm
  File "/project/gworld1/scripts/n8_class7.py", line 108 in tail_columns
  File "/project/gworld1/scripts/n8_class7.py", line 115 in tail
  File "/project/gworld1/scripts/n8_class8.py", line 43 in polynomial_finish
  File "/project/gworld1/scripts/n8_class8.py", line 71 in decide_class8
  File "/project/gworld1/scripts/check_n8_class8_focused.py", line 25 in check
  File "/project/gworld1/scripts/check_n8_class8_focused.py", line 52 in <module>
Timeout (0:01:00)!
Thread 0x0000714a5ac64080 (most recent call first):
  File "/project/gworld1/scripts/n8_ia_orbits.py", line 84 in expansion
  File "/project/gworld1/scripts/n8_ia_orbits.py", line 108 in collect
  File "/project/gworld1/scripts/n8_class6.py", line 32 in finished
  File "/project/gworld1/scripts/n8_class8.py", line 105 in decide_class8
  File "/project/gworld1/scripts/check_n8_class8_focused.py", line 25 in check
  File "/project/gworld1/scripts/check_n8_class8_focused.py", line 52 in <module>
