{"test": "build", "rank": 2, "degree": 4, "seconds": 0.002}
{"test": "constructed_positive", "rank": 2, "degree": 4, "answer": true, "seconds": 0.006, "source_p": 1, "source_q": 2, "source_scale": 1}
{"test": "constructed_positive", "rank": 2, "degree": 4, "answer": true, "seconds": 0.007, "source_p": 1, "source_q": 2, "source_scale": 2}
{"test": "central_perturbation", "rank": 2, "degree": 4, "answer": true, "seconds": 0.005, "case": 0}
{"test": "central_perturbation", "rank": 2, "degree": 4, "answer": true, "seconds": 0.004, "case": 1}
{"test": "central_perturbation", "rank": 2, "degree": 4, "answer": false, "seconds": 0.004, "case": 2}
{"test": "build", "rank": 2, "degree": 5, "seconds": 0.005}
{"test": "constructed_positive", "rank": 2, "degree": 5, "answer": true, "seconds": 0.057, "source_p": 1, "source_q": 3, "source_scale": 1}
{"test": "constructed_positive", "rank": 2, "degree": 5, "answer": true, "seconds": 0.076, "source_p": 1, "source_q": 3, "source_scale": 2}
{"test": "constructed_positive", "rank": 2, "degree": 5, "answer": true, "seconds": 0.0, "source_p": 2, "source_q": 2, "source_scale": 1}
{"test": "constructed_positive", "rank": 2, "degree": 5, "answer": true, "seconds": 0.018, "source_p": 2, "source_q": 2, "source_scale": 2}
{"test": "negative_leading_Eisenstein", "rank": 2, "degree": 5, "answer": false, "seconds": 0.007}
{"test": "central_perturbation", "rank": 2, "degree": 5, "answer": false, "seconds": 0.017, "case": 0}
{"test": "central_perturbation", "rank": 2, "degree": 5, "answer": true, "seconds": 0.015, "case": 1}
{"test": "central_perturbation", "rank": 2, "degree": 5, "answer": true, "seconds": 0.021, "case": 2}
{"test": "build", "rank": 2, "degree": 6, "seconds": 0.016}
{"test": "constructed_positive", "rank": 2, "degree": 6, "answer": true, "seconds": 0.023, "source_p": 1, "source_q": 4, "source_scale": 1}
{"test": "constructed_positive", "rank": 2, "degree": 6, "answer": true, "seconds": 0.051, "source_p": 1, "source_q": 4, "source_scale": 2}
{"test": "constructed_positive", "rank": 2, "degree": 6, "answer": true, "seconds": 0.028, "source_p": 2, "source_q": 3, "source_scale": 1}
{"test": "constructed_positive", "rank": 2, "degree": 6, "answer": true, "seconds": 0.053, "source_p": 2, "source_q": 3, "source_scale": 2}
{"test": "negative_leading_Eisenstein", "rank": 2, "degree": 6, "answer": false, "seconds": 0.01}
{"test": "central_perturbation", "rank": 2, "degree": 6, "answer": false, "seconds": 0.014, "case": 0}
{"test": "central_perturbation", "rank": 2, "degree": 6, "answer": true, "seconds": 0.015, "case": 1}
{"test": "central_perturbation", "rank": 2, "degree": 6, "answer": false, "seconds": 0.014, "case": 2}
{"test": "build", "rank": 2, "degree": 7, "seconds": 0.097}
{"test": "constructed_positive", "rank": 2, "degree": 7, "answer": true, "seconds": 0.119, "source_p": 1, "source_q": 5, "source_scale": 1}
{"test": "constructed_positive", "rank": 2, "degree": 7, "answer": true, "seconds": 0.463, "source_p": 1, "source_q": 5, "source_scale": 2}
{"test": "constructed_positive", "rank": 2, "degree": 7, "answer": true, "seconds": 0.093, "source_p": 2, "source_q": 4, "source_scale": 1}
{"test": "constructed_positive", "rank": 2, "degree": 7, "answer": true, "seconds": 0.27, "source_p": 2, "source_q": 4, "source_scale": 2}
{"test": "constructed_positive", "rank": 2, "degree": 7, "answer": true, "seconds": 0.084, "source_p": 3, "source_q": 3, "source_scale": 1}
{"test": "constructed_positive", "rank": 2, "degree": 7, "answer": true, "seconds": 0.156, "source_p": 3, "source_q": 3, "source_scale": 2}
{"test": "negative_leading_Eisenstein", "rank": 2, "degree": 7, "answer": false, "seconds": 0.022}
{"test": "central_perturbation", "rank": 2, "degree": 7, "answer": false, "seconds": 0.067, "case": 0}
{"test": "central_perturbation", "rank": 2, "degree": 7, "answer": false, "seconds": 0.069, "case": 1}
{"test": "central_perturbation", "rank": 2, "degree": 7, "answer": false, "seconds": 0.068, "case": 2}
{"test": "build", "rank": 2, "degree": 8, "seconds": 0.658}
{"test": "constructed_positive", "rank": 2, "degree": 8, "answer": true, "seconds": 0.239, "source_p": 1, "source_q": 6, "source_scale": 1}
{"test": "constructed_positive", "rank": 2, "degree": 8, "answer": true, "seconds": 0.535, "source_p": 1, "source_q": 6, "source_scale": 2}
{"test": "constructed_positive", "rank": 2, "degree": 8, "answer": true, "seconds": 0.248, "source_p": 2, "source_q": 5, "source_scale": 1}
{"test": "constructed_positive", "rank": 2, "degree": 8, "answer": true, "seconds": 0.499, "source_p": 2, "source_q": 5, "source_scale": 2}
{"test": "constructed_positive", "rank": 2, "degree": 8, "answer": true, "seconds": 0.284, "source_p": 3, "source_q": 4, "source_scale": 1}
{"test": "constructed_positive", "rank": 2, "degree": 8, "answer": true, "seconds": 0.519, "source_p": 3, "source_q": 4, "source_scale": 2}
{"test": "negative_leading_Eisenstein", "rank": 2, "degree": 8, "answer": false, "seconds": 0.084}
{"test": "central_perturbation", "rank": 2, "degree": 8, "answer": false, "seconds": 0.08, "case": 0}
{"test": "central_perturbation", "rank": 2, "degree": 8, "answer": false, "seconds": 0.082, "case": 1}
{"test": "central_perturbation", "rank": 2, "degree": 8, "answer": false, "seconds": 0.082, "case": 2}
{"test": "build", "rank": 2, "degree": 9, "seconds": 5.035}
{"test": "constructed_positive", "rank": 2, "degree": 9, "answer": true, "seconds": 1.652, "source_p": 1, "source_q": 7, "source_scale": 1}
{"test": "constructed_positive", "rank": 2, "degree": 9, "answer": true, "seconds": 7.343, "source_p": 1, "source_q": 7, "source_scale": 2}
{"test": "constructed_positive", "rank": 2, "degree": 9, "answer": true, "seconds": 1.026, "source_p": 2, "source_q": 6, "source_scale": 1}
{"test": "constructed_positive", "rank": 2, "degree": 9, "answer": true, "seconds": 3.08, "source_p": 2, "source_q": 6, "source_scale": 2}
{"test": "constructed_positive", "rank": 2, "degree": 9, "answer": true, "seconds": 0.903, "source_p": 3, "source_q": 5, "source_scale": 1}
{"test": "constructed_positive", "rank": 2, "degree": 9, "answer": true, "seconds": 1.722, "source_p": 3, "source_q": 5, "source_scale": 2}
{"test": "constructed_positive", "rank": 2, "degree": 9, "answer": true, "seconds": 0.72, "source_p": 4, "source_q": 4, "source_scale": 1}
{"test": "constructed_positive", "rank": 2, "degree": 9, "answer": true, "seconds": 1.407, "source_p": 4, "source_q": 4, "source_scale": 2}
{"test": "negative_leading_Eisenstein", "rank": 2, "degree": 9, "answer": false, "seconds": 0.283}
{"test": "central_perturbation", "rank": 2, "degree": 9, "answer": false, "seconds": 0.825, "case": 0}
{"test": "central_perturbation", "rank": 2, "degree": 9, "answer": false, "seconds": 0.841, "case": 1}
{"test": "central_perturbation", "rank": 2, "degree": 9, "answer": false, "seconds": 0.848, "case": 2}
{"test": "build", "rank": 3, "degree": 5, "seconds": 0.047}
{"test": "constructed_positive", "rank": 3, "degree": 5, "answer": true, "seconds": 0.085, "source_p": 1, "source_q": 3, "source_scale": 1}
{"test": "constructed_positive", "rank": 3, "degree": 5, "answer": true, "seconds": 0.176, "source_p": 1, "source_q": 3, "source_scale": 2}
{"test": "constructed_positive", "rank": 3, "degree": 5, "answer": true, "seconds": 0.055, "source_p": 2, "source_q": 2, "source_scale": 1}
{"test": "constructed_positive", "rank": 3, "degree": 5, "answer": true, "seconds": 0.098, "source_p": 2, "source_q": 2, "source_scale": 2}
{"test": "central_perturbation", "rank": 3, "degree": 5, "answer": false, "seconds": 0.027, "case": 0}
{"test": "central_perturbation", "rank": 3, "degree": 5, "answer": false, "seconds": 0.029, "case": 1}
{"test": "build", "rank": 3, "degree": 6, "seconds": 0.395}
{"test": "constructed_positive", "rank": 3, "degree": 6, "answer": true, "seconds": 0.243, "source_p": 1, "source_q": 4, "source_scale": 1}
{"test": "constructed_positive", "rank": 3, "degree": 6, "answer": true, "seconds": 0.609, "source_p": 1, "source_q": 4, "source_scale": 2}
{"test": "constructed_positive", "rank": 3, "degree": 6, "answer": true, "seconds": 0.12, "source_p": 2, "source_q": 3, "source_scale": 1}
{"test": "constructed_positive", "rank": 3, "degree": 6, "answer": true, "seconds": 0.189, "source_p": 2, "source_q": 3, "source_scale": 2}
{"test": "central_perturbation", "rank": 3, "degree": 6, "answer": false, "seconds": 0.039, "case": 0}
{"test": "central_perturbation", "rank": 3, "degree": 6, "answer": false, "seconds": 0.04, "case": 1}
{"test": "build", "rank": 3, "degree": 7, "seconds": 5.059}
{"test": "constructed_positive", "rank": 3, "degree": 7, "answer": true, "seconds": 3.738, "source_p": 1, "source_q": 5, "source_scale": 1}
{"test": "constructed_positive", "rank": 3, "degree": 7, "answer": true, "seconds": 10.501, "source_p": 1, "source_q": 5, "source_scale": 2}
{"test": "constructed_positive", "rank": 3, "degree": 7, "answer": true, "seconds": 0.503, "source_p": 2, "source_q": 4, "source_scale": 1}
{"test": "constructed_positive", "rank": 3, "degree": 7, "answer": true, "seconds": 1.38, "source_p": 2, "source_q": 4, "source_scale": 2}
{"test": "constructed_positive", "rank": 3, "degree": 7, "answer": true, "seconds": 0.398, "source_p": 3, "source_q": 3, "source_scale": 1}
{"test": "constructed_positive", "rank": 3, "degree": 7, "answer": true, "seconds": 0.715, "source_p": 3, "source_q": 3, "source_scale": 2}
{"test": "central_perturbation", "rank": 3, "degree": 7, "answer": false, "seconds": 0.258, "case": 0}
{"test": "central_perturbation", "rank": 3, "degree": 7, "answer": false, "seconds": 0.244, "case": 1}
{"test": "all_mixed_scalings", "rank": 3, "degree": 6, "p": 1, "q": 4, "branches": 8}
{"test": "all_mixed_scalings", "rank": 3, "degree": 6, "p": 2, "q": 3, "branches": 8}
{"test": "all_equal_HNF_sublattices", "rank": 3, "degree": 6, "index": 6, "branches": 12}
PASS N8 penultimate checks: 85 records; 49 positive witnesses; 187 central membership branches
