Timeout (0:01:00)!
Thread 0x00007ef76a879080 (most recent call first):
  File "/project/gworld1/scripts/n8_ia_orbits.py", line 83 in expansion
  File "/project/gworld1/scripts/n8_ia_orbits.py", line 108 in collect
  File "/project/gworld1/scripts/n8_class7.py", line 186 in quadratic_finish
  File "/project/gworld1/scripts/n8_class7.py", line 213 in decide_class7
  File "/project/gworld1/scripts/check_n8_class7_all_rank.py", line 28 in check
  File "/project/gworld1/scripts/check_n8_class7_all_rank.py", line 58 in <module>
Timeout (0:01:00)!
Thread 0x00007ef76a879080 (most recent call first):
  File "/project/gworld1/scripts/n8_ia_orbits.py", line 60 in inv
  File "/project/gworld1/scripts/n8_ia_orbits.py", line 73 in comm
  File "/project/gworld1/scripts/n8_class7.py", line 108 in tail_columns
  File "/project/gworld1/scripts/n8_class7.py", line 176 in quadratic_finish
  File "/project/gworld1/scripts/n8_class7.py", line 213 in decide_class7
  File "/project/gworld1/scripts/check_n8_class7_all_rank.py", line 28 in check
  File "/project/gworld1/scripts/check_n8_class7_all_rank.py", line 69 in <module>
Timeout (0:01:00)!
Thread 0x00007ef76a879080 (most recent call first):
  File "/project/gworld1/.venv/lib/python3.12/site-packages/sympy/polys/matrices/_dfm.py", line 115 in __new__
  File "/project/gworld1/.venv/lib/python3.12/site-packages/sympy/polys/matrices/ddm.py", line 536 in to_dfm
  File "/project/gworld1/.venv/lib/python3.12/site-packages/sympy/polys/matrices/domainmatrix.py", line 176 in __new__
  File "/project/gworld1/.venv/lib/python3.12/site-packages/sympy/polys/matrices/normalforms.py", line 222 in to_domain_matrix
  File "/project/gworld1/.venv/lib/python3.12/site-packages/sympy/polys/matrices/normalforms.py", line 243 in _smith_normal_decomp
  File "/project/gworld1/.venv/lib/python3.12/site-packages/sympy/polys/matrices/normalforms.py", line 237 in _smith_normal_decomp
  File "/project/gworld1/.venv/lib/python3.12/site-packages/sympy/polys/matrices/normalforms.py", line 237 in _smith_normal_decomp
  File "/project/gworld1/.venv/lib/python3.12/site-packages/sympy/polys/matrices/normalforms.py", line 237 in _smith_normal_decomp
  File "/project/gworld1/.venv/lib/python3.12/site-packages/sympy/polys/matrices/normalforms.py", line 237 in _smith_normal_decomp
  File "/project/gworld1/.venv/lib/python3.12/site-packages/sympy/polys/matrices/normalforms.py", line 237 in _smith_normal_decomp
  File "/project/gworld1/.venv/lib/python3.12/site-packages/sympy/polys/matrices/normalforms.py", line 237 in _smith_normal_decomp
  File "/project/gworld1/.venv/lib/python3.12/site-packages/sympy/polys/matrices/normalforms.py", line 237 in _smith_normal_decomp
  File "/project/gworld1/.venv/lib/python3.12/site-packages/sympy/polys/matrices/normalforms.py", line 237 in _smith_normal_decomp
  File "/project/gworld1/.venv/lib/python3.12/site-packages/sympy/polys/matrices/normalforms.py", line 237 in _smith_normal_decomp
  File "/project/gworld1/.venv/lib/python3.12/site-packages/sympy/polys/matrices/normalforms.py", line 237 in _smith_normal_decomp
  File "/project/gworld1/.venv/lib/python3.12/site-packages/sympy/polys/matrices/normalforms.py", line 237 in _smith_normal_decomp
  File "/project/gworld1/.venv/lib/python3.12/site-packages/sympy/polys/matrices/normalforms.py", line 237 in _smith_normal_decomp
  File "/project/gworld1/.venv/lib/python3.12/site-packages/sympy/polys/matrices/normalforms.py", line 237 in _smith_normal_decomp
  File "/project/gworld1/.venv/lib/python3.12/site-packages/sympy/polys/matrices/normalforms.py", line 237 in _smith_normal_decomp
  File "/project/gworld1/.venv/lib/python3.12/site-packages/sympy/polys/matrices/normalforms.py", line 237 in _smith_normal_decomp
  File "/project/gworld1/.venv/lib/python3.12/site-packages/sympy/polys/matrices/normalforms.py", line 237 in _smith_normal_decomp
  File "/project/gworld1/.venv/lib/python3.12/site-packages/sympy/polys/matrices/normalforms.py", line 237 in _smith_normal_decomp
  File "/project/gworld1/.venv/lib/python3.12/site-packages/sympy/polys/matrices/normalforms.py", line 237 in _smith_normal_decomp
  File "/project/gworld1/.venv/lib/python3.12/site-packages/sympy/polys/matrices/normalforms.py", line 237 in _smith_normal_decomp
  File "/project/gworld1/.venv/lib/python3.12/site-packages/sympy/polys/matrices/normalforms.py", line 237 in _smith_normal_decomp
  File "/project/gworld1/.venv/lib/python3.12/site-packages/sympy/polys/matrices/normalforms.py", line 237 in _smith_normal_decomp
  File "/project/gworld1/.venv/lib/python3.12/site-packages/sympy/polys/matrices/normalforms.py", line 237 in _smith_normal_decomp
  File "/project/gworld1/.venv/lib/python3.12/site-packages/sympy/polys/matrices/normalforms.py", line 237 in _smith_normal_decomp
  File "/project/gworld1/.venv/lib/python3.12/site-packages/sympy/polys/matrices/normalforms.py", line 237 in _smith_normal_decomp
  File "/project/gworld1/.venv/lib/python3.12/site-packages/sympy/polys/matrices/normalforms.py", line 237 in _smith_normal_decomp
  File "/project/gworld1/.venv/lib/python3.12/site-packages/sympy/polys/matrices/normalforms.py", line 237 in _smith_normal_decomp
  File "/project/gworld1/.venv/lib/python3.12/site-packages/sympy/polys/matrices/normalforms.py", line 237 in _smith_normal_decomp
  File "/project/gworld1/.venv/lib/python3.12/site-packages/sympy/polys/matrices/normalforms.py", line 237 in _smith_normal_decomp
  File "/project/gworld1/.venv/lib/python3.12/site-packages/sympy/polys/matrices/normalforms.py", line 116 in smith_normal_decomp
  File "/project/gworld1/scripts/n8_class3.py", line 82 in smith
  File "/project/gworld1/scripts/n8_class7.py", line 63 in polynomial_lattice
  File "/project/gworld1/scripts/n8_class7.py", line 178 in quadratic_finish
  File "/project/gworld1/scripts/n8_class7.py", line 213 in decide_class7
  File "/project/gworld1/scripts/check_n8_class7_all_rank.py", line 28 in check
  File "/project/gworld1/scripts/check_n8_class7_all_rank.py", line 69 in <module>
Timeout (0:01:00)!
Thread 0x00007ef76a879080 (most recent call first):
  File "/project/gworld1/scripts/n8_ia_orbits.py", line 83 in expansion
  File "/project/gworld1/scripts/n8_ia_orbits.py", line 108 in collect
  File "/project/gworld1/scripts/n8_class7.py", line 186 in quadratic_finish
  File "/project/gworld1/scripts/n8_class7.py", line 213 in decide_class7
  File "/project/gworld1/scripts/check_n8_class7_all_rank.py", line 28 in check
  File "/project/gworld1/scripts/check_n8_class7_all_rank.py", line 69 in <module>
