BEGIN constructed_positive {'p': 1, 'q': 2, 'scale': 1}
{"test": "constructed_positive", "answer": true, "seconds": 2.828, "p": 1, "q": 2, "scale": 1}
BEGIN constructed_positive {'p': 1, 'q': 2, 'scale': 2}
{"test": "constructed_positive", "answer": true, "seconds": 12.664, "p": 1, "q": 2, "scale": 2}
BEGIN constructed_positive {'p': 1, 'q': 3, 'scale': 1}
{"test": "constructed_positive", "answer": true, "seconds": 1.554, "p": 1, "q": 3, "scale": 1}
BEGIN constructed_positive {'p': 1, 'q': 3, 'scale': 2}
{"test": "constructed_positive", "answer": true, "seconds": 10.311, "p": 1, "q": 3, "scale": 2}
BEGIN constructed_positive {'p': 2, 'q': 2, 'scale': 1}
{"test": "constructed_positive", "answer": true, "seconds": 1.095, "p": 2, "q": 2, "scale": 1}
BEGIN constructed_positive {'p': 2, 'q': 2, 'scale': 2}
{"test": "constructed_positive", "answer": true, "seconds": 2.402, "p": 2, "q": 2, "scale": 2}
BEGIN constructed_positive {'p': 1, 'q': 4, 'scale': 1}
{"test": "constructed_positive", "answer": true, "seconds": 0.626, "p": 1, "q": 4, "scale": 1}
BEGIN constructed_positive {'p': 1, 'q': 4, 'scale': 2}
{"test": "constructed_positive", "answer": true, "seconds": 1.555, "p": 1, "q": 4, "scale": 2}
BEGIN constructed_positive {'p': 2, 'q': 3, 'scale': 1}
{"test": "constructed_positive", "answer": true, "seconds": 0.399, "p": 2, "q": 3, "scale": 1}
BEGIN constructed_positive {'p': 2, 'q': 3, 'scale': 2}
{"test": "constructed_positive", "answer": true, "seconds": 3.956, "p": 2, "q": 3, "scale": 2}
BEGIN mixed_generator_quadratic_positive {'k': -1}
{"test": "mixed_generator_quadratic_positive", "answer": true, "seconds": 31.568, "k": -1}
BEGIN mixed_generator_quadratic_positive {'k': 2}
{"test": "mixed_generator_quadratic_positive", "answer": true, "seconds": 33.356, "k": 2}
BEGIN middle_perturbation {'leading': 3, 'case': 0}
{"test": "middle_perturbation", "answer": false, "seconds": 5.334, "leading": 3, "case": 0}
BEGIN middle_perturbation {'leading': 3, 'case': 1}
{"test": "middle_perturbation", "answer": false, "seconds": 0.155, "leading": 3, "case": 1}
BEGIN middle_perturbation {'leading': 3, 'case': 2}
{"test": "middle_perturbation", "answer": false, "seconds": 0.117, "leading": 3, "case": 2}
BEGIN middle_perturbation {'leading': 4, 'case': 0}
{"test": "middle_perturbation", "answer": false, "seconds": 0.085, "leading": 4, "case": 0}
BEGIN middle_perturbation {'leading': 4, 'case': 1}
{"test": "middle_perturbation", "answer": false, "seconds": 0.135, "leading": 4, "case": 1}
BEGIN middle_perturbation {'leading': 4, 'case': 2}
{"test": "middle_perturbation", "answer": false, "seconds": 0.106, "leading": 4, "case": 2}
BEGIN middle_perturbation {'leading': 5, 'case': 0}
{"test": "middle_perturbation", "answer": false, "seconds": 0.166, "leading": 5, "case": 0}
BEGIN middle_perturbation {'leading': 5, 'case': 1}
{"test": "middle_perturbation", "answer": false, "seconds": 0.191, "leading": 5, "case": 1}
BEGIN middle_perturbation {'leading': 5, 'case': 2}
{"test": "middle_perturbation", "answer": false, "seconds": 0.152, "leading": 5, "case": 2}
BEGIN quadratic_central_perturbation {'case': 0}
{"test": "quadratic_central_perturbation", "answer": false, "seconds": 51.575, "case": 0}
BEGIN quadratic_central_perturbation {'case': 1}
{"test": "quadratic_central_perturbation", "answer": false, "seconds": 50.357, "case": 1}
BEGIN quadratic_central_perturbation {'case': 2}
{"test": "quadratic_central_perturbation", "answer": false, "seconds": 49.471, "case": 2}
BEGIN abelian_boundary {}
{"test": "abelian_boundary", "answer": false, "seconds": 0.0}
BEGIN identity_boundary {}
{"test": "identity_boundary", "answer": true, "seconds": 0.0}
PASS N8 all-rank class7: 26 targets; 13 witnesses; 81 linear steps; 8 quadratic branches
