Timeout (0:01:00)!
Thread 0x00007565981d3080 (most recent call first):
  File "/project/gworld1/.venv/lib/python3.12/site-packages/sympy/core/cache.py", line 72 in wrapper
  File "/project/gworld1/.venv/lib/python3.12/site-packages/sympy/polys/domains/integerring.py", line 67 in to_sympy
  File "/project/gworld1/.venv/lib/python3.12/site-packages/sympy/matrices/repmatrix.py", line 1029 in _getitem_RepMatrix
  File "/project/gworld1/.venv/lib/python3.12/site-packages/sympy/matrices/repmatrix.py", line 336 in __getitem__
  File "/project/gworld1/scripts/n8_multigraded_magnus.py", line 23 in __mul__
  File "/project/gworld1/scripts/n8_multigraded_magnus.py", line 36 in coordinates
  File "/project/gworld1/scripts/n8_class9.py", line 46 in exceptional_finish
  File "/project/gworld1/scripts/n8_class9.py", line 94 in decide_class9
  File "/project/gworld1/scripts/check_n8_class9.py", line 34 in check
  File "/project/gworld1/scripts/check_n8_class9.py", line 70 in <module>
Timeout (0:01:00)!
Thread 0x00007565981d3080 (most recent call first):
  File "/project/gworld1/scripts/n8_polynomial_lattice.py", line 60 in polynomial_system
  File "/project/gworld1/scripts/n8_class9.py", line 47 in exceptional_finish
  File "/project/gworld1/scripts/n8_class9.py", line 94 in decide_class9
  File "/project/gworld1/scripts/check_n8_class9.py", line 34 in check
  File "/project/gworld1/scripts/check_n8_class9.py", line 70 in <module>
Timeout (0:01:00)!
Thread 0x00007565981d3080 (most recent call first):
  File "/project/gworld1/scripts/n8_polynomial_lattice.py", line 60 in polynomial_system
  File "/project/gworld1/scripts/n8_class9.py", line 47 in exceptional_finish
  File "/project/gworld1/scripts/n8_class9.py", line 94 in decide_class9
  File "/project/gworld1/scripts/check_n8_class9.py", line 34 in check
  File "/project/gworld1/scripts/check_n8_class9.py", line 70 in <module>
Timeout (0:01:00)!
Thread 0x00007565981d3080 (most recent call first):
  File "/project/gworld1/scripts/n8_polynomial_lattice.py", line 60 in polynomial_system
  File "/project/gworld1/scripts/n8_class9.py", line 47 in exceptional_finish
  File "/project/gworld1/scripts/n8_class9.py", line 94 in decide_class9
  File "/project/gworld1/scripts/check_n8_class9.py", line 34 in check
  File "/project/gworld1/scripts/check_n8_class9.py", line 70 in <module>
Timeout (0:01:00)!
Thread 0x00007565981d3080 (most recent call first):
  File "/project/gworld1/scripts/n8_polynomial_lattice.py", line 60 in polynomial_system
  File "/project/gworld1/scripts/n8_class9.py", line 47 in exceptional_finish
  File "/project/gworld1/scripts/n8_class9.py", line 94 in decide_class9
  File "/project/gworld1/scripts/check_n8_class9.py", line 34 in check
  File "/project/gworld1/scripts/check_n8_class9.py", line 70 in <module>
Timeout (0:01:00)!
Thread 0x00007565981d3080 (most recent call first):
  File "/project/gworld1/scripts/n8_polynomial_lattice.py", line 60 in polynomial_system
  File "/project/gworld1/scripts/n8_class9.py", line 47 in exceptional_finish
  File "/project/gworld1/scripts/n8_class9.py", line 94 in decide_class9
  File "/project/gworld1/scripts/check_n8_class9.py", line 34 in check
  File "/project/gworld1/scripts/check_n8_class9.py", line 70 in <module>
