{
  "original_atoms": 21483,
  "distinct_orbits": 8881,
  "suffix_controls": 57647,
  "central_coefficients": [
    0,
    1,
    2,
    2,
    2,
    2,
    6,
    26,
    71,
    162,
    341,
    779,
    1961,
    5098,
    13030,
    551,
    89,
    0
  ],
  "tail_coefficients": [
    0,
    0,
    0,
    0,
    0,
    0,
    0,
    0,
    0,
    0,
    0,
    0,
    0,
    0,
    0,
    17762,
    0,
    0
  ],
  "lower_numerator": 2668423113,
  "root_upper_numerator": 2668423114,
  "denominator": 1000000000
}
PASS G9 horizontal atom completion
