{"seed": [1, 1, 2, 2, 3, 3], "status": "complete", "vertices": 328, "frequency": [2, 2, 2], "sorted_from_root": 328}
{"seed": [1, 1, 2, 2, 3, 3, 1, 1, 2, 2, 3, 3], "status": "complete", "vertices": 328, "frequency": [4, 4, 4], "sorted_from_root": 328}
{"seed": [1, 1, 2, 2, 2, 3, 3, 3, 3], "status": "complete", "vertices": 112, "frequency": [2, 3, 4], "sorted_from_root": 112}
{"seed": [1, 2, -3, -3, 1, 2, -1, 2, -3], "status": "not_minimal", "shortening_move": {"multiplier": -3, "support": [-1], "degree": 1, "images": [[3, 1], [2], [3]]}, "shorter": [-3, 1, 2, -1, -3, 2, 1, 2]}
{"seed": [3, 1, -3, 1, 2, 2, -1, -3, 2], "status": "not_minimal", "shortening_move": {"multiplier": -3, "support": [-2, 1, 2], "degree": 1, "images": [[1, -3], [3, 2, -3], [3]]}, "shorter": [-3, -3, 1, 2, 2, -1, 2, 1]}
{"seed": [-1, 2, 1, -3, -2, -2, 1, -3, -3], "status": "not_minimal", "shortening_move": {"multiplier": -3, "support": [-2, -1, 2], "degree": 1, "images": [[3, 1], [3, 2, -3], [3]]}, "shorter": [-3, -3, -1, 2, 1, -2, -2, 1]}
{"seed": [1, -3, 2, 1, -3, 2, -3, -1, -2], "status": "not_minimal", "shortening_move": {"multiplier": -3, "support": [-2], "degree": 2, "images": [[1], [3, 2], [3]]}, "shorter": [-3, -1, -2, -3, 1, 2, 1, 2]}
{"seed": [-1, -2, 1, -2, 3, -1, 3, 2, -3], "status": "complete", "vertices": 96, "frequency": [3, 3, 3], "sorted_from_root": 24, "tested_all_roots": true, "best_sorted_reach": 24}
{"seed": [1, -3, 2, 1, -2, -3, 1, 2, -3], "status": "not_minimal", "shortening_move": {"multiplier": -3, "support": [-1], "degree": 1, "images": [[3, 1], [2], [3]]}, "shorter": [-3, 2, 3, 1, -2, 1, 2, 1]}
{"seed": [-2, 3, 2, -3, 1, -3, -1, 2, -1], "status": "complete", "vertices": 96, "frequency": [3, 3, 3], "sorted_from_root": 24, "tested_all_roots": true, "best_sorted_reach": 24}
{"seed": [-3, -2, -3, -3, -2, 1, 1, 1, -2], "status": "not_minimal", "shortening_move": {"multiplier": -3, "support": [2], "degree": 2, "images": [[1], [2, -3], [3]]}, "shorter": [-3, -2, 1, 1, 1, 3, -2, -2]}
{"seed": [2, 1, -2, 1, 1, 3, -2, 3, -1, -3, -2, 3], "status": "complete", "vertices": 12, "frequency": [4, 4, 4], "sorted_from_root": 4, "tested_all_roots": true, "best_sorted_reach": 4}
{"seed": [-1, -3, 2, -1, 2, -3, -3, -2, -3, 2, -1, -1], "status": "complete", "vertices": 576, "frequency": [4, 4, 4], "sorted_from_root": 132, "tested_all_roots": true, "best_sorted_reach": 180}
{"seed": [2, 1, -3, -2, -1, -3, -2, 3, 2, -1, 3, 1], "status": "complete", "vertices": 912, "frequency": [4, 4, 4], "sorted_from_root": 264, "tested_all_roots": true, "best_sorted_reach": 288}
{"seed": [1, -3, -3, 1, 1, 1, 2, 2, 2, 3, 3, -2], "status": "complete", "vertices": 2, "frequency": [4, 4, 4], "sorted_from_root": 2}
{"seed": [3, -2, -1, 3, 1, 3, 2, -3, 1, 2, -1, 2], "status": "complete", "vertices": 240, "frequency": [4, 4, 4], "sorted_from_root": 104, "tested_all_roots": true, "best_sorted_reach": 160}
{"seed": [-2, 3, 2, 3, 1, 2, 3, -2, -3, 1, 1, 1], "status": "complete", "vertices": 32, "frequency": [4, 4, 4], "sorted_from_root": 12, "tested_all_roots": true, "best_sorted_reach": 12}
{"seed": [1, 2, -1, -3, 1, 3, 2, -3, -2, -3, 1, -2], "status": "complete", "vertices": 768, "frequency": [4, 4, 4], "sorted_from_root": 224, "tested_all_roots": true, "best_sorted_reach": 224}
{"seed": [2, 1, -2, 3, -1, 2, 2, -1, -1, 3, 3, 3], "status": "complete", "vertices": 32, "frequency": [4, 4, 4], "sorted_from_root": 10, "tested_all_roots": true, "best_sorted_reach": 12}
{"seed": [-3, 1, 2, 2, 3, 1, -3, 2, 2, 1, 1, 3, 2, 1, -3], "status": "complete", "vertices": 1, "frequency": [5, 5, 5], "sorted_from_root": 1}
{"seed": [-1, -2, -1, 3, 2, 2, -3, -3, -2, 1, -3, -1, -1, 3, -2], "status": "complete", "vertices": 1, "frequency": [5, 5, 5], "sorted_from_root": 1}
{"seed": [3, 1, 3, -1, 2, 1, -2, -3, 1, -3, -1, 3, 2, 2, 2], "status": "complete", "vertices": 1, "frequency": [5, 5, 5], "sorted_from_root": 1}
{"seed": [3, 1, 1, -3, -1, -3, -3, -2, -2, -2, -1, 2, 1, 3, -2], "status": "complete", "vertices": 1, "frequency": [5, 5, 5], "sorted_from_root": 1}
{"seed": [-1, -3, -1, -2, 1, -3, -3, -1, 2, -1, 2, -3, 2, 2, -3], "status": "not_minimal", "shortening_move": {"multiplier": -3, "support": [1], "degree": 1, "images": [[1, -3], [2], [3]]}, "shorter": [-3, -3, -1, 2, 3, -1, 2, -3, 2, 2, -1, -1, -2, 1]}
{"seed": [3, -2, 3, 1, 2, 1, -2, -3, 1, 3, 1, 3, 2, 2, -1], "status": "complete", "vertices": 1, "frequency": [5, 5, 5], "sorted_from_root": 1}
{"seed": [2, 3, 1, 1, -3, -3, 2, 2, 2, -3, -2, -3, 1, 1, 1], "status": "complete", "vertices": 2, "frequency": [5, 5, 5], "sorted_from_root": 2}
{"seed": [-1, -2, -1, -2, -3, -3, 2, -3, 2, 1, -3, -3, -1, -1, -2], "status": "not_minimal", "shortening_move": {"multiplier": -2, "support": [-3, 1, 3], "degree": 1, "images": [[1, -2], [2], [2, 3, -2]]}, "shorter": [-3, -3, -1, 2, -1, -1, -1, -3, -3, 2, -3, 1]}
{"seed": [2, 2, -1, -3, -2, -3, -1, -3, -3, -1, -2, -1, -2, -2, 3, -1, -1, 3], "status": "complete", "vertices": 1, "frequency": [6, 6, 6], "sorted_from_root": 1}
{"seed": [-2, 1, 3, 2, -1, -1, 2, 1, 3, 3, 1, 2, 3, -2, 1, 3, 2, -3], "status": "complete", "vertices": 384, "frequency": [6, 6, 6], "sorted_from_root": 96, "tested_all_roots": true, "best_sorted_reach": 128}
{"seed": [-3, 1, 1, 2, -3, -3, -2, 1, 3, -1, -3, 1, 2, 2, 2, 2, 3, 1], "status": "complete", "vertices": 1, "frequency": [6, 6, 6], "sorted_from_root": 1}
{"seed": [-3, -2, -2, 1, 3, 3, -1, 2, -3, -1, -1, -2, 3, -1, 2, 2, 1, -3], "status": "not_minimal", "shortening_move": {"multiplier": -1, "support": [-2, 2], "degree": 0, "images": [[1], [1, 2, -1], [3]]}, "shorter": [-3, -3, 1, -2, -2, 3, 3, 2, -1, -3, -1, -2, -1, 3, 2, 2]}
{"seed": [-2, -1, -3, 2, -1, -2, 1, -3, -2, 3, 3, -2, 1, 3, 3, -2, -1, -1], "status": "complete", "vertices": 1, "frequency": [6, 6, 6], "sorted_from_root": 1}
{"seed": [2, -1, 3, -1, 2, 2, -1, 3, 2, 2, -3, -2, 3, 1, 3, -1, -3, 1], "status": "complete", "vertices": 12, "frequency": [6, 6, 6], "sorted_from_root": 4, "tested_all_roots": true, "best_sorted_reach": 4}
{"seed": [3, -2, -3, -1, -2, -2, -1, -1, -2, -3, -3, -3, 1, 2, 3, -1, -1, 2], "status": "complete", "vertices": 1, "frequency": [6, 6, 6], "sorted_from_root": 1}
{"seed": [1, -2, -2, 3, 2, 2, 1, 3, 3, -1, 3, 3, -1, 2, 2, -1, -3, 1], "status": "complete", "vertices": 1, "frequency": [6, 6, 6], "sorted_from_root": 1}
PASS F25 DEGREE PROBE: completed finite tests; no asymptotic claim
