BEGIN GAP quotient 2 9
READY GAP quotient 2 9
WITNESS 1
WITNESS 2
WITNESS 3
WITNESS 4
WITNESS 5
WITNESS 6
WITNESS 7
WITNESS 8
WITNESS 9
WITNESS 10
WITNESS 11
WITNESS 12
WITNESS 13
WITNESS 14
WITNESS 15
WITNESS 16
WITNESS 17
WITNESS 18
WITNESS 19
WITNESS 20
WITNESS 21
BEGIN LINEAR 1
BEGIN GAP quotient 2 4
READY GAP quotient 2 4
BEGIN COLUMNS 3
BEGIN MEMBERSHIP
LINEAR 1 true
BEGIN LINEAR 2
BEGIN GAP quotient 2 5
READY GAP quotient 2 5
BEGIN COLUMNS 5
BEGIN MEMBERSHIP
LINEAR 2 true
BEGIN LINEAR 3
BEGIN GAP quotient 2 6
READY GAP quotient 2 6
BEGIN COLUMNS 9
BEGIN MEMBERSHIP
LINEAR 3 true
BEGIN LINEAR 4
BEGIN COLUMNS 90
BEGIN MEMBERSHIP
LINEAR 4 true
BEGIN LINEAR 5
BEGIN COLUMNS 4
BEGIN MEMBERSHIP
LINEAR 5 false
BEGIN LINEAR 6
BEGIN COLUMNS 4
BEGIN MEMBERSHIP
LINEAR 6 false
BEGIN LINEAR 7
BEGIN COLUMNS 4
BEGIN MEMBERSHIP
LINEAR 7 true
BEGIN LINEAR 8
BEGIN COLUMNS 8
BEGIN MEMBERSHIP
LINEAR 8 true
BEGIN LINEAR 9
BEGIN COLUMNS 75
BEGIN MEMBERSHIP
LINEAR 9 true
BEGIN LINEAR 10
BEGIN COLUMNS 7
BEGIN MEMBERSHIP
LINEAR 10 true
BEGIN LINEAR 11
BEGIN GAP quotient 2 7
READY GAP quotient 2 7
BEGIN COLUMNS 11
BEGIN MEMBERSHIP
LINEAR 11 true
BEGIN LINEAR 12
BEGIN COLUMNS 57
BEGIN MEMBERSHIP
LINEAR 12 true
BEGIN LINEAR 13
BEGIN COLUMNS 5
BEGIN MEMBERSHIP
LINEAR 13 true
BEGIN LINEAR 14
BEGIN COLUMNS 9
BEGIN MEMBERSHIP
LINEAR 14 true
BEGIN LINEAR 15
BEGIN COLUMNS 42
BEGIN MEMBERSHIP
LINEAR 15 true
BEGIN LINEAR 16
BEGIN COLUMNS 10
BEGIN MEMBERSHIP
LINEAR 16 false
BEGIN LINEAR 17
BEGIN COLUMNS 10
BEGIN MEMBERSHIP
LINEAR 17 false
BEGIN LINEAR 18
BEGIN COLUMNS 10
BEGIN MEMBERSHIP
LINEAR 18 true
BEGIN LINEAR 19
BEGIN COLUMNS 53
BEGIN MEMBERSHIP
LINEAR 19 true
BEGIN LINEAR 20
BEGIN COLUMNS 10
BEGIN MEMBERSHIP
LINEAR 20 false
BEGIN LINEAR 21
BEGIN COLUMNS 10
BEGIN MEMBERSHIP
LINEAR 21 false
BEGIN LINEAR 22
BEGIN COLUMNS 8
BEGIN MEMBERSHIP
LINEAR 22 true
BEGIN LINEAR 23
BEGIN COLUMNS 36
BEGIN MEMBERSHIP
LINEAR 23 true
BEGIN LINEAR 24
BEGIN COLUMNS 6
BEGIN MEMBERSHIP
LINEAR 24 true
BEGIN LINEAR 25
BEGIN COLUMNS 30
BEGIN MEMBERSHIP
LINEAR 25 true
BEGIN LINEAR 26
BEGIN GAP quotient 2 8
READY GAP quotient 2 8
BEGIN COLUMNS 19
BEGIN MEMBERSHIP
LINEAR 26 true
BEGIN LINEAR 27
BEGIN COLUMNS 32
BEGIN MEMBERSHIP
LINEAR 27 true
BEGIN LINEAR 28
BEGIN COLUMNS 11
BEGIN MEMBERSHIP
LINEAR 28 true
BEGIN LINEAR 29
BEGIN COLUMNS 21
BEGIN MEMBERSHIP
LINEAR 29 true
BEGIN LINEAR 30
BEGIN COLUMNS 9
BEGIN MEMBERSHIP
LINEAR 30 true
BEGIN LINEAR 31
BEGIN COLUMNS 15
BEGIN MEMBERSHIP
LINEAR 31 true
BEGIN LINEAR 32
BEGIN COLUMNS 7
BEGIN MEMBERSHIP
LINEAR 32 true
BEGIN LINEAR 33
BEGIN COLUMNS 57
BEGIN MEMBERSHIP
LINEAR 33 true
BEGIN LINEAR 34
BEGIN COLUMNS 7
BEGIN MEMBERSHIP
LINEAR 34 true
BEGIN LINEAR 35
BEGIN COLUMNS 57
BEGIN MEMBERSHIP
LINEAR 35 false
BEGIN LINEAR 36
BEGIN COLUMNS 57
BEGIN MEMBERSHIP
LINEAR 36 true
BEGIN LINEAR 37
BEGIN COLUMNS 7
BEGIN MEMBERSHIP
LINEAR 37 true
BEGIN LINEAR 38
BEGIN COLUMNS 57
BEGIN MEMBERSHIP
LINEAR 38 true
BEGIN LINEAR 39
BEGIN COLUMNS 7
BEGIN MEMBERSHIP
LINEAR 39 true
BEGIN LINEAR 40
BEGIN COLUMNS 57
BEGIN MEMBERSHIP
LINEAR 40 true
BEGIN LINEAR 41
BEGIN COLUMNS 7
BEGIN MEMBERSHIP
LINEAR 41 true
BEGIN LINEAR 42
BEGIN COLUMNS 57
BEGIN MEMBERSHIP
LINEAR 42 true
BEGIN LINEAR 43
BEGIN COLUMNS 7
BEGIN MEMBERSHIP
LINEAR 43 true
BEGIN LINEAR 44
BEGIN COLUMNS 57
BEGIN MEMBERSHIP
LINEAR 44 false
BEGIN LINEAR 45
BEGIN COLUMNS 7
BEGIN MEMBERSHIP
LINEAR 45 true
BEGIN LINEAR 46
BEGIN COLUMNS 57
BEGIN MEMBERSHIP
LINEAR 46 false
BEGIN LINEAR 47
BEGIN COLUMNS 19
BEGIN MEMBERSHIP
LINEAR 47 true
BEGIN LINEAR 48
BEGIN COLUMNS 19
BEGIN MEMBERSHIP
LINEAR 48 true
BEGIN LINEAR 49
BEGIN COLUMNS 19
BEGIN MEMBERSHIP
LINEAR 49 true
BEGIN LINEAR 50
BEGIN COLUMNS 19
BEGIN MEMBERSHIP
LINEAR 50 true
BEGIN LINEAR 51
BEGIN COLUMNS 19
BEGIN MEMBERSHIP
LINEAR 51 true
BEGIN LINEAR 52
BEGIN COLUMNS 19
BEGIN MEMBERSHIP
LINEAR 52 true
BEGIN LINEAR 53
BEGIN COLUMNS 19
BEGIN MEMBERSHIP
LINEAR 53 true
BEGIN LINEAR 54
BEGIN COLUMNS 19
BEGIN MEMBERSHIP
LINEAR 54 true
BEGIN LINEAR 55
BEGIN COLUMNS 19
BEGIN MEMBERSHIP
LINEAR 55 true
BEGIN LINEAR 56
BEGIN COLUMNS 19
BEGIN MEMBERSHIP
LINEAR 56 true
BEGIN LINEAR 57
BEGIN COLUMNS 3
BEGIN MEMBERSHIP
LINEAR 57 true
BEGIN LINEAR 58
BEGIN COLUMNS 5
BEGIN MEMBERSHIP
LINEAR 58 true
BEGIN LINEAR 59
BEGIN COLUMNS 9
BEGIN MEMBERSHIP
LINEAR 59 true
BEGIN LINEAR 60
BEGIN COLUMNS 90
BEGIN MEMBERSHIP
LINEAR 60 false
BEGIN LINEAR 61
BEGIN COLUMNS 90
BEGIN MEMBERSHIP
LINEAR 61 false
BEGIN LINEAR 62
BEGIN COLUMNS 90
BEGIN MEMBERSHIP
LINEAR 62 false
BEGIN LINEAR 63
BEGIN COLUMNS 90
BEGIN MEMBERSHIP
LINEAR 63 false
BEGIN LINEAR 64
BEGIN COLUMNS 5
BEGIN MEMBERSHIP
LINEAR 64 false
BEGIN LINEAR 65
BEGIN COLUMNS 5
BEGIN MEMBERSHIP
LINEAR 65 true
BEGIN LINEAR 66
BEGIN COLUMNS 9
BEGIN MEMBERSHIP
LINEAR 66 true
BEGIN LINEAR 67
BEGIN COLUMNS 90
BEGIN MEMBERSHIP
LINEAR 67 false
BEGIN LINEAR 68
BEGIN COLUMNS 90
BEGIN MEMBERSHIP
LINEAR 68 true
BEGIN POLYNOMIAL 7
ARITHMETIC VERIFIED
BEGIN POLYNOMIAL 7
ARITHMETIC VERIFIED
BEGIN POLYNOMIAL 7
ARITHMETIC VERIFIED
BEGIN POLYNOMIAL 7
ARITHMETIC VERIFIED
BEGIN POLYNOMIAL 7
ARITHMETIC VERIFIED
BEGIN POLYNOMIAL 7
ARITHMETIC VERIFIED
BEGIN POLYNOMIAL 7
ARITHMETIC VERIFIED
BEGIN POLYNOMIAL 9
ARITHMETIC VERIFIED
BEGIN POLYNOMIAL 9
ARITHMETIC VERIFIED
BEGIN POLYNOMIAL 9
ARITHMETIC VERIFIED
BEGIN POLYNOMIAL 9
ARITHMETIC VERIFIED
BEGIN POLYNOMIAL 9
ARITHMETIC VERIFIED
BEGIN POLYNOMIAL 9
ARITHMETIC VERIFIED
BEGIN POLYNOMIAL 9
ARITHMETIC VERIFIED
BEGIN POLYNOMIAL 9
ARITHMETIC VERIFIED
BEGIN POLYNOMIAL 9
ARITHMETIC VERIFIED
BEGIN POLYNOMIAL 9
ARITHMETIC VERIFIED
PASS N8 class9 GAP: 21 witnesses; 68 linear decisions (15 negative); 
17 polynomial decisions (8 empty); 85 samples
