{"case": 1, "label": "identity", "rank": 1, "result": "identity", "seconds": 0.0, "period": null, "residue": null}
{"case": 2, "label": "outside derived", "rank": 1, "result": "outside_derived", "seconds": 0.0, "period": null, "residue": null}
{"case": 3, "label": "identity", "rank": 2, "result": "identity", "seconds": 0.0, "period": null, "residue": null}
{"case": 4, "label": "outside derived", "rank": 2, "result": "outside_derived", "seconds": 0.0, "period": null, "residue": null}
{"case": 5, "label": "identity", "rank": 3, "result": "identity", "seconds": 0.0, "period": null, "residue": null}
{"case": 6, "label": "outside derived", "rank": 3, "result": "outside_derived", "seconds": 0.0, "period": null, "residue": null}
{"case": 7, "label": "identity", "rank": 4, "result": "identity", "seconds": 0.0, "period": null, "residue": null}
{"case": 8, "label": "outside derived", "rank": 4, "result": "outside_derived", "seconds": 0.0, "period": null, "residue": null}
{"case": 9, "label": "general commutator", "rank": 2, "result": "degree4_13", "seconds": 0.052, "period": null, "residue": null}
{"case": 10, "label": "leading degree three", "rank": 2, "result": "nonzero_degree3", "seconds": 0.011, "period": 4, "residue": 0}
{"case": 11, "label": "leading degree four 13", "rank": 2, "result": "central_23", "seconds": 0.008, "period": null, "residue": null}
{"case": 12, "label": "leading degree four 22", "rank": 2, "result": "central_23", "seconds": 0.006, "period": null, "residue": null}
{"case": 13, "label": "central 14", "rank": 2, "result": "central_14", "seconds": 0.017, "period": null, "residue": null}
{"case": 14, "label": "central 23", "rank": 2, "result": "identity", "seconds": 0.0, "period": null, "residue": null}
{"case": 15, "label": "general commutator", "rank": 2, "result": "nonzero_degree2", "seconds": 0.103, "period": 2, "residue": 1}
{"case": 16, "label": "leading degree three", "rank": 2, "result": "degree4_13", "seconds": 0.022, "period": null, "residue": null}
{"case": 17, "label": "leading degree four 13", "rank": 2, "result": "central_14", "seconds": 0.012, "period": null, "residue": null}
{"case": 18, "label": "leading degree four 22", "rank": 2, "result": "identity", "seconds": 0.001, "period": null, "residue": null}
{"case": 19, "label": "central 14", "rank": 2, "result": "identity", "seconds": 0.002, "period": null, "residue": null}
{"case": 20, "label": "central 23", "rank": 2, "result": "central_23", "seconds": 0.006, "period": null, "residue": null}
{"case": 21, "label": "general commutator", "rank": 2, "result": "nonzero_degree2", "seconds": 0.041, "period": 2, "residue": 1}
{"case": 22, "label": "leading degree three", "rank": 2, "result": "identity", "seconds": 0.0, "period": null, "residue": null}
{"case": 23, "label": "leading degree four 13", "rank": 2, "result": "degree4_13", "seconds": 0.021, "period": null, "residue": null}
{"case": 24, "label": "leading degree four 22", "rank": 2, "result": "central_23", "seconds": 0.005, "period": null, "residue": null}
{"case": 25, "label": "central 14", "rank": 2, "result": "identity", "seconds": 0.0, "period": null, "residue": null}
{"case": 26, "label": "central 23", "rank": 2, "result": "identity", "seconds": 0.0, "period": null, "residue": null}
{"case": 27, "label": "general commutator", "rank": 2, "result": "nonzero_degree2", "seconds": 0.042, "period": 2, "residue": 0}
{"case": 28, "label": "leading degree three", "rank": 2, "result": "degree4_13", "seconds": 0.02, "period": null, "residue": null}
{"case": 29, "label": "leading degree four 13", "rank": 2, "result": "degree4_13", "seconds": 0.048, "period": null, "residue": null}
{"case": 30, "label": "leading degree four 22", "rank": 2, "result": "central_23", "seconds": 0.004, "period": null, "residue": null}
{"case": 31, "label": "central 14", "rank": 2, "result": "identity", "seconds": 0.0, "period": null, "residue": null}
{"case": 32, "label": "central 23", "rank": 2, "result": "central_23", "seconds": 0.005, "period": null, "residue": null}
{"case": 33, "label": "general commutator", "rank": 3, "result": "nonzero_degree2", "seconds": 12.308, "period": 1, "residue": 0}
{"case": 34, "label": "leading degree three", "rank": 3, "result": "nonzero_degree3", "seconds": 6.591, "period": 1, "residue": 0}
{"case": 35, "label": "leading degree four 13", "rank": 3, "result": "degree4_13", "seconds": 6.962, "period": null, "residue": null}
{"case": 36, "label": "leading degree four 22", "rank": 3, "result": "degree4_22", "seconds": 2.222, "period": null, "residue": null}
{"case": 37, "label": "central 14", "rank": 3, "result": "central_14", "seconds": 5.854, "period": null, "residue": null}
{"case": 38, "label": "central 23", "rank": 3, "result": "identity", "seconds": 0.0, "period": null, "residue": null}
{"case": 39, "label": "general commutator", "rank": 3, "result": "nonzero_degree2", "seconds": 22.026, "period": 2, "residue": 1}
{"case": 40, "label": "leading degree three", "rank": 3, "result": "nonzero_degree3", "seconds": 7.264, "period": 1, "residue": 0}
{"case": 41, "label": "leading degree four 13", "rank": 3, "result": "degree4_13", "seconds": 4.967, "period": null, "residue": null}
{"case": 42, "label": "leading degree four 22", "rank": 3, "result": "central_23", "seconds": 0.576, "period": null, "residue": null}
{"case": 43, "label": "central 14", "rank": 3, "result": "central_14", "seconds": 0.75, "period": null, "residue": null}
{"case": 44, "label": "central 23", "rank": 3, "result": "central_23", "seconds": 0.575, "period": null, "residue": null}
{"case": 45, "label": "general commutator", "rank": 3, "result": "nonzero_degree2", "seconds": 7.574, "period": 2, "residue": 0}
{"case": 46, "label": "leading degree three", "rank": 3, "result": "nonzero_degree3", "seconds": 9.725, "period": 2, "residue": 1}
{"case": 47, "label": "leading degree four 13", "rank": 3, "result": "degree4_13", "seconds": 4.825, "period": null, "residue": null}
{"case": 48, "label": "leading degree four 22", "rank": 3, "result": "degree4_22", "seconds": 2.22, "period": null, "residue": null}
{"case": 49, "label": "central 14", "rank": 3, "result": "central_14", "seconds": 3.464, "period": null, "residue": null}
{"case": 50, "label": "central 23", "rank": 3, "result": "central_23", "seconds": 1.143, "period": null, "residue": null}
{"case": 51, "label": "general commutator", "rank": 3, "result": "nonzero_degree2", "seconds": 6.787, "period": 2, "residue": 0}
{"case": 52, "label": "leading degree three", "rank": 3, "result": "nonzero_degree3", "seconds": 6.485, "period": 2, "residue": 0}
{"case": 53, "label": "leading degree four 13", "rank": 3, "result": "central_14", "seconds": 3.464, "period": null, "residue": null}
{"case": 54, "label": "leading degree four 22", "rank": 3, "result": "degree4_22", "seconds": 2.215, "period": null, "residue": null}
{"case": 55, "label": "central 14", "rank": 3, "result": "central_14", "seconds": 3.501, "period": null, "residue": null}
{"case": 56, "label": "central 23", "rank": 3, "result": "identity", "seconds": 0.0, "period": null, "residue": null}
{"case": 57, "label": "nonprimitive degree-two gauge", "rank": 2, "result": "nonzero_degree2", "seconds": 0.023, "period": 8, "residue": 0}
{"case": 58, "label": "nonprimitive degree-three gauge", "rank": 2, "result": "nonzero_degree3", "seconds": 0.028, "period": 3, "residue": 2}
{"case": 59, "label": "nonprimitive degree-two gauge", "rank": 2, "result": "nonzero_degree2", "seconds": 0.023, "period": 8, "residue": 0}
{"case": 60, "label": "nonprimitive degree-three gauge", "rank": 2, "result": "nonzero_degree3", "seconds": 0.019, "period": 3, "residue": 1}
{"case": 61, "label": "nonprimitive degree-two gauge", "rank": 2, "result": "nonzero_degree2", "seconds": 0.023, "period": 8, "residue": 0}
{"case": 62, "label": "nonprimitive degree-three gauge", "rank": 2, "result": "nonzero_degree3", "seconds": 0.013, "period": 3, "residue": 0}
