BEGIN GAP quotient 2 11
HALL CACHE VERIFIED 2 11
READY GAP quotient 2 11
WITNESS 1
BEGIN LINEAR 1
BEGIN GAP quotient 2 7
HALL CACHE VERIFIED 2 7
READY GAP quotient 2 7
BEGIN COLUMNS 10
BEGIN MEMBERSHIP
LINEAR 1 true
BEGIN LINEAR 2
BEGIN GAP quotient 2 8
HALL CACHE VERIFIED 2 8
READY GAP quotient 2 8
BEGIN COLUMNS 20
BEGIN MEMBERSHIP
LINEAR 2 true
BEGIN LINEAR 3
BEGIN COLUMNS 10
BEGIN MEMBERSHIP
LINEAR 3 true
BEGIN LINEAR 4
BEGIN COLUMNS 20
BEGIN MEMBERSHIP
LINEAR 4 true
BEGIN LINEAR 5
BEGIN COLUMNS 10
BEGIN MEMBERSHIP
LINEAR 5 true
BEGIN LINEAR 6
BEGIN COLUMNS 20
BEGIN MEMBERSHIP
LINEAR 6 true
BEGIN LINEAR 7
BEGIN COLUMNS 170
BEGIN MEMBERSHIP
LINEAR 7 true
NULLITY 1 0 VERIFIED
NULLITY 2 1 VERIFIED
NULLITY 3 0 VERIFIED
NULLITY 4 1 VERIFIED
NULLITY 5 0 VERIFIED
NULLITY 6 1 VERIFIED
BEGIN GAP quotient 2 9
HALL CACHE VERIFIED 2 9
READY GAP quotient 2 9
COUPLED 1 VERIFIED
COUPLED 2 VERIFIED
COUPLED 3 VERIFIED
BEGIN GAP quotient 2 10
HALL CACHE VERIFIED 2 10
READY GAP quotient 2 10
POLYNOMIAL 1 VERIFIED
POLYNOMIAL 2 VERIFIED
POLYNOMIAL 3 VERIFIED
PASS N8 fifth/sixth layer GAP: 1 witnesses; 7 linear decisions (0 negative); 
6 nullities; 0 Nielsen periods; 3 coupled (0 negative, 0 points, 3 lines, 
3 nonunit steps); 3 polynomials (3 late, 2 empty); 15 polynomial samples
