parabola_identity: basis=6 closures=6 identity=true
parabola_nonidentity: basis=6 closures=6 identity=false
six_zero_samples_then_failure: basis=14 closures=14 identity=false
control_even: basis=2 closures=2 identity=true
control_odd: basis=2 closures=2 identity=false
application_order: basis=3 closures=2 identity=true
reversed_application_order: basis=3 closures=2 identity=false
terminal_filter: basis=4 closures=8 identity=true
missing_terminal_filter_control: basis=4 closures=8 identity=false
empty_terminal_language: basis=1 closures=1 identity=true
erasing_morphism_empty_output: basis=2 closures=4 identity=false
empty_control_language: basis=1 closures=0 identity=true
zero_polynomial: basis=1 closures=2 identity=true
determinant_singular_gate: basis=4 closures=4 identity=true
determinant_equal_lengths: basis=4 closures=4 identity=true
determinant_nonzero_difference: basis=4 closures=4 identity=false
finite_control_00: basis=32 closures=44 identity=false
finite_control_01: basis=51 closures=62 identity=false
finite_control_02: basis=22 closures=34 identity=false
finite_control_03: basis=58 closures=62 identity=false
finite_control_04: basis=35 closures=50 identity=false
finite_control_05: basis=34 closures=48 identity=false
finite_control_06: basis=41 closures=54 identity=false
finite_control_07: basis=51 closures=62 identity=false
finite_control_08: basis=11 closures=18 identity=false
finite_control_09: basis=48 closures=62 identity=false
finite_control_10: basis=34 closures=48 identity=false
finite_control_11: basis=22 closures=34 identity=false
finite_control_12: basis=6 closures=10 identity=true
finite_control_13: basis=35 closures=50 identity=false
finite_control_14: basis=26 closures=36 identity=false
finite_control_15: basis=51 closures=60 identity=false
finite_control_16: basis=44 closures=58 identity=false
finite_control_17: basis=51 closures=62 identity=false
finite_control_18: basis=6 closures=10 identity=false
finite_control_19: basis=58 closures=62 identity=false
finite_control_20: basis=6 closures=10 identity=false
finite_control_21: basis=42 closures=54 identity=false
finite_control_22: basis=6 closures=10 identity=true
finite_control_23: basis=51 closures=62 identity=false
SPAN_TOTALS=[ 882, 1131 ]
WORD_TOTALS=[ 309, 65, 207, 5 ]
PASS F38 GAP independent polynomial and free-word replay
