BEGIN WITNESS 1
GROUP READY 2_8
CHECKED WITNESS 1
BEGIN WITNESS 2
CHECKED WITNESS 2
BEGIN WITNESS 3
CHECKED WITNESS 3
BEGIN WITNESS 4
CHECKED WITNESS 4
BEGIN WITNESS 5
CHECKED WITNESS 5
BEGIN WITNESS 6
CHECKED WITNESS 6
BEGIN WITNESS 7
CHECKED WITNESS 7
BEGIN WITNESS 8
CHECKED WITNESS 8
BEGIN WITNESS 9
CHECKED WITNESS 9
BEGIN WITNESS 10
CHECKED WITNESS 10
BEGIN WITNESS 11
CHECKED WITNESS 11
BEGIN WITNESS 12
CHECKED WITNESS 12
BEGIN WITNESS 13
CHECKED WITNESS 13
BEGIN WITNESS 14
CHECKED WITNESS 14
BEGIN WITNESS 15
CHECKED WITNESS 15
BEGIN LINEAR 1
GROUP READY 2_4
BEGIN LINEAR 2
GROUP READY 2_5
BEGIN LINEAR 3
BEGIN LINEAR 4
BEGIN LINEAR 5
GROUP READY 2_6
BEGIN LINEAR 6
BEGIN LINEAR 7
BEGIN LINEAR 8
BEGIN LINEAR 9
BEGIN LINEAR 10
BEGIN LINEAR 11
BEGIN LINEAR 12
BEGIN LINEAR 13
BEGIN LINEAR 14
BEGIN LINEAR 15
BEGIN LINEAR 16
BEGIN LINEAR 17
GROUP READY 2_7
BEGIN LINEAR 18
BEGIN LINEAR 19
BEGIN LINEAR 20
BEGIN LINEAR 21
BEGIN LINEAR 22
BEGIN LINEAR 23
BEGIN LINEAR 24
BEGIN LINEAR 25
BEGIN LINEAR 26
BEGIN LINEAR 27
BEGIN LINEAR 28
BEGIN LINEAR 29
BEGIN LINEAR 30
BEGIN LINEAR 31
BEGIN LINEAR 32
BEGIN LINEAR 33
BEGIN LINEAR 34
BEGIN LINEAR 35
BEGIN LINEAR 36
BEGIN LINEAR 37
BEGIN LINEAR 38
BEGIN LINEAR 39
BEGIN LINEAR 40
BEGIN LINEAR 41
BEGIN LINEAR 42
BEGIN LINEAR 43
BEGIN LINEAR 44
BEGIN LINEAR 45
BEGIN LINEAR 46
BEGIN LINEAR 47
BEGIN LINEAR 48
BEGIN LINEAR 49
BEGIN LINEAR 50
BEGIN LINEAR 51
BEGIN LINEAR 52
BEGIN LINEAR 53
BEGIN LINEAR 54
BEGIN LINEAR 55
BEGIN LINEAR 56
BEGIN LINEAR 57
BEGIN LINEAR 58
BEGIN LINEAR 59
BEGIN LINEAR 60
BEGIN LINEAR 61
BEGIN LINEAR 62
BEGIN LINEAR 63
BEGIN LINEAR 64
BEGIN LINEAR 65
BEGIN LINEAR 66
BEGIN LINEAR 67
BEGIN LINEAR 68
BEGIN LINEAR 69
BEGIN LINEAR 70
BEGIN LINEAR 71
BEGIN LINEAR 72
BEGIN LINEAR 73
BEGIN LINEAR 74
BEGIN LINEAR 75
BEGIN POLYNOMIAL 1
BEGIN POLYNOMIAL 2
BEGIN POLYNOMIAL 3
BEGIN POLYNOMIAL 4
BEGIN POLYNOMIAL 5
BEGIN POLYNOMIAL 6
BEGIN POLYNOMIAL 7
BEGIN POLYNOMIAL 8
BEGIN POLYNOMIAL 9
BEGIN POLYNOMIAL 10
PASS N8 class8 GAP: 15 witnesses; 75 linear decisions (32 negative); 
10 polynomial decisions (0 empty); 50 samples
