Syntax error: identifier expected in scripts/check_b9_exponent_two_parameters.\
g:6
          i,j,r,s,rec,u,v,c,ca,A,actual,counts,h,hh,n,rank,boundary,exceptions\
;
                  ^^^
Syntax warning: Unbound global variable in scripts/check_b9_exponent_two_param\
eters.g:55
    counts:=[0,0,0];exceptions:=0;
    ^^^^^^
Syntax warning: Unbound global variable in scripts/check_b9_exponent_two_param\
eters.g:55
    counts:=[0,0,0];exceptions:=0;
                    ^^^^^^^^^^
Syntax error: Identifier expected in scripts/check_b9_exponent_two_parameters.\
g:56
    for rec in B9ExponentTwoRecords do
        ^^^
Syntax error: ( expected in scripts/check_b9_exponent_two_parameters.g:57
        i:=rec[1];j:=rec[2];u:=B9Records[i][1];v:=B9Records[j][1];
              ^
Syntax warning: Unbound global variable in scripts/check_b9_exponent_two_param\
eters.g:59
        c:=shelf(v,[]);ca:=action(c);
        ^
Syntax warning: Unbound global variable in scripts/check_b9_exponent_two_param\
eters.g:59
        c:=shelf(v,[]);ca:=action(c);
                 ^
Syntax warning: Unbound global variable in scripts/check_b9_exponent_two_param\
eters.g:59
        c:=shelf(v,[]);ca:=action(c);
                       ^^
Syntax warning: Unbound global variable in scripts/check_b9_exponent_two_param\
eters.g:59
        c:=shelf(v,[]);ca:=action(c);
                                  ^
Syntax error: ( expected in scripts/check_b9_exponent_two_parameters.g:60
        if rec[3]="last_generator_obstruction" then
              ^
Syntax warning: Unbound global variable in scripts/check_b9_exponent_two_param\
eters.g:61
            if s<2 or actions[i][s+1]=ca[s+1] then Error("Missing obstruction"\
);fi;
                                      ^^
Syntax warning: Unbound global variable in scripts/check_b9_exponent_two_param\
eters.g:62
            counts[1]:=counts[1]+1;
            ^^^^^^
Syntax warning: Unbound global variable in scripts/check_b9_exponent_two_param\
eters.g:62
            counts[1]:=counts[1]+1;
                       ^^^^^^
Syntax error: ( expected in scripts/check_b9_exponent_two_parameters.g:64
            if rec[3]="u_equals_c" then
                  ^
Syntax warning: Unbound global variable in scripts/check_b9_exponent_two_param\
eters.g:65
                if actions[i]<>ca then Error("False u=c");fi;
                               ^^
Syntax warning: Unbound global variable in scripts/check_b9_exponent_two_param\
eters.g:66
                A:=Concatenation(c,[1]);counts[2]:=counts[2]+1;
                ^
Syntax warning: Unbound global variable in scripts/check_b9_exponent_two_param\
eters.g:66
                A:=Concatenation(c,[1]);counts[2]:=counts[2]+1;
                                 ^
Syntax warning: Unbound global variable in scripts/check_b9_exponent_two_param\
eters.g:66
                A:=Concatenation(c,[1]);counts[2]:=counts[2]+1;
                                        ^^^^^^
Syntax warning: Unbound global variable in scripts/check_b9_exponent_two_param\
eters.g:66
                A:=Concatenation(c,[1]);counts[2]:=counts[2]+1;
                                                   ^^^^^^
Syntax warning: Unbound global variable in scripts/check_b9_exponent_two_param\
eters.g:68
                A:=Concatenation(shelf(u,[]),shift(c));counts[3]:=counts[3]+1;
                ^
Syntax warning: Unbound global variable in scripts/check_b9_exponent_two_param\
eters.g:68
                A:=Concatenation(shelf(u,[]),shift(c));counts[3]:=counts[3]+1;
                                       ^
Syntax warning: Unbound global variable in scripts/check_b9_exponent_two_param\
eters.g:68
                A:=Concatenation(shelf(u,[]),shift(c));counts[3]:=counts[3]+1;
                                                   ^
Syntax warning: Unbound global variable in scripts/check_b9_exponent_two_param\
eters.g:68
                A:=Concatenation(shelf(u,[]),shift(c));counts[3]:=counts[3]+1;
                                                       ^^^^^^
Syntax warning: Unbound global variable in scripts/check_b9_exponent_two_param\
eters.g:68
                A:=Concatenation(shelf(u,[]),shift(c));counts[3]:=counts[3]+1;
                                                                  ^^^^^^
Syntax warning: Unbound global variable in scripts/check_b9_exponent_two_param\
eters.g:70
            actual:=action(A);
            ^^^^^^
Syntax warning: Unbound global variable in scripts/check_b9_exponent_two_param\
eters.g:70
            actual:=action(A);
                           ^
Syntax warning: Unbound global variable in scripts/check_b9_exponent_two_param\
eters.g:71
            if actual<>action(rec[4]) or actual<>action(rec[6]) or
               ^^^^^^
Syntax error: ( expected in scripts/check_b9_exponent_two_parameters.g:71
            if actual<>action(rec[4]) or actual<>action(rec[6]) or
                                 ^
Syntax warning: Unbound global variable in scripts/check_b9_exponent_two_param\
eters.g:72
               minimum(actual)<>rec[5] then Error("Direct support certificate"\
);fi;
                       ^^^^^^
Syntax error: ( expected in scripts/check_b9_exponent_two_parameters.g:72
               minimum(actual)<>rec[5] then Error("Direct support certificate"\
);fi;
                                   ^
Syntax error: ( expected in scripts/check_b9_exponent_two_parameters.g:73
            if rec[3]="remaining_direct_check" and s>=2 then
                  ^
Syntax warning: Unbound global variable in scripts/check_b9_exponent_two_param\
eters.g:74
                h:=Concatenation(inv(u),c);rank:=minimum(action(h));
                ^
Syntax warning: Unbound global variable in scripts/check_b9_exponent_two_param\
eters.g:74
                h:=Concatenation(inv(u),c);rank:=minimum(action(h));
                                     ^
Syntax warning: Unbound global variable in scripts/check_b9_exponent_two_param\
eters.g:74
                h:=Concatenation(inv(u),c);rank:=minimum(action(h));
                                        ^
Syntax warning: Unbound global variable in scripts/check_b9_exponent_two_param\
eters.g:74
                h:=Concatenation(inv(u),c);rank:=minimum(action(h));
                                           ^^^^
Syntax warning: Unbound global variable in scripts/check_b9_exponent_two_param\
eters.g:74
                h:=Concatenation(inv(u),c);rank:=minimum(action(h));
                                                                ^
Syntax warning: Unbound global variable in scripts/check_b9_exponent_two_param\
eters.g:75
                hh:=h;
                ^^
Syntax warning: Unbound global variable in scripts/check_b9_exponent_two_param\
eters.g:75
                hh:=h;
                    ^
Syntax warning: Unbound global variable in scripts/check_b9_exponent_two_param\
eters.g:76
                for n in Reversed([rank+1..7]) do hh:=deleteLast(hh,n);od;
                    ^
Syntax warning: Unbound global variable in scripts/check_b9_exponent_two_param\
eters.g:76
                for n in Reversed([rank+1..7]) do hh:=deleteLast(hh,n);od;
                                   ^^^^
Syntax warning: Unbound global variable in scripts/check_b9_exponent_two_param\
eters.g:76
                for n in Reversed([rank+1..7]) do hh:=deleteLast(hh,n);od;
                                                  ^^
Syntax warning: Unbound global variable in scripts/check_b9_exponent_two_param\
eters.g:77
                if action(hh)<>action(h) then Error("Lower-strand difference")\
;fi;
                          ^^
Syntax warning: Unbound global variable in scripts/check_b9_exponent_two_param\
eters.g:77
                if action(hh)<>action(h) then Error("Lower-strand difference")\
;fi;
                                      ^
Syntax warning: Unbound global variable in scripts/check_b9_exponent_two_param\
eters.g:78
                if actions[i]=ca then Error("Need distinct special braids");fi\
;
                              ^^
Syntax warning: Unbound global variable in scripts/check_b9_exponent_two_param\
eters.g:80
                      "; strands ",r,",",minimum(ca),"; difference strands ",r\
ank,
                                                 ^^
Syntax warning: Unbound global variable in scripts/check_b9_exponent_two_param\
eters.g:80
                      "; strands ",r,",",minimum(ca),"; difference strands ",r\
ank,
                                                                             ^\
^^^
Syntax warning: Unbound global variable in scripts/check_b9_exponent_two_param\
eters.g:81
                      "; h=",hh,"\n");
                             ^^
Syntax warning: Unbound global variable in scripts/check_b9_exponent_two_param\
eters.g:82
                exceptions:=exceptions+1;
                ^^^^^^^^^^
Syntax warning: Unbound global variable in scripts/check_b9_exponent_two_param\
eters.g:86
    boundary:=[2,1,1,-2,-3,2,2,-3];
    ^^^^^^^^
Syntax warning: Unbound global variable in scripts/check_b9_exponent_two_param\
eters.g:88
       action(boundary) or minimum(action(boundary))<>4 then Error("Pure bound\
ary control");fi;
              ^^^^^^^^
Syntax warning: Unbound global variable in scripts/check_b9_exponent_two_param\
eters.g:88
       action(boundary) or minimum(action(boundary))<>4 then Error("Pure bound\
ary control");fi;
                                          ^^^^^^^^
Syntax warning: Unbound global variable in scripts/check_b9_exponent_two_param\
eters.g:89
    Print("All268 filtered cases checked: obstruction/equal/direct counts ",co\
unts,
                                                                            ^^\
^^^^
Syntax warning: Unbound global variable in scripts/check_b9_exponent_two_param\
eters.g:90
          "; distinct same-last-image examples ",exceptions,"\n");
                                                 ^^^^^^^^^^
