GAP Lie replay zero
GAP Lie replay abelian3: [ 1, 1, 1 ]; centroid 0; reduced dimension 0
GAP Lie replay heisenberg3: [ 3 ]; centroid 3; reduced dimension 1
GAP Lie replay filiform4: [ 4 ]; centroid 3; reduced dimension 1
GAP Lie replay heisenberg5: [ 5 ]; centroid 5; reduced dimension 1
GAP Lie replay quadratic_field2: [ 6 ]; centroid 10; reduced dimension 2
GAP Lie replay dual_numbers: [ 6 ]; centroid 10; reduced dimension 1
GAP Lie replay split_quadratic: [ 3, 3 ]; centroid 10; reduced dimension 2
GAP Lie replay mixed_fields: [ 6, 6 ]; centroid 36; reduced dimension 4
GAP Lie replay repeated_field: [ 6, 6 ]; centroid 36; reduced dimension 4
GAP Lie replay central_factor: [ 1, 1, 6 ]; centroid 10; reduced dimension 2
GAP Lie replay mixed_classes: [ 1, 3, 4 ]; centroid 10; reduced dimension 2
Factor comparison diagnostic quadratic_field2_rational_basis
GAP factors: [ x_1^2-46/13*x_1+511/169, x_1^2-46/13*x_1+511/169, 
  x_1^2-46/13*x_1+511/169 ]
Certificate factors: [ 169*x_1^2-598*x_1+511, 169*x_1^2-598*x_1+511, 
  169*x_1^2-598*x_1+511 ]
Characteristic: x_1^6-138/13*x_1^5+7881/169*x_1^4-238372/2197*x_1^3+4027191/28\
561*x_1^2-36034698/371293*x_1+133432831/4826809
[1m[34mgap> [0m[31m