Timeout (0:01:00)!
Thread 0x00007f96a1519080 (most recent call first):
  File "/project/gworld1/.venv/lib/python3.12/site-packages/sympy/core/cache.py", line 72 in wrapper
  File "/project/gworld1/.venv/lib/python3.12/site-packages/sympy/core/sympify.py", line 422 in sympify
  File "/project/gworld1/.venv/lib/python3.12/site-packages/sympy/matrices/matrixbase.py", line 3977 in _handle_creation_inputs
  File "/project/gworld1/.venv/lib/python3.12/site-packages/sympy/matrices/repmatrix.py", line 578 in _new
  File "/project/gworld1/.venv/lib/python3.12/site-packages/sympy/matrices/repmatrix.py", line 567 in __new__
  File "/project/gworld1/scripts/n8_ia_orbits.py", line 38 in __init__
  File "/project/gworld1/scripts/check_n8_class9_kernels.py", line 28 in <module>
Timeout (0:01:00)!
Thread 0x00007f96a1519080 (most recent call first):
  File "/project/gworld1/.venv/lib/python3.12/site-packages/sympy/polys/domains/ring.py", line 21 in exquo
  File "/project/gworld1/.venv/lib/python3.12/site-packages/sympy/polys/matrices/sdm.py", line 1988 in sdm_rref_den
  File "/project/gworld1/.venv/lib/python3.12/site-packages/sympy/polys/matrices/rref.py", line 220 in _dm_rref_den_FF_sparse
  File "/project/gworld1/.venv/lib/python3.12/site-packages/sympy/polys/matrices/rref.py", line 195 in _dm_rref_den_FF
  File "/project/gworld1/.venv/lib/python3.12/site-packages/sympy/polys/matrices/rref.py", line 67 in _dm_rref
  File "/project/gworld1/.venv/lib/python3.12/site-packages/sympy/polys/matrices/domainmatrix.py", line 2228 in rref
  File "/project/gworld1/scripts/n8_ia_orbits.py", line 39 in __init__
  File "/project/gworld1/scripts/check_n8_class9_kernels.py", line 28 in <module>
Timeout (0:01:00)!
Thread 0x00007f96a1519080 (most recent call first):
  File "/project/gworld1/.venv/lib/python3.12/site-packages/sympy/polys/matrices/sdm.py", line 1988 in sdm_rref_den
  File "/project/gworld1/.venv/lib/python3.12/site-packages/sympy/polys/matrices/rref.py", line 220 in _dm_rref_den_FF_sparse
  File "/project/gworld1/.venv/lib/python3.12/site-packages/sympy/polys/matrices/rref.py", line 195 in _dm_rref_den_FF
  File "/project/gworld1/.venv/lib/python3.12/site-packages/sympy/polys/matrices/rref.py", line 67 in _dm_rref
  File "/project/gworld1/.venv/lib/python3.12/site-packages/sympy/polys/matrices/domainmatrix.py", line 2228 in rref
  File "/project/gworld1/scripts/n8_ia_orbits.py", line 39 in __init__
  File "/project/gworld1/scripts/check_n8_class9_kernels.py", line 28 in <module>
Timeout (0:01:00)!
Thread 0x00007f96a1519080 (most recent call first):
  File "/project/gworld1/.venv/lib/python3.12/site-packages/sympy/polys/matrices/sdm.py", line 1985 in sdm_rref_den
  File "/project/gworld1/.venv/lib/python3.12/site-packages/sympy/polys/matrices/rref.py", line 220 in _dm_rref_den_FF_sparse
  File "/project/gworld1/.venv/lib/python3.12/site-packages/sympy/polys/matrices/rref.py", line 195 in _dm_rref_den_FF
  File "/project/gworld1/.venv/lib/python3.12/site-packages/sympy/polys/matrices/rref.py", line 67 in _dm_rref
  File "/project/gworld1/.venv/lib/python3.12/site-packages/sympy/polys/matrices/domainmatrix.py", line 2228 in rref
  File "/project/gworld1/scripts/n8_ia_orbits.py", line 39 in __init__
  File "/project/gworld1/scripts/check_n8_class9_kernels.py", line 28 in <module>
