Timeout (0:01:00)!
Thread 0x00007cd061da6080 (most recent call first):
  File "/project/gworld1/scripts/n8_class3.py", line 22 in add
  File "/project/gworld1/scripts/n8_ia_orbits.py", line 92 in coordinates
  File "/project/gworld1/scripts/check_n8_class9_kernels.py", line 78 in <module>
Timeout (0:01:00)!
Thread 0x00007cd061da6080 (most recent call first):
  File "/project/gworld1/scripts/n8_class3.py", line 22 in add
  File "/project/gworld1/scripts/n8_ia_orbits.py", line 92 in coordinates
  File "/project/gworld1/scripts/check_n8_class9_kernels.py", line 78 in <module>
Timeout (0:01:00)!
Thread 0x00007cd061da6080 (most recent call first):
  File "/project/gworld1/scripts/n8_class3.py", line 22 in add
  File "/project/gworld1/scripts/n8_ia_orbits.py", line 92 in coordinates
  File "/project/gworld1/scripts/check_n8_class9_kernels.py", line 51 in check
  File "/project/gworld1/scripts/check_n8_class9_kernels.py", line 72 in <module>
Timeout (0:01:00)!
Thread 0x00007cd061da6080 (most recent call first):
  File "/project/gworld1/scripts/n8_class3.py", line 22 in add
  File "/project/gworld1/scripts/n8_ia_orbits.py", line 92 in coordinates
  File "/project/gworld1/scripts/check_n8_class9_kernels.py", line 78 in <module>
