PASS: 88 archived sources, author checksums, and nine dependency pins
COMMAND ["lean", "--version"]
Lean (version 4.24.0, x86_64-unknown-linux-gnu, commit 797c613eb9b6d4ec95db23e3e00af9ac6657f24b, Release)
COMMAND ["bash", "scripts/check.sh"]
✔ [3101/3181] Built Kourovka.Computability.Enumeration (2.0s)
✔ [3102/3181] Built Kourovka.Schreier.Transversal (3.2s)
✔ [3103/3181] Built Kourovka.Polyhedral.Radius (4.8s)
✔ [3104/3181] Built Kourovka.Presentations.Presentations (3.2s)
✔ [3105/3181] Built Kourovka.Schreier.PathLifting (4.1s)
✔ [3106/3181] Built Kourovka.Certificates.WordCertificates (3.4s)
✔ [3107/3181] Built Kourovka.Presentations.CentralExtension (3.8s)
✔ [3108/3181] Built Kourovka.Polyhedral.FourierMotzkin (5.2s)
✔ [3109/3181] Built Kourovka.Schreier.KernelPresentation (5.2s)
✔ [3110/3181] Built Kourovka.Computability.ComputableWords (3.6s)
✔ [3111/3181] Built Kourovka.Certificates.PresentationIsomorphism (4.2s)
✔ [3112/3181] Built Kourovka.Polyhedral.ConeVerifier (4.1s)
✔ [3113/3181] Built Kourovka.Presentations.CentralExtensionPresentation (5.4s)
✔ [3114/3181] Built Kourovka.Presentations.RelatorCodes (3.3s)
✔ [3115/3181] Built Kourovka.Computability.ComputableClosure (4.1s)
✔ [3116/3181] Built Kourovka.Presentations.FiniteQuotient (3.6s)
✔ [3117/3181] Built Kourovka.Presentations.FreeAbelianPresentation (3.5s)
✔ [3118/3181] Built Kourovka.Cofinality.CofinalCover (4.0s)
✔ [3119/3181] Built Kourovka.Computability.ComputablePresentations (3.5s)
✔ [3120/3181] Built Kourovka.Polyhedral.ConeMargin (5.8s)
✔ [3121/3181] Built Kourovka.Certificates.NaturalWordSubstitution (3.5s)
✔ [3122/3181] Built Kourovka.Computability.ComputableIntegers (4.0s)
✔ [3123/3181] Built Kourovka.Covers.FiniteCover (4.3s)
✔ [3124/3181] Built Kourovka.Presentations.PullbackPresentation (6.3s)
✔ [3125/3181] Built Kourovka.Certificates.NaturalWordCertificates (3.2s)
✔ [3126/3181] Built Kourovka.Polyhedral.ComputableFourierMotzkin (3.6s)
✔ [3127/3181] Built Kourovka.Modules.TamenessCompactness (3.3s)
✔ [3128/3181] Built Kourovka.Collection.Collection (4.0s)
✔ [3129/3181] Built Kourovka.Certificates.ComputableIsomorphism (3.5s)
✔ [3130/3181] Built Kourovka.Modules.CommutatorModule (4.8s)
✔ [3131/3181] Built Kourovka.Covers.CertifiedRadius (10s)
✔ [3132/3181] Built Kourovka.Certificates.ComputableEpimorphism (4.2s)
✔ [3133/3181] Built Kourovka.Certificates.IsomorphismSemantics (6.2s)
✔ [3134/3181] Built Kourovka.Modules.ValuationModule (8.4s)
✔ [3135/3181] Built Kourovka.Collection.CollectionFinite (6.9s)
✔ [3136/3181] Built Kourovka.Presentations.KernelGenerators (5.4s)
✔ [3137/3181] Built Kourovka.Modules.LaurentAction (7.2s)
✔ [3138/3181] Built Tests.ConeExamples (4.9s)
✔ [3139/3181] Built Kourovka.Presentations.QuotientCodes (3.5s)
✔ [3140/3181] Built Kourovka.Certificates.EpimorphismSemantics (3.8s)
✔ [3141/3181] Built Kourovka.Modules.SignedTameness (4.3s)
✔ [3142/3181] Built Kourovka.Halfspaces.HalfspaceModule (5.0s)
✔ [3143/3181] Built Kourovka.Collection.CollectionGeometry (13s)
✔ [3144/3181] Built Kourovka.Cofinality.LatticePullback (6.7s)
✔ [3145/3181] Built Kourovka.Modules.ModuleRealization (4.6s)
✔ [3146/3181] Built Kourovka.Collection.CollectionRadius (4.3s)
✔ [3147/3181] Built Kourovka.Covers.CoverMargin (4.8s)
✔ [3148/3181] Built Kourovka.Modules.FiniteModuleGenerators (3.4s)
✔ [3149/3181] Built Kourovka.Halfspaces.HalfspaceSplitting (5.6s)
✔ [3150/3181] Built Kourovka.Polyhedral.ComputableCone (25s)
✔ [3151/3181] Built Kourovka.Covers.CoverSoundness (5.8s)
✔ [3152/3181] Built Kourovka.Halfspaces.HalfspaceGeometry (3.5s)
✔ [3153/3181] Built Kourovka.Covers.CertifiedCover (3.5s)
✔ [3154/3181] Built Kourovka.Halfspaces.HalfspaceLoops (3.0s)
✔ [3155/3181] Built Kourovka.Halfspaces.SchreierHeights (3.0s)
✔ [3156/3181] Built Kourovka.Covers.ComputableCoverData (3.6s)
✔ [3157/3181] Built Kourovka.Cofinality.CofinalRealization (5.4s)
✔ [3158/3181] Built Kourovka.Halfspaces.HalfspaceRelators (3.8s)
✔ [3159/3181] Built Kourovka.Covers.ComputableLatticeBall (3.7s)
✔ [3160/3181] Built Kourovka.Halfspaces.HalfspaceLoopModule (7.9s)
✔ [3161/3181] Built Kourovka.Halfspaces.SchreierKernel (4.7s)
✔ [3162/3181] Built Kourovka.Halfspaces.SchreierPaths (3.2s)
✔ [3163/3181] Built Kourovka.Halfspaces.HalfspaceGeneration (3.8s)
✔ [3164/3181] Built Kourovka.Halfspaces.HalfspaceShift (3.6s)
✔ [3165/3181] Built Kourovka.Halfspaces.BieriStrebelNecessity (4.1s)
✔ [3166/3181] Built Kourovka.Cofinality.Cofinality (4.4s)
✔ [3167/3181] Built Kourovka.Covers.ComputableCoverWords (43s)
✔ [3168/3181] Built Kourovka.Enumeration.ComputableEnumeration (3.3s)
✔ [3169/3181] Built Kourovka.Covers.ComputableCoverBounds (3.3s)
✔ [3170/3181] Built Kourovka.Covers.ComputableCoverSemantics (3.0s)
✔ [3171/3181] Built Kourovka.Enumeration.EnumerationCofinality (3.0s)
✔ [3172/3181] Built Kourovka.Enumeration.EnumerationCorrectness (3.4s)
✔ [3173/3181] Built Kourovka.Enumeration.EpimorphismEnumeration (3.5s)
✔ [3174/3181] Built Kourovka.Enumeration.Main (2.9s)
✔ [3175/3181] Built Kourovka.Paper (2.9s)
✔ [3176/3181] Built Kourovka (3.0s)
✔ [3178/3181] Built Tests.PresentationExamples (3.2s)
ℹ [3179/3181] Built Tests.Completion (5.4s)
info: Tests/Completion.lean:28:0: 'Kourovka.MetabelianEnumeration.kourovka_17_124' depends on axioms: [propext, Classical.choice, Quot.sound]
info: Tests/Completion.lean:44:0: 'Kourovka.MetabelianEnumeration.EpimorphismEnumeration.kourovka_17_124_via_epimorphisms' depends on axioms: [propext,
 Classical.choice,
 Quot.sound]
✔ [3180/3181] Built Tests (2.7s)
Build completed successfully (3181 jobs).
Axiom audit passed for 1624 project declarations.
'Kourovka.MetabelianEnumeration.Paper.certificateCheck_primrec' depends on axioms: [propext,
 Classical.choice,
 Quot.sound]
'Kourovka.MetabelianEnumeration.Paper.metabelian_iff_certificate' depends on axioms: [propext,
 Classical.choice,
 Quot.sound]
'Kourovka.MetabelianEnumeration.Paper.metabelian_presentations_re' depends on axioms: [propext,
 Classical.choice,
 Quot.sound]
COMMAND ["lake", "env", "lean", "--trust=0", "--stdin"]
<stdin>:25:2: error: Type mismatch: After simplification, term
  Paper.metabelian_iff_certificate (Encodable.encode p)
 has type
  WellFormed p ∧ Metabelian (GroupOf (decodePresentation (Encodable.encode p))) ↔
    ∃ c, Paper.certificateCheck (Encodable.encode p) c = true
but is expected to have type
  ((∀ w ∈ p.2, ∀ letter ∈ w, letter.1 < p.1) ∧
      ∀ (a b c d : PresentedGroup {r | r ∈ List.map (interpretWord p.1) p.2}),
        a * b * a⁻¹ * b⁻¹ * (c * d * c⁻¹ * d⁻¹) = c * d * c⁻¹ * d⁻¹ * (a * b * a⁻¹ * b⁻¹)) ↔
    ∃ c, Paper.certificateCheck (Encodable.encode p) c = true
theorem gworld_A5_enumeration : REPred fun m =>
  have p := decodePresentation m;
  (∀ w ∈ p.2, ∀ letter ∈ w, letter.1 < p.1) ∧
    ∀ (a b c d : PresentedGroup {r | r ∈ List.map (interpretWord p.1) p.2}),
      a * b * a⁻¹ * b⁻¹ * (c * d * c⁻¹ * d⁻¹) = c * d * c⁻¹ * d⁻¹ * (a * b * a⁻¹ * b⁻¹) :=
Paper.metabelian_presentations_re
theorem gworld_A5_certificates : ∃ V,
  Primrec₂ V ∧
    ∀ (p : ℕ × List (List (ℕ × Bool))),
      ((∀ w ∈ p.2, ∀ letter ∈ w, letter.1 < p.1) ∧
          ∀ (a b c d : PresentedGroup {r | r ∈ List.map (interpretWord p.1) p.2}),
            a * b * a⁻¹ * b⁻¹ * (c * d * c⁻¹ * d⁻¹) = c * d * c⁻¹ * d⁻¹ * (a * b * a⁻¹ * b⁻¹)) ↔
        ∃ c, V (Encodable.encode p) c = true :=
Exists.intro Paper.certificateCheck ⟨Paper.certificateCheck_primrec, fun p => sorry p⟩
'gworld_A5_enumeration' depends on axioms: [propext, Classical.choice, Quot.sound]
'gworld_A5_certificates' depends on axioms: [propext, sorryAx, Classical.choice, Quot.sound]
<stdin>:34:0: error: Unexpected axiom sorryAx in independent A5 restatement
