GAP Lie replay zero
GAP Lie replay cyclic: [ 1 ]; centroid 0; reduced dimension 0
GAP Lie replay abelian2: [ 1, 1 ]; centroid 0; reduced dimension 0
GAP Lie replay heisenberg: [ 3 ]; centroid 3; reduced dimension 1
GAP Lie replay heisenberg_scaled: [ 3 ]; centroid 3; reduced dimension 1
GAP Lie replay heisenberg_central: [ 1, 3 ]; centroid 3; reduced dimension 1
GAP Lie replay two_heisenbergs: [ 3, 3 ]; centroid 10; reduced dimension 2
GAP Lie replay quotient_glue2: [ 3, 3 ]; centroid 10; reduced dimension 2
GAP Lie replay center_glue2: [ 3, 3 ]; centroid 10; reduced dimension 2
GAP Lie replay scaled_product: [ 3, 3 ]; centroid 10; reduced dimension 2
GAP Lie replay heisenberg5: [ 5 ]; centroid 5; reduced dimension 1
GAP Lie replay two_heisenbergs_integral_basis: [ 3, 3 ]; centroid 
10; reduced dimension 2
GAP Lie replay quotient_glue2_integral_basis: [ 3, 3 ]; centroid 
10; reduced dimension 2
GAP Lie replay center_glue2_integral_basis: [ 3, 3 ]; centroid 
10; reduced dimension 2
GAP Lie replay scaled_product_integral_basis: [ 3, 3 ]; centroid 
10; reduced dimension 2
GAP class2 trivial group
GAP class2 cyclic: false; 1 branch decisions
GAP class2 abelian2: true; 1 branch decisions
GAP class2 heisenberg: false; 2 branch decisions
GAP class2 heisenberg_scaled: false; 2 branch decisions
GAP class2 heisenberg_central: true; 1 branch decisions
GAP class2 two_heisenbergs: true; 2 branch decisions
GAP class2 quotient_glue2: false; 4 branch decisions
GAP class2 center_glue2: false; 4 branch decisions
GAP class2 scaled_product: true; 2 branch decisions
GAP class2 heisenberg5: false; 2 branch decisions
GAP class2 two_heisenbergs_integral_basis: true; 2 branch decisions
GAP class2 quotient_glue2_integral_basis: false; 4 branch decisions
GAP class2 center_glue2_integral_basis: false; 4 branch decisions
GAP class2 scaled_product_integral_basis: true; 2 branch decisions
PASS N5 class2 GAP: 15 groups; 33 branches; 6 decompositions
