Timeout (0:01:00)!
Thread 0x000077a3e5ca5080 (most recent call first):
  File "/project/gworld1/.venv/lib/python3.12/site-packages/sympy/polys/matrices/sdm.py", line 97 in getitem
  File "/project/gworld1/.venv/lib/python3.12/site-packages/sympy/matrices/repmatrix.py", line 1025 in _getitem_RepMatrix
  File "/project/gworld1/.venv/lib/python3.12/site-packages/sympy/matrices/repmatrix.py", line 336 in __getitem__
  File "/project/gworld1/scripts/n8_multigraded_magnus.py", line 37 in <genexpr>
  File "/project/gworld1/scripts/n8_multigraded_magnus.py", line 37 in coordinates
  File "/project/gworld1/scripts/n8_class9.py", line 46 in exceptional_finish
  File "/project/gworld1/scripts/n8_class9.py", line 94 in decide_class9
  File "/project/gworld1/scripts/check_n8_class9.py", line 34 in check
  File "/project/gworld1/scripts/check_n8_class9.py", line 70 in <module>
Timeout (0:01:00)!
Thread 0x000077a3e5ca5080 (most recent call first):
  File "/project/gworld1/scripts/n8_component_hnf.py", line 48 in hermite
  File "/project/gworld1/scripts/n8_sparse_polynomial_lattice.py", line 61 in polynomial_system
  File "/project/gworld1/scripts/n8_class9.py", line 47 in exceptional_finish
  File "/project/gworld1/scripts/n8_class9.py", line 94 in decide_class9
  File "/project/gworld1/scripts/check_n8_class9.py", line 34 in check
  File "/project/gworld1/scripts/check_n8_class9.py", line 70 in <module>
Timeout (0:01:00)!
Thread 0x000077a3e5ca5080 (most recent call first):
  File "/project/gworld1/scripts/n8_flint_linear.py", line 12 in affine_solution
  File "/project/gworld1/scripts/n8_flint_linear.py", line 35 in linear_solution
  File "/project/gworld1/scripts/n8_class7.py", line 134 in first
  File "/project/gworld1/scripts/n8_class9.py", line 87 in decide_class9
  File "/project/gworld1/scripts/check_n8_class9.py", line 34 in check
  File "/project/gworld1/scripts/check_n8_class9.py", line 74 in <module>
Timeout (0:01:00)!
Thread 0x000077a3e5ca5080 (most recent call first):
  File "/project/gworld1/.venv/lib/python3.12/site-packages/sympy/matrices/repmatrix.py", line 1020 in _getitem_RepMatrix
  File "/project/gworld1/.venv/lib/python3.12/site-packages/sympy/matrices/repmatrix.py", line 336 in __getitem__
  File "/project/gworld1/scripts/n8_multigraded_magnus.py", line 38 in coordinates
  File "/project/gworld1/scripts/n8_class9.py", line 46 in exceptional_finish
  File "/project/gworld1/scripts/n8_class9.py", line 94 in decide_class9
  File "/project/gworld1/scripts/check_n8_class9.py", line 34 in check
  File "/project/gworld1/scripts/check_n8_class9.py", line 74 in <module>
Timeout (0:01:00)!
Thread 0x000077a3e5ca5080 (most recent call first):
  File "/project/gworld1/scripts/n8_fast_magnus.py", line 21 in mul
  File "/project/gworld1/scripts/n8_ia_orbits.py", line 98 in lift
  File "/project/gworld1/scripts/n8_ia_orbits.py", line 106 in collect
  File "/project/gworld1/scripts/n8_class9.py", line 56 in exceptional_finish
  File "/project/gworld1/scripts/n8_class9.py", line 94 in decide_class9
  File "/project/gworld1/scripts/check_n8_class9.py", line 34 in check
  File "/project/gworld1/scripts/check_n8_class9.py", line 74 in <module>
Timeout (0:01:00)!
Thread 0x000077a3e5ca5080 (most recent call first):
  File "/project/gworld1/.venv/lib/python3.12/site-packages/sympy/polys/matrices/normalforms.py", line 140 in eye
  File "/project/gworld1/.venv/lib/python3.12/site-packages/sympy/polys/matrices/normalforms.py", line 150 in _smith_normal_decomp
  File "/project/gworld1/.venv/lib/python3.12/site-packages/sympy/polys/matrices/normalforms.py", line 237 in _smith_normal_decomp
  File "/project/gworld1/.venv/lib/python3.12/site-packages/sympy/polys/matrices/normalforms.py", line 237 in _smith_normal_decomp
  File "/project/gworld1/.venv/lib/python3.12/site-packages/sympy/polys/matrices/normalforms.py", line 237 in _smith_normal_decomp
  File "/project/gworld1/.venv/lib/python3.12/site-packages/sympy/polys/matrices/normalforms.py", line 237 in _smith_normal_decomp
  File "/project/gworld1/.venv/lib/python3.12/site-packages/sympy/polys/matrices/normalforms.py", line 237 in _smith_normal_decomp
  File "/project/gworld1/.venv/lib/python3.12/site-packages/sympy/polys/matrices/normalforms.py", line 237 in _smith_normal_decomp
  File "/project/gworld1/.venv/lib/python3.12/site-packages/sympy/polys/matrices/normalforms.py", line 237 in _smith_normal_decomp
  File "/project/gworld1/.venv/lib/python3.12/site-packages/sympy/polys/matrices/normalforms.py", line 237 in _smith_normal_decomp
  File "/project/gworld1/.venv/lib/python3.12/site-packages/sympy/polys/matrices/normalforms.py", line 237 in _smith_normal_decomp
  File "/project/gworld1/.venv/lib/python3.12/site-packages/sympy/polys/matrices/normalforms.py", line 237 in _smith_normal_decomp
  File "/project/gworld1/.venv/lib/python3.12/site-packages/sympy/polys/matrices/normalforms.py", line 237 in _smith_normal_decomp
  File "/project/gworld1/.venv/lib/python3.12/site-packages/sympy/polys/matrices/normalforms.py", line 237 in _smith_normal_decomp
  File "/project/gworld1/.venv/lib/python3.12/site-packages/sympy/polys/matrices/normalforms.py", line 237 in _smith_normal_decomp
  File "/project/gworld1/.venv/lib/python3.12/site-packages/sympy/polys/matrices/normalforms.py", line 237 in _smith_normal_decomp
  File "/project/gworld1/.venv/lib/python3.12/site-packages/sympy/polys/matrices/normalforms.py", line 237 in _smith_normal_decomp
  File "/project/gworld1/.venv/lib/python3.12/site-packages/sympy/polys/matrices/normalforms.py", line 237 in _smith_normal_decomp
  File "/project/gworld1/.venv/lib/python3.12/site-packages/sympy/polys/matrices/normalforms.py", line 237 in _smith_normal_decomp
  File "/project/gworld1/.venv/lib/python3.12/site-packages/sympy/polys/matrices/normalforms.py", line 237 in _smith_normal_decomp
  File "/project/gworld1/.venv/lib/python3.12/site-packages/sympy/polys/matrices/normalforms.py", line 237 in _smith_normal_decomp
  File "/project/gworld1/.venv/lib/python3.12/site-packages/sympy/polys/matrices/normalforms.py", line 237 in _smith_normal_decomp
  File "/project/gworld1/.venv/lib/python3.12/site-packages/sympy/polys/matrices/normalforms.py", line 237 in _smith_normal_decomp
  File "/project/gworld1/.venv/lib/python3.12/site-packages/sympy/polys/matrices/normalforms.py", line 237 in _smith_normal_decomp
  File "/project/gworld1/.venv/lib/python3.12/site-packages/sympy/polys/matrices/normalforms.py", line 237 in _smith_normal_decomp
  File "/project/gworld1/.venv/lib/python3.12/site-packages/sympy/polys/matrices/normalforms.py", line 237 in _smith_normal_decomp
  File "/project/gworld1/.venv/lib/python3.12/site-packages/sympy/polys/matrices/normalforms.py", line 237 in _smith_normal_decomp
  File "/project/gworld1/.venv/lib/python3.12/site-packages/sympy/polys/matrices/normalforms.py", line 237 in _smith_normal_decomp
  File "/project/gworld1/.venv/lib/python3.12/site-packages/sympy/polys/matrices/normalforms.py", line 237 in _smith_normal_decomp
  File "/project/gworld1/.venv/lib/python3.12/site-packages/sympy/polys/matrices/normalforms.py", line 237 in _smith_normal_decomp
  File "/project/gworld1/.venv/lib/python3.12/site-packages/sympy/polys/matrices/normalforms.py", line 237 in _smith_normal_decomp
  File "/project/gworld1/.venv/lib/python3.12/site-packages/sympy/polys/matrices/normalforms.py", line 237 in _smith_normal_decomp
  File "/project/gworld1/.venv/lib/python3.12/site-packages/sympy/polys/matrices/normalforms.py", line 237 in _smith_normal_decomp
  File "/project/gworld1/.venv/lib/python3.12/site-packages/sympy/polys/matrices/normalforms.py", line 237 in _smith_normal_decomp
  File "/project/gworld1/.venv/lib/python3.12/site-packages/sympy/polys/matrices/normalforms.py", line 237 in _smith_normal_decomp
  File "/project/gworld1/.venv/lib/python3.12/site-packages/sympy/polys/matrices/normalforms.py", line 237 in _smith_normal_decomp
  File "/project/gworld1/.venv/lib/python3.12/site-packages/sympy/polys/matrices/normalforms.py", line 237 in _smith_normal_decomp
  File "/project/gworld1/.venv/lib/python3.12/site-packages/sympy/polys/matrices/normalforms.py", line 237 in _smith_normal_decomp
  File "/project/gworld1/.venv/lib/python3.12/site-packages/sympy/polys/matrices/normalforms.py", line 237 in _smith_normal_decomp
  File "/project/gworld1/.venv/lib/python3.12/site-packages/sympy/polys/matrices/normalforms.py", line 237 in _smith_normal_decomp
  File "/project/gworld1/.venv/lib/python3.12/site-packages/sympy/polys/matrices/normalforms.py", line 237 in _smith_normal_decomp
  File "/project/gworld1/.venv/lib/python3.12/site-packages/sympy/polys/matrices/normalforms.py", line 237 in _smith_normal_decomp
  File "/project/gworld1/.venv/lib/python3.12/site-packages/sympy/polys/matrices/normalforms.py", line 237 in _smith_normal_decomp
  File "/project/gworld1/.venv/lib/python3.12/site-packages/sympy/polys/matrices/normalforms.py", line 237 in _smith_normal_decomp
  File "/project/gworld1/.venv/lib/python3.12/site-packages/sympy/polys/matrices/normalforms.py", line 237 in _smith_normal_decomp
  File "/project/gworld1/.venv/lib/python3.12/site-packages/sympy/polys/matrices/normalforms.py", line 237 in _smith_normal_decomp
  File "/project/gworld1/.venv/lib/python3.12/site-packages/sympy/polys/matrices/normalforms.py", line 237 in _smith_normal_decomp
  File "/project/gworld1/.venv/lib/python3.12/site-packages/sympy/polys/matrices/normalforms.py", line 237 in _smith_normal_decomp
  File "/project/gworld1/.venv/lib/python3.12/site-packages/sympy/polys/matrices/normalforms.py", line 237 in _smith_normal_decomp
  File "/project/gworld1/.venv/lib/python3.12/site-packages/sympy/polys/matrices/normalforms.py", line 237 in _smith_normal_decomp
  File "/project/gworld1/.venv/lib/python3.12/site-packages/sympy/polys/matrices/normalforms.py", line 237 in _smith_normal_decomp
  File "/project/gworld1/.venv/lib/python3.12/site-packages/sympy/polys/matrices/normalforms.py", line 237 in _smith_normal_decomp
  File "/project/gworld1/.venv/lib/python3.12/site-packages/sympy/polys/matrices/normalforms.py", line 116 in smith_normal_decomp
  File "/project/gworld1/scripts/n8_class3.py", line 82 in smith
  File "/project/gworld1/scripts/n8_class5.py", line 98 in affine_solve
  File "/project/gworld1/scripts/n8_central.py", line 34 in linear_solution
  File "/project/gworld1/scripts/n8_penultimate.py", line 121 in decide_penultimate
  File "/project/gworld1/scripts/n8_class9.py", line 80 in decide_class9
  File "/project/gworld1/scripts/check_n8_class9.py", line 34 in check
  File "/project/gworld1/scripts/check_n8_class9.py", line 81 in <module>
