Syntax warning: Unbound global variable in scripts/check_f34_f38_language_gap.\
g:75
    actualSeed:=Concatenation(List(recd.seeds,w->List([1..k],i->Number(w,a->a=\
i))));;
                                                          ^
Syntax warning: Unbound global variable in scripts/check_f34_f38_language_gap.\
g:77
    actualTerminal:=Filtered([1..n],i->recd.terminal_letters[(i-1) mod k+1]<>0\
)-1;;
                                                                       ^
Syntax warning: Unbound global variable in scripts/check_f34_f38_language_gap.\
g:83
                expected:=Number(recd.morphisms[mi][(j-1) mod k+1],a->a=(i-1) \
mod k+1);
                                                                              \
    ^
Syntax warning: Unbound global variable in scripts/check_f34_f38_language_gap.\
g:92
            Sum(Filtered([1..k],a->recd.terminal_letters[a]=i),a->x[(j-1)*k+a]\
)-
                             ^
Syntax warning: Unbound global variable in scripts/check_f34_f38_language_gap.\
g:92
            Sum(Filtered([1..k],a->recd.terminal_letters[a]=i),a->x[(j-1)*k+a]\
)-
                                                                  ^
Syntax warning: Unbound global variable in scripts/check_f34_f38_language_gap.\
g:92
            Sum(Filtered([1..k],a->recd.terminal_letters[a]=i),a->x[(j-1)*k+a]\
)-
                                                                          ^
Syntax warning: Unbound global variable in scripts/check_f34_f38_language_gap.\
g:93
            Sum(Filtered([1..k],a->recd.terminal_letters[a]=-i),a->x[(j-1)*k+a\
])));;
                             ^
Syntax warning: Unbound global variable in scripts/check_f34_f38_language_gap.\
g:93
            Sum(Filtered([1..k],a->recd.terminal_letters[a]=-i),a->x[(j-1)*k+a\
])));;
                                                                   ^
Syntax warning: Unbound global variable in scripts/check_f34_f38_language_gap.\
g:93
            Sum(Filtered([1..k],a->recd.terminal_letters[a]=-i),a->x[(j-1)*k+a\
])));;
                                                                           ^
Syntax warning: Unbound global variable in scripts/check_f34_f38_language_gap.\
g:98
                a->x[(iu-1)*k+a]-x[(iv-1)*k+a]);
                   ^
Syntax warning: Unbound global variable in scripts/check_f34_f38_language_gap.\
g:98
                a->x[(iu-1)*k+a]-x[(iv-1)*k+a]);
                      ^^
Syntax warning: Unbound global variable in scripts/check_f34_f38_language_gap.\
g:98
                a->x[(iu-1)*k+a]-x[(iv-1)*k+a]);
                            ^
Syntax warning: Unbound global variable in scripts/check_f34_f38_language_gap.\
g:98
                a->x[(iu-1)*k+a]-x[(iv-1)*k+a]);
                                 ^
Syntax warning: Unbound global variable in scripts/check_f34_f38_language_gap.\
g:98
                a->x[(iu-1)*k+a]-x[(iv-1)*k+a]);
                                    ^^
Syntax warning: Unbound global variable in scripts/check_f34_f38_language_gap.\
g:98
                a->x[(iu-1)*k+a]-x[(iv-1)*k+a]);
                                          ^
Syntax warning: Unbound global variable in scripts/check_f34_f38_language_gap.\
g:109
    GWAssert(ForAll(c.monomials,e->Length(e)=n and Sum(e)<=c.degree and
                                             ^
Syntax warning: Unbound global variable in scripts/check_f34_f38_language_gap.\
g:109
    GWAssert(ForAll(c.monomials,e->Length(e)=n and Sum(e)<=c.degree and
                                                           ^
Syntax warning: Unbound global variable in scripts/check_f34_f38_language_gap.\
g:118
            if block.state in c.finals and ForAll(block.support,i->i in c.term\
inal_indices)
                                                                        ^
Syntax warning: Unbound global variable in scripts/check_f34_f38_language_gap.\
g:142
                 ForAll(GWSupport(x),i->i in c.terminal_indices) and
                                             ^
