BEGIN GAP quotient 2 10
HALL CACHE VERIFIED 2 10
READY GAP quotient 2 10
WITNESS 1
WITNESS 2
WITNESS 3
WITNESS 4
WITNESS 5
WITNESS 6
BEGIN LINEAR 1
BEGIN GAP quotient 2 8
HALL CACHE VERIFIED 2 8
READY GAP quotient 2 8
BEGIN COLUMNS 11
BEGIN MEMBERSHIP
LINEAR 1 true
BEGIN LINEAR 2
BEGIN COLUMNS 0
BEGIN MEMBERSHIP
LINEAR 2 true
BEGIN LINEAR 3
BEGIN COLUMNS 11
BEGIN MEMBERSHIP
LINEAR 3 true
BEGIN LINEAR 4
BEGIN COLUMNS 57
BEGIN MEMBERSHIP
LINEAR 4 false
BEGIN LINEAR 5
BEGIN COLUMNS 11
BEGIN MEMBERSHIP
LINEAR 5 true
BEGIN LINEAR 6
BEGIN COLUMNS 57
BEGIN MEMBERSHIP
LINEAR 6 false
BEGIN LINEAR 7
BEGIN COLUMNS 11
BEGIN MEMBERSHIP
LINEAR 7 true
BEGIN LINEAR 8
BEGIN COLUMNS 57
BEGIN MEMBERSHIP
LINEAR 8 true
BEGIN LINEAR 9
BEGIN COLUMNS 11
BEGIN MEMBERSHIP
LINEAR 9 true
BEGIN LINEAR 10
BEGIN COLUMNS 57
BEGIN MEMBERSHIP
LINEAR 10 false
BEGIN LINEAR 11
BEGIN COLUMNS 11
BEGIN MEMBERSHIP
LINEAR 11 true
BEGIN LINEAR 12
BEGIN COLUMNS 57
BEGIN MEMBERSHIP
LINEAR 12 false
BEGIN LINEAR 13
BEGIN COLUMNS 11
BEGIN MEMBERSHIP
LINEAR 13 false
BEGIN LINEAR 14
BEGIN COLUMNS 11
BEGIN MEMBERSHIP
LINEAR 14 false
BEGIN LINEAR 15
BEGIN COLUMNS 9
BEGIN MEMBERSHIP
LINEAR 15 true
BEGIN LINEAR 16
BEGIN COLUMNS 0
BEGIN MEMBERSHIP
LINEAR 16 true
BEGIN LINEAR 17
BEGIN COLUMNS 9
BEGIN MEMBERSHIP
LINEAR 17 true
BEGIN LINEAR 18
BEGIN COLUMNS 42
BEGIN MEMBERSHIP
LINEAR 18 false
BEGIN LINEAR 19
BEGIN COLUMNS 42
BEGIN MEMBERSHIP
LINEAR 19 false
BEGIN LINEAR 20
BEGIN COLUMNS 42
BEGIN MEMBERSHIP
LINEAR 20 false
BEGIN LINEAR 21
BEGIN COLUMNS 42
BEGIN MEMBERSHIP
LINEAR 21 false
BEGIN LINEAR 22
BEGIN COLUMNS 42
BEGIN MEMBERSHIP
LINEAR 22 false
BEGIN LINEAR 23
BEGIN COLUMNS 42
BEGIN MEMBERSHIP
LINEAR 23 false
BEGIN LINEAR 24
BEGIN COLUMNS 9
BEGIN MEMBERSHIP
LINEAR 24 true
BEGIN LINEAR 25
BEGIN COLUMNS 42
BEGIN MEMBERSHIP
LINEAR 25 false
BEGIN LINEAR 26
BEGIN COLUMNS 42
BEGIN MEMBERSHIP
LINEAR 26 false
BEGIN LINEAR 27
BEGIN COLUMNS 42
BEGIN MEMBERSHIP
LINEAR 27 false
BEGIN LINEAR 28
BEGIN COLUMNS 42
BEGIN MEMBERSHIP
LINEAR 28 false
BEGIN LINEAR 29
BEGIN COLUMNS 42
BEGIN MEMBERSHIP
LINEAR 29 false
BEGIN LINEAR 30
BEGIN COLUMNS 42
BEGIN MEMBERSHIP
LINEAR 30 false
BEGIN LINEAR 31
BEGIN COLUMNS 9
BEGIN MEMBERSHIP
LINEAR 31 true
BEGIN LINEAR 32
BEGIN COLUMNS 42
BEGIN MEMBERSHIP
LINEAR 32 false
BEGIN LINEAR 33
BEGIN COLUMNS 42
BEGIN MEMBERSHIP
LINEAR 33 true
BEGIN LINEAR 34
BEGIN COLUMNS 9
BEGIN MEMBERSHIP
LINEAR 34 true
BEGIN LINEAR 35
BEGIN COLUMNS 42
BEGIN MEMBERSHIP
LINEAR 35 false
BEGIN LINEAR 36
BEGIN COLUMNS 9
BEGIN MEMBERSHIP
LINEAR 36 true
BEGIN LINEAR 37
BEGIN COLUMNS 42
BEGIN MEMBERSHIP
LINEAR 37 false
BEGIN LINEAR 38
BEGIN COLUMNS 9
BEGIN MEMBERSHIP
LINEAR 38 false
BEGIN LINEAR 39
BEGIN COLUMNS 9
BEGIN MEMBERSHIP
LINEAR 39 false
BEGIN LINEAR 40
BEGIN COLUMNS 9
BEGIN MEMBERSHIP
LINEAR 40 true
BEGIN LINEAR 41
BEGIN COLUMNS 42
BEGIN MEMBERSHIP
LINEAR 41 false
BEGIN LINEAR 42
BEGIN COLUMNS 42
BEGIN MEMBERSHIP
LINEAR 42 false
BEGIN LINEAR 43
BEGIN COLUMNS 42
BEGIN MEMBERSHIP
LINEAR 43 false
BEGIN LINEAR 44
BEGIN COLUMNS 9
BEGIN MEMBERSHIP
LINEAR 44 true
BEGIN LINEAR 45
BEGIN COLUMNS 42
BEGIN MEMBERSHIP
LINEAR 45 false
BEGIN LINEAR 46
BEGIN COLUMNS 42
BEGIN MEMBERSHIP
LINEAR 46 false
BEGIN LINEAR 47
BEGIN COLUMNS 42
BEGIN MEMBERSHIP
LINEAR 47 false
BEGIN LINEAR 48
BEGIN COLUMNS 9
BEGIN MEMBERSHIP
LINEAR 48 true
BEGIN LINEAR 49
BEGIN COLUMNS 42
BEGIN MEMBERSHIP
LINEAR 49 false
BEGIN LINEAR 50
BEGIN COLUMNS 9
BEGIN MEMBERSHIP
LINEAR 50 true
BEGIN LINEAR 51
BEGIN COLUMNS 42
BEGIN MEMBERSHIP
LINEAR 51 false
BEGIN LINEAR 52
BEGIN COLUMNS 19
BEGIN MEMBERSHIP
LINEAR 52 true
BEGIN LINEAR 53
BEGIN COLUMNS 91
BEGIN MEMBERSHIP
LINEAR 53 true
BEGIN LINEAR 54
BEGIN COLUMNS 19
BEGIN MEMBERSHIP
LINEAR 54 true
BEGIN LINEAR 55
BEGIN COLUMNS 91
BEGIN MEMBERSHIP
LINEAR 55 true
BEGIN LINEAR 56
BEGIN COLUMNS 19
BEGIN MEMBERSHIP
LINEAR 56 true
BEGIN LINEAR 57
BEGIN COLUMNS 19
BEGIN MEMBERSHIP
LINEAR 57 true
BEGIN LINEAR 58
BEGIN COLUMNS 19
BEGIN MEMBERSHIP
LINEAR 58 true
BEGIN LINEAR 59
BEGIN COLUMNS 91
BEGIN MEMBERSHIP
LINEAR 59 false
BEGIN LINEAR 60
BEGIN COLUMNS 19
BEGIN MEMBERSHIP
LINEAR 60 true
BEGIN LINEAR 61
BEGIN COLUMNS 91
BEGIN MEMBERSHIP
LINEAR 61 false
FIRST NULLITY 0 VERIFIED
FIRST NULLITY 0 VERIFIED
FIRST NULLITY 0 VERIFIED
FIRST NULLITY 0 VERIFIED
FIRST NULLITY 0 VERIFIED
FIRST NULLITY 0 VERIFIED
FIRST NULLITY 1 VERIFIED
FIRST NULLITY 1 VERIFIED
FIRST NULLITY 1 VERIFIED
FIRST NULLITY 1 VERIFIED
FIRST NULLITY 1 VERIFIED
FIRST NULLITY 1 VERIFIED
FIRST NULLITY 1 VERIFIED
FIRST NULLITY 1 VERIFIED
FIRST NULLITY 1 VERIFIED
FIRST NULLITY 1 VERIFIED
FIRST NULLITY 1 VERIFIED
FIRST NULLITY 1 VERIFIED
FIRST NULLITY 1 VERIFIED
FIRST NULLITY 1 VERIFIED
FIRST NULLITY 1 VERIFIED
FIRST NULLITY 1 VERIFIED
BEGIN POLYNOMIAL 9
FIRST AFFINE LINE VERIFIED
ARITHMETIC VERIFIED
BEGIN GAP quotient 2 9
HALL CACHE VERIFIED 2 9
READY GAP quotient 2 9
SAMPLE 1 VERIFIED
SAMPLE 2 VERIFIED
SAMPLE 3 VERIFIED
SAMPLE 4 VERIFIED
SAMPLE 5 VERIFIED
BEGIN POLYNOMIAL COLUMNS
BEGIN POLYNOMIAL 9
FIRST AFFINE LINE VERIFIED
ARITHMETIC VERIFIED
SAMPLE 6 VERIFIED
SAMPLE 7 VERIFIED
SAMPLE 8 VERIFIED
SAMPLE 9 VERIFIED
SAMPLE 10 VERIFIED
BEGIN POLYNOMIAL COLUMNS
BEGIN POLYNOMIAL 9
FIRST AFFINE LINE VERIFIED
ARITHMETIC VERIFIED
SAMPLE 11 VERIFIED
SAMPLE 12 VERIFIED
SAMPLE 13 VERIFIED
SAMPLE 14 VERIFIED
SAMPLE 15 VERIFIED
BEGIN POLYNOMIAL COLUMNS
BEGIN POLYNOMIAL 9
FIRST AFFINE LINE VERIFIED
ARITHMETIC VERIFIED
SAMPLE 16 VERIFIED
SAMPLE 17 VERIFIED
SAMPLE 18 VERIFIED
SAMPLE 19 VERIFIED
SAMPLE 20 VERIFIED
BEGIN POLYNOMIAL COLUMNS
BEGIN POLYNOMIAL 9
FIRST AFFINE LINE VERIFIED
ARITHMETIC VERIFIED
SAMPLE 21 VERIFIED
SAMPLE 22 VERIFIED
SAMPLE 23 VERIFIED
SAMPLE 24 VERIFIED
SAMPLE 25 VERIFIED
BEGIN POLYNOMIAL COLUMNS
BEGIN POLYNOMIAL 9
FIRST AFFINE LINE VERIFIED
ARITHMETIC VERIFIED
SAMPLE 26 VERIFIED
SAMPLE 27 VERIFIED
SAMPLE 28 VERIFIED
SAMPLE 29 VERIFIED
SAMPLE 30 VERIFIED
BEGIN POLYNOMIAL COLUMNS
FIRST AFFINE LINE VERIFIED
BEGIN GAP quotient 2 4
HALL CACHE VERIFIED 2 4
READY GAP quotient 2 4
NIELSEN PERIOD 1 VERIFIED
FIRST AFFINE LINE VERIFIED
NIELSEN PERIOD 6 VERIFIED
FIRST AFFINE LINE VERIFIED
NIELSEN PERIOD 6 VERIFIED
FIRST AFFINE LINE VERIFIED
NIELSEN PERIOD 3 VERIFIED
FIRST AFFINE LINE VERIFIED
NIELSEN PERIOD 1 VERIFIED
FIRST AFFINE LINE VERIFIED
NIELSEN PERIOD 1 VERIFIED
FIRST AFFINE LINE VERIFIED
NIELSEN PERIOD 3 VERIFIED
FIRST AFFINE LINE VERIFIED
NIELSEN PERIOD 3 VERIFIED
FIRST AFFINE LINE VERIFIED
NIELSEN PERIOD 1 VERIFIED
FIRST AFFINE LINE VERIFIED
NIELSEN PERIOD 1 VERIFIED
PASS N8 all fourth-layer GAP: 6 witnesses; 61 linear decisions (33 negative); 
6 polynomial decisions (2 empty); 30 samples; 22 first nullities; 
10 Nielsen periods
