BEGIN GAP quotient 2 10
HALL CACHE VERIFIED 2 10
READY GAP quotient 2 10
WITNESS 1
WITNESS 2
WITNESS 3
BEGIN LINEAR 1
BEGIN GAP quotient 2 9
HALL CACHE VERIFIED 2 9
READY GAP quotient 2 9
BEGIN COLUMNS 31
BEGIN MEMBERSHIP
LINEAR 1 true
BEGIN LINEAR 2
BEGIN COLUMNS 31
BEGIN MEMBERSHIP
LINEAR 2 true
BEGIN LINEAR 3
BEGIN COLUMNS 31
BEGIN MEMBERSHIP
LINEAR 3 true
BEGIN LINEAR 4
BEGIN COLUMNS 31
BEGIN MEMBERSHIP
LINEAR 4 true
BEGIN LINEAR 5
BEGIN COLUMNS 31
BEGIN MEMBERSHIP
LINEAR 5 true
BEGIN LINEAR 6
BEGIN COLUMNS 31
BEGIN MEMBERSHIP
LINEAR 6 true
BEGIN LINEAR 7
BEGIN COLUMNS 31
BEGIN MEMBERSHIP
LINEAR 7 true
BEGIN POLYNOMIAL 10
ARITHMETIC VERIFIED
SAMPLE 1 VERIFIED
SAMPLE 2 VERIFIED
SAMPLE 3 VERIFIED
SAMPLE 4 VERIFIED
SAMPLE 5 VERIFIED
BEGIN POLYNOMIAL COLUMNS
BEGIN POLYNOMIAL 10
ARITHMETIC VERIFIED
SAMPLE 6 VERIFIED
SAMPLE 7 VERIFIED
SAMPLE 8 VERIFIED
SAMPLE 9 VERIFIED
SAMPLE 10 VERIFIED
BEGIN POLYNOMIAL COLUMNS
BEGIN POLYNOMIAL 10
ARITHMETIC VERIFIED
SAMPLE 11 VERIFIED
SAMPLE 12 VERIFIED
SAMPLE 13 VERIFIED
SAMPLE 14 VERIFIED
SAMPLE 15 VERIFIED
BEGIN POLYNOMIAL COLUMNS
BEGIN POLYNOMIAL 10
ARITHMETIC VERIFIED
SAMPLE 16 VERIFIED
SAMPLE 17 VERIFIED
SAMPLE 18 VERIFIED
SAMPLE 19 VERIFIED
SAMPLE 20 VERIFIED
BEGIN POLYNOMIAL COLUMNS
BEGIN POLYNOMIAL 10
ARITHMETIC VERIFIED
SAMPLE 21 VERIFIED
SAMPLE 22 VERIFIED
SAMPLE 23 VERIFIED
SAMPLE 24 VERIFIED
SAMPLE 25 VERIFIED
BEGIN POLYNOMIAL COLUMNS
BEGIN POLYNOMIAL 10
ARITHMETIC VERIFIED
SAMPLE 26 VERIFIED
SAMPLE 27 VERIFIED
SAMPLE 28 VERIFIED
SAMPLE 29 VERIFIED
SAMPLE 30 VERIFIED
BEGIN POLYNOMIAL COLUMNS
BEGIN POLYNOMIAL 10
ARITHMETIC VERIFIED
SAMPLE 31 VERIFIED
SAMPLE 32 VERIFIED
SAMPLE 33 VERIFIED
SAMPLE 34 VERIFIED
SAMPLE 35 VERIFIED
BEGIN POLYNOMIAL COLUMNS
PASS N8 class9 GAP: 3 witnesses; 7 linear decisions (0 negative); 
7 polynomial decisions (4 empty); 35 samples
