BEGIN GAP quotient 2 11
HALL CACHE VERIFIED 2 11
READY GAP quotient 2 11
WITNESS 1
WITNESS 2
WITNESS 3
BEGIN LINEAR 1
BEGIN GAP quotient 2 10
HALL CACHE VERIFIED 2 10
READY GAP quotient 2 10
BEGIN COLUMNS 57
BEGIN MEMBERSHIP
LINEAR 1 true
BEGIN LINEAR 2
BEGIN COLUMNS 57
BEGIN MEMBERSHIP
LINEAR 2 true
BEGIN LINEAR 3
BEGIN COLUMNS 57
BEGIN MEMBERSHIP
LINEAR 3 true
BEGIN LINEAR 4
BEGIN COLUMNS 57
BEGIN MEMBERSHIP
LINEAR 4 true
BEGIN LINEAR 5
BEGIN COLUMNS 57
BEGIN MEMBERSHIP
LINEAR 5 true
BEGIN LINEAR 6
BEGIN COLUMNS 57
BEGIN MEMBERSHIP
LINEAR 6 false
BEGIN LINEAR 7
BEGIN COLUMNS 57
BEGIN MEMBERSHIP
LINEAR 7 false
FIRST NULLITY 1 VERIFIED
FIRST NULLITY 1 VERIFIED
FIRST NULLITY 1 VERIFIED
FIRST NULLITY 1 VERIFIED
FIRST NULLITY 1 VERIFIED
BEGIN GAP quotient 2 9
HALL CACHE VERIFIED 2 9
READY GAP quotient 2 9
METABELIAN SCOPE true VERIFIED
METABELIAN SCOPE true VERIFIED
METABELIAN SCOPE true VERIFIED
METABELIAN SCOPE true VERIFIED
METABELIAN SCOPE true VERIFIED
METABELIAN SCOPE false VERIFIED
BEGIN POLYNOMIAL 11
FIRST AFFINE LINE VERIFIED
ARITHMETIC VERIFIED
SAMPLE 1 VERIFIED
SAMPLE 2 VERIFIED
SAMPLE 3 VERIFIED
SAMPLE 4 VERIFIED
SAMPLE 5 VERIFIED
BEGIN POLYNOMIAL COLUMNS
BEGIN POLYNOMIAL 11
FIRST AFFINE LINE VERIFIED
ARITHMETIC VERIFIED
SAMPLE 6 VERIFIED
SAMPLE 7 VERIFIED
SAMPLE 8 VERIFIED
SAMPLE 9 VERIFIED
SAMPLE 10 VERIFIED
BEGIN POLYNOMIAL COLUMNS
BEGIN POLYNOMIAL 11
FIRST AFFINE LINE VERIFIED
ARITHMETIC VERIFIED
SAMPLE 11 VERIFIED
SAMPLE 12 VERIFIED
SAMPLE 13 VERIFIED
SAMPLE 14 VERIFIED
SAMPLE 15 VERIFIED
BEGIN POLYNOMIAL COLUMNS
BEGIN POLYNOMIAL 11
FIRST AFFINE LINE VERIFIED
ARITHMETIC VERIFIED
SAMPLE 16 VERIFIED
SAMPLE 17 VERIFIED
SAMPLE 18 VERIFIED
SAMPLE 19 VERIFIED
SAMPLE 20 VERIFIED
BEGIN POLYNOMIAL COLUMNS
BEGIN POLYNOMIAL 11
FIRST AFFINE LINE VERIFIED
ARITHMETIC VERIFIED
SAMPLE 21 VERIFIED
SAMPLE 22 VERIFIED
SAMPLE 23 VERIFIED
SAMPLE 24 VERIFIED
SAMPLE 25 VERIFIED
BEGIN POLYNOMIAL COLUMNS
PASS N8 general type1 GAP: 3 witnesses; 7 linear decisions (2 negative); 
5 polynomial decisions (2 empty); 25 samples; 5 first nullities; 
6 scope checks
