BEGIN Magnus 2 10
BEGIN type3_5_base
RESULT type3_5_base True 0.258
BEGIN type3_5_corrected_signed_nonprimitive
RESULT type3_5_corrected_signed_nonprimitive True 1.553
BEGIN type3_5_final_negative
RESULT type3_5_final_negative False 0.355
BEGIN type3_5_first_perturbation
RESULT type3_5_first_perturbation False 0.172
BEGIN type4_4_base
RESULT type4_4_base True 0.193
BEGIN type4_4_corrected_signed_nonprimitive
RESULT type4_4_corrected_signed_nonprimitive True 0.912
BEGIN type4_4_final_negative
RESULT type4_4_final_negative False 0.179
BEGIN type4_4_first_perturbation
RESULT type4_4_first_perturbation True 0.248
BEGIN prior_type2_positive
RESULT prior_type2_positive True 0.504
BEGIN prior_type1_positive
RESULT prior_type1_positive True 0.409
BEGIN outside_identity
RESULT outside_identity None 0.0
BEGIN outside_degree_one
RESULT outside_degree_one None 0.0
PASS N8 all third-layer: 12 records; 7 witnesses; 30 linear decisions; 0 polynomials; 0 Nielsen lines
