Timeout (0:01:00)!
Thread 0x00007e4220827080 (most recent call first):
  File "/project/gworld1/scripts/n8_fast_magnus.py", line 21 in mul
  File "/project/gworld1/scripts/n8_ia_orbits.py", line 73 in comm
  File "/project/gworld1/scripts/n8_multigraded_magnus.py", line 61 in __init__
  File "/project/gworld1/scripts/check_n8_degree2_iterated.py", line 16 in <module>
Timeout (0:01:00)!
Thread 0x00007e4220827080 (most recent call first):
  File "/project/gworld1/scripts/n8_fast_magnus.py", line 20 in mul
  File "/project/gworld1/scripts/n8_class8_magnus.py", line 15 in expand
  File "/project/gworld1/scripts/n8_class8_magnus.py", line 15 in expand
  File "/project/gworld1/scripts/n8_class8_magnus.py", line 15 in expand
  File "/project/gworld1/scripts/n8_class8_magnus.py", line 15 in expand
  File "/project/gworld1/scripts/n8_class8_magnus.py", line 15 in expand
  File "/project/gworld1/scripts/n8_class8_magnus.py", line 15 in expand
  File "/project/gworld1/scripts/n8_class8_magnus.py", line 16 in expansion
  File "/project/gworld1/scripts/n8_ia_orbits.py", line 108 in collect
  File "/project/gworld1/scripts/n8_class6.py", line 32 in finished
  File "/project/gworld1/scripts/n8_degree2_iterated.py", line 85 in decide_degree2_iterated
  File "/project/gworld1/scripts/check_n8_degree2_iterated.py", line 28 in check
  File "/project/gworld1/scripts/check_n8_degree2_iterated.py", line 49 in <module>
