{"test": "build", "rank": 2, "degree": 4, "seconds": 0.002}
{"test": "positive", "rank": 2, "degree": 4, "p": 1, "q": 3, "scale": 1, "nontrivial": true, "seconds": 0.003}
{"test": "positive", "rank": 2, "degree": 4, "p": 1, "q": 3, "scale": 2, "nontrivial": true, "seconds": 0.003}
{"test": "positive", "rank": 2, "degree": 4, "p": 2, "q": 2, "scale": 1, "nontrivial": false, "seconds": 0.0}
{"test": "positive", "rank": 2, "degree": 4, "p": 2, "q": 2, "scale": 2, "nontrivial": false, "seconds": 0.0}
{"test": "negative_metabelian_Eisenstein", "rank": 2, "degree": 4, "seconds": 0.034}
{"test": "build", "rank": 2, "degree": 5, "seconds": 0.005}
{"test": "positive", "rank": 2, "degree": 5, "p": 1, "q": 4, "scale": 1, "nontrivial": true, "seconds": 0.005}
{"test": "positive", "rank": 2, "degree": 5, "p": 1, "q": 4, "scale": 2, "nontrivial": true, "seconds": 0.005}
{"test": "positive", "rank": 2, "degree": 5, "p": 2, "q": 3, "scale": 1, "nontrivial": true, "seconds": 0.007}
{"test": "positive", "rank": 2, "degree": 5, "p": 2, "q": 3, "scale": 2, "nontrivial": true, "seconds": 0.007}
{"test": "negative_metabelian_Eisenstein", "rank": 2, "degree": 5, "seconds": 0.015}
{"test": "build", "rank": 2, "degree": 6, "seconds": 0.017}
{"test": "positive", "rank": 2, "degree": 6, "p": 1, "q": 5, "scale": 1, "nontrivial": true, "seconds": 0.012}
{"test": "positive", "rank": 2, "degree": 6, "p": 1, "q": 5, "scale": 2, "nontrivial": true, "seconds": 0.015}
{"test": "positive", "rank": 2, "degree": 6, "p": 2, "q": 4, "scale": 1, "nontrivial": true, "seconds": 0.006}
{"test": "positive", "rank": 2, "degree": 6, "p": 2, "q": 4, "scale": 2, "nontrivial": true, "seconds": 0.008}
{"test": "positive", "rank": 2, "degree": 6, "p": 3, "q": 3, "scale": 1, "nontrivial": true, "seconds": 0.01}
{"test": "positive", "rank": 2, "degree": 6, "p": 3, "q": 3, "scale": 2, "nontrivial": true, "seconds": 0.011}
{"test": "negative_metabelian_Eisenstein", "rank": 2, "degree": 6, "seconds": 0.011}
{"test": "build", "rank": 2, "degree": 7, "seconds": 0.097}
{"test": "positive", "rank": 2, "degree": 7, "p": 1, "q": 6, "scale": 1, "nontrivial": true, "seconds": 0.025}
{"test": "positive", "rank": 2, "degree": 7, "p": 1, "q": 6, "scale": 2, "nontrivial": true, "seconds": 0.031}
{"test": "positive", "rank": 2, "degree": 7, "p": 2, "q": 5, "scale": 1, "nontrivial": true, "seconds": 0.019}
{"test": "positive", "rank": 2, "degree": 7, "p": 2, "q": 5, "scale": 2, "nontrivial": true, "seconds": 0.023}
{"test": "positive", "rank": 2, "degree": 7, "p": 3, "q": 4, "scale": 1, "nontrivial": true, "seconds": 0.025}
{"test": "positive", "rank": 2, "degree": 7, "p": 3, "q": 4, "scale": 2, "nontrivial": true, "seconds": 0.029}
{"test": "negative_metabelian_Eisenstein", "rank": 2, "degree": 7, "seconds": 0.041}
{"test": "build", "rank": 2, "degree": 8, "seconds": 0.67}
{"test": "positive", "rank": 2, "degree": 8, "p": 1, "q": 7, "scale": 1, "nontrivial": true, "seconds": 0.163}
{"test": "positive", "rank": 2, "degree": 8, "p": 1, "q": 7, "scale": 2, "nontrivial": true, "seconds": 0.256}
{"test": "positive", "rank": 2, "degree": 8, "p": 2, "q": 6, "scale": 1, "nontrivial": true, "seconds": 0.062}
{"test": "positive", "rank": 2, "degree": 8, "p": 2, "q": 6, "scale": 2, "nontrivial": true, "seconds": 0.082}
{"test": "positive", "rank": 2, "degree": 8, "p": 3, "q": 5, "scale": 1, "nontrivial": true, "seconds": 0.06}
{"test": "positive", "rank": 2, "degree": 8, "p": 3, "q": 5, "scale": 2, "nontrivial": true, "seconds": 0.072}
{"test": "positive", "rank": 2, "degree": 8, "p": 4, "q": 4, "scale": 1, "nontrivial": true, "seconds": 0.056}
{"test": "positive", "rank": 2, "degree": 8, "p": 4, "q": 4, "scale": 2, "nontrivial": true, "seconds": 0.07}
{"test": "negative_metabelian_Eisenstein", "rank": 2, "degree": 8, "seconds": 0.131}
{"test": "build", "rank": 3, "degree": 6, "seconds": 0.392}
{"test": "positive", "rank": 3, "degree": 6, "p": 1, "q": 5, "scale": 1, "nontrivial": true, "seconds": 0.148}
{"test": "positive", "rank": 3, "degree": 6, "p": 1, "q": 5, "scale": 2, "nontrivial": true, "seconds": 0.149}
{"test": "positive", "rank": 3, "degree": 6, "p": 2, "q": 4, "scale": 1, "nontrivial": true, "seconds": 0.034}
{"test": "positive", "rank": 3, "degree": 6, "p": 2, "q": 4, "scale": 2, "nontrivial": true, "seconds": 0.035}
{"test": "positive", "rank": 3, "degree": 6, "p": 3, "q": 3, "scale": 1, "nontrivial": true, "seconds": 0.068}
{"test": "positive", "rank": 3, "degree": 6, "p": 3, "q": 3, "scale": 2, "nontrivial": true, "seconds": 0.068}
{"test": "negative_equal_type_rank_four", "rank": 3, "degree": 6}
{"test": "class5_cross", "rank": 2, "degree": 5, "case": 0, "answer": false, "seconds": 0.029}
{"test": "class5_cross", "rank": 2, "degree": 5, "case": 1, "answer": true, "seconds": 0.022}
{"test": "class5_cross", "rank": 2, "degree": 5, "case": 2, "answer": false, "seconds": 0.028}
{"test": "class5_cross", "rank": 2, "degree": 5, "case": 3, "answer": false, "seconds": 0.033}
{"test": "class5_cross", "rank": 2, "degree": 5, "case": 4, "answer": false, "seconds": 0.045}
{"test": "class5_cross", "rank": 2, "degree": 5, "case": 5, "answer": false, "seconds": 0.027}
{"test": "class5_cross", "rank": 2, "degree": 5, "case": 6, "answer": false, "seconds": 0.029}
{"test": "class5_cross", "rank": 2, "degree": 5, "case": 7, "answer": false, "seconds": 0.02}
PASS N8 central checks: 54 records; 35 positive witnesses
