BEGIN GAP quotient 2 12
HALL CACHE VERIFIED 2 12
READY GAP quotient 2 12
WITNESS 1
WITNESS 2
BEGIN LINEAR 1
BEGIN GAP quotient 2 11
HALL CACHE VERIFIED 2 11
READY GAP quotient 2 11
BEGIN COLUMNS 100
BEGIN MEMBERSHIP
LINEAR 1 true
BEGIN LINEAR 2
BEGIN COLUMNS 188
BEGIN MEMBERSHIP
LINEAR 2 true
BEGIN LINEAR 3
BEGIN COLUMNS 100
BEGIN MEMBERSHIP
LINEAR 3 true
BEGIN LINEAR 4
BEGIN COLUMNS 188
BEGIN MEMBERSHIP
LINEAR 4 true
BEGIN LINEAR 5
BEGIN COLUMNS 100
BEGIN MEMBERSHIP
LINEAR 5 true
BEGIN LINEAR 6
BEGIN COLUMNS 188
BEGIN MEMBERSHIP
LINEAR 6 false
BEGIN LINEAR 7
BEGIN COLUMNS 100
BEGIN MEMBERSHIP
LINEAR 7 true
BEGIN LINEAR 8
BEGIN COLUMNS 188
BEGIN MEMBERSHIP
LINEAR 8 false
BEGIN LINEAR 9
BEGIN COLUMNS 100
BEGIN MEMBERSHIP
LINEAR 9 false
BEGIN LINEAR 10
BEGIN COLUMNS 100
BEGIN MEMBERSHIP
LINEAR 10 false
FIRST NULLITY 0 VERIFIED
FIRST NULLITY 0 VERIFIED
FIRST NULLITY 0 VERIFIED
FIRST NULLITY 0 VERIFIED
BEGIN GAP quotient 2 10
HALL CACHE VERIFIED 2 10
READY GAP quotient 2 10
METABELIAN SCOPE true VERIFIED
METABELIAN SCOPE true VERIFIED
METABELIAN SCOPE true VERIFIED
METABELIAN SCOPE true VERIFIED
METABELIAN SCOPE false VERIFIED
PASS N8 general type1 GAP: 2 witnesses; 10 linear decisions (4 negative); 
0 polynomial decisions (0 empty); 0 samples; 4 first nullities; 5 scope checks
