BEGIN GAP quotient 2 10
READY GAP quotient 2 10
WITNESS 1
WITNESS 2
WITNESS 3
BEGIN LINEAR 1
BEGIN GAP quotient 2 9
READY GAP quotient 2 9
LINEAR 1 true
BEGIN LINEAR 2
LINEAR 2 true
BEGIN LINEAR 3
LINEAR 3 true
BEGIN LINEAR 4
LINEAR 4 true
BEGIN LINEAR 5
LINEAR 5 true
BEGIN LINEAR 6
LINEAR 6 true
BEGIN LINEAR 7
LINEAR 7 true
BEGIN LINEAR 8
LINEAR 8 false
BEGIN LINEAR 9
LINEAR 9 true
BEGIN LINEAR 10
LINEAR 10 false
BEGIN LINEAR 11
LINEAR 11 true
BEGIN LINEAR 12
LINEAR 12 false
BEGIN LINEAR 13
LINEAR 13 true
BEGIN LINEAR 14
LINEAR 14 false
PASS N8 class9 GAP: 3 witnesses; 14 linear decisions (4 negative); 
0 polynomial decisions (0 empty); 0 samples
