BEGIN constructed_positive {'p': 1, 'q': 2}
constructed_positive True 0.522
BEGIN constructed_positive {'p': 1, 'q': 3}
constructed_positive True 0.746
BEGIN constructed_positive {'p': 1, 'q': 4}
constructed_positive True 0.149
BEGIN constructed_positive {'p': 2, 'q': 3}
constructed_positive True 0.229
BEGIN constructed_positive {'p': 1, 'q': 5}
constructed_positive True 0.174
BEGIN constructed_positive {'p': 2, 'q': 4}
constructed_positive True 0.159
BEGIN constructed_positive {'p': 3, 'q': 3}
constructed_positive True 0.122
BEGIN exceptional_positive {'k': -1}
exceptional_positive True 0.53
BEGIN exceptional_positive {'k': 2}
exceptional_positive True 1.001
BEGIN nonprimitive_type13 {}
nonprimitive_type13 True 0.809
BEGIN middle_perturbation {'leading': 3}
middle_perturbation False 0.195
BEGIN middle_perturbation {'leading': 4}
middle_perturbation False 0.466
BEGIN middle_perturbation {'leading': 5}
middle_perturbation False 0.079
BEGIN middle_perturbation {'leading': 6}
middle_perturbation False 0.131
BEGIN exceptional_last_layer_perturbation {'case': 0}
exceptional_last_layer_perturbation True 0.236
BEGIN exceptional_last_layer_perturbation {'case': 1}
exceptional_last_layer_perturbation True 0.238
BEGIN exceptional_last_layer_perturbation {'case': 2}
exceptional_last_layer_perturbation False 0.451
BEGIN identity {}
identity True 0.0
BEGIN nonzero_abelianization {}
nonzero_abelianization False 0.0
PASS N8 class8 targets: 2 19 targets; 13 witnesses; 67 linear steps; 6 polynomial branches
