Compact weighted relators constructed at 1 ms
Weighted quotient constructed at 8 ms
Known and computed group witnesses checked at 1354 ms
Complete kernel dimensions checked at 1359 ms
Complete integral successor line checked at 1394 ms
Polynomial group sample 0 residual checked at 1395 ms
Polynomial group sample 0 columns checked at 1398 ms
Polynomial group sample 0 checked at 1400 ms
Polynomial group sample 1 residual checked at 1402 ms
Polynomial group sample 1 columns checked at 1404 ms
Polynomial group sample 1 checked at 1406 ms
Polynomial group sample 2 residual checked at 1408 ms
Polynomial group sample 2 columns checked at 1410 ms
Polynomial group sample 2 checked at 1413 ms
Polynomial group sample 3 residual checked at 1414 ms
Polynomial group sample 3 columns checked at 1417 ms
Polynomial group sample 3 checked at 1419 ms
PASS N8 parametric tail GAP: class 15; 52 polynomial columns; 
8 joint controls; 4 negative targets; 
10
  direct identity controls; 3 complete kernels; 1 complete integral line; 2 gr\
oup witnesses
