{"test": "constructed_positive", "rank": 2, "answer": true, "seconds": 0.059, "p": 1, "q": 2, "scale": 1}
{"test": "constructed_positive", "rank": 2, "answer": true, "seconds": 0.3, "p": 1, "q": 2, "scale": 2}
{"test": "constructed_positive", "rank": 2, "answer": true, "seconds": 0.077, "p": 1, "q": 3, "scale": 1}
{"test": "constructed_positive", "rank": 2, "answer": true, "seconds": 0.099, "p": 1, "q": 3, "scale": 2}
{"test": "constructed_positive", "rank": 2, "answer": true, "seconds": 0.057, "p": 2, "q": 2, "scale": 1}
{"test": "constructed_positive", "rank": 2, "answer": true, "seconds": 0.059, "p": 2, "q": 2, "scale": 2}
{"test": "constructed_positive", "rank": 2, "answer": true, "seconds": 0.03, "p": 1, "q": 4, "scale": 1}
{"test": "constructed_positive", "rank": 2, "answer": true, "seconds": 0.037, "p": 1, "q": 4, "scale": 2}
{"test": "constructed_positive", "rank": 2, "answer": true, "seconds": 0.022, "p": 2, "q": 3, "scale": 1}
{"test": "constructed_positive", "rank": 2, "answer": true, "seconds": 0.033, "p": 2, "q": 3, "scale": 2}
{"test": "constructed_positive", "rank": 2, "answer": true, "seconds": 0.02, "p": 1, "q": 5, "scale": 1}
{"test": "constructed_positive", "rank": 2, "answer": true, "seconds": 0.056, "p": 1, "q": 5, "scale": 2}
{"test": "constructed_positive", "rank": 2, "answer": true, "seconds": 0.009, "p": 2, "q": 4, "scale": 1}
{"test": "constructed_positive", "rank": 2, "answer": true, "seconds": 0.023, "p": 2, "q": 4, "scale": 2}
{"test": "constructed_positive", "rank": 2, "answer": true, "seconds": 0.012, "p": 3, "q": 3, "scale": 1}
{"test": "constructed_positive", "rank": 2, "answer": true, "seconds": 0.023, "p": 3, "q": 3, "scale": 2}
{"test": "middle_perturbation", "rank": 2, "answer": true, "seconds": 0.04, "leading": 3, "case": 0}
{"test": "middle_perturbation", "rank": 2, "answer": true, "seconds": 0.05, "leading": 3, "case": 1}
{"test": "middle_perturbation", "rank": 2, "answer": false, "seconds": 0.012, "leading": 3, "case": 2}
{"test": "middle_perturbation", "rank": 2, "answer": true, "seconds": 0.049, "leading": 3, "case": 3}
{"test": "middle_perturbation", "rank": 2, "answer": false, "seconds": 0.032, "leading": 3, "case": 4}
{"test": "middle_perturbation", "rank": 2, "answer": false, "seconds": 0.029, "leading": 3, "case": 5}
{"test": "middle_perturbation", "rank": 2, "answer": false, "seconds": 0.027, "leading": 4, "case": 0}
{"test": "middle_perturbation", "rank": 2, "answer": true, "seconds": 0.042, "leading": 4, "case": 1}
{"test": "middle_perturbation", "rank": 2, "answer": false, "seconds": 0.023, "leading": 4, "case": 2}
{"test": "middle_perturbation", "rank": 2, "answer": false, "seconds": 0.021, "leading": 4, "case": 3}
{"test": "middle_perturbation", "rank": 2, "answer": false, "seconds": 0.025, "leading": 4, "case": 4}
{"test": "middle_perturbation", "rank": 2, "answer": true, "seconds": 0.022, "leading": 4, "case": 5}
{"test": "negative_class5_quotient", "rank": 2, "answer": false, "seconds": 0.011}
{"test": "abelian_boundary", "rank": 2, "answer": false, "seconds": 0.0}
{"test": "identity_boundary", "rank": 2, "answer": true, "seconds": 0.0}
{"test": "constructed_positive", "rank": 3, "answer": true, "seconds": 0.811, "p": 1, "q": 2, "scale": 1}
{"test": "constructed_positive", "rank": 3, "answer": true, "seconds": 0.863, "p": 1, "q": 2, "scale": 2}
{"test": "constructed_positive", "rank": 3, "answer": true, "seconds": 0.334, "p": 1, "q": 3, "scale": 1}
{"test": "constructed_positive", "rank": 3, "answer": true, "seconds": 0.431, "p": 1, "q": 3, "scale": 2}
{"test": "constructed_positive", "rank": 3, "answer": true, "seconds": 0.234, "p": 2, "q": 2, "scale": 1}
{"test": "constructed_positive", "rank": 3, "answer": true, "seconds": 0.244, "p": 2, "q": 2, "scale": 2}
{"test": "constructed_positive", "rank": 3, "answer": true, "seconds": 0.226, "p": 1, "q": 4, "scale": 1}
{"test": "constructed_positive", "rank": 3, "answer": true, "seconds": 0.593, "p": 1, "q": 4, "scale": 2}
{"test": "constructed_positive", "rank": 3, "answer": true, "seconds": 0.102, "p": 2, "q": 3, "scale": 1}
{"test": "constructed_positive", "rank": 3, "answer": true, "seconds": 0.211, "p": 2, "q": 3, "scale": 2}
{"test": "constructed_positive", "rank": 3, "answer": true, "seconds": 0.16, "p": 1, "q": 5, "scale": 1}
{"test": "constructed_positive", "rank": 3, "answer": true, "seconds": 0.203, "p": 1, "q": 5, "scale": 2}
{"test": "constructed_positive", "rank": 3, "answer": true, "seconds": 0.039, "p": 2, "q": 4, "scale": 1}
{"test": "constructed_positive", "rank": 3, "answer": true, "seconds": 0.06, "p": 2, "q": 4, "scale": 2}
{"test": "constructed_positive", "rank": 3, "answer": true, "seconds": 0.07, "p": 3, "q": 3, "scale": 1}
{"test": "constructed_positive", "rank": 3, "answer": true, "seconds": 0.085, "p": 3, "q": 3, "scale": 2}
{"test": "middle_perturbation", "rank": 3, "answer": false, "seconds": 0.135, "leading": 3, "case": 0}
{"test": "middle_perturbation", "rank": 3, "answer": false, "seconds": 0.051, "leading": 3, "case": 1}
{"test": "middle_perturbation", "rank": 3, "answer": false, "seconds": 0.05, "leading": 3, "case": 2}
{"test": "middle_perturbation", "rank": 3, "answer": false, "seconds": 0.338, "leading": 3, "case": 3}
{"test": "middle_perturbation", "rank": 3, "answer": false, "seconds": 0.119, "leading": 3, "case": 4}
{"test": "middle_perturbation", "rank": 3, "answer": false, "seconds": 0.101, "leading": 3, "case": 5}
{"test": "middle_perturbation", "rank": 3, "answer": false, "seconds": 0.036, "leading": 4, "case": 0}
{"test": "middle_perturbation", "rank": 3, "answer": false, "seconds": 0.132, "leading": 4, "case": 1}
{"test": "middle_perturbation", "rank": 3, "answer": false, "seconds": 0.033, "leading": 4, "case": 2}
{"test": "middle_perturbation", "rank": 3, "answer": false, "seconds": 0.029, "leading": 4, "case": 3}
{"test": "middle_perturbation", "rank": 3, "answer": false, "seconds": 0.032, "leading": 4, "case": 4}
{"test": "middle_perturbation", "rank": 3, "answer": false, "seconds": 0.037, "leading": 4, "case": 5}
{"test": "negative_class5_quotient", "rank": 3, "answer": false, "seconds": 0.011}
{"test": "abelian_boundary", "rank": 3, "answer": false, "seconds": 0.0}
{"test": "identity_boundary", "rank": 3, "answer": true, "seconds": 0.0}
{"test": "degree_two_dispatch", "rank": 2, "answer": true, "seconds": 2.88}
PASS N8 class6 checks: 63 records; 40 positive witnesses; 133 new lifting steps
