BEGIN GAP quotient 3 9
HALL CACHE VERIFIED 3 9
READY GAP quotient 3 9
WITNESS 1
WITNESS 2
WITNESS 3
WITNESS 4
WITNESS 5
BEGIN LINEAR 1
BEGIN GAP quotient 3 8
HALL CACHE VERIFIED 3 8
READY GAP quotient 3 8
BEGIN COLUMNS 315
BEGIN MEMBERSHIP
LINEAR 1 true
BEGIN LINEAR 2
BEGIN COLUMNS 818
BEGIN MEMBERSHIP
LINEAR 2 true
BEGIN LINEAR 3
BEGIN COLUMNS 124
BEGIN MEMBERSHIP
LINEAR 3 true
BEGIN LINEAR 4
BEGIN COLUMNS 330
BEGIN MEMBERSHIP
LINEAR 4 true
BEGIN LINEAR 5
BEGIN COLUMNS 66
BEGIN MEMBERSHIP
LINEAR 5 true
BEGIN LINEAR 6
BEGIN COLUMNS 164
BEGIN MEMBERSHIP
LINEAR 6 true
BEGIN LINEAR 7
BEGIN COLUMNS 315
BEGIN MEMBERSHIP
LINEAR 7 true
BEGIN LINEAR 8
BEGIN COLUMNS 315
BEGIN MEMBERSHIP
LINEAR 8 true
BEGIN LINEAR 9
BEGIN COLUMNS 315
BEGIN MEMBERSHIP
LINEAR 9 true
BEGIN LINEAR 10
BEGIN COLUMNS 315
BEGIN MEMBERSHIP
LINEAR 10 true
BEGIN LINEAR 11
BEGIN COLUMNS 315
BEGIN MEMBERSHIP
LINEAR 11 true
BEGIN LINEAR 12
BEGIN COLUMNS 315
BEGIN MEMBERSHIP
LINEAR 12 true
BEGIN POLYNOMIAL 9
ARITHMETIC VERIFIED
BEGIN POLYNOMIAL 9
ARITHMETIC VERIFIED
