Compact weighted relators constructed at 1 ms
Weighted quotient constructed at 7 ms
Known and computed group witnesses checked at 1361 ms
Complete kernel dimensions checked at 1366 ms
Complete integral successor line checked at 1403 ms
Polynomial group sample 0 residual checked at 1405 ms
Polynomial group sample 0 columns checked at 1407 ms
Polynomial group sample 0 checked at 1409 ms
Polynomial group sample 1 residual checked at 1410 ms
Polynomial group sample 1 columns checked at 1413 ms
Polynomial group sample 1 checked at 1415 ms
Polynomial group sample 2 residual checked at 1416 ms
Polynomial group sample 2 columns checked at 1419 ms
Polynomial group sample 2 checked at 1421 ms
Polynomial group sample 3 residual checked at 1422 ms
Polynomial group sample 3 columns checked at 1425 ms
Polynomial group sample 3 checked at 1427 ms
PASS N8 parametric tail GAP: class 15; 52 polynomial columns; 
8 joint controls; 4 negative targets; 
8
  direct identity controls; 3 complete kernels; 1 complete integral line; 2 gro\
up witnesses
