{
  "created_utc": "2026-09-30T07:40:42.077858+00:00",
  "scope": "Two-ended horizontal completion of the same retained atoms; no larger bridge enumeration",
  "source": "research/certificates/G9-bridge-atoms/certificate.json",
  "source_sha256": "59c378ebf8d4382317b4edcd4c94b9ce4e773c6f897235ddedf5721fce2c9ed6",
  "original_atoms": 21483,
  "rank_two_orbits": 3239,
  "checks": {
    "original_flow_equalities": 21456,
    "action_compositions": 3239,
    "central_representatives": 62003,
    "strip_controls": 83144,
    "quadrant_controls": 25912
  },
  "original_cost_counts": [
    0,
    1,
    2,
    2,
    2,
    2,
    6,
    26,
    71,
    162,
    341,
    779,
    1961,
    5098,
    13030
  ],
  "extended_initial_counts": [
    0,
    1,
    2,
    2,
    2,
    2,
    6,
    26,
    71,
    162,
    341,
    779,
    1961,
    5098,
    13030,
    26417,
    41097,
    54966,
    68260,
    81297,
    94070,
    106730,
    119453,
    132122,
    145015,
    157890,
    170846
  ],
  "central_coefficients": [
    0,
    1,
    0,
    0,
    0,
    0,
    4,
    24,
    69,
    160,
    339,
    777,
    1959,
    5096,
    13028,
    12991,
    8365,
    6030,
    4558,
    3395,
    2392,
    1438,
    883,
    324,
    171,
    0,
    0
  ],
  "strip_coefficients": [
    0,
    0,
    2,
    0,
    0,
    0,
    0,
    0,
    0,
    0,
    0,
    0,
    0,
    0,
    0,
    13424,
    11852,
    6000,
    3432,
    2388,
    1612,
    1316,
    644,
    544,
    180,
    180,
    0
  ],
  "quadrant_coefficients": [
    0,
    0,
    0,
    0,
    0,
    0,
    0,
    0,
    0,
    0,
    0,
    0,
    0,
    0,
    0,
    0,
    7454,
    2750,
    1130,
    478,
    352,
    134,
    336,
    50,
    182,
    0,
    90
  ],
  "rational_numerator": [
    0,
    1,
    0,
    -1,
    0,
    0,
    4,
    16,
    25,
    46,
    88,
    259,
    744,
    1955,
    4795,
    5455,
    1293,
    -811,
    -575,
    -257,
    -264,
    -113,
    63,
    -54,
    224,
    -18,
    81
  ],
  "lower_numerator": 2676836909,
  "root_upper_numerator": 2676836910,
  "denominator": 1000000000
}
PASS G9 two-ended atom completion
