BEGIN GAP quotient 3 9
HALL CACHE VERIFIED 3 9
READY GAP quotient 3 9
WITNESS 1
WITNESS 2
WITNESS 3
BEGIN LINEAR 1
BEGIN GAP quotient 3 8
HALL CACHE VERIFIED 3 8
READY GAP quotient 3 8
BEGIN COLUMNS 124
BEGIN MEMBERSHIP
LINEAR 1 true
BEGIN LINEAR 2
BEGIN COLUMNS 330
BEGIN MEMBERSHIP
LINEAR 2 true
BEGIN LINEAR 3
BEGIN COLUMNS 124
BEGIN MEMBERSHIP
LINEAR 3 true
BEGIN LINEAR 4
BEGIN COLUMNS 330
BEGIN MEMBERSHIP
LINEAR 4 true
BEGIN LINEAR 5
BEGIN COLUMNS 124
BEGIN MEMBERSHIP
LINEAR 5 true
BEGIN LINEAR 6
BEGIN COLUMNS 330
BEGIN MEMBERSHIP
LINEAR 6 true
BEGIN LINEAR 7
BEGIN COLUMNS 124
BEGIN MEMBERSHIP
LINEAR 7 true
BEGIN LINEAR 8
BEGIN COLUMNS 330
BEGIN MEMBERSHIP
LINEAR 8 false
BEGIN LINEAR 9
BEGIN COLUMNS 124
BEGIN MEMBERSHIP
LINEAR 9 true
BEGIN LINEAR 10
BEGIN COLUMNS 330
BEGIN MEMBERSHIP
LINEAR 10 false
BEGIN LINEAR 11
BEGIN COLUMNS 124
BEGIN MEMBERSHIP
LINEAR 11 true
BEGIN LINEAR 12
BEGIN COLUMNS 330
BEGIN MEMBERSHIP
LINEAR 12 false
BEGIN LINEAR 13
BEGIN COLUMNS 124
BEGIN MEMBERSHIP
LINEAR 13 true
BEGIN LINEAR 14
BEGIN COLUMNS 330
BEGIN MEMBERSHIP
LINEAR 14 false
PASS N8 degree-two iterated GAP: 3 witnesses; 14 linear decisions (
4 negative); 0 polynomial decisions (0 empty); 0 samples
