BEGIN Magnus 2 12
BEGIN d7_type2_5_base
RESULT d7_type2_5_base True 0.848
BEGIN d7_type2_5_corrected
RESULT d7_type2_5_corrected True 22.018
BEGIN d7_type2_5_top_perturbation
RESULT d7_type2_5_top_perturbation False 5.348
BEGIN d7_type2_5_first_perturbation
RESULT d7_type2_5_first_perturbation False 0.526
BEGIN d7_type3_4_base
RESULT d7_type3_4_base True 1.031
BEGIN d7_type3_4_corrected
RESULT d7_type3_4_corrected True 20.086
BEGIN d7_type3_4_top_perturbation
RESULT d7_type3_4_top_perturbation False 4.954
BEGIN d7_type3_4_first_perturbation
RESULT d7_type3_4_first_perturbation False 0.626
BEGIN d7_type3_4_nonprimitive_nielsen
RESULT d7_type3_4_nonprimitive_nielsen False 40.358
BEGIN d7_type1_base
RESULT d7_type1_base True 10.164
BEGIN d7_type1_corrected
RESULT d7_type1_corrected True 26.198
BEGIN d7_type1_offset2_perturbation
RESULT d7_type1_offset2_perturbation False 8.422
BEGIN d7_type1_offset3_perturbation
RESULT d7_type1_offset3_perturbation False 18.703
BEGIN d7_type1_offset4_perturbation
RESULT d7_type1_offset4_perturbation False 19.223
BEGIN d7_type1_offset5_perturbation
RESULT d7_type1_offset5_perturbation False 18.978
BEGIN d8_type2_6_base
RESULT d8_type2_6_base True 1.94
BEGIN d8_type2_6_corrected
RESULT d8_type2_6_corrected True 25.049
BEGIN d8_type2_6_top_perturbation
RESULT d8_type2_6_top_perturbation False 5.239
BEGIN d8_type2_6_first_perturbation
RESULT d8_type2_6_first_perturbation False 1.504
BEGIN d8_type3_5_base
RESULT d8_type3_5_base True 1.192
BEGIN d8_type3_5_corrected
RESULT d8_type3_5_corrected True 12.912
BEGIN d8_type3_5_top_perturbation
RESULT d8_type3_5_top_perturbation False 3.719
BEGIN d8_type3_5_first_perturbation
RESULT d8_type3_5_first_perturbation False 0.618
BEGIN d8_type3_5_nonprimitive_nielsen
RESULT d8_type3_5_nonprimitive_nielsen False 16.504
BEGIN d8_type4_4_base
RESULT d8_type4_4_base True 1.01
BEGIN d8_type4_4_corrected
RESULT d8_type4_4_corrected True 8.703
BEGIN d8_type4_4_top_perturbation
RESULT d8_type4_4_top_perturbation False 1.942
BEGIN d8_type4_4_first_perturbation
RESULT d8_type4_4_first_perturbation True 1.479
BEGIN d8_type1_base
RESULT d8_type1_base True 24.803
BEGIN d8_type1_corrected
RESULT d8_type1_corrected True 66.752
BEGIN d8_type1_offset2_perturbation
RESULT d8_type1_offset2_perturbation False 2.117
BEGIN d8_type1_offset3_perturbation
RESULT d8_type1_offset3_perturbation False 9.827
BEGIN outside_identity
RESULT outside_identity None 0.0
BEGIN outside_degree_one
RESULT outside_degree_one None 0.0
PASS N8 fifth/sixth layer: 34 records; 15 witnesses; {'layer': 141, 'nullity': 97, 'tail': 46, 'nielsen': 18, 'polynomial': 10, 'coupled': 4, 'polynomial_late': 2}
