Timeout (0:00:20)!
Thread 0x000074d6ae0ca080 (most recent call first):
  File "/project/gworld1/.venv/lib/python3.12/site-packages/sympy/polys/matrices/normalforms.py", line 140 in eye
  File "/project/gworld1/.venv/lib/python3.12/site-packages/sympy/polys/matrices/normalforms.py", line 149 in _smith_normal_decomp
  File "/project/gworld1/.venv/lib/python3.12/site-packages/sympy/polys/matrices/normalforms.py", line 237 in _smith_normal_decomp
  File "/project/gworld1/.venv/lib/python3.12/site-packages/sympy/polys/matrices/normalforms.py", line 237 in _smith_normal_decomp
  File "/project/gworld1/.venv/lib/python3.12/site-packages/sympy/polys/matrices/normalforms.py", line 237 in _smith_normal_decomp
  File "/project/gworld1/.venv/lib/python3.12/site-packages/sympy/polys/matrices/normalforms.py", line 237 in _smith_normal_decomp
  File "/project/gworld1/.venv/lib/python3.12/site-packages/sympy/polys/matrices/normalforms.py", line 237 in _smith_normal_decomp
  File "/project/gworld1/.venv/lib/python3.12/site-packages/sympy/polys/matrices/normalforms.py", line 237 in _smith_normal_decomp
  File "/project/gworld1/.venv/lib/python3.12/site-packages/sympy/polys/matrices/normalforms.py", line 237 in _smith_normal_decomp
  File "/project/gworld1/.venv/lib/python3.12/site-packages/sympy/polys/matrices/normalforms.py", line 237 in _smith_normal_decomp
  File "/project/gworld1/.venv/lib/python3.12/site-packages/sympy/polys/matrices/normalforms.py", line 237 in _smith_normal_decomp
  File "/project/gworld1/.venv/lib/python3.12/site-packages/sympy/polys/matrices/normalforms.py", line 237 in _smith_normal_decomp
  File "/project/gworld1/.venv/lib/python3.12/site-packages/sympy/polys/matrices/normalforms.py", line 237 in _smith_normal_decomp
  File "/project/gworld1/.venv/lib/python3.12/site-packages/sympy/polys/matrices/normalforms.py", line 237 in _smith_normal_decomp
  File "/project/gworld1/.venv/lib/python3.12/site-packages/sympy/polys/matrices/normalforms.py", line 237 in _smith_normal_decomp
  File "/project/gworld1/.venv/lib/python3.12/site-packages/sympy/polys/matrices/normalforms.py", line 237 in _smith_normal_decomp
  File "/project/gworld1/.venv/lib/python3.12/site-packages/sympy/polys/matrices/normalforms.py", line 237 in _smith_normal_decomp
  File "/project/gworld1/.venv/lib/python3.12/site-packages/sympy/polys/matrices/normalforms.py", line 237 in _smith_normal_decomp
  File "/project/gworld1/.venv/lib/python3.12/site-packages/sympy/polys/matrices/normalforms.py", line 237 in _smith_normal_decomp
  File "/project/gworld1/.venv/lib/python3.12/site-packages/sympy/polys/matrices/normalforms.py", line 237 in _smith_normal_decomp
  File "/project/gworld1/.venv/lib/python3.12/site-packages/sympy/polys/matrices/normalforms.py", line 237 in _smith_normal_decomp
  File "/project/gworld1/.venv/lib/python3.12/site-packages/sympy/polys/matrices/normalforms.py", line 237 in _smith_normal_decomp
  File "/project/gworld1/.venv/lib/python3.12/site-packages/sympy/polys/matrices/normalforms.py", line 237 in _smith_normal_decomp
  File "/project/gworld1/.venv/lib/python3.12/site-packages/sympy/polys/matrices/normalforms.py", line 237 in _smith_normal_decomp
  File "/project/gworld1/.venv/lib/python3.12/site-packages/sympy/polys/matrices/normalforms.py", line 237 in _smith_normal_decomp
  File "/project/gworld1/.venv/lib/python3.12/site-packages/sympy/polys/matrices/normalforms.py", line 237 in _smith_normal_decomp
  File "/project/gworld1/.venv/lib/python3.12/site-packages/sympy/polys/matrices/normalforms.py", line 237 in _smith_normal_decomp
  File "/project/gworld1/.venv/lib/python3.12/site-packages/sympy/polys/matrices/normalforms.py", line 237 in _smith_normal_decomp
  File "/project/gworld1/.venv/lib/python3.12/site-packages/sympy/polys/matrices/normalforms.py", line 237 in _smith_normal_decomp
  File "/project/gworld1/.venv/lib/python3.12/site-packages/sympy/polys/matrices/normalforms.py", line 237 in _smith_normal_decomp
  File "/project/gworld1/.venv/lib/python3.12/site-packages/sympy/polys/matrices/normalforms.py", line 237 in _smith_normal_decomp
  File "/project/gworld1/.venv/lib/python3.12/site-packages/sympy/polys/matrices/normalforms.py", line 237 in _smith_normal_decomp
  File "/project/gworld1/.venv/lib/python3.12/site-packages/sympy/polys/matrices/normalforms.py", line 237 in _smith_normal_decomp
  File "/project/gworld1/.venv/lib/python3.12/site-packages/sympy/polys/matrices/normalforms.py", line 237 in _smith_normal_decomp
  File "/project/gworld1/.venv/lib/python3.12/site-packages/sympy/polys/matrices/normalforms.py", line 237 in _smith_normal_decomp
  File "/project/gworld1/.venv/lib/python3.12/site-packages/sympy/polys/matrices/normalforms.py", line 237 in _smith_normal_decomp
  File "/project/gworld1/.venv/lib/python3.12/site-packages/sympy/polys/matrices/normalforms.py", line 237 in _smith_normal_decomp
  File "/project/gworld1/.venv/lib/python3.12/site-packages/sympy/polys/matrices/normalforms.py", line 237 in _smith_normal_decomp
  File "/project/gworld1/.venv/lib/python3.12/site-packages/sympy/polys/matrices/normalforms.py", line 237 in _smith_normal_decomp
  File "/project/gworld1/.venv/lib/python3.12/site-packages/sympy/polys/matrices/normalforms.py", line 237 in _smith_normal_decomp
  File "/project/gworld1/.venv/lib/python3.12/site-packages/sympy/polys/matrices/normalforms.py", line 237 in _smith_normal_decomp
  File "/project/gworld1/.venv/lib/python3.12/site-packages/sympy/polys/matrices/normalforms.py", line 237 in _smith_normal_decomp
  File "/project/gworld1/.venv/lib/python3.12/site-packages/sympy/polys/matrices/normalforms.py", line 237 in _smith_normal_decomp
  File "/project/gworld1/.venv/lib/python3.12/site-packages/sympy/polys/matrices/normalforms.py", line 237 in _smith_normal_decomp
  File "/project/gworld1/.venv/lib/python3.12/site-packages/sympy/polys/matrices/normalforms.py", line 237 in _smith_normal_decomp
  File "/project/gworld1/.venv/lib/python3.12/site-packages/sympy/polys/matrices/normalforms.py", line 237 in _smith_normal_decomp
  File "/project/gworld1/.venv/lib/python3.12/site-packages/sympy/polys/matrices/normalforms.py", line 237 in _smith_normal_decomp
  File "/project/gworld1/.venv/lib/python3.12/site-packages/sympy/polys/matrices/normalforms.py", line 237 in _smith_normal_decomp
  File "/project/gworld1/.venv/lib/python3.12/site-packages/sympy/polys/matrices/normalforms.py", line 237 in _smith_normal_decomp
  File "/project/gworld1/.venv/lib/python3.12/site-packages/sympy/polys/matrices/normalforms.py", line 237 in _smith_normal_decomp
  File "/project/gworld1/.venv/lib/python3.12/site-packages/sympy/polys/matrices/normalforms.py", line 237 in _smith_normal_decomp
  File "/project/gworld1/.venv/lib/python3.12/site-packages/sympy/polys/matrices/normalforms.py", line 237 in _smith_normal_decomp
  File "/project/gworld1/.venv/lib/python3.12/site-packages/sympy/polys/matrices/normalforms.py", line 237 in _smith_normal_decomp
  File "/project/gworld1/.venv/lib/python3.12/site-packages/sympy/polys/matrices/normalforms.py", line 237 in _smith_normal_decomp
  File "/project/gworld1/.venv/lib/python3.12/site-packages/sympy/polys/matrices/normalforms.py", line 237 in _smith_normal_decomp
  File "/project/gworld1/.venv/lib/python3.12/site-packages/sympy/polys/matrices/normalforms.py", line 237 in _smith_normal_decomp
  File "/project/gworld1/.venv/lib/python3.12/site-packages/sympy/polys/matrices/normalforms.py", line 237 in _smith_normal_decomp
  File "/project/gworld1/.venv/lib/python3.12/site-packages/sympy/polys/matrices/normalforms.py", line 237 in _smith_normal_decomp
  File "/project/gworld1/.venv/lib/python3.12/site-packages/sympy/polys/matrices/normalforms.py", line 237 in _smith_normal_decomp
  File "/project/gworld1/.venv/lib/python3.12/site-packages/sympy/polys/matrices/normalforms.py", line 237 in _smith_normal_decomp
  File "/project/gworld1/.venv/lib/python3.12/site-packages/sympy/polys/matrices/normalforms.py", line 237 in _smith_normal_decomp
  File "/project/gworld1/.venv/lib/python3.12/site-packages/sympy/polys/matrices/normalforms.py", line 237 in _smith_normal_decomp
  File "/project/gworld1/.venv/lib/python3.12/site-packages/sympy/polys/matrices/normalforms.py", line 237 in _smith_normal_decomp
  File "/project/gworld1/.venv/lib/python3.12/site-packages/sympy/polys/matrices/normalforms.py", line 237 in _smith_normal_decomp
  File "/project/gworld1/.venv/lib/python3.12/site-packages/sympy/polys/matrices/normalforms.py", line 237 in _smith_normal_decomp
  File "/project/gworld1/.venv/lib/python3.12/site-packages/sympy/polys/matrices/normalforms.py", line 237 in _smith_normal_decomp
  File "/project/gworld1/.venv/lib/python3.12/site-packages/sympy/polys/matrices/normalforms.py", line 237 in _smith_normal_decomp
  File "/project/gworld1/.venv/lib/python3.12/site-packages/sympy/polys/matrices/normalforms.py", line 237 in _smith_normal_decomp
  File "/project/gworld1/.venv/lib/python3.12/site-packages/sympy/polys/matrices/normalforms.py", line 237 in _smith_normal_decomp
  File "/project/gworld1/.venv/lib/python3.12/site-packages/sympy/polys/matrices/normalforms.py", line 237 in _smith_normal_decomp
  File "/project/gworld1/.venv/lib/python3.12/site-packages/sympy/polys/matrices/normalforms.py", line 237 in _smith_normal_decomp
  File "/project/gworld1/.venv/lib/python3.12/site-packages/sympy/polys/matrices/normalforms.py", line 237 in _smith_normal_decomp
  File "/project/gworld1/.venv/lib/python3.12/site-packages/sympy/polys/matrices/normalforms.py", line 237 in _smith_normal_decomp
  File "/project/gworld1/.venv/lib/python3.12/site-packages/sympy/polys/matrices/normalforms.py", line 237 in _smith_normal_decomp
  File "/project/gworld1/.venv/lib/python3.12/site-packages/sympy/polys/matrices/normalforms.py", line 237 in _smith_normal_decomp
  File "/project/gworld1/.venv/lib/python3.12/site-packages/sympy/polys/matrices/normalforms.py", line 237 in _smith_normal_decomp
  File "/project/gworld1/.venv/lib/python3.12/site-packages/sympy/polys/matrices/normalforms.py", line 237 in _smith_normal_decomp
  File "/project/gworld1/.venv/lib/python3.12/site-packages/sympy/polys/matrices/normalforms.py", line 237 in _smith_normal_decomp
  File "/project/gworld1/.venv/lib/python3.12/site-packages/sympy/polys/matrices/normalforms.py", line 237 in _smith_normal_decomp
  File "/project/gworld1/.venv/lib/python3.12/site-packages/sympy/polys/matrices/normalforms.py", line 237 in _smith_normal_decomp
  File "/project/gworld1/.venv/lib/python3.12/site-packages/sympy/polys/matrices/normalforms.py", line 237 in _smith_normal_decomp
  File "/project/gworld1/.venv/lib/python3.12/site-packages/sympy/polys/matrices/normalforms.py", line 237 in _smith_normal_decomp
  File "/project/gworld1/.venv/lib/python3.12/site-packages/sympy/polys/matrices/normalforms.py", line 237 in _smith_normal_decomp
  File "/project/gworld1/.venv/lib/python3.12/site-packages/sympy/polys/matrices/normalforms.py", line 237 in _smith_normal_decomp
  File "/project/gworld1/.venv/lib/python3.12/site-packages/sympy/polys/matrices/normalforms.py", line 237 in _smith_normal_decomp
  File "/project/gworld1/.venv/lib/python3.12/site-packages/sympy/polys/matrices/normalforms.py", line 237 in _smith_normal_decomp
  File "/project/gworld1/.venv/lib/python3.12/site-packages/sympy/polys/matrices/normalforms.py", line 237 in _smith_normal_decomp
  File "/project/gworld1/.venv/lib/python3.12/site-packages/sympy/polys/matrices/normalforms.py", line 237 in _smith_normal_decomp
  File "/project/gworld1/.venv/lib/python3.12/site-packages/sympy/polys/matrices/normalforms.py", line 237 in _smith_normal_decomp
  File "/project/gworld1/.venv/lib/python3.12/site-packages/sympy/polys/matrices/normalforms.py", line 237 in _smith_normal_decomp
  File "/project/gworld1/.venv/lib/python3.12/site-packages/sympy/polys/matrices/normalforms.py", line 237 in _smith_normal_decomp
  File "/project/gworld1/.venv/lib/python3.12/site-packages/sympy/polys/matrices/normalforms.py", line 237 in _smith_normal_decomp
  File "/project/gworld1/.venv/lib/python3.12/site-packages/sympy/polys/matrices/normalforms.py", line 237 in _smith_normal_decomp
  File "/project/gworld1/.venv/lib/python3.12/site-packages/sympy/polys/matrices/normalforms.py", line 237 in _smith_normal_decomp
  File "/project/gworld1/.venv/lib/python3.12/site-packages/sympy/polys/matrices/normalforms.py", line 237 in _smith_normal_decomp
  File "/project/gworld1/.venv/lib/python3.12/site-packages/sympy/polys/matrices/normalforms.py", line 237 in _smith_normal_decomp
  File "/project/gworld1/.venv/lib/python3.12/site-packages/sympy/polys/matrices/normalforms.py", line 237 in _smith_normal_decomp
  File "/project/gworld1/.venv/lib/python3.12/site-packages/sympy/polys/matrices/normalforms.py", line 237 in _smith_normal_decomp
  File "/project/gworld1/.venv/lib/python3.12/site-packages/sympy/polys/matrices/normalforms.py", line 237 in _smith_normal_decomp
  File "/project/gworld1/.venv/lib/python3.12/site-packages/sympy/polys/matrices/normalforms.py", line 237 in _smith_normal_decomp
  ...
Timeout (0:00:20)!
Thread 0x000074d6ae0ca080 (most recent call first):
  File "/project/gworld1/.venv/lib/python3.12/site-packages/sympy/polys/matrices/dense.py", line 104 in ddm_imatmul
  File "/project/gworld1/.venv/lib/python3.12/site-packages/sympy/polys/matrices/ddm.py", line 703 in matmul
  File "/project/gworld1/.venv/lib/python3.12/site-packages/sympy/polys/matrices/domainmatrix.py", line 1601 in matmul
  File "/project/gworld1/.venv/lib/python3.12/site-packages/sympy/polys/matrices/domainmatrix.py", line 1353 in __mul__
  File "/project/gworld1/.venv/lib/python3.12/site-packages/sympy/polys/matrices/normalforms.py", line 244 in _smith_normal_decomp
  File "/project/gworld1/.venv/lib/python3.12/site-packages/sympy/polys/matrices/normalforms.py", line 237 in _smith_normal_decomp
  File "/project/gworld1/.venv/lib/python3.12/site-packages/sympy/polys/matrices/normalforms.py", line 237 in _smith_normal_decomp
  File "/project/gworld1/.venv/lib/python3.12/site-packages/sympy/polys/matrices/normalforms.py", line 237 in _smith_normal_decomp
  File "/project/gworld1/.venv/lib/python3.12/site-packages/sympy/polys/matrices/normalforms.py", line 237 in _smith_normal_decomp
  File "/project/gworld1/.venv/lib/python3.12/site-packages/sympy/polys/matrices/normalforms.py", line 237 in _smith_normal_decomp
  File "/project/gworld1/.venv/lib/python3.12/site-packages/sympy/polys/matrices/normalforms.py", line 237 in _smith_normal_decomp
  File "/project/gworld1/.venv/lib/python3.12/site-packages/sympy/polys/matrices/normalforms.py", line 237 in _smith_normal_decomp
  File "/project/gworld1/.venv/lib/python3.12/site-packages/sympy/polys/matrices/normalforms.py", line 237 in _smith_normal_decomp
  File "/project/gworld1/.venv/lib/python3.12/site-packages/sympy/polys/matrices/normalforms.py", line 237 in _smith_normal_decomp
  File "/project/gworld1/.venv/lib/python3.12/site-packages/sympy/polys/matrices/normalforms.py", line 237 in _smith_normal_decomp
  File "/project/gworld1/.venv/lib/python3.12/site-packages/sympy/polys/matrices/normalforms.py", line 237 in _smith_normal_decomp
  File "/project/gworld1/.venv/lib/python3.12/site-packages/sympy/polys/matrices/normalforms.py", line 237 in _smith_normal_decomp
  File "/project/gworld1/.venv/lib/python3.12/site-packages/sympy/polys/matrices/normalforms.py", line 237 in _smith_normal_decomp
  File "/project/gworld1/.venv/lib/python3.12/site-packages/sympy/polys/matrices/normalforms.py", line 237 in _smith_normal_decomp
  File "/project/gworld1/.venv/lib/python3.12/site-packages/sympy/polys/matrices/normalforms.py", line 237 in _smith_normal_decomp
  File "/project/gworld1/.venv/lib/python3.12/site-packages/sympy/polys/matrices/normalforms.py", line 237 in _smith_normal_decomp
  File "/project/gworld1/.venv/lib/python3.12/site-packages/sympy/polys/matrices/normalforms.py", line 237 in _smith_normal_decomp
  File "/project/gworld1/.venv/lib/python3.12/site-packages/sympy/polys/matrices/normalforms.py", line 237 in _smith_normal_decomp
  File "/project/gworld1/.venv/lib/python3.12/site-packages/sympy/polys/matrices/normalforms.py", line 237 in _smith_normal_decomp
  File "/project/gworld1/.venv/lib/python3.12/site-packages/sympy/polys/matrices/normalforms.py", line 237 in _smith_normal_decomp
  File "/project/gworld1/.venv/lib/python3.12/site-packages/sympy/polys/matrices/normalforms.py", line 237 in _smith_normal_decomp
  File "/project/gworld1/.venv/lib/python3.12/site-packages/sympy/polys/matrices/normalforms.py", line 237 in _smith_normal_decomp
  File "/project/gworld1/.venv/lib/python3.12/site-packages/sympy/polys/matrices/normalforms.py", line 237 in _smith_normal_decomp
  File "/project/gworld1/.venv/lib/python3.12/site-packages/sympy/polys/matrices/normalforms.py", line 237 in _smith_normal_decomp
  File "/project/gworld1/.venv/lib/python3.12/site-packages/sympy/polys/matrices/normalforms.py", line 237 in _smith_normal_decomp
  File "/project/gworld1/.venv/lib/python3.12/site-packages/sympy/polys/matrices/normalforms.py", line 237 in _smith_normal_decomp
  File "/project/gworld1/.venv/lib/python3.12/site-packages/sympy/polys/matrices/normalforms.py", line 237 in _smith_normal_decomp
  File "/project/gworld1/.venv/lib/python3.12/site-packages/sympy/polys/matrices/normalforms.py", line 237 in _smith_normal_decomp
  File "/project/gworld1/.venv/lib/python3.12/site-packages/sympy/polys/matrices/normalforms.py", line 237 in _smith_normal_decomp
  File "/project/gworld1/.venv/lib/python3.12/site-packages/sympy/polys/matrices/normalforms.py", line 237 in _smith_normal_decomp
  File "/project/gworld1/.venv/lib/python3.12/site-packages/sympy/polys/matrices/normalforms.py", line 237 in _smith_normal_decomp
  File "/project/gworld1/.venv/lib/python3.12/site-packages/sympy/polys/matrices/normalforms.py", line 237 in _smith_normal_decomp
  File "/project/gworld1/.venv/lib/python3.12/site-packages/sympy/polys/matrices/normalforms.py", line 237 in _smith_normal_decomp
  File "/project/gworld1/.venv/lib/python3.12/site-packages/sympy/polys/matrices/normalforms.py", line 237 in _smith_normal_decomp
  File "/project/gworld1/.venv/lib/python3.12/site-packages/sympy/polys/matrices/normalforms.py", line 237 in _smith_normal_decomp
  File "/project/gworld1/.venv/lib/python3.12/site-packages/sympy/polys/matrices/normalforms.py", line 237 in _smith_normal_decomp
  File "/project/gworld1/.venv/lib/python3.12/site-packages/sympy/polys/matrices/normalforms.py", line 237 in _smith_normal_decomp
  File "/project/gworld1/.venv/lib/python3.12/site-packages/sympy/polys/matrices/normalforms.py", line 237 in _smith_normal_decomp
  File "/project/gworld1/.venv/lib/python3.12/site-packages/sympy/polys/matrices/normalforms.py", line 237 in _smith_normal_decomp
  File "/project/gworld1/.venv/lib/python3.12/site-packages/sympy/polys/matrices/normalforms.py", line 237 in _smith_normal_decomp
  File "/project/gworld1/.venv/lib/python3.12/site-packages/sympy/polys/matrices/normalforms.py", line 237 in _smith_normal_decomp
  File "/project/gworld1/.venv/lib/python3.12/site-packages/sympy/polys/matrices/normalforms.py", line 237 in _smith_normal_decomp
  File "/project/gworld1/.venv/lib/python3.12/site-packages/sympy/polys/matrices/normalforms.py", line 237 in _smith_normal_decomp
  File "/project/gworld1/.venv/lib/python3.12/site-packages/sympy/polys/matrices/normalforms.py", line 237 in _smith_normal_decomp
  File "/project/gworld1/.venv/lib/python3.12/site-packages/sympy/polys/matrices/normalforms.py", line 237 in _smith_normal_decomp
  File "/project/gworld1/.venv/lib/python3.12/site-packages/sympy/polys/matrices/normalforms.py", line 237 in _smith_normal_decomp
  File "/project/gworld1/.venv/lib/python3.12/site-packages/sympy/polys/matrices/normalforms.py", line 237 in _smith_normal_decomp
  File "/project/gworld1/.venv/lib/python3.12/site-packages/sympy/polys/matrices/normalforms.py", line 237 in _smith_normal_decomp
  File "/project/gworld1/.venv/lib/python3.12/site-packages/sympy/polys/matrices/normalforms.py", line 237 in _smith_normal_decomp
  File "/project/gworld1/.venv/lib/python3.12/site-packages/sympy/polys/matrices/normalforms.py", line 237 in _smith_normal_decomp
  File "/project/gworld1/.venv/lib/python3.12/site-packages/sympy/polys/matrices/normalforms.py", line 237 in _smith_normal_decomp
  File "/project/gworld1/.venv/lib/python3.12/site-packages/sympy/polys/matrices/normalforms.py", line 237 in _smith_normal_decomp
  File "/project/gworld1/.venv/lib/python3.12/site-packages/sympy/polys/matrices/normalforms.py", line 237 in _smith_normal_decomp
  File "/project/gworld1/.venv/lib/python3.12/site-packages/sympy/polys/matrices/normalforms.py", line 237 in _smith_normal_decomp
  File "/project/gworld1/.venv/lib/python3.12/site-packages/sympy/polys/matrices/normalforms.py", line 237 in _smith_normal_decomp
  File "/project/gworld1/.venv/lib/python3.12/site-packages/sympy/polys/matrices/normalforms.py", line 237 in _smith_normal_decomp
  File "/project/gworld1/.venv/lib/python3.12/site-packages/sympy/polys/matrices/normalforms.py", line 237 in _smith_normal_decomp
  File "/project/gworld1/.venv/lib/python3.12/site-packages/sympy/polys/matrices/normalforms.py", line 237 in _smith_normal_decomp
  File "/project/gworld1/.venv/lib/python3.12/site-packages/sympy/polys/matrices/normalforms.py", line 237 in _smith_normal_decomp
  File "/project/gworld1/.venv/lib/python3.12/site-packages/sympy/polys/matrices/normalforms.py", line 237 in _smith_normal_decomp
  File "/project/gworld1/.venv/lib/python3.12/site-packages/sympy/polys/matrices/normalforms.py", line 237 in _smith_normal_decomp
  File "/project/gworld1/.venv/lib/python3.12/site-packages/sympy/polys/matrices/normalforms.py", line 237 in _smith_normal_decomp
  File "/project/gworld1/.venv/lib/python3.12/site-packages/sympy/polys/matrices/normalforms.py", line 237 in _smith_normal_decomp
  File "/project/gworld1/.venv/lib/python3.12/site-packages/sympy/polys/matrices/normalforms.py", line 237 in _smith_normal_decomp
  File "/project/gworld1/.venv/lib/python3.12/site-packages/sympy/polys/matrices/normalforms.py", line 237 in _smith_normal_decomp
  File "/project/gworld1/.venv/lib/python3.12/site-packages/sympy/polys/matrices/normalforms.py", line 237 in _smith_normal_decomp
  File "/project/gworld1/.venv/lib/python3.12/site-packages/sympy/polys/matrices/normalforms.py", line 237 in _smith_normal_decomp
  File "/project/gworld1/.venv/lib/python3.12/site-packages/sympy/polys/matrices/normalforms.py", line 237 in _smith_normal_decomp
  File "/project/gworld1/.venv/lib/python3.12/site-packages/sympy/polys/matrices/normalforms.py", line 237 in _smith_normal_decomp
  File "/project/gworld1/.venv/lib/python3.12/site-packages/sympy/polys/matrices/normalforms.py", line 237 in _smith_normal_decomp
  File "/project/gworld1/.venv/lib/python3.12/site-packages/sympy/polys/matrices/normalforms.py", line 237 in _smith_normal_decomp
  File "/project/gworld1/.venv/lib/python3.12/site-packages/sympy/polys/matrices/normalforms.py", line 237 in _smith_normal_decomp
  File "/project/gworld1/.venv/lib/python3.12/site-packages/sympy/polys/matrices/normalforms.py", line 237 in _smith_normal_decomp
  File "/project/gworld1/.venv/lib/python3.12/site-packages/sympy/polys/matrices/normalforms.py", line 237 in _smith_normal_decomp
  File "/project/gworld1/.venv/lib/python3.12/site-packages/sympy/polys/matrices/normalforms.py", line 237 in _smith_normal_decomp
  File "/project/gworld1/.venv/lib/python3.12/site-packages/sympy/polys/matrices/normalforms.py", line 237 in _smith_normal_decomp
  File "/project/gworld1/.venv/lib/python3.12/site-packages/sympy/polys/matrices/normalforms.py", line 237 in _smith_normal_decomp
  File "/project/gworld1/.venv/lib/python3.12/site-packages/sympy/polys/matrices/normalforms.py", line 237 in _smith_normal_decomp
  File "/project/gworld1/.venv/lib/python3.12/site-packages/sympy/polys/matrices/normalforms.py", line 237 in _smith_normal_decomp
  File "/project/gworld1/.venv/lib/python3.12/site-packages/sympy/polys/matrices/normalforms.py", line 237 in _smith_normal_decomp
  File "/project/gworld1/.venv/lib/python3.12/site-packages/sympy/polys/matrices/normalforms.py", line 237 in _smith_normal_decomp
  File "/project/gworld1/.venv/lib/python3.12/site-packages/sympy/polys/matrices/normalforms.py", line 237 in _smith_normal_decomp
  File "/project/gworld1/.venv/lib/python3.12/site-packages/sympy/polys/matrices/normalforms.py", line 237 in _smith_normal_decomp
  File "/project/gworld1/.venv/lib/python3.12/site-packages/sympy/polys/matrices/normalforms.py", line 237 in _smith_normal_decomp
  File "/project/gworld1/.venv/lib/python3.12/site-packages/sympy/polys/matrices/normalforms.py", line 237 in _smith_normal_decomp
  File "/project/gworld1/.venv/lib/python3.12/site-packages/sympy/polys/matrices/normalforms.py", line 237 in _smith_normal_decomp
  File "/project/gworld1/.venv/lib/python3.12/site-packages/sympy/polys/matrices/normalforms.py", line 237 in _smith_normal_decomp
  File "/project/gworld1/.venv/lib/python3.12/site-packages/sympy/polys/matrices/normalforms.py", line 237 in _smith_normal_decomp
  File "/project/gworld1/.venv/lib/python3.12/site-packages/sympy/polys/matrices/normalforms.py", line 237 in _smith_normal_decomp
  File "/project/gworld1/.venv/lib/python3.12/site-packages/sympy/polys/matrices/normalforms.py", line 237 in _smith_normal_decomp
  File "/project/gworld1/.venv/lib/python3.12/site-packages/sympy/polys/matrices/normalforms.py", line 237 in _smith_normal_decomp
  File "/project/gworld1/.venv/lib/python3.12/site-packages/sympy/polys/matrices/normalforms.py", line 237 in _smith_normal_decomp
  File "/project/gworld1/.venv/lib/python3.12/site-packages/sympy/polys/matrices/normalforms.py", line 237 in _smith_normal_decomp
  File "/project/gworld1/.venv/lib/python3.12/site-packages/sympy/polys/matrices/normalforms.py", line 237 in _smith_normal_decomp
  File "/project/gworld1/.venv/lib/python3.12/site-packages/sympy/polys/matrices/normalforms.py", line 237 in _smith_normal_decomp
  ...
Timeout (0:00:20)!
Thread 0x000074d6ae0ca080 (most recent call first):
  File "/project/gworld1/.venv/lib/python3.12/site-packages/sympy/polys/matrices/dense.py", line 104 in ddm_imatmul
  File "/project/gworld1/.venv/lib/python3.12/site-packages/sympy/polys/matrices/ddm.py", line 703 in matmul
  File "/project/gworld1/.venv/lib/python3.12/site-packages/sympy/polys/matrices/domainmatrix.py", line 1601 in matmul
  File "/project/gworld1/.venv/lib/python3.12/site-packages/sympy/polys/matrices/domainmatrix.py", line 1353 in __mul__
  File "/project/gworld1/.venv/lib/python3.12/site-packages/sympy/polys/matrices/normalforms.py", line 244 in _smith_normal_decomp
  File "/project/gworld1/.venv/lib/python3.12/site-packages/sympy/polys/matrices/normalforms.py", line 237 in _smith_normal_decomp
  File "/project/gworld1/.venv/lib/python3.12/site-packages/sympy/polys/matrices/normalforms.py", line 237 in _smith_normal_decomp
  File "/project/gworld1/.venv/lib/python3.12/site-packages/sympy/polys/matrices/normalforms.py", line 237 in _smith_normal_decomp
  File "/project/gworld1/.venv/lib/python3.12/site-packages/sympy/polys/matrices/normalforms.py", line 237 in _smith_normal_decomp
  File "/project/gworld1/.venv/lib/python3.12/site-packages/sympy/polys/matrices/normalforms.py", line 237 in _smith_normal_decomp
  File "/project/gworld1/.venv/lib/python3.12/site-packages/sympy/polys/matrices/normalforms.py", line 237 in _smith_normal_decomp
  File "/project/gworld1/.venv/lib/python3.12/site-packages/sympy/polys/matrices/normalforms.py", line 237 in _smith_normal_decomp
  File "/project/gworld1/.venv/lib/python3.12/site-packages/sympy/polys/matrices/normalforms.py", line 237 in _smith_normal_decomp
  File "/project/gworld1/.venv/lib/python3.12/site-packages/sympy/polys/matrices/normalforms.py", line 237 in _smith_normal_decomp
  File "/project/gworld1/.venv/lib/python3.12/site-packages/sympy/polys/matrices/normalforms.py", line 237 in _smith_normal_decomp
  File "/project/gworld1/.venv/lib/python3.12/site-packages/sympy/polys/matrices/normalforms.py", line 237 in _smith_normal_decomp
  File "/project/gworld1/.venv/lib/python3.12/site-packages/sympy/polys/matrices/normalforms.py", line 237 in _smith_normal_decomp
  File "/project/gworld1/.venv/lib/python3.12/site-packages/sympy/polys/matrices/normalforms.py", line 237 in _smith_normal_decomp
  File "/project/gworld1/.venv/lib/python3.12/site-packages/sympy/polys/matrices/normalforms.py", line 237 in _smith_normal_decomp
  File "/project/gworld1/.venv/lib/python3.12/site-packages/sympy/polys/matrices/normalforms.py", line 237 in _smith_normal_decomp
  File "/project/gworld1/.venv/lib/python3.12/site-packages/sympy/polys/matrices/normalforms.py", line 237 in _smith_normal_decomp
  File "/project/gworld1/.venv/lib/python3.12/site-packages/sympy/polys/matrices/normalforms.py", line 237 in _smith_normal_decomp
  File "/project/gworld1/.venv/lib/python3.12/site-packages/sympy/polys/matrices/normalforms.py", line 237 in _smith_normal_decomp
  File "/project/gworld1/.venv/lib/python3.12/site-packages/sympy/polys/matrices/normalforms.py", line 237 in _smith_normal_decomp
  File "/project/gworld1/.venv/lib/python3.12/site-packages/sympy/polys/matrices/normalforms.py", line 237 in _smith_normal_decomp
  File "/project/gworld1/.venv/lib/python3.12/site-packages/sympy/polys/matrices/normalforms.py", line 237 in _smith_normal_decomp
  File "/project/gworld1/.venv/lib/python3.12/site-packages/sympy/polys/matrices/normalforms.py", line 237 in _smith_normal_decomp
  File "/project/gworld1/.venv/lib/python3.12/site-packages/sympy/polys/matrices/normalforms.py", line 237 in _smith_normal_decomp
  File "/project/gworld1/.venv/lib/python3.12/site-packages/sympy/polys/matrices/normalforms.py", line 237 in _smith_normal_decomp
  File "/project/gworld1/.venv/lib/python3.12/site-packages/sympy/polys/matrices/normalforms.py", line 237 in _smith_normal_decomp
  File "/project/gworld1/.venv/lib/python3.12/site-packages/sympy/polys/matrices/normalforms.py", line 237 in _smith_normal_decomp
  File "/project/gworld1/.venv/lib/python3.12/site-packages/sympy/polys/matrices/normalforms.py", line 237 in _smith_normal_decomp
  File "/project/gworld1/.venv/lib/python3.12/site-packages/sympy/polys/matrices/normalforms.py", line 237 in _smith_normal_decomp
  File "/project/gworld1/.venv/lib/python3.12/site-packages/sympy/polys/matrices/normalforms.py", line 237 in _smith_normal_decomp
  File "/project/gworld1/.venv/lib/python3.12/site-packages/sympy/polys/matrices/normalforms.py", line 237 in _smith_normal_decomp
  File "/project/gworld1/.venv/lib/python3.12/site-packages/sympy/polys/matrices/normalforms.py", line 237 in _smith_normal_decomp
  File "/project/gworld1/.venv/lib/python3.12/site-packages/sympy/polys/matrices/normalforms.py", line 237 in _smith_normal_decomp
  File "/project/gworld1/.venv/lib/python3.12/site-packages/sympy/polys/matrices/normalforms.py", line 237 in _smith_normal_decomp
  File "/project/gworld1/.venv/lib/python3.12/site-packages/sympy/polys/matrices/normalforms.py", line 237 in _smith_normal_decomp
  File "/project/gworld1/.venv/lib/python3.12/site-packages/sympy/polys/matrices/normalforms.py", line 237 in _smith_normal_decomp
  File "/project/gworld1/.venv/lib/python3.12/site-packages/sympy/polys/matrices/normalforms.py", line 237 in _smith_normal_decomp
  File "/project/gworld1/.venv/lib/python3.12/site-packages/sympy/polys/matrices/normalforms.py", line 237 in _smith_normal_decomp
  File "/project/gworld1/.venv/lib/python3.12/site-packages/sympy/polys/matrices/normalforms.py", line 237 in _smith_normal_decomp
  File "/project/gworld1/.venv/lib/python3.12/site-packages/sympy/polys/matrices/normalforms.py", line 237 in _smith_normal_decomp
  File "/project/gworld1/.venv/lib/python3.12/site-packages/sympy/polys/matrices/normalforms.py", line 237 in _smith_normal_decomp
  File "/project/gworld1/.venv/lib/python3.12/site-packages/sympy/polys/matrices/normalforms.py", line 237 in _smith_normal_decomp
  File "/project/gworld1/.venv/lib/python3.12/site-packages/sympy/polys/matrices/normalforms.py", line 237 in _smith_normal_decomp
  File "/project/gworld1/.venv/lib/python3.12/site-packages/sympy/polys/matrices/normalforms.py", line 237 in _smith_normal_decomp
  File "/project/gworld1/.venv/lib/python3.12/site-packages/sympy/polys/matrices/normalforms.py", line 237 in _smith_normal_decomp
  File "/project/gworld1/.venv/lib/python3.12/site-packages/sympy/polys/matrices/normalforms.py", line 237 in _smith_normal_decomp
  File "/project/gworld1/.venv/lib/python3.12/site-packages/sympy/polys/matrices/normalforms.py", line 237 in _smith_normal_decomp
  File "/project/gworld1/.venv/lib/python3.12/site-packages/sympy/polys/matrices/normalforms.py", line 237 in _smith_normal_decomp
  File "/project/gworld1/.venv/lib/python3.12/site-packages/sympy/polys/matrices/normalforms.py", line 237 in _smith_normal_decomp
  File "/project/gworld1/.venv/lib/python3.12/site-packages/sympy/polys/matrices/normalforms.py", line 237 in _smith_normal_decomp
  File "/project/gworld1/.venv/lib/python3.12/site-packages/sympy/polys/matrices/normalforms.py", line 237 in _smith_normal_decomp
  File "/project/gworld1/.venv/lib/python3.12/site-packages/sympy/polys/matrices/normalforms.py", line 237 in _smith_normal_decomp
  File "/project/gworld1/.venv/lib/python3.12/site-packages/sympy/polys/matrices/normalforms.py", line 237 in _smith_normal_decomp
  File "/project/gworld1/.venv/lib/python3.12/site-packages/sympy/polys/matrices/normalforms.py", line 237 in _smith_normal_decomp
  File "/project/gworld1/.venv/lib/python3.12/site-packages/sympy/polys/matrices/normalforms.py", line 237 in _smith_normal_decomp
  File "/project/gworld1/.venv/lib/python3.12/site-packages/sympy/polys/matrices/normalforms.py", line 237 in _smith_normal_decomp
  File "/project/gworld1/.venv/lib/python3.12/site-packages/sympy/polys/matrices/normalforms.py", line 237 in _smith_normal_decomp
  File "/project/gworld1/.venv/lib/python3.12/site-packages/sympy/polys/matrices/normalforms.py", line 237 in _smith_normal_decomp
  File "/project/gworld1/.venv/lib/python3.12/site-packages/sympy/polys/matrices/normalforms.py", line 237 in _smith_normal_decomp
  File "/project/gworld1/.venv/lib/python3.12/site-packages/sympy/polys/matrices/normalforms.py", line 237 in _smith_normal_decomp
  File "/project/gworld1/.venv/lib/python3.12/site-packages/sympy/polys/matrices/normalforms.py", line 237 in _smith_normal_decomp
  File "/project/gworld1/.venv/lib/python3.12/site-packages/sympy/polys/matrices/normalforms.py", line 237 in _smith_normal_decomp
  File "/project/gworld1/.venv/lib/python3.12/site-packages/sympy/polys/matrices/normalforms.py", line 237 in _smith_normal_decomp
  File "/project/gworld1/.venv/lib/python3.12/site-packages/sympy/polys/matrices/normalforms.py", line 237 in _smith_normal_decomp
  File "/project/gworld1/.venv/lib/python3.12/site-packages/sympy/polys/matrices/normalforms.py", line 237 in _smith_normal_decomp
  File "/project/gworld1/.venv/lib/python3.12/site-packages/sympy/polys/matrices/normalforms.py", line 237 in _smith_normal_decomp
  File "/project/gworld1/.venv/lib/python3.12/site-packages/sympy/polys/matrices/normalforms.py", line 237 in _smith_normal_decomp
  File "/project/gworld1/.venv/lib/python3.12/site-packages/sympy/polys/matrices/normalforms.py", line 237 in _smith_normal_decomp
  File "/project/gworld1/.venv/lib/python3.12/site-packages/sympy/polys/matrices/normalforms.py", line 237 in _smith_normal_decomp
  File "/project/gworld1/.venv/lib/python3.12/site-packages/sympy/polys/matrices/normalforms.py", line 237 in _smith_normal_decomp
  File "/project/gworld1/.venv/lib/python3.12/site-packages/sympy/polys/matrices/normalforms.py", line 237 in _smith_normal_decomp
  File "/project/gworld1/.venv/lib/python3.12/site-packages/sympy/polys/matrices/normalforms.py", line 237 in _smith_normal_decomp
  File "/project/gworld1/.venv/lib/python3.12/site-packages/sympy/polys/matrices/normalforms.py", line 237 in _smith_normal_decomp
  File "/project/gworld1/.venv/lib/python3.12/site-packages/sympy/polys/matrices/normalforms.py", line 237 in _smith_normal_decomp
  File "/project/gworld1/.venv/lib/python3.12/site-packages/sympy/polys/matrices/normalforms.py", line 237 in _smith_normal_decomp
  File "/project/gworld1/.venv/lib/python3.12/site-packages/sympy/polys/matrices/normalforms.py", line 237 in _smith_normal_decomp
  File "/project/gworld1/.venv/lib/python3.12/site-packages/sympy/polys/matrices/normalforms.py", line 237 in _smith_normal_decomp
  File "/project/gworld1/.venv/lib/python3.12/site-packages/sympy/polys/matrices/normalforms.py", line 237 in _smith_normal_decomp
  File "/project/gworld1/.venv/lib/python3.12/site-packages/sympy/polys/matrices/normalforms.py", line 237 in _smith_normal_decomp
  File "/project/gworld1/.venv/lib/python3.12/site-packages/sympy/polys/matrices/normalforms.py", line 237 in _smith_normal_decomp
  File "/project/gworld1/.venv/lib/python3.12/site-packages/sympy/polys/matrices/normalforms.py", line 237 in _smith_normal_decomp
  File "/project/gworld1/.venv/lib/python3.12/site-packages/sympy/polys/matrices/normalforms.py", line 237 in _smith_normal_decomp
  File "/project/gworld1/.venv/lib/python3.12/site-packages/sympy/polys/matrices/normalforms.py", line 237 in _smith_normal_decomp
  File "/project/gworld1/.venv/lib/python3.12/site-packages/sympy/polys/matrices/normalforms.py", line 237 in _smith_normal_decomp
  File "/project/gworld1/.venv/lib/python3.12/site-packages/sympy/polys/matrices/normalforms.py", line 237 in _smith_normal_decomp
  File "/project/gworld1/.venv/lib/python3.12/site-packages/sympy/polys/matrices/normalforms.py", line 237 in _smith_normal_decomp
  File "/project/gworld1/.venv/lib/python3.12/site-packages/sympy/polys/matrices/normalforms.py", line 237 in _smith_normal_decomp
  File "/project/gworld1/.venv/lib/python3.12/site-packages/sympy/polys/matrices/normalforms.py", line 237 in _smith_normal_decomp
  File "/project/gworld1/.venv/lib/python3.12/site-packages/sympy/polys/matrices/normalforms.py", line 237 in _smith_normal_decomp
  File "/project/gworld1/.venv/lib/python3.12/site-packages/sympy/polys/matrices/normalforms.py", line 237 in _smith_normal_decomp
  File "/project/gworld1/.venv/lib/python3.12/site-packages/sympy/polys/matrices/normalforms.py", line 237 in _smith_normal_decomp
  File "/project/gworld1/.venv/lib/python3.12/site-packages/sympy/polys/matrices/normalforms.py", line 237 in _smith_normal_decomp
  File "/project/gworld1/.venv/lib/python3.12/site-packages/sympy/polys/matrices/normalforms.py", line 237 in _smith_normal_decomp
  File "/project/gworld1/.venv/lib/python3.12/site-packages/sympy/polys/matrices/normalforms.py", line 237 in _smith_normal_decomp
  File "/project/gworld1/.venv/lib/python3.12/site-packages/sympy/polys/matrices/normalforms.py", line 237 in _smith_normal_decomp
  File "/project/gworld1/.venv/lib/python3.12/site-packages/sympy/polys/matrices/normalforms.py", line 237 in _smith_normal_decomp
  ...
Timeout (0:00:20)!
Thread 0x000074d6ae0ca080 (most recent call first):
  File "/project/gworld1/.venv/lib/python3.12/site-packages/sympy/polys/matrices/dense.py", line 104 in ddm_imatmul
  File "/project/gworld1/.venv/lib/python3.12/site-packages/sympy/polys/matrices/ddm.py", line 703 in matmul
  File "/project/gworld1/.venv/lib/python3.12/site-packages/sympy/polys/matrices/domainmatrix.py", line 1601 in matmul
  File "/project/gworld1/.venv/lib/python3.12/site-packages/sympy/polys/matrices/domainmatrix.py", line 1353 in __mul__
  File "/project/gworld1/.venv/lib/python3.12/site-packages/sympy/polys/matrices/normalforms.py", line 244 in _smith_normal_decomp
  File "/project/gworld1/.venv/lib/python3.12/site-packages/sympy/polys/matrices/normalforms.py", line 237 in _smith_normal_decomp
  File "/project/gworld1/.venv/lib/python3.12/site-packages/sympy/polys/matrices/normalforms.py", line 237 in _smith_normal_decomp
  File "/project/gworld1/.venv/lib/python3.12/site-packages/sympy/polys/matrices/normalforms.py", line 237 in _smith_normal_decomp
  File "/project/gworld1/.venv/lib/python3.12/site-packages/sympy/polys/matrices/normalforms.py", line 237 in _smith_normal_decomp
  File "/project/gworld1/.venv/lib/python3.12/site-packages/sympy/polys/matrices/normalforms.py", line 237 in _smith_normal_decomp
  File "/project/gworld1/.venv/lib/python3.12/site-packages/sympy/polys/matrices/normalforms.py", line 237 in _smith_normal_decomp
  File "/project/gworld1/.venv/lib/python3.12/site-packages/sympy/polys/matrices/normalforms.py", line 237 in _smith_normal_decomp
  File "/project/gworld1/.venv/lib/python3.12/site-packages/sympy/polys/matrices/normalforms.py", line 237 in _smith_normal_decomp
  File "/project/gworld1/.venv/lib/python3.12/site-packages/sympy/polys/matrices/normalforms.py", line 237 in _smith_normal_decomp
  File "/project/gworld1/.venv/lib/python3.12/site-packages/sympy/polys/matrices/normalforms.py", line 237 in _smith_normal_decomp
  File "/project/gworld1/.venv/lib/python3.12/site-packages/sympy/polys/matrices/normalforms.py", line 237 in _smith_normal_decomp
  File "/project/gworld1/.venv/lib/python3.12/site-packages/sympy/polys/matrices/normalforms.py", line 237 in _smith_normal_decomp
  File "/project/gworld1/.venv/lib/python3.12/site-packages/sympy/polys/matrices/normalforms.py", line 237 in _smith_normal_decomp
  File "/project/gworld1/.venv/lib/python3.12/site-packages/sympy/polys/matrices/normalforms.py", line 237 in _smith_normal_decomp
  File "/project/gworld1/.venv/lib/python3.12/site-packages/sympy/polys/matrices/normalforms.py", line 237 in _smith_normal_decomp
  File "/project/gworld1/.venv/lib/python3.12/site-packages/sympy/polys/matrices/normalforms.py", line 237 in _smith_normal_decomp
  File "/project/gworld1/.venv/lib/python3.12/site-packages/sympy/polys/matrices/normalforms.py", line 237 in _smith_normal_decomp
  File "/project/gworld1/.venv/lib/python3.12/site-packages/sympy/polys/matrices/normalforms.py", line 237 in _smith_normal_decomp
  File "/project/gworld1/.venv/lib/python3.12/site-packages/sympy/polys/matrices/normalforms.py", line 237 in _smith_normal_decomp
  File "/project/gworld1/.venv/lib/python3.12/site-packages/sympy/polys/matrices/normalforms.py", line 237 in _smith_normal_decomp
  File "/project/gworld1/.venv/lib/python3.12/site-packages/sympy/polys/matrices/normalforms.py", line 237 in _smith_normal_decomp
  File "/project/gworld1/.venv/lib/python3.12/site-packages/sympy/polys/matrices/normalforms.py", line 237 in _smith_normal_decomp
  File "/project/gworld1/.venv/lib/python3.12/site-packages/sympy/polys/matrices/normalforms.py", line 237 in _smith_normal_decomp
  File "/project/gworld1/.venv/lib/python3.12/site-packages/sympy/polys/matrices/normalforms.py", line 237 in _smith_normal_decomp
  File "/project/gworld1/.venv/lib/python3.12/site-packages/sympy/polys/matrices/normalforms.py", line 237 in _smith_normal_decomp
  File "/project/gworld1/.venv/lib/python3.12/site-packages/sympy/polys/matrices/normalforms.py", line 237 in _smith_normal_decomp
  File "/project/gworld1/.venv/lib/python3.12/site-packages/sympy/polys/matrices/normalforms.py", line 237 in _smith_normal_decomp
  File "/project/gworld1/.venv/lib/python3.12/site-packages/sympy/polys/matrices/normalforms.py", line 237 in _smith_normal_decomp
  File "/project/gworld1/.venv/lib/python3.12/site-packages/sympy/polys/matrices/normalforms.py", line 237 in _smith_normal_decomp
  File "/project/gworld1/.venv/lib/python3.12/site-packages/sympy/polys/matrices/normalforms.py", line 237 in _smith_normal_decomp
  File "/project/gworld1/.venv/lib/python3.12/site-packages/sympy/polys/matrices/normalforms.py", line 237 in _smith_normal_decomp
  File "/project/gworld1/.venv/lib/python3.12/site-packages/sympy/polys/matrices/normalforms.py", line 237 in _smith_normal_decomp
  File "/project/gworld1/.venv/lib/python3.12/site-packages/sympy/polys/matrices/normalforms.py", line 237 in _smith_normal_decomp
  File "/project/gworld1/.venv/lib/python3.12/site-packages/sympy/polys/matrices/normalforms.py", line 237 in _smith_normal_decomp
  File "/project/gworld1/.venv/lib/python3.12/site-packages/sympy/polys/matrices/normalforms.py", line 237 in _smith_normal_decomp
  File "/project/gworld1/.venv/lib/python3.12/site-packages/sympy/polys/matrices/normalforms.py", line 237 in _smith_normal_decomp
  File "/project/gworld1/.venv/lib/python3.12/site-packages/sympy/polys/matrices/normalforms.py", line 237 in _smith_normal_decomp
  File "/project/gworld1/.venv/lib/python3.12/site-packages/sympy/polys/matrices/normalforms.py", line 237 in _smith_normal_decomp
  File "/project/gworld1/.venv/lib/python3.12/site-packages/sympy/polys/matrices/normalforms.py", line 237 in _smith_normal_decomp
  File "/project/gworld1/.venv/lib/python3.12/site-packages/sympy/polys/matrices/normalforms.py", line 237 in _smith_normal_decomp
  File "/project/gworld1/.venv/lib/python3.12/site-packages/sympy/polys/matrices/normalforms.py", line 237 in _smith_normal_decomp
  File "/project/gworld1/.venv/lib/python3.12/site-packages/sympy/polys/matrices/normalforms.py", line 237 in _smith_normal_decomp
  File "/project/gworld1/.venv/lib/python3.12/site-packages/sympy/polys/matrices/normalforms.py", line 237 in _smith_normal_decomp
  File "/project/gworld1/.venv/lib/python3.12/site-packages/sympy/polys/matrices/normalforms.py", line 237 in _smith_normal_decomp
  File "/project/gworld1/.venv/lib/python3.12/site-packages/sympy/polys/matrices/normalforms.py", line 237 in _smith_normal_decomp
  File "/project/gworld1/.venv/lib/python3.12/site-packages/sympy/polys/matrices/normalforms.py", line 237 in _smith_normal_decomp
  File "/project/gworld1/.venv/lib/python3.12/site-packages/sympy/polys/matrices/normalforms.py", line 237 in _smith_normal_decomp
  File "/project/gworld1/.venv/lib/python3.12/site-packages/sympy/polys/matrices/normalforms.py", line 237 in _smith_normal_decomp
  File "/project/gworld1/.venv/lib/python3.12/site-packages/sympy/polys/matrices/normalforms.py", line 237 in _smith_normal_decomp
  File "/project/gworld1/.venv/lib/python3.12/site-packages/sympy/polys/matrices/normalforms.py", line 237 in _smith_normal_decomp
  File "/project/gworld1/.venv/lib/python3.12/site-packages/sympy/polys/matrices/normalforms.py", line 237 in _smith_normal_decomp
  File "/project/gworld1/.venv/lib/python3.12/site-packages/sympy/polys/matrices/normalforms.py", line 237 in _smith_normal_decomp
  File "/project/gworld1/.venv/lib/python3.12/site-packages/sympy/polys/matrices/normalforms.py", line 237 in _smith_normal_decomp
  File "/project/gworld1/.venv/lib/python3.12/site-packages/sympy/polys/matrices/normalforms.py", line 237 in _smith_normal_decomp
  File "/project/gworld1/.venv/lib/python3.12/site-packages/sympy/polys/matrices/normalforms.py", line 237 in _smith_normal_decomp
  File "/project/gworld1/.venv/lib/python3.12/site-packages/sympy/polys/matrices/normalforms.py", line 237 in _smith_normal_decomp
  File "/project/gworld1/.venv/lib/python3.12/site-packages/sympy/polys/matrices/normalforms.py", line 237 in _smith_normal_decomp
  File "/project/gworld1/.venv/lib/python3.12/site-packages/sympy/polys/matrices/normalforms.py", line 237 in _smith_normal_decomp
  File "/project/gworld1/.venv/lib/python3.12/site-packages/sympy/polys/matrices/normalforms.py", line 237 in _smith_normal_decomp
  File "/project/gworld1/.venv/lib/python3.12/site-packages/sympy/polys/matrices/normalforms.py", line 237 in _smith_normal_decomp
  File "/project/gworld1/.venv/lib/python3.12/site-packages/sympy/polys/matrices/normalforms.py", line 237 in _smith_normal_decomp
  File "/project/gworld1/.venv/lib/python3.12/site-packages/sympy/polys/matrices/normalforms.py", line 237 in _smith_normal_decomp
  File "/project/gworld1/.venv/lib/python3.12/site-packages/sympy/polys/matrices/normalforms.py", line 237 in _smith_normal_decomp
  File "/project/gworld1/.venv/lib/python3.12/site-packages/sympy/polys/matrices/normalforms.py", line 237 in _smith_normal_decomp
  File "/project/gworld1/.venv/lib/python3.12/site-packages/sympy/polys/matrices/normalforms.py", line 237 in _smith_normal_decomp
  File "/project/gworld1/.venv/lib/python3.12/site-packages/sympy/polys/matrices/normalforms.py", line 237 in _smith_normal_decomp
  File "/project/gworld1/.venv/lib/python3.12/site-packages/sympy/polys/matrices/normalforms.py", line 237 in _smith_normal_decomp
  File "/project/gworld1/.venv/lib/python3.12/site-packages/sympy/polys/matrices/normalforms.py", line 237 in _smith_normal_decomp
  File "/project/gworld1/.venv/lib/python3.12/site-packages/sympy/polys/matrices/normalforms.py", line 237 in _smith_normal_decomp
  File "/project/gworld1/.venv/lib/python3.12/site-packages/sympy/polys/matrices/normalforms.py", line 237 in _smith_normal_decomp
  File "/project/gworld1/.venv/lib/python3.12/site-packages/sympy/polys/matrices/normalforms.py", line 237 in _smith_normal_decomp
  File "/project/gworld1/.venv/lib/python3.12/site-packages/sympy/polys/matrices/normalforms.py", line 237 in _smith_normal_decomp
  File "/project/gworld1/.venv/lib/python3.12/site-packages/sympy/polys/matrices/normalforms.py", line 237 in _smith_normal_decomp
  File "/project/gworld1/.venv/lib/python3.12/site-packages/sympy/polys/matrices/normalforms.py", line 237 in _smith_normal_decomp
  File "/project/gworld1/.venv/lib/python3.12/site-packages/sympy/polys/matrices/normalforms.py", line 237 in _smith_normal_decomp
  File "/project/gworld1/.venv/lib/python3.12/site-packages/sympy/polys/matrices/normalforms.py", line 237 in _smith_normal_decomp
  File "/project/gworld1/.venv/lib/python3.12/site-packages/sympy/polys/matrices/normalforms.py", line 237 in _smith_normal_decomp
  File "/project/gworld1/.venv/lib/python3.12/site-packages/sympy/polys/matrices/normalforms.py", line 237 in _smith_normal_decomp
  File "/project/gworld1/.venv/lib/python3.12/site-packages/sympy/polys/matrices/normalforms.py", line 237 in _smith_normal_decomp
  File "/project/gworld1/.venv/lib/python3.12/site-packages/sympy/polys/matrices/normalforms.py", line 237 in _smith_normal_decomp
  File "/project/gworld1/.venv/lib/python3.12/site-packages/sympy/polys/matrices/normalforms.py", line 237 in _smith_normal_decomp
  File "/project/gworld1/.venv/lib/python3.12/site-packages/sympy/polys/matrices/normalforms.py", line 237 in _smith_normal_decomp
  File "/project/gworld1/.venv/lib/python3.12/site-packages/sympy/polys/matrices/normalforms.py", line 237 in _smith_normal_decomp
  File "/project/gworld1/.venv/lib/python3.12/site-packages/sympy/polys/matrices/normalforms.py", line 237 in _smith_normal_decomp
  File "/project/gworld1/.venv/lib/python3.12/site-packages/sympy/polys/matrices/normalforms.py", line 237 in _smith_normal_decomp
  File "/project/gworld1/.venv/lib/python3.12/site-packages/sympy/polys/matrices/normalforms.py", line 237 in _smith_normal_decomp
  File "/project/gworld1/.venv/lib/python3.12/site-packages/sympy/polys/matrices/normalforms.py", line 237 in _smith_normal_decomp
  File "/project/gworld1/.venv/lib/python3.12/site-packages/sympy/polys/matrices/normalforms.py", line 237 in _smith_normal_decomp
  File "/project/gworld1/.venv/lib/python3.12/site-packages/sympy/polys/matrices/normalforms.py", line 237 in _smith_normal_decomp
  File "/project/gworld1/.venv/lib/python3.12/site-packages/sympy/polys/matrices/normalforms.py", line 237 in _smith_normal_decomp
  File "/project/gworld1/.venv/lib/python3.12/site-packages/sympy/polys/matrices/normalforms.py", line 237 in _smith_normal_decomp
  File "/project/gworld1/.venv/lib/python3.12/site-packages/sympy/polys/matrices/normalforms.py", line 237 in _smith_normal_decomp
  File "/project/gworld1/.venv/lib/python3.12/site-packages/sympy/polys/matrices/normalforms.py", line 237 in _smith_normal_decomp
  File "/project/gworld1/.venv/lib/python3.12/site-packages/sympy/polys/matrices/normalforms.py", line 237 in _smith_normal_decomp
  File "/project/gworld1/.venv/lib/python3.12/site-packages/sympy/polys/matrices/normalforms.py", line 237 in _smith_normal_decomp
  ...
Timeout (0:00:20)!
Thread 0x000074d6ae0ca080 (most recent call first):
  File "/project/gworld1/.venv/lib/python3.12/site-packages/sympy/polys/matrices/dense.py", line 104 in ddm_imatmul
  File "/project/gworld1/.venv/lib/python3.12/site-packages/sympy/polys/matrices/ddm.py", line 703 in matmul
  File "/project/gworld1/.venv/lib/python3.12/site-packages/sympy/polys/matrices/domainmatrix.py", line 1601 in matmul
  File "/project/gworld1/.venv/lib/python3.12/site-packages/sympy/polys/matrices/domainmatrix.py", line 1353 in __mul__
  File "/project/gworld1/.venv/lib/python3.12/site-packages/sympy/polys/matrices/normalforms.py", line 244 in _smith_normal_decomp
  File "/project/gworld1/.venv/lib/python3.12/site-packages/sympy/polys/matrices/normalforms.py", line 237 in _smith_normal_decomp
  File "/project/gworld1/.venv/lib/python3.12/site-packages/sympy/polys/matrices/normalforms.py", line 237 in _smith_normal_decomp
  File "/project/gworld1/.venv/lib/python3.12/site-packages/sympy/polys/matrices/normalforms.py", line 237 in _smith_normal_decomp
  File "/project/gworld1/.venv/lib/python3.12/site-packages/sympy/polys/matrices/normalforms.py", line 237 in _smith_normal_decomp
  File "/project/gworld1/.venv/lib/python3.12/site-packages/sympy/polys/matrices/normalforms.py", line 237 in _smith_normal_decomp
  File "/project/gworld1/.venv/lib/python3.12/site-packages/sympy/polys/matrices/normalforms.py", line 237 in _smith_normal_decomp
  File "/project/gworld1/.venv/lib/python3.12/site-packages/sympy/polys/matrices/normalforms.py", line 237 in _smith_normal_decomp
  File "/project/gworld1/.venv/lib/python3.12/site-packages/sympy/polys/matrices/normalforms.py", line 237 in _smith_normal_decomp
  File "/project/gworld1/.venv/lib/python3.12/site-packages/sympy/polys/matrices/normalforms.py", line 237 in _smith_normal_decomp
  File "/project/gworld1/.venv/lib/python3.12/site-packages/sympy/polys/matrices/normalforms.py", line 237 in _smith_normal_decomp
  File "/project/gworld1/.venv/lib/python3.12/site-packages/sympy/polys/matrices/normalforms.py", line 237 in _smith_normal_decomp
  File "/project/gworld1/.venv/lib/python3.12/site-packages/sympy/polys/matrices/normalforms.py", line 237 in _smith_normal_decomp
  File "/project/gworld1/.venv/lib/python3.12/site-packages/sympy/polys/matrices/normalforms.py", line 237 in _smith_normal_decomp
  File "/project/gworld1/.venv/lib/python3.12/site-packages/sympy/polys/matrices/normalforms.py", line 237 in _smith_normal_decomp
  File "/project/gworld1/.venv/lib/python3.12/site-packages/sympy/polys/matrices/normalforms.py", line 237 in _smith_normal_decomp
  File "/project/gworld1/.venv/lib/python3.12/site-packages/sympy/polys/matrices/normalforms.py", line 237 in _smith_normal_decomp
  File "/project/gworld1/.venv/lib/python3.12/site-packages/sympy/polys/matrices/normalforms.py", line 237 in _smith_normal_decomp
  File "/project/gworld1/.venv/lib/python3.12/site-packages/sympy/polys/matrices/normalforms.py", line 237 in _smith_normal_decomp
  File "/project/gworld1/.venv/lib/python3.12/site-packages/sympy/polys/matrices/normalforms.py", line 237 in _smith_normal_decomp
  File "/project/gworld1/.venv/lib/python3.12/site-packages/sympy/polys/matrices/normalforms.py", line 237 in _smith_normal_decomp
  File "/project/gworld1/.venv/lib/python3.12/site-packages/sympy/polys/matrices/normalforms.py", line 237 in _smith_normal_decomp
  File "/project/gworld1/.venv/lib/python3.12/site-packages/sympy/polys/matrices/normalforms.py", line 237 in _smith_normal_decomp
  File "/project/gworld1/.venv/lib/python3.12/site-packages/sympy/polys/matrices/normalforms.py", line 237 in _smith_normal_decomp
  File "/project/gworld1/.venv/lib/python3.12/site-packages/sympy/polys/matrices/normalforms.py", line 237 in _smith_normal_decomp
  File "/project/gworld1/.venv/lib/python3.12/site-packages/sympy/polys/matrices/normalforms.py", line 237 in _smith_normal_decomp
  File "/project/gworld1/.venv/lib/python3.12/site-packages/sympy/polys/matrices/normalforms.py", line 237 in _smith_normal_decomp
  File "/project/gworld1/.venv/lib/python3.12/site-packages/sympy/polys/matrices/normalforms.py", line 237 in _smith_normal_decomp
  File "/project/gworld1/.venv/lib/python3.12/site-packages/sympy/polys/matrices/normalforms.py", line 237 in _smith_normal_decomp
  File "/project/gworld1/.venv/lib/python3.12/site-packages/sympy/polys/matrices/normalforms.py", line 237 in _smith_normal_decomp
  File "/project/gworld1/.venv/lib/python3.12/site-packages/sympy/polys/matrices/normalforms.py", line 237 in _smith_normal_decomp
  File "/project/gworld1/.venv/lib/python3.12/site-packages/sympy/polys/matrices/normalforms.py", line 237 in _smith_normal_decomp
  File "/project/gworld1/.venv/lib/python3.12/site-packages/sympy/polys/matrices/normalforms.py", line 237 in _smith_normal_decomp
  File "/project/gworld1/.venv/lib/python3.12/site-packages/sympy/polys/matrices/normalforms.py", line 237 in _smith_normal_decomp
  File "/project/gworld1/.venv/lib/python3.12/site-packages/sympy/polys/matrices/normalforms.py", line 237 in _smith_normal_decomp
  File "/project/gworld1/.venv/lib/python3.12/site-packages/sympy/polys/matrices/normalforms.py", line 237 in _smith_normal_decomp
  File "/project/gworld1/.venv/lib/python3.12/site-packages/sympy/polys/matrices/normalforms.py", line 237 in _smith_normal_decomp
  File "/project/gworld1/.venv/lib/python3.12/site-packages/sympy/polys/matrices/normalforms.py", line 237 in _smith_normal_decomp
  File "/project/gworld1/.venv/lib/python3.12/site-packages/sympy/polys/matrices/normalforms.py", line 237 in _smith_normal_decomp
  File "/project/gworld1/.venv/lib/python3.12/site-packages/sympy/polys/matrices/normalforms.py", line 237 in _smith_normal_decomp
  File "/project/gworld1/.venv/lib/python3.12/site-packages/sympy/polys/matrices/normalforms.py", line 237 in _smith_normal_decomp
  File "/project/gworld1/.venv/lib/python3.12/site-packages/sympy/polys/matrices/normalforms.py", line 237 in _smith_normal_decomp
  File "/project/gworld1/.venv/lib/python3.12/site-packages/sympy/polys/matrices/normalforms.py", line 237 in _smith_normal_decomp
  File "/project/gworld1/.venv/lib/python3.12/site-packages/sympy/polys/matrices/normalforms.py", line 237 in _smith_normal_decomp
  File "/project/gworld1/.venv/lib/python3.12/site-packages/sympy/polys/matrices/normalforms.py", line 237 in _smith_normal_decomp
  File "/project/gworld1/.venv/lib/python3.12/site-packages/sympy/polys/matrices/normalforms.py", line 237 in _smith_normal_decomp
  File "/project/gworld1/.venv/lib/python3.12/site-packages/sympy/polys/matrices/normalforms.py", line 237 in _smith_normal_decomp
  File "/project/gworld1/.venv/lib/python3.12/site-packages/sympy/polys/matrices/normalforms.py", line 237 in _smith_normal_decomp
  File "/project/gworld1/.venv/lib/python3.12/site-packages/sympy/polys/matrices/normalforms.py", line 237 in _smith_normal_decomp
  File "/project/gworld1/.venv/lib/python3.12/site-packages/sympy/polys/matrices/normalforms.py", line 237 in _smith_normal_decomp
  File "/project/gworld1/.venv/lib/python3.12/site-packages/sympy/polys/matrices/normalforms.py", line 237 in _smith_normal_decomp
  File "/project/gworld1/.venv/lib/python3.12/site-packages/sympy/polys/matrices/normalforms.py", line 237 in _smith_normal_decomp
  File "/project/gworld1/.venv/lib/python3.12/site-packages/sympy/polys/matrices/normalforms.py", line 237 in _smith_normal_decomp
  File "/project/gworld1/.venv/lib/python3.12/site-packages/sympy/polys/matrices/normalforms.py", line 237 in _smith_normal_decomp
  File "/project/gworld1/.venv/lib/python3.12/site-packages/sympy/polys/matrices/normalforms.py", line 237 in _smith_normal_decomp
  File "/project/gworld1/.venv/lib/python3.12/site-packages/sympy/polys/matrices/normalforms.py", line 237 in _smith_normal_decomp
  File "/project/gworld1/.venv/lib/python3.12/site-packages/sympy/polys/matrices/normalforms.py", line 237 in _smith_normal_decomp
  File "/project/gworld1/.venv/lib/python3.12/site-packages/sympy/polys/matrices/normalforms.py", line 237 in _smith_normal_decomp
  File "/project/gworld1/.venv/lib/python3.12/site-packages/sympy/polys/matrices/normalforms.py", line 237 in _smith_normal_decomp
  File "/project/gworld1/.venv/lib/python3.12/site-packages/sympy/polys/matrices/normalforms.py", line 237 in _smith_normal_decomp
  File "/project/gworld1/.venv/lib/python3.12/site-packages/sympy/polys/matrices/normalforms.py", line 237 in _smith_normal_decomp
  File "/project/gworld1/.venv/lib/python3.12/site-packages/sympy/polys/matrices/normalforms.py", line 237 in _smith_normal_decomp
  File "/project/gworld1/.venv/lib/python3.12/site-packages/sympy/polys/matrices/normalforms.py", line 237 in _smith_normal_decomp
  File "/project/gworld1/.venv/lib/python3.12/site-packages/sympy/polys/matrices/normalforms.py", line 237 in _smith_normal_decomp
  File "/project/gworld1/.venv/lib/python3.12/site-packages/sympy/polys/matrices/normalforms.py", line 237 in _smith_normal_decomp
  File "/project/gworld1/.venv/lib/python3.12/site-packages/sympy/polys/matrices/normalforms.py", line 237 in _smith_normal_decomp
  File "/project/gworld1/.venv/lib/python3.12/site-packages/sympy/polys/matrices/normalforms.py", line 237 in _smith_normal_decomp
  File "/project/gworld1/.venv/lib/python3.12/site-packages/sympy/polys/matrices/normalforms.py", line 237 in _smith_normal_decomp
  File "/project/gworld1/.venv/lib/python3.12/site-packages/sympy/polys/matrices/normalforms.py", line 237 in _smith_normal_decomp
  File "/project/gworld1/.venv/lib/python3.12/site-packages/sympy/polys/matrices/normalforms.py", line 237 in _smith_normal_decomp
  File "/project/gworld1/.venv/lib/python3.12/site-packages/sympy/polys/matrices/normalforms.py", line 237 in _smith_normal_decomp
  File "/project/gworld1/.venv/lib/python3.12/site-packages/sympy/polys/matrices/normalforms.py", line 237 in _smith_normal_decomp
  File "/project/gworld1/.venv/lib/python3.12/site-packages/sympy/polys/matrices/normalforms.py", line 237 in _smith_normal_decomp
  File "/project/gworld1/.venv/lib/python3.12/site-packages/sympy/polys/matrices/normalforms.py", line 237 in _smith_normal_decomp
  File "/project/gworld1/.venv/lib/python3.12/site-packages/sympy/polys/matrices/normalforms.py", line 237 in _smith_normal_decomp
  File "/project/gworld1/.venv/lib/python3.12/site-packages/sympy/polys/matrices/normalforms.py", line 237 in _smith_normal_decomp
  File "/project/gworld1/.venv/lib/python3.12/site-packages/sympy/polys/matrices/normalforms.py", line 237 in _smith_normal_decomp
  File "/project/gworld1/.venv/lib/python3.12/site-packages/sympy/polys/matrices/normalforms.py", line 237 in _smith_normal_decomp
  File "/project/gworld1/.venv/lib/python3.12/site-packages/sympy/polys/matrices/normalforms.py", line 237 in _smith_normal_decomp
  File "/project/gworld1/.venv/lib/python3.12/site-packages/sympy/polys/matrices/normalforms.py", line 237 in _smith_normal_decomp
  File "/project/gworld1/.venv/lib/python3.12/site-packages/sympy/polys/matrices/normalforms.py", line 237 in _smith_normal_decomp
  File "/project/gworld1/.venv/lib/python3.12/site-packages/sympy/polys/matrices/normalforms.py", line 237 in _smith_normal_decomp
  File "/project/gworld1/.venv/lib/python3.12/site-packages/sympy/polys/matrices/normalforms.py", line 237 in _smith_normal_decomp
  File "/project/gworld1/.venv/lib/python3.12/site-packages/sympy/polys/matrices/normalforms.py", line 237 in _smith_normal_decomp
  File "/project/gworld1/.venv/lib/python3.12/site-packages/sympy/polys/matrices/normalforms.py", line 237 in _smith_normal_decomp
  File "/project/gworld1/.venv/lib/python3.12/site-packages/sympy/polys/matrices/normalforms.py", line 237 in _smith_normal_decomp
  File "/project/gworld1/.venv/lib/python3.12/site-packages/sympy/polys/matrices/normalforms.py", line 237 in _smith_normal_decomp
  File "/project/gworld1/.venv/lib/python3.12/site-packages/sympy/polys/matrices/normalforms.py", line 237 in _smith_normal_decomp
  File "/project/gworld1/.venv/lib/python3.12/site-packages/sympy/polys/matrices/normalforms.py", line 237 in _smith_normal_decomp
  File "/project/gworld1/.venv/lib/python3.12/site-packages/sympy/polys/matrices/normalforms.py", line 237 in _smith_normal_decomp
  File "/project/gworld1/.venv/lib/python3.12/site-packages/sympy/polys/matrices/normalforms.py", line 237 in _smith_normal_decomp
  File "/project/gworld1/.venv/lib/python3.12/site-packages/sympy/polys/matrices/normalforms.py", line 237 in _smith_normal_decomp
  File "/project/gworld1/.venv/lib/python3.12/site-packages/sympy/polys/matrices/normalforms.py", line 237 in _smith_normal_decomp
  File "/project/gworld1/.venv/lib/python3.12/site-packages/sympy/polys/matrices/normalforms.py", line 237 in _smith_normal_decomp
  File "/project/gworld1/.venv/lib/python3.12/site-packages/sympy/polys/matrices/normalforms.py", line 237 in _smith_normal_decomp
  File "/project/gworld1/.venv/lib/python3.12/site-packages/sympy/polys/matrices/normalforms.py", line 237 in _smith_normal_decomp
  ...
