BEGIN GAP quotient 2 12
HALL CACHE VERIFIED 2 12
READY GAP quotient 2 12
WITNESS 1
WITNESS 2
WITNESS 3
WITNESS 4
WITNESS 5
WITNESS 6
WITNESS 7
WITNESS 8
WITNESS 9
WITNESS 10
WITNESS 11
WITNESS 12
WITNESS 13
WITNESS 14
WITNESS 15
BEGIN LINEAR 1
BEGIN GAP quotient 2 8
HALL CACHE VERIFIED 2 8
READY GAP quotient 2 8
BEGIN COLUMNS 11
BEGIN MEMBERSHIP
LINEAR 1 true
BEGIN LINEAR 2
BEGIN GAP quotient 2 9
HALL CACHE VERIFIED 2 9
READY GAP quotient 2 9
BEGIN COLUMNS 21
BEGIN MEMBERSHIP
LINEAR 2 true
BEGIN LINEAR 3
BEGIN COLUMNS 0
BEGIN MEMBERSHIP
LINEAR 3 true
BEGIN LINEAR 4
BEGIN COLUMNS 11
BEGIN MEMBERSHIP
LINEAR 4 true
BEGIN LINEAR 5
BEGIN COLUMNS 21
BEGIN MEMBERSHIP
LINEAR 5 false
BEGIN LINEAR 6
BEGIN COLUMNS 11
BEGIN MEMBERSHIP
LINEAR 6 true
BEGIN LINEAR 7
BEGIN COLUMNS 21
BEGIN MEMBERSHIP
LINEAR 7 false
BEGIN LINEAR 8
BEGIN COLUMNS 11
BEGIN MEMBERSHIP
LINEAR 8 true
BEGIN LINEAR 9
BEGIN COLUMNS 21
BEGIN MEMBERSHIP
LINEAR 9 true
BEGIN LINEAR 10
BEGIN COLUMNS 218
BEGIN MEMBERSHIP
LINEAR 10 true
BEGIN LINEAR 11
BEGIN COLUMNS 11
BEGIN MEMBERSHIP
LINEAR 11 true
BEGIN LINEAR 12
BEGIN COLUMNS 21
BEGIN MEMBERSHIP
LINEAR 12 true
BEGIN LINEAR 13
BEGIN COLUMNS 218
BEGIN MEMBERSHIP
LINEAR 13 false
BEGIN LINEAR 14
BEGIN COLUMNS 11
BEGIN MEMBERSHIP
LINEAR 14 true
BEGIN LINEAR 15
BEGIN COLUMNS 21
BEGIN MEMBERSHIP
LINEAR 15 true
BEGIN LINEAR 16
BEGIN COLUMNS 218
BEGIN MEMBERSHIP
LINEAR 16 false
BEGIN LINEAR 17
BEGIN COLUMNS 11
BEGIN MEMBERSHIP
LINEAR 17 false
BEGIN LINEAR 18
BEGIN COLUMNS 11
BEGIN MEMBERSHIP
LINEAR 18 false
BEGIN LINEAR 19
BEGIN COLUMNS 9
BEGIN MEMBERSHIP
LINEAR 19 true
BEGIN LINEAR 20
BEGIN COLUMNS 15
BEGIN MEMBERSHIP
LINEAR 20 true
BEGIN LINEAR 21
BEGIN COLUMNS 0
BEGIN MEMBERSHIP
LINEAR 21 true
BEGIN LINEAR 22
BEGIN COLUMNS 9
BEGIN MEMBERSHIP
LINEAR 22 true
BEGIN LINEAR 23
BEGIN COLUMNS 15
BEGIN MEMBERSHIP
LINEAR 23 false
BEGIN LINEAR 24
BEGIN COLUMNS 15
BEGIN MEMBERSHIP
LINEAR 24 false
BEGIN LINEAR 25
BEGIN COLUMNS 15
BEGIN MEMBERSHIP
LINEAR 25 false
BEGIN LINEAR 26
BEGIN COLUMNS 15
BEGIN MEMBERSHIP
LINEAR 26 false
BEGIN LINEAR 27
BEGIN COLUMNS 15
BEGIN MEMBERSHIP
LINEAR 27 false
BEGIN LINEAR 28
BEGIN COLUMNS 15
BEGIN MEMBERSHIP
LINEAR 28 false
BEGIN LINEAR 29
BEGIN COLUMNS 9
BEGIN MEMBERSHIP
LINEAR 29 true
BEGIN LINEAR 30
BEGIN COLUMNS 15
BEGIN MEMBERSHIP
LINEAR 30 false
BEGIN LINEAR 31
BEGIN COLUMNS 15
BEGIN MEMBERSHIP
LINEAR 31 false
BEGIN LINEAR 32
BEGIN COLUMNS 15
BEGIN MEMBERSHIP
LINEAR 32 false
BEGIN LINEAR 33
BEGIN COLUMNS 15
BEGIN MEMBERSHIP
LINEAR 33 false
BEGIN LINEAR 34
BEGIN COLUMNS 15
BEGIN MEMBERSHIP
LINEAR 34 false
BEGIN LINEAR 35
BEGIN COLUMNS 15
BEGIN MEMBERSHIP
LINEAR 35 false
BEGIN LINEAR 36
BEGIN COLUMNS 9
BEGIN MEMBERSHIP
LINEAR 36 true
BEGIN LINEAR 37
BEGIN COLUMNS 15
BEGIN MEMBERSHIP
LINEAR 37 false
BEGIN LINEAR 38
BEGIN COLUMNS 15
BEGIN MEMBERSHIP
LINEAR 38 true
BEGIN LINEAR 39
BEGIN COLUMNS 161
BEGIN MEMBERSHIP
LINEAR 39 true
BEGIN LINEAR 40
BEGIN COLUMNS 9
BEGIN MEMBERSHIP
LINEAR 40 true
BEGIN LINEAR 41
BEGIN COLUMNS 15
BEGIN MEMBERSHIP
LINEAR 41 true
BEGIN LINEAR 42
BEGIN COLUMNS 161
BEGIN MEMBERSHIP
LINEAR 42 false
BEGIN LINEAR 43
BEGIN COLUMNS 9
BEGIN MEMBERSHIP
LINEAR 43 true
BEGIN LINEAR 44
BEGIN COLUMNS 15
BEGIN MEMBERSHIP
LINEAR 44 true
BEGIN LINEAR 45
BEGIN COLUMNS 161
BEGIN MEMBERSHIP
LINEAR 45 false
BEGIN LINEAR 46
BEGIN COLUMNS 9
BEGIN MEMBERSHIP
LINEAR 46 false
BEGIN LINEAR 47
BEGIN COLUMNS 9
BEGIN MEMBERSHIP
LINEAR 47 false
BEGIN LINEAR 48
BEGIN COLUMNS 9
BEGIN MEMBERSHIP
LINEAR 48 true
BEGIN LINEAR 49
BEGIN COLUMNS 15
BEGIN MEMBERSHIP
LINEAR 49 true
BEGIN LINEAR 50
BEGIN COLUMNS 161
BEGIN MEMBERSHIP
LINEAR 50 false
BEGIN LINEAR 51
BEGIN COLUMNS 15
BEGIN MEMBERSHIP
LINEAR 51 true
BEGIN LINEAR 52
BEGIN COLUMNS 161
BEGIN MEMBERSHIP
LINEAR 52 false
BEGIN LINEAR 53
BEGIN COLUMNS 15
BEGIN MEMBERSHIP
LINEAR 53 true
BEGIN LINEAR 54
BEGIN COLUMNS 161
BEGIN MEMBERSHIP
LINEAR 54 false
BEGIN LINEAR 55
BEGIN COLUMNS 9
BEGIN MEMBERSHIP
LINEAR 55 true
BEGIN LINEAR 56
BEGIN COLUMNS 15
BEGIN MEMBERSHIP
LINEAR 56 true
BEGIN LINEAR 57
BEGIN COLUMNS 161
BEGIN MEMBERSHIP
LINEAR 57 false
BEGIN LINEAR 58
BEGIN COLUMNS 15
BEGIN MEMBERSHIP
LINEAR 58 true
BEGIN LINEAR 59
BEGIN COLUMNS 161
BEGIN MEMBERSHIP
LINEAR 59 false
BEGIN LINEAR 60
BEGIN COLUMNS 15
BEGIN MEMBERSHIP
LINEAR 60 true
BEGIN LINEAR 61
BEGIN COLUMNS 161
BEGIN MEMBERSHIP
LINEAR 61 false
BEGIN LINEAR 62
BEGIN COLUMNS 9
BEGIN MEMBERSHIP
LINEAR 62 true
BEGIN LINEAR 63
BEGIN COLUMNS 15
BEGIN MEMBERSHIP
LINEAR 63 true
BEGIN LINEAR 64
BEGIN COLUMNS 161
BEGIN MEMBERSHIP
LINEAR 64 false
BEGIN LINEAR 65
BEGIN COLUMNS 9
BEGIN MEMBERSHIP
LINEAR 65 true
BEGIN LINEAR 66
BEGIN COLUMNS 15
BEGIN MEMBERSHIP
LINEAR 66 true
BEGIN LINEAR 67
BEGIN COLUMNS 161
BEGIN MEMBERSHIP
LINEAR 67 false
BEGIN LINEAR 68
BEGIN COLUMNS 19
BEGIN MEMBERSHIP
LINEAR 68 true
BEGIN LINEAR 69
BEGIN COLUMNS 32
BEGIN MEMBERSHIP
LINEAR 69 true
BEGIN LINEAR 70
BEGIN COLUMNS 359
BEGIN MEMBERSHIP
LINEAR 70 true
BEGIN LINEAR 71
BEGIN COLUMNS 19
BEGIN MEMBERSHIP
LINEAR 71 true
BEGIN LINEAR 72
BEGIN COLUMNS 32
BEGIN MEMBERSHIP
LINEAR 72 true
BEGIN LINEAR 73
BEGIN COLUMNS 359
BEGIN MEMBERSHIP
LINEAR 73 true
BEGIN LINEAR 74
BEGIN COLUMNS 19
BEGIN MEMBERSHIP
LINEAR 74 true
BEGIN LINEAR 75
BEGIN COLUMNS 19
BEGIN MEMBERSHIP
LINEAR 75 true
BEGIN LINEAR 76
BEGIN COLUMNS 19
BEGIN MEMBERSHIP
LINEAR 76 true
BEGIN LINEAR 77
BEGIN COLUMNS 32
BEGIN MEMBERSHIP
LINEAR 77 true
BEGIN LINEAR 78
BEGIN COLUMNS 359
BEGIN MEMBERSHIP
LINEAR 78 false
BEGIN LINEAR 79
BEGIN COLUMNS 19
BEGIN MEMBERSHIP
LINEAR 79 true
BEGIN LINEAR 80
BEGIN COLUMNS 32
BEGIN MEMBERSHIP
LINEAR 80 true
BEGIN LINEAR 81
BEGIN COLUMNS 359
BEGIN MEMBERSHIP
LINEAR 81 false
BEGIN LINEAR 82
BEGIN COLUMNS 19
BEGIN MEMBERSHIP
LINEAR 82 true
BEGIN LINEAR 83
BEGIN COLUMNS 32
BEGIN MEMBERSHIP
LINEAR 83 true
BEGIN LINEAR 84
BEGIN COLUMNS 359
BEGIN MEMBERSHIP
LINEAR 84 false
BEGIN LINEAR 85
BEGIN COLUMNS 19
BEGIN MEMBERSHIP
LINEAR 85 true
BEGIN LINEAR 86
BEGIN COLUMNS 32
BEGIN MEMBERSHIP
LINEAR 86 true
BEGIN LINEAR 87
BEGIN COLUMNS 359
BEGIN MEMBERSHIP
LINEAR 87 false
BEGIN LINEAR 88
BEGIN COLUMNS 19
BEGIN MEMBERSHIP
LINEAR 88 true
BEGIN LINEAR 89
BEGIN COLUMNS 32
BEGIN MEMBERSHIP
LINEAR 89 true
BEGIN LINEAR 90
BEGIN COLUMNS 359
BEGIN MEMBERSHIP
LINEAR 90 false
BEGIN LINEAR 91
BEGIN COLUMNS 19
BEGIN MEMBERSHIP
LINEAR 91 true
BEGIN LINEAR 92
BEGIN COLUMNS 32
BEGIN MEMBERSHIP
LINEAR 92 true
BEGIN LINEAR 93
BEGIN COLUMNS 359
BEGIN MEMBERSHIP
LINEAR 93 false
BEGIN LINEAR 94
BEGIN COLUMNS 31
BEGIN MEMBERSHIP
LINEAR 94 false
BEGIN LINEAR 95
BEGIN COLUMNS 31
BEGIN MEMBERSHIP
LINEAR 95 false
BEGIN LINEAR 96
BEGIN COLUMNS 20
BEGIN MEMBERSHIP
LINEAR 96 true
BEGIN LINEAR 97
BEGIN GAP quotient 2 10
HALL CACHE VERIFIED 2 10
READY GAP quotient 2 10
BEGIN COLUMNS 33
BEGIN MEMBERSHIP
LINEAR 97 true
BEGIN LINEAR 98
BEGIN COLUMNS 0
BEGIN MEMBERSHIP
LINEAR 98 true
BEGIN LINEAR 99
BEGIN COLUMNS 31
BEGIN MEMBERSHIP
LINEAR 99 false
BEGIN LINEAR 100
BEGIN COLUMNS 31
BEGIN MEMBERSHIP
LINEAR 100 false
BEGIN LINEAR 101
BEGIN COLUMNS 31
BEGIN MEMBERSHIP
LINEAR 101 false
BEGIN LINEAR 102
BEGIN COLUMNS 31
BEGIN MEMBERSHIP
LINEAR 102 false
BEGIN LINEAR 103
BEGIN COLUMNS 31
BEGIN MEMBERSHIP
LINEAR 103 false
BEGIN LINEAR 104
BEGIN COLUMNS 31
BEGIN MEMBERSHIP
LINEAR 104 false
BEGIN LINEAR 105
BEGIN COLUMNS 31
BEGIN MEMBERSHIP
LINEAR 105 false
BEGIN LINEAR 106
BEGIN COLUMNS 31
BEGIN MEMBERSHIP
LINEAR 106 false
BEGIN LINEAR 107
BEGIN COLUMNS 20
BEGIN MEMBERSHIP
LINEAR 107 true
BEGIN LINEAR 108
BEGIN COLUMNS 33
BEGIN MEMBERSHIP
LINEAR 108 false
BEGIN LINEAR 109
BEGIN COLUMNS 20
BEGIN MEMBERSHIP
LINEAR 109 true
BEGIN LINEAR 110
BEGIN COLUMNS 33
BEGIN MEMBERSHIP
LINEAR 110 false
BEGIN LINEAR 111
BEGIN COLUMNS 20
BEGIN MEMBERSHIP
LINEAR 111 true
BEGIN LINEAR 112
BEGIN COLUMNS 33
BEGIN MEMBERSHIP
LINEAR 112 true
BEGIN LINEAR 113
BEGIN COLUMNS 170
BEGIN MEMBERSHIP
LINEAR 113 true
BEGIN LINEAR 114
BEGIN COLUMNS 31
BEGIN MEMBERSHIP
LINEAR 114 false
BEGIN LINEAR 115
BEGIN COLUMNS 31
BEGIN MEMBERSHIP
LINEAR 115 false
BEGIN LINEAR 116
BEGIN COLUMNS 20
BEGIN MEMBERSHIP
LINEAR 116 true
BEGIN LINEAR 117
BEGIN COLUMNS 33
BEGIN MEMBERSHIP
LINEAR 117 true
BEGIN LINEAR 118
BEGIN COLUMNS 170
BEGIN MEMBERSHIP
LINEAR 118 false
BEGIN LINEAR 119
BEGIN COLUMNS 20
BEGIN MEMBERSHIP
LINEAR 119 true
BEGIN LINEAR 120
BEGIN COLUMNS 33
BEGIN MEMBERSHIP
LINEAR 120 true
BEGIN LINEAR 121
BEGIN COLUMNS 170
BEGIN MEMBERSHIP
LINEAR 121 false
BEGIN LINEAR 122
BEGIN COLUMNS 31
BEGIN MEMBERSHIP
LINEAR 122 false
BEGIN LINEAR 123
BEGIN COLUMNS 31
BEGIN MEMBERSHIP
LINEAR 123 false
BEGIN LINEAR 124
BEGIN COLUMNS 20
BEGIN MEMBERSHIP
LINEAR 124 false
BEGIN LINEAR 125
BEGIN COLUMNS 20
BEGIN MEMBERSHIP
LINEAR 125 false
BEGIN LINEAR 126
BEGIN COLUMNS 12
BEGIN MEMBERSHIP
LINEAR 126 true
BEGIN LINEAR 127
BEGIN COLUMNS 24
BEGIN MEMBERSHIP
LINEAR 127 true
BEGIN LINEAR 128
BEGIN COLUMNS 0
BEGIN MEMBERSHIP
LINEAR 128 true
BEGIN LINEAR 129
BEGIN COLUMNS 12
BEGIN MEMBERSHIP
LINEAR 129 true
BEGIN LINEAR 130
BEGIN COLUMNS 24
BEGIN MEMBERSHIP
LINEAR 130 false
BEGIN LINEAR 131
BEGIN COLUMNS 12
BEGIN MEMBERSHIP
LINEAR 131 true
BEGIN LINEAR 132
BEGIN COLUMNS 24
BEGIN MEMBERSHIP
LINEAR 132 false
BEGIN LINEAR 133
BEGIN COLUMNS 12
BEGIN MEMBERSHIP
LINEAR 133 true
BEGIN LINEAR 134
BEGIN COLUMNS 24
BEGIN MEMBERSHIP
LINEAR 134 true
BEGIN LINEAR 135
BEGIN COLUMNS 113
BEGIN MEMBERSHIP
LINEAR 135 true
BEGIN LINEAR 136
BEGIN COLUMNS 12
BEGIN MEMBERSHIP
LINEAR 136 true
BEGIN LINEAR 137
BEGIN COLUMNS 24
BEGIN MEMBERSHIP
LINEAR 137 true
BEGIN LINEAR 138
BEGIN COLUMNS 113
BEGIN MEMBERSHIP
LINEAR 138 false
BEGIN LINEAR 139
BEGIN COLUMNS 12
BEGIN MEMBERSHIP
LINEAR 139 true
BEGIN LINEAR 140
BEGIN COLUMNS 24
BEGIN MEMBERSHIP
LINEAR 140 true
BEGIN LINEAR 141
BEGIN COLUMNS 113
BEGIN MEMBERSHIP
LINEAR 141 false
BEGIN LINEAR 142
BEGIN COLUMNS 12
BEGIN MEMBERSHIP
LINEAR 142 false
BEGIN LINEAR 143
BEGIN COLUMNS 12
BEGIN MEMBERSHIP
LINEAR 143 false
BEGIN LINEAR 144
BEGIN COLUMNS 12
BEGIN MEMBERSHIP
LINEAR 144 true
BEGIN LINEAR 145
BEGIN COLUMNS 24
BEGIN MEMBERSHIP
LINEAR 145 true
BEGIN LINEAR 146
BEGIN COLUMNS 113
BEGIN MEMBERSHIP
LINEAR 146 false
BEGIN LINEAR 147
BEGIN COLUMNS 113
BEGIN MEMBERSHIP
LINEAR 147 false
BEGIN LINEAR 148
BEGIN COLUMNS 113
BEGIN MEMBERSHIP
LINEAR 148 false
BEGIN LINEAR 149
BEGIN COLUMNS 12
BEGIN MEMBERSHIP
LINEAR 149 true
BEGIN LINEAR 150
BEGIN COLUMNS 24
BEGIN MEMBERSHIP
LINEAR 150 true
BEGIN LINEAR 151
BEGIN COLUMNS 113
BEGIN MEMBERSHIP
LINEAR 151 false
BEGIN LINEAR 152
BEGIN COLUMNS 113
BEGIN MEMBERSHIP
LINEAR 152 false
BEGIN LINEAR 153
BEGIN COLUMNS 113
BEGIN MEMBERSHIP
LINEAR 153 false
BEGIN LINEAR 154
BEGIN COLUMNS 12
BEGIN MEMBERSHIP
LINEAR 154 true
BEGIN LINEAR 155
BEGIN COLUMNS 24
BEGIN MEMBERSHIP
LINEAR 155 true
BEGIN LINEAR 156
BEGIN COLUMNS 113
BEGIN MEMBERSHIP
LINEAR 156 false
BEGIN LINEAR 157
BEGIN COLUMNS 12
BEGIN MEMBERSHIP
LINEAR 157 true
BEGIN LINEAR 158
BEGIN COLUMNS 24
BEGIN MEMBERSHIP
LINEAR 158 true
BEGIN LINEAR 159
BEGIN COLUMNS 113
BEGIN MEMBERSHIP
LINEAR 159 false
BEGIN LINEAR 160
BEGIN COLUMNS 12
BEGIN MEMBERSHIP
LINEAR 160 true
BEGIN LINEAR 161
BEGIN COLUMNS 18
BEGIN MEMBERSHIP
LINEAR 161 true
BEGIN LINEAR 162
BEGIN COLUMNS 0
BEGIN MEMBERSHIP
LINEAR 162 true
BEGIN LINEAR 163
BEGIN COLUMNS 12
BEGIN MEMBERSHIP
LINEAR 163 true
BEGIN LINEAR 164
BEGIN COLUMNS 18
BEGIN MEMBERSHIP
LINEAR 164 false
BEGIN LINEAR 165
BEGIN COLUMNS 12
BEGIN MEMBERSHIP
LINEAR 165 true
BEGIN LINEAR 166
BEGIN COLUMNS 18
BEGIN MEMBERSHIP
LINEAR 166 true
BEGIN LINEAR 167
BEGIN COLUMNS 96
BEGIN MEMBERSHIP
LINEAR 167 true
BEGIN LINEAR 168
BEGIN COLUMNS 12
BEGIN MEMBERSHIP
LINEAR 168 true
BEGIN LINEAR 169
BEGIN COLUMNS 18
BEGIN MEMBERSHIP
LINEAR 169 true
BEGIN LINEAR 170
BEGIN COLUMNS 96
BEGIN MEMBERSHIP
LINEAR 170 false
BEGIN LINEAR 171
BEGIN COLUMNS 12
BEGIN MEMBERSHIP
LINEAR 171 true
BEGIN LINEAR 172
BEGIN COLUMNS 18
BEGIN MEMBERSHIP
LINEAR 172 true
BEGIN LINEAR 173
BEGIN COLUMNS 0
BEGIN MEMBERSHIP
LINEAR 173 true
BEGIN LINEAR 174
BEGIN COLUMNS 31
BEGIN MEMBERSHIP
LINEAR 174 true
BEGIN LINEAR 175
BEGIN COLUMNS 58
BEGIN MEMBERSHIP
LINEAR 175 true
BEGIN LINEAR 176
BEGIN COLUMNS 192
BEGIN MEMBERSHIP
LINEAR 176 true
BEGIN LINEAR 177
BEGIN COLUMNS 31
BEGIN MEMBERSHIP
LINEAR 177 true
BEGIN LINEAR 178
BEGIN COLUMNS 58
BEGIN MEMBERSHIP
LINEAR 178 true
BEGIN LINEAR 179
BEGIN COLUMNS 192
BEGIN MEMBERSHIP
LINEAR 179 true
BEGIN LINEAR 180
BEGIN COLUMNS 31
BEGIN MEMBERSHIP
LINEAR 180 true
BEGIN LINEAR 181
BEGIN COLUMNS 58
BEGIN MEMBERSHIP
LINEAR 181 false
BEGIN LINEAR 182
BEGIN COLUMNS 31
BEGIN MEMBERSHIP
LINEAR 182 true
BEGIN LINEAR 183
BEGIN COLUMNS 58
BEGIN MEMBERSHIP
LINEAR 183 false
BEGIN LINEAR 184
BEGIN COLUMNS 31
BEGIN MEMBERSHIP
LINEAR 184 true
BEGIN LINEAR 185
BEGIN COLUMNS 58
BEGIN MEMBERSHIP
LINEAR 185 true
BEGIN LINEAR 186
BEGIN COLUMNS 31
BEGIN MEMBERSHIP
LINEAR 186 true
BEGIN LINEAR 187
BEGIN COLUMNS 58
BEGIN MEMBERSHIP
LINEAR 187 true
NULLITY 1 0 VERIFIED
NULLITY 2 0 VERIFIED
NULLITY 3 0 VERIFIED
NULLITY 4 0 VERIFIED
NULLITY 5 0 VERIFIED
NULLITY 6 0 VERIFIED
NULLITY 7 0 VERIFIED
NULLITY 8 0 VERIFIED
NULLITY 9 0 VERIFIED
NULLITY 10 0 VERIFIED
NULLITY 11 1 VERIFIED
NULLITY 12 0 VERIFIED
NULLITY 13 1 VERIFIED
NULLITY 14 1 VERIFIED
NULLITY 15 1 VERIFIED
NULLITY 16 0 VERIFIED
NULLITY 17 1 VERIFIED
NULLITY 18 0 VERIFIED
NULLITY 19 1 VERIFIED
NULLITY 20 0 VERIFIED
NULLITY 21 1 VERIFIED
NULLITY 22 0 VERIFIED
NULLITY 23 0 VERIFIED
NULLITY 24 0 VERIFIED
NULLITY 25 1 VERIFIED
NULLITY 26 0 VERIFIED
NULLITY 27 0 VERIFIED
NULLITY 28 0 VERIFIED
NULLITY 29 1 VERIFIED
NULLITY 30 0 VERIFIED
NULLITY 31 1 VERIFIED
NULLITY 32 0 VERIFIED
NULLITY 33 1 VERIFIED
NULLITY 34 0 VERIFIED
NULLITY 35 1 VERIFIED
NULLITY 36 0 VERIFIED
NULLITY 37 1 VERIFIED
NULLITY 38 1 VERIFIED
NULLITY 39 1 VERIFIED
NULLITY 40 0 VERIFIED
NULLITY 41 1 VERIFIED
NULLITY 42 0 VERIFIED
NULLITY 43 1 VERIFIED
NULLITY 44 0 VERIFIED
NULLITY 45 1 VERIFIED
NULLITY 46 0 VERIFIED
NULLITY 47 1 VERIFIED
NULLITY 48 0 VERIFIED
NULLITY 49 1 VERIFIED
NULLITY 50 0 VERIFIED
NULLITY 51 0 VERIFIED
NULLITY 52 0 VERIFIED
NULLITY 53 0 VERIFIED
NULLITY 54 0 VERIFIED
NULLITY 55 0 VERIFIED
NULLITY 56 0 VERIFIED
NULLITY 57 0 VERIFIED
NULLITY 58 0 VERIFIED
NULLITY 59 0 VERIFIED
NULLITY 60 0 VERIFIED
NULLITY 61 0 VERIFIED
NULLITY 62 1 VERIFIED
NULLITY 63 0 VERIFIED
NULLITY 64 0 VERIFIED
NULLITY 65 0 VERIFIED
NULLITY 66 1 VERIFIED
NULLITY 67 0 VERIFIED
NULLITY 68 1 VERIFIED
NULLITY 69 0 VERIFIED
NULLITY 70 1 VERIFIED
NULLITY 71 0 VERIFIED
NULLITY 72 1 VERIFIED
NULLITY 73 0 VERIFIED
NULLITY 74 1 VERIFIED
NULLITY 75 0 VERIFIED
NULLITY 76 1 VERIFIED
NULLITY 77 0 VERIFIED
NULLITY 78 1 VERIFIED
NULLITY 79 0 VERIFIED
NULLITY 80 0 VERIFIED
NULLITY 81 0 VERIFIED
NULLITY 82 0 VERIFIED
NULLITY 83 0 VERIFIED
NULLITY 84 0 VERIFIED
NULLITY 85 0 VERIFIED
NULLITY 86 0 VERIFIED
NULLITY 87 0 VERIFIED
NULLITY 88 0 VERIFIED
NULLITY 89 1 VERIFIED
NULLITY 90 0 VERIFIED
NULLITY 91 1 VERIFIED
NULLITY 92 0 VERIFIED
NULLITY 93 0 VERIFIED
NULLITY 94 0 VERIFIED
NULLITY 95 1 VERIFIED
NULLITY 96 0 VERIFIED
NULLITY 97 1 VERIFIED
BEGIN GAP quotient 2 4
HALL CACHE VERIFIED 2 4
READY GAP quotient 2 4
NIELSEN 1 VERIFIED
NIELSEN 2 VERIFIED
NIELSEN 3 VERIFIED
NIELSEN 4 VERIFIED
NIELSEN 5 VERIFIED
NIELSEN 6 VERIFIED
NIELSEN 7 VERIFIED
NIELSEN 8 VERIFIED
NIELSEN 9 VERIFIED
NIELSEN 10 VERIFIED
BEGIN GAP quotient 2 5
HALL CACHE VERIFIED 2 5
READY GAP quotient 2 5
NIELSEN 11 VERIFIED
NIELSEN 12 VERIFIED
NIELSEN 13 VERIFIED
NIELSEN 14 VERIFIED
NIELSEN 15 VERIFIED
NIELSEN 16 VERIFIED
NIELSEN 17 VERIFIED
NIELSEN 18 VERIFIED
BEGIN GAP quotient 2 11
HALL CACHE VERIFIED 2 11
READY GAP quotient 2 11
COUPLED 1 VERIFIED
COUPLED 2 VERIFIED
COUPLED 3 VERIFIED
COUPLED 4 VERIFIED
POLYNOMIAL 1 VERIFIED
POLYNOMIAL 2 VERIFIED
POLYNOMIAL 3 VERIFIED
POLYNOMIAL 4 VERIFIED
POLYNOMIAL 5 VERIFIED
POLYNOMIAL 6 VERIFIED
POLYNOMIAL 7 VERIFIED
POLYNOMIAL 8 VERIFIED
POLYNOMIAL 9 VERIFIED
POLYNOMIAL 10 VERIFIED
POLYNOMIAL 11 VERIFIED
POLYNOMIAL 12 VERIFIED
PASS N8 fifth/sixth layer GAP: 15 witnesses; 187 linear decisions (
75 negative); 97 nullities; 18 Nielsen periods; 4 coupled (2 negative, 
0 points, 2 lines, 0 nonunit steps); 12 polynomials (2 late, 2 empty); 
60 polynomial samples
