Traceback (most recent call last):
  File "/project/gworld1/scripts/render_f31_source_audit.py", line 14, in <module>
    from weasyprint import HTML,__version__
  File "/project/gworld1/scratch/f31-render-libs/weasyprint/__init__.py", line 376, in <module>
    from .css import preprocess_stylesheet  # noqa: I001, E402
    ^^^^^^^^^^^^^^^^^^^^^^^^^^^^^^^^^^^^^^
  File "/project/gworld1/scratch/f31-render-libs/weasyprint/css/__init__.py", line 30, in <module>
    from ..text.fonts import FontConfiguration
  File "/project/gworld1/scratch/f31-render-libs/weasyprint/text/fonts.py", line 17, in <module>
    from .constants import (  # isort:skip
  File "/project/gworld1/scratch/f31-render-libs/weasyprint/text/constants.py", line 5, in <module>
    from .ffi import pango
  File "/project/gworld1/scratch/f31-render-libs/weasyprint/text/ffi.py", line 506, in <module>
    pango = _dlopen(
            ^^^^^^^^
  File "/project/gworld1/scratch/f31-render-libs/weasyprint/text/ffi.py", line 490, in _dlopen
    return ffi.dlopen(names[0], flags)  # pragma: no cover
           ^^^^^^^^^^^^^^^^^^^^^^^^^^^
  File "/project/gworld1/scratch/f31-render-libs/cffi/api.py", line 143, in dlopen
    lib, function_cache = _make_ffi_library(self, name, flags)
                          ^^^^^^^^^^^^^^^^^^^^^^^^^^^^^^^^^^^^
  File "/project/gworld1/scratch/f31-render-libs/cffi/api.py", line 827, in _make_ffi_library
    backendlib = _load_backend_lib(backend, libname, flags)
                 ^^^^^^^^^^^^^^^^^^^^^^^^^^^^^^^^^^^^^^^^^^
  File "/project/gworld1/scratch/f31-render-libs/cffi/api.py", line 822, in _load_backend_lib
    raise OSError(msg)
OSError: cannot load library 'libpango-1.0-0': libpango-1.0-0: cannot open shared object file: No such file or directory.  Additionally, ctypes.util.find_library() did not manage to locate a library called 'libpango-1.0-0'
