Lean (version 4.24.0, x86_64-unknown-linux-gnu, commit 797c613eb9b6d4ec95db23e3e00af9ac6657f24b, Release)
{"source": "/project/gworld1/research/certificates/N8-sweep-lean/Sweep.lean", "command": ["lake", "env", "lean", "--trust=0", "--stdin"], "mathlib_revision": "f897ebcf72cd16f89ab4577d0c826cd14afaafc7", "scope": "All-length concrete adjacent-half-transfer sweep and zero-sum convergence only"}
<stdin>:173:3: error: unexpected token 'prefix'; expected '_' or identifier
<stdin>:173:2: error: Missing alternative name: Expected `prefix` or `trans`
<stdin>:170:2: error: Alternative `prefix` has not been provided
<stdin>:170:2: error: Alternative `trans` has not been provided
<stdin>:173:10: error: unexpected identifier; expected ':'
<stdin>:181:3: error: unexpected token 'prefix'; expected '_' or identifier
<stdin>:181:2: error: Missing alternative name: Expected `prefix` or `trans`
<stdin>:178:2: error: Alternative `prefix` has not been provided
<stdin>:178:2: error: Alternative `trans` has not been provided
<stdin>:181:10: error: unexpected identifier; expected ':'
<stdin>:195:3: error: unexpected token 'prefix'; expected '_' or identifier
<stdin>:195:2: error: Missing alternative name: Expected `prefix` or `trans`
<stdin>:186:2: error: Alternative `prefix` has not been provided
<stdin>:186:2: error: Alternative `trans` has not been provided
<stdin>:195:10: error: unexpected identifier; expected ':'
<stdin>:207:6: warning: try 'simp' instead of 'simpa'

Note: This linter can be disabled with `set_option linter.unnecessarySimpa false`
'N8Sweep.zero_sum_sweep_tendsto' depends on axioms: [propext, Classical.choice, Quot.sound]
<stdin>:220:0: error: Unexpected axiom sorryAx
