     ● G  GAP 4.16.1 of 2026-08-23
  ● ●  A  https://www.gap-system.org
     ● P  Architecture: x86_64-pc-linux-gnu-default64-kv11
 Configuration:  gmp 6.3.0, GASMAN, readline
 Loading the library and packages ...
 Packages:   AClib 1.4, Alnuth 4.0.2, AtlasRep 2.1.12, AutoDoc 2026.06.30, 
             AutPGrp 1.12.0, Browse 1.8.23, CaratInterface 2.3.11, 
             CRISP 1.4.11, Cryst 4.1.32, CrystCat 1.1.13, CTblLib 1.3.11, 
             FactInt 1.7.0, FGA 1.5.0, Forms 1.3.0, GAPDoc 1.6.10, 
             genss 1.6.10, IO 4.10.0, IRREDSOL 1.4.6, LAGUNA 3.10.1, 
             orb 5.1.0, PackageManager 1.6.4, Polenta 1.3.11, Polycyclic 2.18, 
             PrimGrp 4.0.3, RadiRoot 2.10, recog 1.5.1, ResClasses 4.7.4, 
             SmallGrp 1.7.0, Sophus 1.27, SpinSym 1.5.2, StandardFF 1.0, 
             TomLib 1.2.11, TransGrp 3.6.5, utils 0.98
 Try '??help' for help. See also '?copyright', '?cite' and '?authors'
S6 verified classes=11 counts=[ 7920, 901, 144, 144, 0 ] ms=116
S7 verified classes=15 counts=[ 75600, 5579, 464, 464, 0 ] ms=386
PSL2_7 verified classes=6 counts=[ 1008, 197, 20, 20, 0 ] ms=17
PSL2_11 verified classes=8 counts=[ 5280, 716, 0, 0, 0 ] ms=7
PSL2_13 verified classes=9 counts=[ 9828, 1163, 0, 0, 0 ] ms=9
PSL2_17 verified classes=11 counts=[ 26928, 2558, 120, 120, 0 ] ms=113
PSL2_19 verified classes=12 counts=[ 41040, 3554, 0, 0, 0 ] ms=34
PASS F20 independent finite-image pair replay
