GAP Lie replay zero
GAP Lie replay cyclic: [ 1 ]; centroid 0; reduced dimension 0
GAP Lie replay abelian2: [ 1, 1 ]; centroid 0; reduced dimension 0
GAP Lie replay heisenberg: [ 3 ]; centroid 3; reduced dimension 1
GAP Lie replay heisenberg_scaled: [ 3 ]; centroid 3; reduced dimension 1
GAP Lie replay heisenberg_central: [ 1, 3 ]; centroid 3; reduced dimension 1
GAP Lie replay two_heisenbergs: [ 3, 3 ]; centroid 10; reduced dimension 2
GAP Lie replay quotient_glue2: [ 3, 3 ]; centroid 10; reduced dimension 2
GAP Lie replay center_glue2: [ 3, 3 ]; centroid 10; reduced dimension 2
GAP Lie replay scaled_product: [ 3, 3 ]; centroid 10; reduced dimension 2
GAP Lie replay heisenberg5: [ 5 ]; centroid 5; reduced dimension 1
GAP Lie replay two_heisenbergs_integral_basis: [ 3, 3 ]; centroid 
10; reduced dimension 2
GAP Lie replay quotient_glue2_integral_basis: [ 3, 3 ]; centroid 
10; reduced dimension 2
GAP Lie replay center_glue2_integral_basis: [ 3, 3 ]; centroid 
10; reduced dimension 2
GAP Lie replay scaled_product_integral_basis: [ 3, 3 ]; centroid 
10; reduced dimension 2
GAP class2 trivial group
[1m[34mgap> [0m[31m