BEGIN GAP quotient 2 11
HALL CACHE VERIFIED 2 11
READY GAP quotient 2 11
WITNESS 1
WITNESS 2
WITNESS 3
WITNESS 4
WITNESS 5
WITNESS 6
BEGIN LINEAR 1
BEGIN GAP quotient 2 7
HALL CACHE VERIFIED 2 7
READY GAP quotient 2 7
BEGIN COLUMNS 10
BEGIN MEMBERSHIP
LINEAR 1 true
BEGIN LINEAR 2
BEGIN GAP quotient 2 8
HALL CACHE VERIFIED 2 8
READY GAP quotient 2 8
BEGIN COLUMNS 20
BEGIN MEMBERSHIP
LINEAR 2 true
BEGIN LINEAR 3
BEGIN COLUMNS 170
BEGIN MEMBERSHIP
LINEAR 3 true
BEGIN LINEAR 4
BEGIN COLUMNS 10
BEGIN MEMBERSHIP
LINEAR 4 true
BEGIN LINEAR 5
BEGIN COLUMNS 20
BEGIN MEMBERSHIP
LINEAR 5 true
BEGIN LINEAR 6
BEGIN COLUMNS 170
BEGIN MEMBERSHIP
LINEAR 6 true
BEGIN LINEAR 7
BEGIN COLUMNS 10
BEGIN MEMBERSHIP
LINEAR 7 false
BEGIN LINEAR 8
BEGIN COLUMNS 10
BEGIN MEMBERSHIP
LINEAR 8 false
BEGIN LINEAR 9
BEGIN COLUMNS 10
BEGIN MEMBERSHIP
LINEAR 9 true
BEGIN LINEAR 10
BEGIN COLUMNS 20
BEGIN MEMBERSHIP
LINEAR 10 true
BEGIN LINEAR 11
BEGIN COLUMNS 170
BEGIN MEMBERSHIP
LINEAR 11 true
BEGIN LINEAR 12
BEGIN COLUMNS 10
BEGIN MEMBERSHIP
LINEAR 12 true
BEGIN LINEAR 13
BEGIN COLUMNS 20
BEGIN MEMBERSHIP
LINEAR 13 true
BEGIN LINEAR 14
BEGIN COLUMNS 10
BEGIN MEMBERSHIP
LINEAR 14 true
BEGIN LINEAR 15
BEGIN COLUMNS 20
BEGIN MEMBERSHIP
LINEAR 15 true
BEGIN LINEAR 16
BEGIN COLUMNS 10
BEGIN MEMBERSHIP
LINEAR 16 true
BEGIN LINEAR 17
BEGIN COLUMNS 20
BEGIN MEMBERSHIP
LINEAR 17 true
BEGIN LINEAR 18
BEGIN COLUMNS 170
BEGIN MEMBERSHIP
LINEAR 18 true
BEGIN LINEAR 19
BEGIN COLUMNS 10
BEGIN MEMBERSHIP
LINEAR 19 false
BEGIN LINEAR 20
BEGIN COLUMNS 10
BEGIN MEMBERSHIP
LINEAR 20 false
BEGIN LINEAR 21
BEGIN COLUMNS 10
BEGIN MEMBERSHIP
LINEAR 21 true
BEGIN LINEAR 22
BEGIN COLUMNS 20
BEGIN MEMBERSHIP
LINEAR 22 true
BEGIN LINEAR 23
BEGIN COLUMNS 170
BEGIN MEMBERSHIP
LINEAR 23 true
BEGIN LINEAR 24
BEGIN COLUMNS 10
BEGIN MEMBERSHIP
LINEAR 24 false
BEGIN LINEAR 25
BEGIN COLUMNS 10
BEGIN MEMBERSHIP
LINEAR 25 false
BEGIN LINEAR 26
BEGIN COLUMNS 10
BEGIN MEMBERSHIP
LINEAR 26 false
BEGIN LINEAR 27
BEGIN COLUMNS 10
BEGIN MEMBERSHIP
LINEAR 27 false
BEGIN LINEAR 28
BEGIN COLUMNS 10
BEGIN MEMBERSHIP
LINEAR 28 true
BEGIN LINEAR 29
BEGIN COLUMNS 20
BEGIN MEMBERSHIP
LINEAR 29 true
BEGIN LINEAR 30
BEGIN COLUMNS 170
BEGIN MEMBERSHIP
LINEAR 30 true
NULLITY 1 0 VERIFIED
NULLITY 2 1 VERIFIED
NULLITY 3 0 VERIFIED
NULLITY 4 1 VERIFIED
NULLITY 5 0 VERIFIED
NULLITY 6 1 VERIFIED
NULLITY 7 0 VERIFIED
NULLITY 8 1 VERIFIED
NULLITY 9 0 VERIFIED
NULLITY 10 1 VERIFIED
NULLITY 11 0 VERIFIED
NULLITY 12 1 VERIFIED
NULLITY 13 0 VERIFIED
NULLITY 14 1 VERIFIED
NULLITY 15 0 VERIFIED
NULLITY 16 1 VERIFIED
BEGIN GAP quotient 2 9
HALL CACHE VERIFIED 2 9
READY GAP quotient 2 9
COUPLED 1 VERIFIED
COUPLED 2 VERIFIED
COUPLED 3 VERIFIED
COUPLED 4 VERIFIED
COUPLED 5 VERIFIED
COUPLED 6 VERIFIED
COUPLED 7 VERIFIED
COUPLED 8 VERIFIED
PASS N8 fifth/sixth layer GAP: 6 witnesses; 30 linear decisions (8 negative); 
16 nullities; 0 Nielsen periods; 8 coupled (2 negative, 6 points, 0 lines, 
0 nonunit steps); 0 polynomials (0 late, 0 empty); 0 polynomial samples
