BEGIN Magnus 3 8
BEGIN d4_type2_2_base
RESULT d4_type2_2_base True 0.339
BEGIN d4_type2_2_corrected
RESULT d4_type2_2_corrected True 40.376
BEGIN d4_type2_2_top_perturbation
RESULT d4_type2_2_top_perturbation True 2.109
BEGIN d4_type2_2_first_perturbation
RESULT d4_type2_2_first_perturbation True 2.291
BEGIN d4_type1_base
RESULT d4_type1_base True 0.395
BEGIN d4_type1_corrected
RESULT d4_type1_corrected True 65.198
BEGIN d4_type1_offset2_perturbation
RESULT d4_type1_offset2_perturbation True 5.413
BEGIN d4_type1_offset3_perturbation
RESULT d4_type1_offset3_perturbation True 5.424
BEGIN outside_identity
RESULT outside_identity None 0.0
BEGIN outside_degree_one
RESULT outside_degree_one None 0.0
