Timeout (0:01:00)!
Thread 0x00007f9eb0bde080 (most recent call first):
  File "/project/gworld1/scripts/n8_ia_orbits.py", line 50 in mul
  File "/project/gworld1/scripts/n8_ia_orbits.py", line 58 in inv
  File "/project/gworld1/scripts/n8_ia_orbits.py", line 73 in comm
  File "/project/gworld1/scripts/n8_class7.py", line 107 in tail_columns
  File "/project/gworld1/scripts/n8_class7.py", line 114 in tail
  File "/project/gworld1/scripts/n8_class7.py", line 227 in decide_class7
  File "/project/gworld1/scripts/check_n8_class7_all_rank.py", line 28 in check
  File "/project/gworld1/scripts/check_n8_class7_all_rank.py", line 49 in <module>
Timeout (0:01:00)!
Thread 0x00007f9eb0bde080 (most recent call first):
  File "/project/gworld1/scripts/n8_flint_linear.py", line 12 in affine_solution
  File "/project/gworld1/scripts/n8_flint_linear.py", line 35 in linear_solution
  File "/project/gworld1/scripts/n8_class7.py", line 116 in tail
  File "/project/gworld1/scripts/n8_class7.py", line 227 in decide_class7
  File "/project/gworld1/scripts/check_n8_class7_all_rank.py", line 28 in check
  File "/project/gworld1/scripts/check_n8_class7_all_rank.py", line 49 in <module>
Timeout (0:01:00)!
Thread 0x00007f9eb0bde080 (most recent call first):
  File "/project/gworld1/scripts/n8_ia_orbits.py", line 49 in mul
  File "/project/gworld1/scripts/n8_ia_orbits.py", line 73 in comm
  File "/project/gworld1/scripts/n8_class7.py", line 107 in tail_columns
  File "/project/gworld1/scripts/n8_class7.py", line 114 in tail
  File "/project/gworld1/scripts/n8_class7.py", line 215 in decide_class7
  File "/project/gworld1/scripts/check_n8_class7_all_rank.py", line 28 in check
  File "/project/gworld1/scripts/check_n8_class7_all_rank.py", line 49 in <module>
Timeout (0:01:00)!
Thread 0x00007f9eb0bde080 (most recent call first):
  File "/project/gworld1/scripts/n8_ia_orbits.py", line 50 in mul
  File "/project/gworld1/scripts/n8_ia_orbits.py", line 58 in inv
  File "/project/gworld1/scripts/n8_ia_orbits.py", line 73 in comm
  File "/project/gworld1/scripts/n8_class7.py", line 107 in tail_columns
  File "/project/gworld1/scripts/n8_class7.py", line 114 in tail
  File "/project/gworld1/scripts/n8_class7.py", line 215 in decide_class7
  File "/project/gworld1/scripts/check_n8_class7_all_rank.py", line 28 in check
  File "/project/gworld1/scripts/check_n8_class7_all_rank.py", line 49 in <module>
