{"name": "trivial", "answer": false, "branches": 1, "quotient_obstructions": 0}
{"name": "C4", "answer": false, "branches": 1, "quotient_obstructions": 0}
{"name": "C6", "answer": true, "branches": 1, "quotient_obstructions": 0}
{"name": "C4_C2", "answer": true, "branches": 1, "quotient_obstructions": 0}
{"name": "Z_C2", "answer": true, "branches": 1, "quotient_obstructions": 0}
{"name": "D8", "answer": false, "branches": 8, "quotient_obstructions": 0}
{"name": "Q8", "answer": false, "branches": 8, "quotient_obstructions": 0}
{"name": "M16", "answer": false, "branches": 8, "quotient_obstructions": 0}
{"name": "D8_C2", "answer": true, "branches": 1, "quotient_obstructions": 0}
{"name": "Q8_Z", "answer": true, "branches": 1, "quotient_obstructions": 0}
{"name": "G2", "answer": false, "branches": 8, "quotient_obstructions": 0}
{"name": "G3", "answer": false, "branches": 14, "quotient_obstructions": 0}
{"name": "G4", "answer": false, "branches": 26, "quotient_obstructions": 0}
{"name": "G2_Z", "answer": true, "branches": 1, "quotient_obstructions": 0}
{"name": "G2_C2", "answer": true, "branches": 1, "quotient_obstructions": 0}
{"name": "H3", "answer": false, "branches": 2, "quotient_obstructions": 0}
{"name": "H3_D8", "answer": true, "branches": 18, "quotient_obstructions": 0}
{"name": "H3_D8_sheared", "answer": true, "branches": 22, "quotient_obstructions": 0}
{"name": "quotient_glue2", "answer": false, "branches": 2, "quotient_obstructions": 2}
{"name": "center_glue2", "answer": false, "branches": 4, "quotient_obstructions": 0}
PASS N5 mixed class2: 20 fixtures; 3 rejections
