BEGIN GAP quotient 2 10
HALL CACHE VERIFIED 2 10
READY GAP quotient 2 10
WITNESS 1
WITNESS 2
WITNESS 3
WITNESS 4
WITNESS 5
WITNESS 6
WITNESS 7
WITNESS 8
WITNESS 9
BEGIN LINEAR 1
BEGIN GAP quotient 2 9
HALL CACHE VERIFIED 2 9
READY GAP quotient 2 9
BEGIN COLUMNS 31
BEGIN MEMBERSHIP
LINEAR 1 false
BEGIN LINEAR 2
BEGIN COLUMNS 31
BEGIN MEMBERSHIP
LINEAR 2 false
BEGIN LINEAR 3
BEGIN COLUMNS 31
BEGIN MEMBERSHIP
LINEAR 3 true
BEGIN LINEAR 4
BEGIN COLUMNS 58
BEGIN MEMBERSHIP
LINEAR 4 true
BEGIN LINEAR 5
BEGIN COLUMNS 31
BEGIN MEMBERSHIP
LINEAR 5 false
BEGIN LINEAR 6
BEGIN COLUMNS 31
BEGIN MEMBERSHIP
LINEAR 6 false
BEGIN LINEAR 7
BEGIN COLUMNS 31
BEGIN MEMBERSHIP
LINEAR 7 true
BEGIN LINEAR 8
BEGIN COLUMNS 58
BEGIN MEMBERSHIP
LINEAR 8 false
BEGIN LINEAR 9
BEGIN COLUMNS 31
BEGIN MEMBERSHIP
LINEAR 9 true
BEGIN LINEAR 10
BEGIN COLUMNS 58
BEGIN MEMBERSHIP
LINEAR 10 false
BEGIN LINEAR 11
BEGIN COLUMNS 31
BEGIN MEMBERSHIP
LINEAR 11 false
BEGIN LINEAR 12
BEGIN COLUMNS 31
BEGIN MEMBERSHIP
LINEAR 12 false
BEGIN LINEAR 13
BEGIN COLUMNS 20
BEGIN MEMBERSHIP
LINEAR 13 true
BEGIN LINEAR 14
BEGIN COLUMNS 33
BEGIN MEMBERSHIP
LINEAR 14 true
BEGIN LINEAR 15
BEGIN COLUMNS 31
BEGIN MEMBERSHIP
LINEAR 15 false
BEGIN LINEAR 16
BEGIN COLUMNS 31
BEGIN MEMBERSHIP
LINEAR 16 false
BEGIN LINEAR 17
BEGIN COLUMNS 20
BEGIN MEMBERSHIP
LINEAR 17 true
BEGIN LINEAR 18
BEGIN COLUMNS 33
BEGIN MEMBERSHIP
LINEAR 18 false
BEGIN LINEAR 19
BEGIN COLUMNS 20
BEGIN MEMBERSHIP
LINEAR 19 true
BEGIN LINEAR 20
BEGIN COLUMNS 33
BEGIN MEMBERSHIP
LINEAR 20 false
BEGIN LINEAR 21
BEGIN COLUMNS 31
BEGIN MEMBERSHIP
LINEAR 21 false
BEGIN LINEAR 22
BEGIN COLUMNS 31
BEGIN MEMBERSHIP
LINEAR 22 false
BEGIN LINEAR 23
BEGIN COLUMNS 31
BEGIN MEMBERSHIP
LINEAR 23 false
BEGIN LINEAR 24
BEGIN COLUMNS 31
BEGIN MEMBERSHIP
LINEAR 24 false
BEGIN LINEAR 25
BEGIN COLUMNS 31
BEGIN MEMBERSHIP
LINEAR 25 false
BEGIN LINEAR 26
BEGIN COLUMNS 31
BEGIN MEMBERSHIP
LINEAR 26 false
BEGIN LINEAR 27
BEGIN COLUMNS 31
BEGIN MEMBERSHIP
LINEAR 27 false
BEGIN LINEAR 28
BEGIN COLUMNS 31
BEGIN MEMBERSHIP
LINEAR 28 false
BEGIN LINEAR 29
BEGIN COLUMNS 20
BEGIN MEMBERSHIP
LINEAR 29 true
BEGIN LINEAR 30
BEGIN COLUMNS 33
BEGIN MEMBERSHIP
LINEAR 30 true
BEGIN LINEAR 31
BEGIN COLUMNS 12
BEGIN MEMBERSHIP
LINEAR 31 true
BEGIN LINEAR 32
BEGIN COLUMNS 24
BEGIN MEMBERSHIP
LINEAR 32 true
BEGIN LINEAR 33
BEGIN COLUMNS 12
BEGIN MEMBERSHIP
LINEAR 33 true
BEGIN LINEAR 34
BEGIN COLUMNS 24
BEGIN MEMBERSHIP
LINEAR 34 false
BEGIN LINEAR 35
BEGIN COLUMNS 12
BEGIN MEMBERSHIP
LINEAR 35 true
BEGIN LINEAR 36
BEGIN COLUMNS 24
BEGIN MEMBERSHIP
LINEAR 36 false
BEGIN LINEAR 37
BEGIN COLUMNS 12
BEGIN MEMBERSHIP
LINEAR 37 true
BEGIN LINEAR 38
BEGIN COLUMNS 18
BEGIN MEMBERSHIP
LINEAR 38 true
BEGIN LINEAR 39
BEGIN COLUMNS 12
BEGIN MEMBERSHIP
LINEAR 39 true
BEGIN LINEAR 40
BEGIN COLUMNS 18
BEGIN MEMBERSHIP
LINEAR 40 false
BEGIN LINEAR 41
BEGIN COLUMNS 12
BEGIN MEMBERSHIP
LINEAR 41 true
BEGIN LINEAR 42
BEGIN COLUMNS 18
BEGIN MEMBERSHIP
LINEAR 42 true
BEGIN LINEAR 43
BEGIN COLUMNS 31
BEGIN MEMBERSHIP
LINEAR 43 true
BEGIN LINEAR 44
BEGIN COLUMNS 31
BEGIN MEMBERSHIP
LINEAR 44 true
BEGIN POLYNOMIAL 10
ARITHMETIC VERIFIED
SAMPLE 1 VERIFIED
SAMPLE 2 VERIFIED
SAMPLE 3 VERIFIED
SAMPLE 4 VERIFIED
SAMPLE 5 VERIFIED
BEGIN POLYNOMIAL COLUMNS
PASS N8 class9 GAP: 9 witnesses; 44 linear decisions (23 negative); 
1 polynomial decisions (0 empty); 5 samples
