Syntax warning: Unbound global variable in scripts/check_f20_equational_inputs\
.g:59
    targets:=Filtered([1..Length(hall)],i->hall[i].weight=weight+1);;
                                           ^^^^
Syntax warning: Unbound global variable in scripts/check_f20_equational_inputs\
.g:60
    negative:=First([1..Length(hall)],i->hall[i].weight=weight-1);;
                                         ^^^^
Syntax warning: Unbound global variable in scripts/check_f20_equational_inputs\
.g:68
    for i in Filtered([1..Length(hall)],i->hall[i].weight=weight) do
                                           ^^^^
Syntax warning: Unbound global variable in scripts/check_f20_equational_inputs\
.g:120
                List(Filtered([1..Length(hall)],i->hall[i].weight>1 and hall[i\
].weight<weight),i->Concatenation("def_",F20EName(i){[2..4]})),
                                                   ^^^^
Syntax warning: Unbound global variable in scripts/check_f20_equational_inputs\
.g:120
                List(Filtered([1..Length(hall)],i->hall[i].weight>1 and hall[i\
].weight<weight),i->Concatenation("def_",F20EName(i){[2..4]})),
                                                                        ^^^^
Syntax warning: Unbound global variable in scripts/check_f20_equational_inputs\
.g:121
                List(Filtered([1..Length(hall)],i->hall[i].weight=weight),i->C\
oncatenation("rel_",F20EName(i){[2..4]})));;
                                                   ^^^^
