BEGIN rank-one-opposite-powers
DECISION rank-one-opposite-powers boundedly_equivalent
BEGIN Lee-rank2
DECISION Lee-rank2 boundedly_equivalent
BEGIN Lee-rank3-negative
DECISION Lee-rank3-negative not_boundedly_equivalent
BEGIN commutator-primitive-asymmetry
DECISION commutator-primitive-asymmetry not_boundedly_equivalent
BEGIN proper-filling-factor
DECISION proper-filling-factor boundedly_equivalent
BEGIN HNN-vertex-filling
DECISION HNN-vertex-filling boundedly_equivalent
BEGIN different-rank3-commutators
DECISION different-rank3-commutators not_boundedly_equivalent
BEGIN nonminimal-same-primitive-powers
DECISION nonminimal-same-primitive-powers boundedly_equivalent
BEGIN same-commutator-powers
DECISION same-commutator-powers boundedly_equivalent
BEGIN transported-Lee
DECISION transported-Lee boundedly_equivalent
ONE-SIDED primitive-to-commutator bounded_one_side
ONE-SIDED commutator-to-primitive unbounded_one_side
ONE-SIDED filling-factor-dominates-any-factor-word bounded_one_side
ONE-SIDED primitive-does-not-dominate-filling-factor unbounded_one_side
ONE-SIDED nonsimple-to-outside-factor unbounded_one_side
PASS F38 BOUNDED PYTHON 21 orbit fixtures; 2376 factor twist rows; 234 rank-two bounds
