BEGIN Magnus 2 11
BEGIN type3_6_base
RESULT type3_6_base True 0.606
BEGIN type3_6_corrected_signed_nonprimitive
RESULT type3_6_corrected_signed_nonprimitive True 4.364
BEGIN type3_6_final_negative
RESULT type3_6_final_negative False 0.869
BEGIN type3_6_first_negative
RESULT type3_6_first_negative False 0.465
BEGIN type4_5_base
RESULT type4_5_base True 0.549
BEGIN type4_5_corrected_signed_nonprimitive
RESULT type4_5_corrected_signed_nonprimitive True 8.863
BEGIN type4_5_final_negative
RESULT type4_5_final_negative False 0.795
BEGIN type4_5_first_negative
RESULT type4_5_first_negative False 0.361
BEGIN nielsen_period_three
RESULT nielsen_period_three True 1.217
BEGIN nielsen_period_negative
RESULT nielsen_period_negative False 3.445
BEGIN prior_type2_positive
RESULT prior_type2_positive True 1.584
BEGIN prior_type1_positive
RESULT prior_type1_positive True 5.693
BEGIN outside_identity
RESULT outside_identity None 0.0
BEGIN outside_degree_one
RESULT outside_degree_one None 0.0
PASS N8 all third-layer: 14 records; 7 witnesses; 55 linear decisions; 2 polynomials; 11 Nielsen lines
