checking rank1_zero
checking rank1_double
checking rank1_inverse
checking abelian_singular
checking abelian_det6
checking prime_bound
checking extension_field
checking field_bound
checking random_2_0
checking random_2_1
checking random_2_2
checking random_2_3
checking random_2_4
checking random_2_5
checking random_2_6
checking random_2_7
checking free_automorphism_2_0
checking free_automorphism_2_1
checking free_automorphism_2_2
checking changed_singular_2
checking random_3_0
checking random_3_1
checking random_3_2
checking random_3_3
checking random_3_4
checking random_3_5
checking random_3_6
checking random_3_7
checking free_automorphism_3_0
checking free_automorphism_3_1
checking free_automorphism_3_2
checking changed_singular_3
checking random_4_0
checking random_4_1
checking random_4_2
checking random_4_3
checking random_4_4
checking random_4_5
checking random_4_6
checking random_4_7
checking free_automorphism_4_0
checking free_automorphism_4_1
checking free_automorphism_4_2
checking changed_singular_4
PASS M0 constructor GAP certificates: 29 witnesses, 13 unit determinants, 
2 inconclusive controls
