F38 STABILIZER VERIFIED 1 finite_orbit rank=2
F38 STABILIZER VERIFIED 2 finite_orbit rank=2
F38 STABILIZER VERIFIED 3 finite_orbit rank=2
F38 STABILIZER VERIFIED 4 finite_orbit rank=2
F38 STABILIZER VERIFIED 5 finite_orbit rank=2
F38 STABILIZER VERIFIED 6 finite_orbit rank=3
F38 STABILIZER VERIFIED 7 finite_orbit rank=3
F38 STABILIZER VERIFIED 8 finite_orbit rank=3
F38 STABILIZER VERIFIED 9 finite_orbit rank=3
F38 STABILIZER VERIFIED 10 infinite_orbit_witness rank=3
F38 STABILIZER VERIFIED 11 finite_orbit rank=3
F38 STABILIZER VERIFIED 12 finite_orbit rank=3
F38 STABILIZER VERIFIED 13 finite_orbit rank=3
F38 STABILIZER VERIFIED 14 infinite_orbit_witness rank=3
F38 STABILIZER VERIFIED 15 finite_orbit rank=2
F38 STABILIZER VERIFIED 16 finite_orbit rank=2
F38 STABILIZER VERIFIED 17 finite_orbit rank=2
F38 STABILIZER VERIFIED 18 infinite_orbit_witness rank=2
F38 STABILIZER VERIFIED 19 infinite_orbit_witness rank=3
PASS F38 stabilizer GAP: 4 infinite-orbit witnesses; 
15 finite invariant orbits; 315 inverse pairs; 320 orbit transitions
