parabola_identity True basis 6
parabola_nonidentity False basis 6
six_zero_samples_then_failure False basis 14
control_even True basis 2
control_odd False basis 2
application_order True basis 3
reversed_application_order False basis 3
terminal_filter True basis 4
missing_terminal_filter_control False basis 4
empty_terminal_language True basis 1
erasing_morphism_empty_output False basis 2
empty_control_language True basis 1
zero_polynomial True basis 1
determinant_singular_gate True basis 4
determinant_equal_lengths True basis 4
determinant_nonzero_difference False basis 4
tuple_component_quadratic True basis 8
tuple_component_distinction False basis 6
tuple_duplicated_seed True basis 6
finite_control_00 False basis 32
finite_control_01 False basis 51
finite_control_02 False basis 22
finite_control_03 False basis 58
finite_control_04 False basis 35
finite_control_05 False basis 34
finite_control_06 False basis 41
finite_control_07 False basis 51
finite_control_08 False basis 11
finite_control_09 False basis 48
finite_control_10 False basis 34
finite_control_11 False basis 22
finite_control_12 True basis 6
finite_control_13 False basis 35
finite_control_14 False basis 26
finite_control_15 False basis 51
finite_control_16 False basis 44
finite_control_17 False basis 51
finite_control_18 False basis 6
finite_control_19 False basis 58
finite_control_20 False basis 6
finite_control_21 False basis 42
finite_control_22 True basis 6
finite_control_23 False basis 51
PASS F38 polynomial stage: 43 controlled systems; 2809 cancellation triangles; 7225 monoid products; 309 word records
