{"lean_version": "Lean (version 4.24.0, x86_64-unknown-linux-gnu, commit 797c613eb9b6d4ec95db23e3e00af9ac6657f24b, Release)", "components": [{"path": "research/certificates/N8-polynomial-bridge-lean/Bridge.lean", "sha256": "ad4697b0313dd3ba7cb18bf63ca9b4825b29d93e3d749e310447c1d6b77ccf10"}, {"path": "research/certificates/N8-energy-lean/Energy.lean", "sha256": "63ae082e726df82e198f6a64478d91d443b868a3477f024e017baba9883123d0"}, {"path": "research/certificates/N8-analytic-assembly/Assembly.lean", "sha256": "e13a72adfe914b2cbdee080554f2133f16b2aa9b47a4e12419a592d237673477"}, {"path": "research/certificates/N8-positional-polynomials/Polynomial.lean", "sha256": "3877d87cee7d0eb0dad7a7965fe77aefd885dd631a6a525ce29cdae8a8a2c3e1"}, {"path": "research/certificates/N8-word-dictionary/Words.lean", "sha256": "8bda4590775b80389e646df3bec0b6cf414383219330872ddd2e8ea4aefb7a71"}, {"path": "research/certificates/N8-lie-exception/Lie.lean", "sha256": "5c31bd73fdc8af7bb56ac8432cdc45dd9b88e93304043e9ac93ff2bf97e70ed1"}, {"path": "research/certificates/N8-block-separation-lean/Block.lean", "sha256": "dfd359cce785dfe2645541d6f0e58cbb4de96816af8d925efb8e9f4796db35bf"}, {"path": "research/certificates/N8-weighted-block/WeightedBlock.lean", "sha256": "d7bac8944e53bcf98664c6fde1c60e594beea7db2af05d7872559b01ecd8e6a4"}], "snapshot": "/project/gworld1/research/certificates/N8-weighted-block/Combined-v2.lean", "snapshot_sha256": "7ae206de45fdcd426652fca00f3a958de0334b6eb6498117f2bf6c8fd3f878b6", "command": ["lake", "env", "lean", "--trust=0", "--stdin"], "mathlib_revision": "f897ebcf72cd16f89ab4577d0c826cd14afaafc7", "scope": "Weighted actual-word block separation; original free-Lie projection and group-coordinate production of the hypotheses remain outside."}
'N8Bridge.transfer_average_half' depends on axioms: [propext, Classical.choice, Quot.sound]
PASS N8 division-free positional averaging bridge
'N8Energy.hyperplane_harmonic_constant' depends on axioms: [propext, Classical.choice, Quot.sound]
PASS N8 concrete half-transfer energy maximum principle
'N8Assembly.positional_constant' depends on axioms: [propext, Classical.choice, Quot.sound]
PASS N8 assembled positional identities imply constancy
'N8Polynomial.rational_polynomial_constant' depends on axioms: [propext, Classical.choice, Quot.sound]
'N8Polynomial.rational_diagonal_constant' depends on axioms: [propext, Classical.choice, Quot.sound]
PASS N8 rational positional polynomial constancy
'N8Words.positional_word_constant' depends on axioms: [propext, Classical.choice, Quot.sound]
'N8Words.associative_separation' depends on axioms: [propext, Classical.choice, Quot.sound]
PASS N8 ordered-word positional dictionary
'N8Lie.lie_separation' depends on axioms: [propext, Classical.choice, Quot.sound]
'N8Lie.lie_separation_ne_one' depends on axioms: [propext, Classical.choice, Quot.sound]
PASS N8 generated Lie subalgebra exception
'N8Block.block_quadratic_not_mem' depends on axioms: [propext, Classical.choice, Quot.sound]
'N8Block.three_liftable_parameters' depends on axioms: [propext, Classical.choice, Quot.sound]
PASS N8 full-block separation and two-parameter-value bound
'N8WeightedBlock.weighted_block_separation' depends on axioms: [propext, Classical.choice, Quot.sound]
'N8WeightedBlock.weighted_three_liftable' depends on axioms: [propext, Classical.choice, Quot.sound]
PASS N8 weighted word block separation
