COORDINATES [ 0, 0, 0, 0, 0, 0, 0, 0, 0, 0, 0, 0, 0, 0, 0, 0, 0, 0, 0, 0, 0, 
  0, 0, 0, 0, 0, 0, 0, 0, 0, 0, 0, 0, 0, 0, 0, 0, 0, 0, 0, 0, 0, 0, 0, 0, 0, 
  0, 0, 0, 0, 0, 0, 0, 1, 0, 1, 0, -1, 0, 0, 0, 0, 0, 0, -2, 0, 1, 0, 0, 0, 
  0, 1, 0, 0, 0, 0, 0, 0, 1, 0, 0, 0, -1, 0, 0, 0, 0, 0, -1, 0, 0, 0, 0, 0 ]
WORD [ -3, -1, 3, 1, -2, -3, -1, 3, 1, 2, -1, -3, 1, 3, -2, -1, -3, 1, 3, -2, 
  -3, -1, 3, 1, 2, -3, -1, 3, 1, -2, -1, -3, 1, 3, 2, -1, -3, 1, 3, 2, -1, 
  -2, -3, -3, -1, 3, 1, 3, -1, -3, 1, 3, 2, -3, -1, 3, 1, -3, -1, -3, 1, 3, 
  3, 1, -3, -3, -1, 3, 1, 3, -1, -3, 1, 3, -2, -3, -1, 3, 1, -3, -1, -3, 1, 
  3, 3, -2, -3, -3, -1, 3, 1, 3, -1, -3, 1, 3, 2, -3, -1, 3, 1, -3, -1, -3, 
  1, 3, 3, -1, -3, -3, -1, 3, 1, 3, -1, -3, 1, 3, -2, -3, -1, 3, 1, -3, -1, 
  -3, 1, 3, 3, 2, 1, 2, -1, -2, -3, -2, 3, 2, -1, -2, -3, 2, 3, 1, 2, -1, -3, 
  -2, 3, 2, 1, -2, -3, 2, 3, 1, -3, -2, 3, 2, -1, -2, -3, 2, 3, 1, -2, -1, 
  -3, -2, 3, 2, 1, -2, -3, 2, 3, 2, -3, -2, -3, -2, 3, 2, -1, -2, -3, 2, 3, 
  1, 2, -1, -3, -2, 3, 2, 1, -2, -3, 2, 3, -1, -3, -2, 3, 2, -1, -2, -3, 2, 
  3, 1, -2, -1, -3, -2, 3, 2, 1, -2, -3, 2, 3, 2, 1, 3, -1, -2, -3, -2, 3, 2, 
  -1, -2, -3, 2, 3, 1, 2, -1, -3, -2, 3, 2, 1, -2, -3, 2, 3, 1, -3, -2, 3, 2, 
  -1, -2, -3, 2, 3, 1, -2, -1, -3, -2, 3, 2, 1, -2, -3, 2, 3, 2, -3, -2, -3, 
  -2, 3, 2, -1, -2, -3, 2, 3, 1, 2, -1, -3, -2, 3, 2, 1, -2, -3, 2, 3, -1, 
  -3, -2, 3, 2, -1, -2, -3, 2, 3, 1, -2, -1, -3, -2, 3, 2, 1, -2, -3, 2, 3, 
  2, 1, 3, -1, -3, -2, 3, 2, -3, -2, 3, 2, -1, -2, -3, 2, 3, 1, -2, -3, 2, 3, 
  -1, -3, -2, 3, 2, 1, -2, -3, 2, 3, 1, -3, -2, 3, 2, -1, -2, -3, 2, 3, 1, 
  -3, -2, 3, 2, -1, -3, -2, 3, 2, 1, -2, -3, 2, 3, -2, -3, 2, -1, -2, -3, -2, 
  3, 2, -3, 2, 3, -1, -3, -2, 3, -2, -3, 2, 3, 2, 1, -2, -3, -2, 3, 2, -3, 2, 
  3, 1, -3, -2, 3, -2, -3, 2, 3, 2, 3, -2, -3, -2, 3, 2, -3, 2, 3, -1, -3, 
  -2, 3, -2, -3, 2, 3, 2, -1, -2, -3, -2, 3, 2, -3, 2, 3, 1, -3, -2, 3, -2, 
  -3, 2, -3, -2, 3, 2, 3, -2, -3, 2, 3, -1, -3, -2, 3, 2, -3, -2, -3, 2, 3, 
  3, 1, 2, -1, -3, -3, -2, 3, 2, 3, -2, -3, 2, 3, 1, -3, -2, 3, 2, -3, -2, 
  -3, 2, 3, 3, 1, -3, -3, -2, 3, 2, 3, -2, -3, 2, 3, -1, -3, -2, 3, 2, -3, 
  -2, -3, 2, 3, 3, 1, -2, -1, -3, -3, -2, 3, 2, 3, -2, -3, 2, 3, 1, -3, -2, 
  3, 2, -3, -2, -3, 2, 3, 3, 2 ]
PASS N3 class-six profile-lift witness extracted
