divisor finite_fraction witness {'t': -1, 'witness': [-1]} period None bound 2
fraction_no_roots finite_fraction witness None period None bound 4
fraction_with_large_solutions finite_fraction witness {'t': -60, 'witness': [-1]} period None bound 120
zero_row_integer_roots finite_zero_row witness {'t': -7, 'witness': [-7]} period None bound None
zero_row_no_integer_roots finite_zero_row witness None period None bound None
rational_but_not_integer periodic witness None period 2 bound None
parity periodic witness {'t': 0, 'witness': [0]} period 2 bound None
nonlinear_residues periodic witness {'t': 0, 'witness': [0]} period 6 bound None
bezout_parity periodic witness {'t': 1, 'witness': [1, 0]} period 2 bound None
polynomial_bezout periodic witness {'t': 0, 'witness': [-1, 1]} period 1 bound None
resultant_mod4 periodic witness {'t': 1, 'witness': [1, 0]} period 4 bound None
rank_drop_extra periodic witness {'t': 0, 'witness': [0]} period 2 bound None
rank_drop_all periodic witness {'t': 0, 'witness': [0]} period 1 bound None
two_parameter_coordinates periodic witness {'t': 1, 'witness': [1, -1, 4]} period 36 bound None
rectangular_consistent periodic witness {'t': 1, 'witness': [1, 0]} period 2 bound None
rectangular_inconsistent finite_zero_row witness None period None bound None
fractional_coefficients periodic witness {'t': 1, 'witness': [1, 0]} period 3 bound None
zero_matrix_consistent periodic witness {'t': 0, 'witness': [0, 0]} period 1 bound None
zero_matrix_isolated finite_zero_row witness {'t': 4, 'witness': [0, 0]} period None bound None
zero_matrix_impossible finite_zero_row witness None period None bound None
polynomial_unimodular periodic witness {'t': 0, 'witness': [1, -2]} period 1 bound None
nonconstant_determinant finite_fraction witness {'t': 0, 'witness': [0, 1]} period None bound 2
constant_lattice_period17 periodic witness {'t': 1, 'witness': [0, 3]} period 289 bound None
rational_root_excluded finite_fraction witness {'t': 0, 'witness': [-1]} period None bound 1
PASS parametric integers: 24 complete systems; 2040 specialization checks
