Timeout (0:01:30)!
Thread 0x00007ea576626080 (most recent call first):
  File "/project/gworld1/scripts/n8_universal_gauges.py", line 43 in mul
  File "/project/gworld1/scripts/n8_weighted_automorphisms.py", line 103 in bracket
  File "/project/gworld1/scripts/check_n8_parametric_tail.py", line 108 in main
  File "/project/gworld1/scripts/check_n8_parametric_tail.py", line 176 in <module>
Timeout (0:01:30)!
Thread 0x00007ea576626080 (most recent call first):
  File "/project/gworld1/.venv/lib/python3.12/site-packages/sympy/polys/matrices/_dfm.py", line 426 in matmul
  File "/project/gworld1/.venv/lib/python3.12/site-packages/sympy/polys/matrices/domainmatrix.py", line 1601 in matmul
  File "/project/gworld1/.venv/lib/python3.12/site-packages/sympy/polys/matrices/domainmatrix.py", line 1353 in __mul__
  File "/project/gworld1/.venv/lib/python3.12/site-packages/sympy/polys/matrices/normalforms.py", line 244 in _smith_normal_decomp
  File "/project/gworld1/.venv/lib/python3.12/site-packages/sympy/polys/matrices/normalforms.py", line 237 in _smith_normal_decomp
  File "/project/gworld1/.venv/lib/python3.12/site-packages/sympy/polys/matrices/normalforms.py", line 237 in _smith_normal_decomp
  File "/project/gworld1/.venv/lib/python3.12/site-packages/sympy/polys/matrices/normalforms.py", line 237 in _smith_normal_decomp
  File "/project/gworld1/.venv/lib/python3.12/site-packages/sympy/polys/matrices/normalforms.py", line 237 in _smith_normal_decomp
  File "/project/gworld1/.venv/lib/python3.12/site-packages/sympy/polys/matrices/normalforms.py", line 237 in _smith_normal_decomp
  File "/project/gworld1/.venv/lib/python3.12/site-packages/sympy/polys/matrices/normalforms.py", line 237 in _smith_normal_decomp
  File "/project/gworld1/.venv/lib/python3.12/site-packages/sympy/polys/matrices/normalforms.py", line 237 in _smith_normal_decomp
  File "/project/gworld1/.venv/lib/python3.12/site-packages/sympy/polys/matrices/normalforms.py", line 237 in _smith_normal_decomp
  File "/project/gworld1/.venv/lib/python3.12/site-packages/sympy/polys/matrices/normalforms.py", line 237 in _smith_normal_decomp
  File "/project/gworld1/.venv/lib/python3.12/site-packages/sympy/polys/matrices/normalforms.py", line 237 in _smith_normal_decomp
  File "/project/gworld1/.venv/lib/python3.12/site-packages/sympy/polys/matrices/normalforms.py", line 237 in _smith_normal_decomp
  File "/project/gworld1/.venv/lib/python3.12/site-packages/sympy/polys/matrices/normalforms.py", line 237 in _smith_normal_decomp
  File "/project/gworld1/.venv/lib/python3.12/site-packages/sympy/polys/matrices/normalforms.py", line 237 in _smith_normal_decomp
  File "/project/gworld1/.venv/lib/python3.12/site-packages/sympy/polys/matrices/normalforms.py", line 237 in _smith_normal_decomp
  File "/project/gworld1/.venv/lib/python3.12/site-packages/sympy/polys/matrices/normalforms.py", line 237 in _smith_normal_decomp
  File "/project/gworld1/.venv/lib/python3.12/site-packages/sympy/polys/matrices/normalforms.py", line 237 in _smith_normal_decomp
  File "/project/gworld1/.venv/lib/python3.12/site-packages/sympy/polys/matrices/normalforms.py", line 237 in _smith_normal_decomp
  File "/project/gworld1/.venv/lib/python3.12/site-packages/sympy/polys/matrices/normalforms.py", line 237 in _smith_normal_decomp
  File "/project/gworld1/.venv/lib/python3.12/site-packages/sympy/polys/matrices/normalforms.py", line 237 in _smith_normal_decomp
  File "/project/gworld1/.venv/lib/python3.12/site-packages/sympy/polys/matrices/normalforms.py", line 237 in _smith_normal_decomp
  File "/project/gworld1/.venv/lib/python3.12/site-packages/sympy/polys/matrices/normalforms.py", line 237 in _smith_normal_decomp
  File "/project/gworld1/.venv/lib/python3.12/site-packages/sympy/polys/matrices/normalforms.py", line 237 in _smith_normal_decomp
  File "/project/gworld1/.venv/lib/python3.12/site-packages/sympy/polys/matrices/normalforms.py", line 237 in _smith_normal_decomp
  File "/project/gworld1/.venv/lib/python3.12/site-packages/sympy/polys/matrices/normalforms.py", line 237 in _smith_normal_decomp
  File "/project/gworld1/.venv/lib/python3.12/site-packages/sympy/polys/matrices/normalforms.py", line 237 in _smith_normal_decomp
  File "/project/gworld1/.venv/lib/python3.12/site-packages/sympy/polys/matrices/normalforms.py", line 237 in _smith_normal_decomp
  File "/project/gworld1/.venv/lib/python3.12/site-packages/sympy/polys/matrices/normalforms.py", line 237 in _smith_normal_decomp
  File "/project/gworld1/.venv/lib/python3.12/site-packages/sympy/polys/matrices/normalforms.py", line 237 in _smith_normal_decomp
  File "/project/gworld1/.venv/lib/python3.12/site-packages/sympy/polys/matrices/normalforms.py", line 237 in _smith_normal_decomp
  File "/project/gworld1/.venv/lib/python3.12/site-packages/sympy/polys/matrices/normalforms.py", line 237 in _smith_normal_decomp
  File "/project/gworld1/.venv/lib/python3.12/site-packages/sympy/polys/matrices/normalforms.py", line 237 in _smith_normal_decomp
  File "/project/gworld1/.venv/lib/python3.12/site-packages/sympy/polys/matrices/normalforms.py", line 237 in _smith_normal_decomp
  File "/project/gworld1/.venv/lib/python3.12/site-packages/sympy/polys/matrices/normalforms.py", line 237 in _smith_normal_decomp
  File "/project/gworld1/.venv/lib/python3.12/site-packages/sympy/polys/matrices/normalforms.py", line 237 in _smith_normal_decomp
  File "/project/gworld1/.venv/lib/python3.12/site-packages/sympy/polys/matrices/normalforms.py", line 237 in _smith_normal_decomp
  File "/project/gworld1/.venv/lib/python3.12/site-packages/sympy/polys/matrices/normalforms.py", line 237 in _smith_normal_decomp
  File "/project/gworld1/.venv/lib/python3.12/site-packages/sympy/polys/matrices/normalforms.py", line 237 in _smith_normal_decomp
  File "/project/gworld1/.venv/lib/python3.12/site-packages/sympy/polys/matrices/normalforms.py", line 237 in _smith_normal_decomp
  File "/project/gworld1/.venv/lib/python3.12/site-packages/sympy/polys/matrices/normalforms.py", line 116 in smith_normal_decomp
  File "/project/gworld1/scripts/parametric_integer_linear.py", line 25 in normal_form
  File "/project/gworld1/scripts/parametric_integer_linear.py", line 37 in integer_solve
  File "/project/gworld1/scripts/parametric_integer_linear.py", line 95 in solve
  File "/project/gworld1/scripts/check_n8_parametric_tail.py", line 134 in main
  File "/project/gworld1/scripts/check_n8_parametric_tail.py", line 176 in <module>
Timeout (0:01:30)!
Thread 0x00007ea576626080 (most recent call first):
  File "/project/gworld1/.venv/lib/python3.12/site-packages/sympy/core/numbers.py", line 1932 in __mul__
  File "/project/gworld1/.venv/lib/python3.12/site-packages/sympy/matrices/determinant.py", line 761 in entry
  File "/project/gworld1/.venv/lib/python3.12/site-packages/sympy/matrices/matrixbase.py", line 3999 in _handle_creation_inputs
  File "/project/gworld1/.venv/lib/python3.12/site-packages/sympy/matrices/repmatrix.py", line 578 in _new
  File "/project/gworld1/.venv/lib/python3.12/site-packages/sympy/matrices/determinant.py", line 768 in bareiss
  File "/project/gworld1/.venv/lib/python3.12/site-packages/sympy/matrices/determinant.py", line 768 in bareiss
  File "/project/gworld1/.venv/lib/python3.12/site-packages/sympy/matrices/determinant.py", line 768 in bareiss
  File "/project/gworld1/.venv/lib/python3.12/site-packages/sympy/matrices/determinant.py", line 768 in bareiss
  File "/project/gworld1/.venv/lib/python3.12/site-packages/sympy/matrices/determinant.py", line 768 in bareiss
  File "/project/gworld1/.venv/lib/python3.12/site-packages/sympy/matrices/determinant.py", line 768 in bareiss
  File "/project/gworld1/.venv/lib/python3.12/site-packages/sympy/matrices/determinant.py", line 768 in bareiss
  File "/project/gworld1/.venv/lib/python3.12/site-packages/sympy/matrices/determinant.py", line 768 in bareiss
  File "/project/gworld1/.venv/lib/python3.12/site-packages/sympy/matrices/determinant.py", line 768 in bareiss
  File "/project/gworld1/.venv/lib/python3.12/site-packages/sympy/matrices/determinant.py", line 768 in bareiss
  File "/project/gworld1/.venv/lib/python3.12/site-packages/sympy/matrices/determinant.py", line 768 in bareiss
  File "/project/gworld1/.venv/lib/python3.12/site-packages/sympy/matrices/determinant.py", line 768 in bareiss
  File "/project/gworld1/.venv/lib/python3.12/site-packages/sympy/matrices/determinant.py", line 779 in _det_bareiss
  File "/project/gworld1/.venv/lib/python3.12/site-packages/sympy/matrices/matrixbase.py", line 3048 in _eval_det_bareiss
  File "/project/gworld1/.venv/lib/python3.12/site-packages/sympy/matrices/determinant.py", line 702 in _det
  File "/project/gworld1/.venv/lib/python3.12/site-packages/sympy/matrices/matrixbase.py", line 3078 in det
  File "/project/gworld1/scripts/parametric_integer_linear.py", line 27 in normal_form
  File "/project/gworld1/scripts/parametric_integer_linear.py", line 37 in integer_solve
  File "/project/gworld1/scripts/parametric_integer_linear.py", line 95 in solve
  File "/project/gworld1/scripts/check_n8_parametric_tail.py", line 134 in main
  File "/project/gworld1/scripts/check_n8_parametric_tail.py", line 176 in <module>
