HALL verified rank3 through9
KERNEL 1 type12_third mod251 rank65
KERNEL 2 type23_second mod251 rank66
KERNEL 3 type16_exception mod251 rank314
KERNEL 4 type16_general mod251 rank315
KERNEL 5 type25_first mod251 rank124
KERNEL 6 type34_first mod251 rank65
KERNEL 7 type12_third mod251 rank65
KERNEL 8 type23_second mod251 rank66
KERNEL 9 type16_exception mod251 rank314
KERNEL 10 type16_general mod251 rank315
KERNEL 11 type25_first mod251 rank124
KERNEL 12 type34_first mod251 rank65
KERNEL 13 type12_third mod251 rank65
KERNEL 14 type23_second mod251 rank66
KERNEL 15 type16_exception mod251 rank314
KERNEL 16 type16_general mod251 rank315
KERNEL 17 type25_first mod251 rank124
KERNEL 18 type34_first mod251 rank65
KERNEL 19 type16_EW mod251 rank315
KERNEL 20 type16_BB mod251 rank315
KERNEL 21 type25_EB mod251 rank124
KERNEL 22 type16_EEE mod251 rank315
KERNEL 23 type34_EE mod251 rank65
OBSTRUCTION 1 mod251 ranks818,819
OBSTRUCTION 2 mod251 ranks818,819
PASS N8 class9 modular GAP: rank3; 23 kernels; 2 obstructions
