Syntax warning: Unbound global variable in stream:146
Warning, Exponent too large.
^^^^^^^
Syntax error: ] expected in stream:146
Warning, Exponent too large.
                  ^^^
Error, no method found! For debugging hints type ?Recovery from NoMethodFound
Error, no 1st choice method found for `CallFuncList' on 2 arguments
The 1st argument is 'fail' which might point to an earlier problem
*[1] result(  )
   @ /project/gap-4.16.1/pkg/nq/gap/nq.gi:259
 [2] NqReadOutput( InputTextString( params.output_string ) )
   @ /project/gap-4.16.1/pkg/nq/gap/nq.gi:213
 [3] NqCallANU_NQ( rec(
     ) )
   @ /project/gap-4.16.1/pkg/nq/gap/nq.gi:475
 [4] NilpotentQuotient(  )
   @ scripts/check_n8_polynomial_group_tail_gap.g:49
<function "unknown">( <arguments> )
 called from read-eval loop at scripts/check_n8_polynomial_group_tail_gap.g:192
type 'quit;' to quit to outer loop
brk> 