BEGIN Magnus 2 11
BEGIN type2_base_positive
RESULT type2_base_positive True 1.519
BEGIN type2_corrected_positive
RESULT type2_corrected_positive True 4.263
BEGIN nonprimitive_signed_scale_positive
RESULT nonprimitive_signed_scale_positive True 3.55
BEGIN last_layer_perturbation
RESULT last_layer_perturbation False 2.775
BEGIN first_layer_perturbation
RESULT first_layer_perturbation False 4.18
BEGIN type1_dispatch_positive
RESULT type1_dispatch_positive True 5.418
BEGIN other_integral_leading_type
RESULT other_integral_leading_type None 0.181
BEGIN outside_identity
RESULT outside_identity None 0.0
BEGIN outside_degree_one
RESULT outside_degree_one None 0.0
PASS N8 type12 third-layer: 9 records; 4 witnesses; 8 linear decisions; 8 polynomials
