GAP Lie replay zero
GAP Lie replay abelian3: [ 1, 1, 1 ]; centroid 0; reduced dimension 0
GAP Lie replay heisenberg3: [ 3 ]; centroid 3; reduced dimension 1
GAP Lie replay filiform4: [ 4 ]; centroid 3; reduced dimension 1
GAP Lie replay heisenberg5: [ 5 ]; centroid 5; reduced dimension 1
GAP Lie replay quadratic_field2: [ 6 ]; centroid 10; reduced dimension 2
GAP Lie replay dual_numbers: [ 6 ]; centroid 10; reduced dimension 1
GAP Lie replay split_quadratic: [ 3, 3 ]; centroid 10; reduced dimension 2
GAP Lie replay mixed_fields: [ 6, 6 ]; centroid 36; reduced dimension 4
GAP Lie replay repeated_field: [ 6, 6 ]; centroid 36; reduced dimension 4
GAP Lie replay central_factor: [ 1, 1, 6 ]; centroid 10; reduced dimension 2
GAP Lie replay mixed_classes: [ 1, 3, 4 ]; centroid 10; reduced dimension 2
GAP Lie replay quadratic_field2_rational_basis: [ 6 ]; centroid 
10; reduced dimension 2
GAP Lie replay dual_numbers_rational_basis: [ 6 ]; centroid 
10; reduced dimension 1
GAP Lie replay split_quadratic_rational_basis: [ 3, 3 ]; centroid 
10; reduced dimension 2
GAP Lie replay mixed_fields_rational_basis: [ 6, 6 ]; centroid 
36; reduced dimension 4
GAP Lie replay repeated_field_rational_basis: [ 6, 6 ]; centroid 
36; reduced dimension 4
GAP Lie replay central_factor_rational_basis: [ 1, 1, 6 ]; centroid 
10; reduced dimension 2
GAP Lie replay mixed_classes_rational_basis: [ 1, 3, 4 ]; centroid 
10; reduced dimension 2
GAP repeated-factor control: naive projector rejected, corrected projector exa\
ct
PASS N5 rational Lie GAP: 19 fixtures; 34 factors
