Timeout (0:01:00)!
Thread 0x000070fdb10e4080 (most recent call first):
  File "/project/gworld1/scripts/n8_fast_magnus.py", line 21 in mul
  File "/project/gworld1/scripts/n8_class7.py", line 100 in apply_tail
  File "/project/gworld1/scripts/n8_class8_tail.py", line 37 in tail
  File "/project/gworld1/scripts/n8_class8.py", line 92 in decide_class8
  File "/project/gworld1/scripts/check_n8_class8.py", line 26 in check
  File "/project/gworld1/scripts/check_n8_class8.py", line 45 in <module>
Timeout (0:01:00)!
Thread 0x000070fdb10e4080 (most recent call first):
  File "/project/gworld1/scripts/n8_fast_magnus.py", line 19 in mul
  File "/project/gworld1/scripts/n8_class8_magnus.py", line 15 in expand
  File "/project/gworld1/scripts/n8_class8_magnus.py", line 15 in expand
  File "/project/gworld1/scripts/n8_class8_magnus.py", line 15 in expand
  File "/project/gworld1/scripts/n8_class8_magnus.py", line 15 in expand
  File "/project/gworld1/scripts/n8_class8_magnus.py", line 15 in expand
  File "/project/gworld1/scripts/n8_class8_magnus.py", line 16 in expansion
  File "/project/gworld1/scripts/n8_class8.py", line 56 in decide_class8
  File "/project/gworld1/scripts/check_n8_class8.py", line 26 in check
  File "/project/gworld1/scripts/check_n8_class8.py", line 53 in <module>
Timeout (0:01:00)!
Thread 0x000070fdb10e4080 (most recent call first):
  File "/project/gworld1/scripts/n8_class3.py", line 22 in add
  File "/project/gworld1/scripts/n8_ia_orbits.py", line 60 in inv
  File "/project/gworld1/scripts/n8_ia_orbits.py", line 73 in comm
  File "/project/gworld1/scripts/n8_class7.py", line 108 in tail_columns
  File "/project/gworld1/scripts/n8_class8_tail.py", line 17 in tail
  File "/project/gworld1/scripts/n8_class8.py", line 47 in polynomial_finish
  File "/project/gworld1/scripts/n8_class8.py", line 75 in decide_class8
  File "/project/gworld1/scripts/check_n8_class8.py", line 26 in check
  File "/project/gworld1/scripts/check_n8_class8.py", line 53 in <module>
Timeout (0:01:00)!
Thread 0x000070fdb10e4080 (most recent call first):
  File "/project/gworld1/scripts/n8_flint_linear.py", line 12 in affine_solution
  File "/project/gworld1/scripts/n8_class8_tail.py", line 26 in tail
  File "/project/gworld1/scripts/n8_class8.py", line 92 in decide_class8
  File "/project/gworld1/scripts/check_n8_class8.py", line 26 in check
  File "/project/gworld1/scripts/check_n8_class8.py", line 57 in <module>
Timeout (0:01:00)!
Thread 0x000070fdb10e4080 (most recent call first):
  File "/project/gworld1/scripts/n8_flint_linear.py", line 12 in affine_solution
  File "/project/gworld1/scripts/n8_class8_tail.py", line 26 in tail
  File "/project/gworld1/scripts/n8_class8.py", line 92 in decide_class8
  File "/project/gworld1/scripts/check_n8_class8.py", line 26 in check
  File "/project/gworld1/scripts/check_n8_class8.py", line 57 in <module>
Timeout (0:01:00)!
Thread 0x000070fdb10e4080 (most recent call first):
  File "/project/gworld1/scripts/n8_fast_magnus.py", line 10 in mul
  File "/project/gworld1/scripts/n8_ia_orbits.py", line 73 in comm
  File "/project/gworld1/scripts/n8_class7.py", line 108 in tail_columns
  File "/project/gworld1/scripts/n8_class8_tail.py", line 17 in tail
  File "/project/gworld1/scripts/n8_class8.py", line 92 in decide_class8
  File "/project/gworld1/scripts/check_n8_class8.py", line 26 in check
  File "/project/gworld1/scripts/check_n8_class8.py", line 57 in <module>
