BEGIN constructed_positive {'p': 1, 'q': 2}
constructed_positive True 18.669
BEGIN constructed_positive {'p': 1, 'q': 3}
constructed_positive True 10.588
BEGIN constructed_positive {'p': 2, 'q': 2}
constructed_positive True 7.459
BEGIN constructed_positive {'p': 1, 'q': 4}
constructed_positive True 5.463
BEGIN constructed_positive {'p': 2, 'q': 3}
constructed_positive True 2.56
BEGIN constructed_positive {'p': 1, 'q': 5}
constructed_positive True 2.566
BEGIN constructed_positive {'p': 2, 'q': 4}
constructed_positive True 1.765
BEGIN constructed_positive {'p': 3, 'q': 3}
constructed_positive True 0.802
BEGIN exceptional_positive {'k': -1}
exceptional_positive True 46.211
BEGIN exceptional_positive {'k': 2}
exceptional_positive True 79.726
BEGIN nonprimitive_type13 {}
