{"test": "degree6_direct_sum", "rank": 2, "columns33": 1, "columns24": 3, "kernel24": 0, "intersection": 0}
{"test": "classified_nonzero_kernel", "rank": 2, "case": 0, "z": [1, -2], "T": [-2], "D": [-2, 8, -8], "kernel_dimension": 1, "predicted": [-2, -4, 8, 0, 0, 0, 0]}
{"test": "type23_Nielsen_kernel", "rank": 2, "case": 0, "kernel_dimension": 1}
{"test": "classified_nonzero_kernel", "rank": 2, "case": 1, "z": [1, -2], "T": [-1], "D": [-1, 4, -4], "kernel_dimension": 1, "predicted": [-1, -1, 2, 0, 0, 0, 0]}
{"test": "type23_Nielsen_kernel", "rank": 2, "case": 1, "kernel_dimension": 1}
{"test": "classified_nonzero_kernel", "rank": 2, "case": 2, "z": [1, 1], "T": [-2], "D": [-2, -4, -2], "kernel_dimension": 1, "predicted": [-2, -4, -4, 0, 0, 0, 0]}
{"test": "type23_Nielsen_kernel", "rank": 2, "case": 2, "kernel_dimension": 1}
{"test": "classified_nonzero_kernel", "rank": 2, "case": 3, "z": [1, 1], "T": [-2], "D": [-2, -4, -2], "kernel_dimension": 1, "predicted": [-2, -4, -4, 0, 0, 0, 0]}
{"test": "type23_Nielsen_kernel", "rank": 2, "case": 3, "kernel_dimension": 1}
{"test": "classified_nonzero_kernel", "rank": 2, "case": 4, "z": [1, 2], "T": [-1], "D": [-1, -4, -4], "kernel_dimension": 1, "predicted": [-1, -1, -2, 0, 0, 0, 0]}
{"test": "type23_Nielsen_kernel", "rank": 2, "case": 4, "kernel_dimension": 1}
{"test": "degree6_direct_sum", "rank": 3, "columns33": 28, "columns24": 54, "kernel24": 1, "intersection": 0}
{"test": "classified_nonzero_kernel", "rank": 3, "case": 0, "z": [1, 0, 2], "T": [2, -1, -1], "D": [-6, 0, -2, 2, 0, 9, 0, 0, 12, -1, -1, -4, 0, -4, -4, 0, 0, -4], "kernel_dimension": 1, "predicted": [2, -1, -1, -4, 2, 2, 0, 0, 0, -10, 5, 5, 2, -1, -1, 2, -1, -1, 4, -2, -2, 0, 0, 0, 4, -2, -2, 0, 0, 0, 0, 0, 0, 0, 0, 0, 0, 0, 0, 0, 0, 0, 0, 0, 0, 0, 0, 0, 0, 0, 0]}
{"test": "derived_perturbation", "rank": 3, "case": 0, "kernel_dimension": 0}
{"test": "pure_derived", "rank": 3, "case": 0, "kernel_dimension": 0}
{"test": "type23_Nielsen_kernel", "rank": 3, "case": 0, "kernel_dimension": 1}
{"test": "classified_nonzero_kernel", "rank": 3, "case": 1, "z": [1, 0, 2], "T": [-1, -1, 2], "D": [6, 0, 4, -1, 0, -6, 0, 0, -12, -1, 2, -4, 0, 8, -4, 0, 0, 8], "kernel_dimension": 1, "predicted": [-1, -1, 2, -1, -1, 2, 0, 0, 0, -4, -4, 8, -1, -1, 2, 2, 2, -4, -2, -2, 4, 0, 0, 0, 4, 4, -8, 0, 0, 0, 0, 0, 0, 0, 0, 0, 0, 0, 0, 0, 0, 0, 0, 0, 0, 0, 0, 0, 0, 0, 0]}
{"test": "derived_perturbation", "rank": 3, "case": 1, "kernel_dimension": 0}
{"test": "pure_derived", "rank": 3, "case": 1, "kernel_dimension": 0}
{"test": "type23_Nielsen_kernel", "rank": 3, "case": 1, "kernel_dimension": 1}
{"test": "classified_nonzero_kernel", "rank": 3, "case": 2, "z": [1, 0, -1], "T": [-2, -1, 1], "D": [0, 0, -1, -2, 0, 3, 0, 0, 0, -1, 1, 2, 0, -2, -1, 0, 0, 1], "kernel_dimension": 1, "predicted": [-2, -1, 1, -4, -2, 2, 0, 0, 0, 2, 1, -1, -2, -1, 1, 2, 1, -1, 2, 1, -1, 0, 0, 0, -2, -1, 1, 0, 0, 0, 0, 0, 0, 0, 0, 0, 0, 0, 0, 0, 0, 0, 0, 0, 0, 0, 0, 0, 0, 0, 0]}
{"test": "derived_perturbation", "rank": 3, "case": 2, "kernel_dimension": 0}
{"test": "pure_derived", "rank": 3, "case": 2, "kernel_dimension": 0}
{"test": "type23_Nielsen_kernel", "rank": 3, "case": 2, "kernel_dimension": 1}
{"test": "classified_nonzero_kernel", "rank": 3, "case": 3, "z": [1, 0, 2], "T": [-1, -1, 2], "D": [6, 0, 4, -1, 0, -6, 0, 0, -12, -1, 2, -4, 0, 8, -4, 0, 0, 8], "kernel_dimension": 1, "predicted": [-1, -1, 2, -1, -1, 2, 0, 0, 0, -4, -4, 8, -1, -1, 2, 2, 2, -4, -2, -2, 4, 0, 0, 0, 4, 4, -8, 0, 0, 0, 0, 0, 0, 0, 0, 0, 0, 0, 0, 0, 0, 0, 0, 0, 0, 0, 0, 0, 0, 0, 0]}
{"test": "derived_perturbation", "rank": 3, "case": 3, "kernel_dimension": 0}
{"test": "pure_derived", "rank": 3, "case": 3, "kernel_dimension": 0}
{"test": "type23_Nielsen_kernel", "rank": 3, "case": 3, "kernel_dimension": 1}
{"test": "classified_nonzero_kernel", "rank": 3, "case": 4, "z": [1, 0, 2], "T": [1, 1, -2], "D": [-6, 0, -4, 1, 0, 6, 0, 0, 12, 1, -2, 4, 0, -8, 4, 0, 0, -8], "kernel_dimension": 1, "predicted": [1, 1, -2, -1, -1, 2, 0, 0, 0, -4, -4, 8, -1, -1, 2, 2, 2, -4, -2, -2, 4, 0, 0, 0, 4, 4, -8, 0, 0, 0, 0, 0, 0, 0, 0, 0, 0, 0, 0, 0, 0, 0, 0, 0, 0, 0, 0, 0, 0, 0, 0]}
{"test": "derived_perturbation", "rank": 3, "case": 4, "kernel_dimension": 0}
{"test": "pure_derived", "rank": 3, "case": 4, "kernel_dimension": 0}
{"test": "type23_Nielsen_kernel", "rank": 3, "case": 4, "kernel_dimension": 1}
PASS all-rank class7 kernel checks: 32
