Timeout (0:01:30)!
Thread 0x0000756fc96d4080 (most recent call first):
  File "/usr/lib/python3.12/fractions.py", line 222 in __new__
  File "/usr/lib/python3.12/fractions.py", line 630 in reverse
  File "/project/gworld1/scripts/check_n8_polynomial_group_tail.py", line 29 in mul
  File "/project/gworld1/scripts/n8_weighted_automorphisms.py", line 169 in collect
  File "/project/gworld1/scripts/check_n8_polynomial_group_tail.py", line 85 in coords
  File "/project/gworld1/scripts/check_n8_polynomial_group_tail.py", line 113 in main
  File "/project/gworld1/scripts/check_n8_polynomial_group_tail.py", line 153 in <module>
Timeout (0:01:30)!
Thread 0x0000756fc96d4080 (most recent call first):
  File "/usr/lib/python3.12/fractions.py", line 628 in reverse
  File "/project/gworld1/scripts/check_n8_polynomial_group_tail.py", line 29 in mul
  File "/project/gworld1/scripts/n8_weighted_automorphisms.py", line 169 in collect
  File "/project/gworld1/scripts/check_n8_polynomial_group_tail.py", line 85 in coords
  File "/project/gworld1/scripts/check_n8_polynomial_group_tail.py", line 113 in main
  File "/project/gworld1/scripts/check_n8_polynomial_group_tail.py", line 153 in <module>
Timeout (0:01:30)!
Thread 0x0000756fc96d4080 (most recent call first):
  File "/usr/lib/python3.12/fractions.py", line 317 in _from_coprime_ints
  File "/usr/lib/python3.12/fractions.py", line 716 in _add
  File "/usr/lib/python3.12/fractions.py", line 630 in reverse
  File "/project/gworld1/scripts/check_n8_polynomial_group_tail.py", line 29 in mul
  File "/project/gworld1/scripts/n8_weighted_automorphisms.py", line 169 in collect
  File "/project/gworld1/scripts/check_n8_polynomial_group_tail.py", line 85 in coords
  File "/project/gworld1/scripts/check_n8_polynomial_group_tail.py", line 116 in main
  File "/project/gworld1/scripts/check_n8_polynomial_group_tail.py", line 153 in <module>
Timeout (0:01:30)!
Thread 0x0000756fc96d4080 (most recent call first):
  File "/usr/lib/python3.12/fractions.py", line 317 in _from_coprime_ints
  File "/usr/lib/python3.12/fractions.py", line 716 in _add
  File "/usr/lib/python3.12/fractions.py", line 630 in reverse
  File "/project/gworld1/scripts/check_n8_polynomial_group_tail.py", line 29 in mul
  File "/project/gworld1/scripts/n8_weighted_automorphisms.py", line 169 in collect
  File "/project/gworld1/scripts/check_n8_polynomial_group_tail.py", line 85 in coords
  File "/project/gworld1/scripts/check_n8_polynomial_group_tail.py", line 116 in main
  File "/project/gworld1/scripts/check_n8_polynomial_group_tail.py", line 153 in <module>
