F38 STABILIZER VERIFIED 1 finite_orbit rank=2
F38 STABILIZER VERIFIED 2 finite_orbit rank=2
F38 STABILIZER VERIFIED 3 finite_orbit rank=2
F38 STABILIZER VERIFIED 4 finite_orbit rank=2
F38 STABILIZER VERIFIED 5 finite_orbit rank=2
F38 STABILIZER VERIFIED 6 finite_orbit rank=2
F38 STABILIZER VERIFIED 7 finite_orbit rank=2
F38 STABILIZER VERIFIED 8 finite_orbit rank=2
F38 STABILIZER VERIFIED 9 finite_orbit rank=2
F38 STABILIZER VERIFIED 10 finite_orbit rank=2
F38 STABILIZER VERIFIED 11 finite_orbit rank=2
F38 STABILIZER VERIFIED 12 finite_orbit rank=2
F38 STABILIZER VERIFIED 13 finite_orbit rank=2
F38 STABILIZER VERIFIED 14 infinite_orbit_witness rank=2
F38 STABILIZER VERIFIED 15 finite_orbit rank=3
F38 STABILIZER VERIFIED 16 finite_orbit rank=3
F38 STABILIZER VERIFIED 17 finite_orbit rank=3
F38 STABILIZER VERIFIED 18 finite_orbit rank=3
F38 STABILIZER VERIFIED 19 finite_orbit rank=3
F38 STABILIZER VERIFIED 20 infinite_orbit_witness rank=3
F38 STABILIZER VERIFIED 21 finite_orbit rank=3
F38 STABILIZER VERIFIED 22 finite_orbit rank=3
F38 STABILIZER VERIFIED 23 finite_orbit rank=3
F38 STABILIZER VERIFIED 24 finite_orbit rank=3
F38 STABILIZER VERIFIED 25 finite_orbit rank=3
F38 STABILIZER VERIFIED 26 finite_orbit rank=3
F38 STABILIZER VERIFIED 27 finite_orbit rank=3
F38 STABILIZER VERIFIED 28 finite_orbit rank=3
F38 STABILIZER VERIFIED 29 finite_orbit rank=3
F38 STABILIZER VERIFIED 30 finite_orbit rank=3
F38 STABILIZER VERIFIED 31 finite_orbit rank=3
F38 STABILIZER VERIFIED 32 finite_orbit rank=3
F38 STABILIZER VERIFIED 33 finite_orbit rank=3
F38 STABILIZER VERIFIED 34 finite_orbit rank=3
F38 STABILIZER VERIFIED 35 finite_orbit rank=3
F38 STABILIZER VERIFIED 36 finite_orbit rank=3
F38 STABILIZER VERIFIED 37 finite_orbit rank=3
F38 STABILIZER VERIFIED 38 finite_orbit rank=3
F38 STABILIZER VERIFIED 39 finite_orbit rank=2
F38 STABILIZER VERIFIED 40 finite_orbit rank=2
F38 STABILIZER VERIFIED 41 finite_orbit rank=2
F38 STABILIZER VERIFIED 42 finite_orbit rank=3
F38 STABILIZER VERIFIED 43 infinite_orbit_witness rank=3
F38 STABILIZER VERIFIED 44 infinite_orbit_witness rank=2
F38 STABILIZER VERIFIED 45 finite_orbit rank=3
F38 STABILIZER VERIFIED 46 finite_orbit rank=3
F38 STABILIZER VERIFIED 47 finite_orbit rank=3
F38 STABILIZER VERIFIED 48 finite_orbit rank=3
F38 STABILIZER VERIFIED 49 finite_orbit rank=3
F38 STABILIZER VERIFIED 50 finite_orbit rank=3
F38 STABILIZER VERIFIED 51 finite_orbit rank=3
F38 STABILIZER VERIFIED 52 finite_orbit rank=3
F38 STABILIZER VERIFIED 53 finite_orbit rank=3
F38 STABILIZER VERIFIED 54 infinite_orbit_witness rank=3
F38 STABILIZER VERIFIED 55 finite_orbit rank=2
F38 STABILIZER VERIFIED 56 finite_orbit rank=2
F38 STABILIZER VERIFIED 57 finite_orbit rank=2
F38 STABILIZER VERIFIED 58 infinite_orbit_witness rank=2
F38 STABILIZER VERIFIED 59 infinite_orbit_witness rank=3
PASS F38 stabilizer GAP: 7 infinite-orbit witnesses; 
52 finite invariant orbits; 287 inverse pairs; 293 orbit transitions
