{"case": 1, "label": "identity", "rank": 1, "result": "identity", "seconds": 0.0, "period": null, "residue": null}
{"case": 2, "label": "outside derived", "rank": 1, "result": "outside_derived", "seconds": 0.0, "period": null, "residue": null}
{"case": 3, "label": "identity", "rank": 2, "result": "identity", "seconds": 0.0, "period": null, "residue": null}
{"case": 4, "label": "outside derived", "rank": 2, "result": "outside_derived", "seconds": 0.0, "period": null, "residue": null}
{"case": 5, "label": "identity", "rank": 3, "result": "identity", "seconds": 0.0, "period": null, "residue": null}
{"case": 6, "label": "outside derived", "rank": 3, "result": "outside_derived", "seconds": 0.0, "period": null, "residue": null}
{"case": 7, "label": "identity", "rank": 4, "result": "identity", "seconds": 0.0, "period": null, "residue": null}
{"case": 8, "label": "outside derived", "rank": 4, "result": "outside_derived", "seconds": 0.0, "period": null, "residue": null}
{"case": 9, "label": "general commutator", "rank": 2, "result": "degree4_13", "seconds": 0.052, "period": null, "residue": null}
{"case": 10, "label": "leading degree three", "rank": 2, "result": "nonzero_degree3", "seconds": 0.01, "period": 4, "residue": 0}
{"case": 11, "label": "leading degree four 13", "rank": 2, "result": "central_23", "seconds": 0.008, "period": null, "residue": null}
{"case": 12, "label": "leading degree four 22", "rank": 2, "result": "central_23", "seconds": 0.006, "period": null, "residue": null}
{"case": 13, "label": "central 14", "rank": 2, "result": "central_14", "seconds": 0.016, "period": null, "residue": null}
{"case": 14, "label": "central 23", "rank": 2, "result": "identity", "seconds": 0.0, "period": null, "residue": null}
{"case": 15, "label": "general commutator", "rank": 2, "result": "nonzero_degree2", "seconds": 0.102, "period": 2, "residue": 1}
{"case": 16, "label": "leading degree three", "rank": 2, "result": "degree4_13", "seconds": 0.017, "period": null, "residue": null}
{"case": 17, "label": "leading degree four 13", "rank": 2, "result": "central_14", "seconds": 0.011, "period": null, "residue": null}
{"case": 18, "label": "leading degree four 22", "rank": 2, "result": "identity", "seconds": 0.001, "period": null, "residue": null}
{"case": 19, "label": "central 14", "rank": 2, "result": "identity", "seconds": 0.002, "period": null, "residue": null}
{"case": 20, "label": "central 23", "rank": 2, "result": "central_23", "seconds": 0.007, "period": null, "residue": null}
{"case": 21, "label": "general commutator", "rank": 2, "result": "nonzero_degree2", "seconds": 0.035, "period": 2, "residue": 1}
{"case": 22, "label": "leading degree three", "rank": 2, "result": "identity", "seconds": 0.0, "period": null, "residue": null}
{"case": 23, "label": "leading degree four 13", "rank": 2, "result": "degree4_13", "seconds": 0.019, "period": null, "residue": null}
{"case": 24, "label": "leading degree four 22", "rank": 2, "result": "central_23", "seconds": 0.005, "period": null, "residue": null}
{"case": 25, "label": "central 14", "rank": 2, "result": "identity", "seconds": 0.0, "period": null, "residue": null}
{"case": 26, "label": "central 23", "rank": 2, "result": "identity", "seconds": 0.0, "period": null, "residue": null}
{"case": 27, "label": "general commutator", "rank": 2, "result": "nonzero_degree2", "seconds": 0.04, "period": 2, "residue": 0}
{"case": 28, "label": "leading degree three", "rank": 2, "result": "degree4_13", "seconds": 0.015, "period": null, "residue": null}
{"case": 29, "label": "leading degree four 13", "rank": 2, "result": "degree4_13", "seconds": 0.039, "period": null, "residue": null}
{"case": 30, "label": "leading degree four 22", "rank": 2, "result": "central_23", "seconds": 0.005, "period": null, "residue": null}
{"case": 31, "label": "central 14", "rank": 2, "result": "identity", "seconds": 0.0, "period": null, "residue": null}
{"case": 32, "label": "central 23", "rank": 2, "result": "central_23", "seconds": 0.005, "period": null, "residue": null}
{"case": 33, "label": "general commutator", "rank": 3, "result": "nonzero_degree2", "seconds": 1.551, "period": 1, "residue": 0}
{"case": 34, "label": "leading degree three", "rank": 3, "result": "nonzero_degree3", "seconds": 0.222, "period": 1, "residue": 0}
{"case": 35, "label": "leading degree four 13", "rank": 3, "result": "degree4_13", "seconds": 0.126, "period": null, "residue": null}
{"case": 36, "label": "leading degree four 22", "rank": 3, "result": "degree4_22", "seconds": 0.05, "period": null, "residue": null}
{"case": 37, "label": "central 14", "rank": 3, "result": "central_14", "seconds": 0.037, "period": null, "residue": null}
{"case": 38, "label": "central 23", "rank": 3, "result": "identity", "seconds": 0.0, "period": null, "residue": null}
{"case": 39, "label": "general commutator", "rank": 3, "result": "nonzero_degree2", "seconds": 0.541, "period": 2, "residue": 1}
{"case": 40, "label": "leading degree three", "rank": 3, "result": "nonzero_degree3", "seconds": 0.084, "period": 1, "residue": 0}
{"case": 41, "label": "leading degree four 13", "rank": 3, "result": "degree4_13", "seconds": 0.073, "period": null, "residue": null}
{"case": 42, "label": "leading degree four 22", "rank": 3, "result": "central_23", "seconds": 0.022, "period": null, "residue": null}
{"case": 43, "label": "central 14", "rank": 3, "result": "central_14", "seconds": 0.026, "period": null, "residue": null}
{"case": 44, "label": "central 23", "rank": 3, "result": "central_23", "seconds": 0.02, "period": null, "residue": null}
{"case": 45, "label": "general commutator", "rank": 3, "result": "nonzero_degree2", "seconds": 1.397, "period": 2, "residue": 0}
{"case": 46, "label": "leading degree three", "rank": 3, "result": "nonzero_degree3", "seconds": 0.12, "period": 2, "residue": 1}
{"case": 47, "label": "leading degree four 13", "rank": 3, "result": "degree4_13", "seconds": 0.053, "period": null, "residue": null}
{"case": 48, "label": "leading degree four 22", "rank": 3, "result": "degree4_22", "seconds": 0.051, "period": null, "residue": null}
{"case": 49, "label": "central 14", "rank": 3, "result": "central_14", "seconds": 0.026, "period": null, "residue": null}
{"case": 50, "label": "central 23", "rank": 3, "result": "central_23", "seconds": 0.03, "period": null, "residue": null}
{"case": 51, "label": "general commutator", "rank": 3, "result": "nonzero_degree2", "seconds": 0.431, "period": 2, "residue": 0}
{"case": 52, "label": "leading degree three", "rank": 3, "result": "nonzero_degree3", "seconds": 0.1, "period": 2, "residue": 0}
{"case": 53, "label": "leading degree four 13", "rank": 3, "result": "central_14", "seconds": 0.024, "period": null, "residue": null}
{"case": 54, "label": "leading degree four 22", "rank": 3, "result": "degree4_22", "seconds": 0.05, "period": null, "residue": null}
{"case": 55, "label": "central 14", "rank": 3, "result": "central_14", "seconds": 0.046, "period": null, "residue": null}
{"case": 56, "label": "central 23", "rank": 3, "result": "identity", "seconds": 0.0, "period": null, "residue": null}
{"case": 57, "label": "nonprimitive degree-two gauge", "rank": 2, "result": "nonzero_degree2", "seconds": 0.019, "period": 8, "residue": 0}
{"case": 58, "label": "nonprimitive degree-three gauge", "rank": 2, "result": "nonzero_degree3", "seconds": 0.023, "period": 3, "residue": 2}
{"case": 59, "label": "nonprimitive degree-two gauge", "rank": 2, "result": "nonzero_degree2", "seconds": 0.019, "period": 8, "residue": 0}
{"case": 60, "label": "nonprimitive degree-three gauge", "rank": 2, "result": "nonzero_degree3", "seconds": 0.016, "period": 3, "residue": 1}
{"case": 61, "label": "nonprimitive degree-two gauge", "rank": 2, "result": "nonzero_degree2", "seconds": 0.02, "period": 8, "residue": 0}
{"case": 62, "label": "nonprimitive degree-three gauge", "rank": 2, "result": "nonzero_degree3", "seconds": 0.011, "period": 3, "residue": 0}
{"case": 63, "label": "rank-four general", "rank": 4, "result": "nonzero_degree2", "seconds": 4.129, "period": 1, "residue": 0}
{"case": 64, "label": "rank-four leading 22", "rank": 4, "result": "degree4_22", "seconds": 0.111, "period": null, "residue": null}
{"case": 65, "label": "rank-four central 23", "rank": 4, "result": "central_23", "seconds": 0.032, "period": null, "residue": null}
{"case": 66, "label": "known square obstruction in class-three quotient", "rank": 2, "result": "nonzero_degree2", "seconds": 0.006, "period": null, "residue": null}
{"case": 67, "label": "rank-four exterior obstruction", "rank": 4, "result": "nondecomposable_degree2", "seconds": 0.001, "period": null, "residue": null}
{"case": 68, "label": "class-three tensor obstruction", "rank": 3, "result": "nonzero_degree3", "seconds": 0.003, "period": null, "residue": null}
{"case": 69, "label": "class-four irreducible quadratic obstruction", "rank": 2, "result": "nonzero_degree4", "seconds": 0.003, "period": null, "residue": null}
{"case": 70, "label": "degree-five extreme-weight obstruction", "rank": 2, "result": "central_degree5", "seconds": 0.007, "period": null, "residue": null}
{"cases": 70, "counts": {"central_14 yes": 7, "central_23 yes": 10, "central_degree5 no": 1, "degree4_13 yes": 8, "degree4_22 yes": 4, "identity yes": 13, "nondecomposable_degree2 no": 1, "nonzero_degree2 no": 1, "nonzero_degree2 yes": 11, "nonzero_degree3 no": 1, "nonzero_degree3 yes": 8, "nonzero_degree4 no": 1, "outside_derived no": 4}, "gauges": [{"label": "leading degree three", "period": 4, "rank": 2, "residue": 0}, {"label": "general commutator", "period": 2, "rank": 2, "residue": 1}, {"label": "general commutator", "period": 2, "rank": 2, "residue": 1}, {"label": "general commutator", "period": 2, "rank": 2, "residue": 0}, {"label": "general commutator", "period": 1, "rank": 3, "residue": 0}, {"label": "leading degree three", "period": 1, "rank": 3, "residue": 0}, {"label": "general commutator", "period": 2, "rank": 3, "residue": 1}, {"label": "leading degree three", "period": 1, "rank": 3, "residue": 0}, {"label": "general commutator", "period": 2, "rank": 3, "residue": 0}, {"label": "leading degree three", "period": 2, "rank": 3, "residue": 1}, {"label": "general commutator", "period": 2, "rank": 3, "residue": 0}, {"label": "leading degree three", "period": 2, "rank": 3, "residue": 0}, {"label": "nonprimitive degree-two gauge", "period": 8, "rank": 2, "residue": 0}, {"label": "nonprimitive degree-three gauge", "period": 3, "rank": 2, "residue": 2}, {"label": "nonprimitive degree-two gauge", "period": 8, "rank": 2, "residue": 0}, {"label": "nonprimitive degree-three gauge", "period": 3, "rank": 2, "residue": 1}, {"label": "nonprimitive degree-two gauge", "period": 8, "rank": 2, "residue": 0}, {"label": "nonprimitive degree-three gauge", "period": 3, "rank": 2, "residue": 0}, {"label": "rank-four general", "period": 1, "rank": 4, "residue": 0}], "seed": 9282605}
PASS N8 class-five exact checks
