BEGIN Hall basis 2 9
BEGIN 15-second-exception-0
{"label": "15-second-exception-0", "p": 1, "q": 5, "offset": 2, "degree": 8, "columns": 20, "nullity": 1, "expected": 1}
BEGIN 15-third-after-exception-0
{"label": "15-third-after-exception-0", "p": 1, "q": 5, "offset": 3, "degree": 9, "columns": 33, "nullity": 0, "expected": 0}
BEGIN 15-second-exception-1
{"label": "15-second-exception-1", "p": 1, "q": 5, "offset": 2, "degree": 8, "columns": 20, "nullity": 1, "expected": 1}
BEGIN 15-third-after-exception-1
{"label": "15-third-after-exception-1", "p": 1, "q": 5, "offset": 3, "degree": 9, "columns": 33, "nullity": 0, "expected": 0}
BEGIN 15-second-exception-2
{"label": "15-second-exception-2", "p": 1, "q": 5, "offset": 2, "degree": 8, "columns": 20, "nullity": 1, "expected": 1}
BEGIN 15-third-after-exception-2
{"label": "15-third-after-exception-2", "p": 1, "q": 5, "offset": 3, "degree": 9, "columns": 33, "nullity": 0, "expected": 0}
BEGIN 13-third-0
{"label": "13-third-0", "p": 1, "q": 3, "offset": 3, "degree": 7, "columns": 12, "nullity": 0, "expected": 0}
BEGIN 13-third-1
{"label": "13-third-1", "p": 1, "q": 3, "offset": 3, "degree": 7, "columns": 12, "nullity": 0, "expected": 0}
BEGIN 24-second-0
{"label": "24-second-0", "p": 2, "q": 4, "offset": 2, "degree": 8, "columns": 12, "nullity": 1, "expected": 1}
BEGIN 24-second-2
{"label": "24-second-2", "p": 2, "q": 4, "offset": 2, "degree": 8, "columns": 12, "nullity": 1, "expected": 1}
BEGIN 33-second
{"label": "33-second", "p": 3, "q": 3, "offset": 2, "degree": 8, "columns": 12, "nullity": 0, "expected": 0}
BEGIN 33-second-mixed
{"label": "33-second-mixed", "p": 3, "q": 3, "offset": 2, "degree": 8, "columns": 12, "nullity": 0, "expected": 0}
BEGIN 15-second-pure-EB
{"label": "15-second-pure-EB", "p": 1, "q": 5, "offset": 2, "degree": 8, "columns": 20, "nullity": 0, "expected": 0}
BEGIN 15-second-mixed
{"label": "15-second-mixed", "p": 1, "q": 5, "offset": 2, "degree": 8, "columns": 20, "nullity": 0, "expected": 0}
PASS N8 class10 completion kernels: 2 14
