BEGIN Magnus 3 8
BEGIN d4_type2_2_base
RESULT d4_type2_2_base True 0.334
BEGIN d4_type2_2_corrected
RESULT d4_type2_2_corrected True 40.043
BEGIN d4_type2_2_top_perturbation
RESULT d4_type2_2_top_perturbation True 2.051
BEGIN d4_type2_2_first_perturbation
RESULT d4_type2_2_first_perturbation True 2.261
BEGIN d4_type2_2_metabelian_top_negative
RESULT d4_type2_2_metabelian_top_negative False 1.893
BEGIN d4_type1_base
RESULT d4_type1_base True 0.387
BEGIN d4_type1_corrected
RESULT d4_type1_corrected True 65.199
BEGIN d4_type1_offset2_perturbation
RESULT d4_type1_offset2_perturbation True 5.439
BEGIN d4_type1_offset3_perturbation
RESULT d4_type1_offset3_perturbation True 5.5
BEGIN outside_identity
RESULT outside_identity None 0.0
BEGIN outside_degree_one
RESULT outside_degree_one None 0.0
PASS N8 fifth/sixth layer: 11 records; 8 witnesses; {'layer': 20, 'nullity': 19, 'tail': 9, 'nielsen': 4}
