BEGIN GAP quotient 2 10
HALL CACHE VERIFIED 2 10
READY GAP quotient 2 10
WITNESS 1
WITNESS 2
WITNESS 3
WITNESS 4
WITNESS 5
WITNESS 6
WITNESS 7
WITNESS 8
WITNESS 9
WITNESS 10
WITNESS 11
WITNESS 12
WITNESS 13
BEGIN LINEAR 1
BEGIN GAP quotient 2 7
HALL CACHE VERIFIED 2 7
READY GAP quotient 2 7
BEGIN COLUMNS 10
BEGIN MEMBERSHIP
LINEAR 1 true
BEGIN LINEAR 2
BEGIN GAP quotient 2 8
HALL CACHE VERIFIED 2 8
READY GAP quotient 2 8
BEGIN COLUMNS 20
BEGIN MEMBERSHIP
LINEAR 2 true
BEGIN LINEAR 3
BEGIN COLUMNS 10
BEGIN MEMBERSHIP
LINEAR 3 true
BEGIN LINEAR 4
BEGIN COLUMNS 20
BEGIN MEMBERSHIP
LINEAR 4 true
BEGIN LINEAR 5
BEGIN COLUMNS 10
BEGIN MEMBERSHIP
LINEAR 5 true
BEGIN LINEAR 6
BEGIN COLUMNS 20
BEGIN MEMBERSHIP
LINEAR 6 true
BEGIN LINEAR 7
BEGIN COLUMNS 10
BEGIN MEMBERSHIP
LINEAR 7 true
BEGIN LINEAR 8
BEGIN COLUMNS 20
BEGIN MEMBERSHIP
LINEAR 8 true
BEGIN LINEAR 9
BEGIN COLUMNS 10
BEGIN MEMBERSHIP
LINEAR 9 true
BEGIN LINEAR 10
BEGIN COLUMNS 20
BEGIN MEMBERSHIP
LINEAR 10 true
BEGIN LINEAR 11
BEGIN COLUMNS 10
BEGIN MEMBERSHIP
LINEAR 11 true
BEGIN LINEAR 12
BEGIN COLUMNS 20
BEGIN MEMBERSHIP
LINEAR 12 true
BEGIN LINEAR 13
BEGIN GAP quotient 2 4
HALL CACHE VERIFIED 2 4
READY GAP quotient 2 4
BEGIN COLUMNS 3
BEGIN MEMBERSHIP
LINEAR 13 true
BEGIN LINEAR 14
BEGIN GAP quotient 2 5
HALL CACHE VERIFIED 2 5
READY GAP quotient 2 5
BEGIN COLUMNS 5
BEGIN MEMBERSHIP
LINEAR 14 true
BEGIN LINEAR 15
BEGIN GAP quotient 2 6
HALL CACHE VERIFIED 2 6
READY GAP quotient 2 6
BEGIN COLUMNS 9
BEGIN MEMBERSHIP
LINEAR 15 true
BEGIN LINEAR 16
BEGIN COLUMNS 176
BEGIN MEMBERSHIP
LINEAR 16 true
BEGIN LINEAR 17
BEGIN COLUMNS 4
BEGIN MEMBERSHIP
LINEAR 17 false
BEGIN LINEAR 18
BEGIN COLUMNS 4
BEGIN MEMBERSHIP
LINEAR 18 false
BEGIN LINEAR 19
BEGIN COLUMNS 4
BEGIN MEMBERSHIP
LINEAR 19 true
BEGIN LINEAR 20
BEGIN COLUMNS 8
BEGIN MEMBERSHIP
LINEAR 20 true
BEGIN LINEAR 21
BEGIN COLUMNS 12
BEGIN MEMBERSHIP
LINEAR 21 true
BEGIN LINEAR 22
BEGIN COLUMNS 137
BEGIN MEMBERSHIP
LINEAR 22 true
BEGIN LINEAR 23
BEGIN COLUMNS 4
BEGIN MEMBERSHIP
LINEAR 23 false
BEGIN LINEAR 24
BEGIN COLUMNS 4
BEGIN MEMBERSHIP
LINEAR 24 false
BEGIN LINEAR 25
BEGIN COLUMNS 4
BEGIN MEMBERSHIP
LINEAR 25 true
BEGIN LINEAR 26
BEGIN COLUMNS 8
BEGIN MEMBERSHIP
LINEAR 26 true
BEGIN LINEAR 27
BEGIN COLUMNS 12
BEGIN MEMBERSHIP
LINEAR 27 true
BEGIN LINEAR 28
BEGIN COLUMNS 137
BEGIN MEMBERSHIP
LINEAR 28 false
BEGIN LINEAR 29
BEGIN COLUMNS 4
BEGIN MEMBERSHIP
LINEAR 29 true
BEGIN LINEAR 30
BEGIN COLUMNS 8
BEGIN MEMBERSHIP
LINEAR 30 true
BEGIN LINEAR 31
BEGIN COLUMNS 12
BEGIN MEMBERSHIP
LINEAR 31 true
BEGIN LINEAR 32
BEGIN COLUMNS 137
BEGIN MEMBERSHIP
LINEAR 32 false
BEGIN LINEAR 33
BEGIN COLUMNS 7
BEGIN MEMBERSHIP
LINEAR 33 true
BEGIN LINEAR 34
BEGIN COLUMNS 11
BEGIN MEMBERSHIP
LINEAR 34 true
BEGIN LINEAR 35
BEGIN COLUMNS 0
BEGIN MEMBERSHIP
LINEAR 35 true
BEGIN LINEAR 36
BEGIN COLUMNS 5
BEGIN MEMBERSHIP
LINEAR 36 true
BEGIN LINEAR 37
BEGIN COLUMNS 9
BEGIN MEMBERSHIP
LINEAR 37 true
BEGIN LINEAR 38
BEGIN COLUMNS 0
BEGIN MEMBERSHIP
LINEAR 38 true
BEGIN LINEAR 39
BEGIN COLUMNS 10
BEGIN MEMBERSHIP
LINEAR 39 false
BEGIN LINEAR 40
BEGIN COLUMNS 10
BEGIN MEMBERSHIP
LINEAR 40 false
BEGIN LINEAR 41
BEGIN COLUMNS 10
BEGIN MEMBERSHIP
LINEAR 41 true
BEGIN LINEAR 42
BEGIN COLUMNS 20
BEGIN MEMBERSHIP
LINEAR 42 true
BEGIN LINEAR 43
BEGIN COLUMNS 0
BEGIN MEMBERSHIP
LINEAR 43 true
BEGIN LINEAR 44
BEGIN COLUMNS 10
BEGIN MEMBERSHIP
LINEAR 44 false
BEGIN LINEAR 45
BEGIN COLUMNS 10
BEGIN MEMBERSHIP
LINEAR 45 false
BEGIN LINEAR 46
BEGIN COLUMNS 8
BEGIN MEMBERSHIP
LINEAR 46 true
BEGIN LINEAR 47
BEGIN COLUMNS 12
BEGIN MEMBERSHIP
LINEAR 47 true
BEGIN LINEAR 48
BEGIN COLUMNS 63
BEGIN MEMBERSHIP
LINEAR 48 true
BEGIN LINEAR 49
BEGIN COLUMNS 10
BEGIN MEMBERSHIP
LINEAR 49 false
BEGIN LINEAR 50
BEGIN COLUMNS 10
BEGIN MEMBERSHIP
LINEAR 50 false
BEGIN LINEAR 51
BEGIN COLUMNS 8
BEGIN MEMBERSHIP
LINEAR 51 true
BEGIN LINEAR 52
BEGIN COLUMNS 12
BEGIN MEMBERSHIP
LINEAR 52 true
BEGIN LINEAR 53
BEGIN COLUMNS 63
BEGIN MEMBERSHIP
LINEAR 53 false
BEGIN LINEAR 54
BEGIN COLUMNS 8
BEGIN MEMBERSHIP
LINEAR 54 true
BEGIN LINEAR 55
BEGIN COLUMNS 12
BEGIN MEMBERSHIP
LINEAR 55 true
BEGIN LINEAR 56
BEGIN COLUMNS 63
BEGIN MEMBERSHIP
LINEAR 56 false
BEGIN LINEAR 57
BEGIN COLUMNS 6
BEGIN MEMBERSHIP
LINEAR 57 true
BEGIN LINEAR 58
BEGIN COLUMNS 12
BEGIN MEMBERSHIP
LINEAR 58 true
BEGIN LINEAR 59
BEGIN COLUMNS 0
BEGIN MEMBERSHIP
LINEAR 59 true
BEGIN LINEAR 60
BEGIN COLUMNS 6
BEGIN MEMBERSHIP
LINEAR 60 true
BEGIN LINEAR 61
BEGIN COLUMNS 12
BEGIN MEMBERSHIP
LINEAR 61 true
BEGIN LINEAR 62
BEGIN COLUMNS 54
BEGIN MEMBERSHIP
LINEAR 62 false
BEGIN LINEAR 63
BEGIN COLUMNS 19
BEGIN MEMBERSHIP
LINEAR 63 true
BEGIN LINEAR 64
BEGIN COLUMNS 91
BEGIN MEMBERSHIP
LINEAR 64 true
BEGIN LINEAR 65
BEGIN COLUMNS 19
BEGIN MEMBERSHIP
LINEAR 65 true
BEGIN LINEAR 66
BEGIN COLUMNS 91
BEGIN MEMBERSHIP
LINEAR 66 false
BEGIN LINEAR 67
BEGIN COLUMNS 19
BEGIN MEMBERSHIP
LINEAR 67 true
BEGIN LINEAR 68
BEGIN COLUMNS 91
BEGIN MEMBERSHIP
LINEAR 68 false
BEGIN LINEAR 69
BEGIN COLUMNS 11
BEGIN MEMBERSHIP
LINEAR 69 true
BEGIN LINEAR 70
BEGIN COLUMNS 57
BEGIN MEMBERSHIP
LINEAR 70 true
BEGIN LINEAR 71
BEGIN COLUMNS 9
BEGIN MEMBERSHIP
LINEAR 71 true
BEGIN LINEAR 72
BEGIN COLUMNS 42
BEGIN MEMBERSHIP
LINEAR 72 true
BEGIN GAP quotient 2 9
HALL CACHE VERIFIED 2 9
READY GAP quotient 2 9
COUPLED 1 VERIFIED
COUPLED 2 VERIFIED
COUPLED 3 VERIFIED
COUPLED 4 VERIFIED
COUPLED 5 VERIFIED
COUPLED 6 VERIFIED
POLYNOMIAL 1 VERIFIED
POLYNOMIAL 2 VERIFIED
POLYNOMIAL 3 VERIFIED
POLYNOMIAL 4 VERIFIED
POLYNOMIAL 5 VERIFIED
POLYNOMIAL 6 VERIFIED
PASS N8 full class10 GAP: 13 witnesses; 72 linear decisions (17 negative); 
6 coupled (0 negative); 6 polynomial (4 empty, 6 late); 30 polynomial samples
