GAP Lie replay zero
GAP Lie replay zero
GAP Lie replay zero
GAP Lie replay zero
GAP Lie replay Z_C2: [ 1 ]; centroid 0; reduced dimension 0
GAP Lie replay zero
GAP Lie replay zero
GAP Lie replay zero
GAP Lie replay zero
GAP Lie replay Q8_Z: [ 1 ]; centroid 0; reduced dimension 0
GAP Lie replay G2: [ 1, 1 ]; centroid 0; reduced dimension 0
GAP Lie replay G3: [ 1, 1 ]; centroid 0; reduced dimension 0
GAP Lie replay G4: [ 1, 1 ]; centroid 0; reduced dimension 0
GAP Lie replay G2_Z: [ 1, 1, 1 ]; centroid 0; reduced dimension 0
GAP Lie replay G2_C2: [ 1, 1 ]; centroid 0; reduced dimension 0
GAP Lie replay H3: [ 3 ]; centroid 3; reduced dimension 1
GAP Lie replay H3_D8: [ 3 ]; centroid 3; reduced dimension 1
GAP Lie replay H3_D8_sheared: [ 3 ]; centroid 3; reduced dimension 1
GAP Lie replay quotient_glue2: [ 3, 3 ]; centroid 10; reduced dimension 2
GAP Lie replay center_glue2: [ 3, 3 ]; centroid 10; reduced dimension 2
GAP mixed trivial: false; 1 quotient branches; 0 defects
GAP mixed C4: false; 1 quotient branches; 0 defects
GAP mixed C6: true; 1 quotient branches; 0 defects
GAP mixed C4_C2: true; 1 quotient branches; 0 defects
GAP mixed Z_C2: true; 1 quotient branches; 0 defects
GAP mixed D8: false; 8 quotient branches; 6 defects
GAP mixed Q8: false; 8 quotient branches; 6 defects
GAP mixed M16: false; 8 quotient branches; 6 defects
GAP mixed D8_C2: true; 1 quotient branches; 3 defects
GAP mixed Q8_Z: true; 1 quotient branches; 3 defects
GAP mixed G2: false; 8 quotient branches; 6 defects
GAP mixed G3: false; 14 quotient branches; 6 defects
GAP mixed G4: false; 26 quotient branches; 6 defects
GAP mixed G2_Z: true; 1 quotient branches; 3 defects
GAP mixed G2_C2: true; 1 quotient branches; 3 defects
GAP mixed H3: false; 2 quotient branches; 2 defects
GAP mixed H3_D8: true; 18 quotient branches; 12 defects
GAP mixed H3_D8_sheared: true; 22 quotient branches; 12 defects
GAP mixed quotient_glue2: false; 2 quotient branches; 12 defects
GAP mixed center_glue2: false; 4 quotient branches; 16 defects
PASS N5 mixed class2 GAP: 20 fixtures; totals [ 480, 102, 96, 9 ]
