BEGIN constructed_positive {'p': 1, 'q': 2}
constructed_positive True 0.433
BEGIN constructed_positive {'p': 1, 'q': 3}
constructed_positive True 0.642
BEGIN constructed_positive {'p': 1, 'q': 4}
constructed_positive True 0.132
BEGIN constructed_positive {'p': 2, 'q': 3}
constructed_positive True 0.19
BEGIN constructed_positive {'p': 1, 'q': 5}
constructed_positive True 0.148
BEGIN constructed_positive {'p': 2, 'q': 4}
constructed_positive True 0.143
BEGIN constructed_positive {'p': 3, 'q': 3}
constructed_positive True 0.111
BEGIN exceptional_positive {'k': -1}
exceptional_positive True 0.246
BEGIN exceptional_positive {'k': 2}
exceptional_positive True 0.509
BEGIN nonprimitive_type13 {}
nonprimitive_type13 True 0.672
BEGIN middle_perturbation {'leading': 3}
middle_perturbation False 0.098
BEGIN middle_perturbation {'leading': 4}
middle_perturbation False 0.414
BEGIN middle_perturbation {'leading': 5}
middle_perturbation False 0.062
BEGIN middle_perturbation {'leading': 6}
middle_perturbation False 0.108
BEGIN exceptional_perturbation {'layer': 7, 'case': 0}
exceptional_perturbation True 0.195
BEGIN exceptional_perturbation {'layer': 7, 'case': 1}
exceptional_perturbation True 0.231
BEGIN exceptional_perturbation {'layer': 7, 'case': 2}
exceptional_perturbation False 0.457
BEGIN exceptional_perturbation {'layer': 8, 'case': 0}
exceptional_perturbation True 0.182
BEGIN exceptional_perturbation {'layer': 8, 'case': 1}
exceptional_perturbation True 0.184
BEGIN exceptional_perturbation {'layer': 8, 'case': 2}
exceptional_perturbation False 0.358
BEGIN identity {}
identity True 0.0
BEGIN nonzero_abelianization {}
nonzero_abelianization False 0.0
PASS N8 class8 targets: 2 22 targets; 15 witnesses; 75 linear steps; 10 polynomial branches
