{"test": "type13_second", "rank": 2, "p": 1, "q": 3, "j": 2, "C": [-2, 2], "D": [-2, 2], "columns": 8, "nullity": 1, "expected": 1}
{"test": "type14_second", "rank": 2, "p": 1, "q": 4, "j": 2, "C": [-2, 2], "D": [2, 1, 2], "columns": 11, "nullity": 0, "expected": 0}
{"test": "type15_first", "rank": 2, "p": 1, "q": 5, "j": 1, "C": [-2, 2], "D": [0, 1, -1, -1, 0, 0], "columns": 10, "nullity": 0, "expected": 0}
{"test": "type24_first", "rank": 2, "p": 2, "q": 4, "j": 1, "C": [2], "D": [-1, -2, -2], "columns": 8, "nullity": 0, "expected": 0}
{"test": "type33_first", "rank": 2, "p": 3, "q": 3, "j": 1, "C": [1, 1], "D": [0, 1], "columns": 6, "nullity": 0, "expected": 0}
{"test": "type13_second", "rank": 2, "p": 1, "q": 3, "j": 2, "C": [2, 1], "D": [2, -2], "columns": 8, "nullity": 1, "expected": 1}
{"test": "type14_second", "rank": 2, "p": 1, "q": 4, "j": 2, "C": [2, 1], "D": [1, -2, -1], "columns": 11, "nullity": 0, "expected": 0}
{"test": "type15_first", "rank": 2, "p": 1, "q": 5, "j": 1, "C": [2, 1], "D": [0, -2, 1, 0, 0, -1], "columns": 10, "nullity": 0, "expected": 0}
{"test": "type24_first", "rank": 2, "p": 2, "q": 4, "j": 1, "C": [1], "D": [-2, -1, -2], "columns": 8, "nullity": 0, "expected": 0}
{"test": "type33_first", "rank": 2, "p": 3, "q": 3, "j": 1, "C": [1, 2], "D": [0, 1], "columns": 6, "nullity": 0, "expected": 0}
{"test": "type13_second", "rank": 2, "p": 1, "q": 3, "j": 2, "C": [-1, 1], "D": [-2, 1], "columns": 8, "nullity": 1, "expected": 1}
{"test": "type14_second", "rank": 2, "p": 1, "q": 4, "j": 2, "C": [-1, 1], "D": [-2, -2, 2], "columns": 11, "nullity": 0, "expected": 0}
{"test": "type15_first", "rank": 2, "p": 1, "q": 5, "j": 1, "C": [-1, 1], "D": [0, 0, -1, 2, 0, 2], "columns": 10, "nullity": 0, "expected": 0}
{"test": "type24_first", "rank": 2, "p": 2, "q": 4, "j": 1, "C": [1], "D": [-2, 2, 1], "columns": 8, "nullity": 0, "expected": 0}
{"test": "type33_first", "rank": 2, "p": 3, "q": 3, "j": 1, "C": [1, 3], "D": [0, 1], "columns": 6, "nullity": 0, "expected": 0}
{"test": "type14_previous_exception", "rank": 2, "p": 1, "q": 4, "j": 2, "C": [1, 0], "D": [-1, 0, 0], "columns": 11, "nullity": 0, "expected": 0}
{"test": "type15_derived_only", "rank": 2, "p": 1, "q": 5, "j": 1, "C": [1, 0], "D": [1, 0, 0, 0, 0, 0], "columns": 10, "nullity": 0, "expected": 0}
{"test": "type13_second", "rank": 3, "p": 1, "q": 3, "j": 2, "C": [1, 2, 2], "D": [0, 0, 2, 2, 0, 2, 0, 0], "columns": 56, "nullity": 1, "expected": 1}
{"test": "type22_second", "rank": 3, "p": 2, "q": 2, "j": 2, "C": [1, 1, 0], "D": [0, -1, 1], "columns": 36, "nullity": 0, "expected": 0}
{"test": "type14_second", "rank": 3, "p": 1, "q": 4, "j": 2, "C": [1, 2, 2], "D": [0, 0, -2, 0, 0, -1, 0, 0, 0, 0, 0, 0, 0, 0, 0, 0, 0, -1], "columns": 124, "nullity": 0, "expected": 0}
{"test": "type15_first", "rank": 3, "p": 1, "q": 5, "j": 1, "C": [1, 2, 2], "D": [0, 0, 0, 0, 0, 0, 0, 0, 0, 0, 0, 0, 0, 0, 0, 2, 0, 0, 0, 0, 0, 0, 0, 0, -1, 0, 0, 0, 2, 0, 0, 0, 0, 0, 0, 0, 0, 0, 0, 0, 0, 0, 0, 0, 0, 0, 0, 0], "columns": 119, "nullity": 0, "expected": 0}
{"test": "type24_first", "rank": 3, "p": 2, "q": 4, "j": 1, "C": [1, -2, -1], "D": [1, 0, -2, 0, 0, 0, 0, 0, 0, 0, 0, 0, -2, 0, 0, 0, 0, 0], "columns": 56, "nullity": 0, "expected": 0}
{"test": "type33_first", "rank": 3, "p": 3, "q": 3, "j": 1, "C": [1, 0, 0, 0, 0, 0, 0, 1], "D": [0, 0, 0, 0, 0, 0, 0, 1], "columns": 36, "nullity": 0, "expected": 0}
{"test": "type13_second", "rank": 3, "p": 1, "q": 3, "j": 2, "C": [1, 1, -1], "D": [-1, 0, 0, 0, 2, 0, 0, -2], "columns": 56, "nullity": 1, "expected": 1}
{"test": "type22_second", "rank": 3, "p": 2, "q": 2, "j": 2, "C": [1, 2, 0], "D": [0, -2, 1], "columns": 36, "nullity": 0, "expected": 0}
{"test": "type14_second", "rank": 3, "p": 1, "q": 4, "j": 2, "C": [1, 1, -1], "D": [0, 1, 0, 0, 1, 0, 0, 0, 0, 0, 0, 0, 0, -2, 0, 0, 0, 0], "columns": 124, "nullity": 0, "expected": 0}
{"test": "type15_first", "rank": 3, "p": 1, "q": 5, "j": 1, "C": [1, 1, -1], "D": [0, 0, 0, 0, 0, 0, 0, 0, 0, 0, 0, 0, 0, 0, 0, 0, 0, 0, 0, 0, 0, 0, 0, 0, 0, -2, 2, 0, 0, 0, 0, 0, 0, 0, 0, 0, 0, 0, 2, 0, 0, 0, 0, 0, 0, 0, 0, 0], "columns": 119, "nullity": 0, "expected": 0}
{"test": "type24_first", "rank": 3, "p": 2, "q": 4, "j": 1, "C": [-2, -1, -2], "D": [0, -1, 0, 0, 0, 0, 0, -1, -2, 0, 0, 0, 0, 0, 0, 0, 0, 0], "columns": 56, "nullity": 0, "expected": 0}
{"test": "type33_first", "rank": 3, "p": 3, "q": 3, "j": 1, "C": [1, 0, 0, 0, 0, 0, 0, 2], "D": [0, 0, 0, 0, 0, 0, 0, 1], "columns": 36, "nullity": 0, "expected": 0}
{"test": "type13_second", "rank": 3, "p": 1, "q": 3, "j": 2, "C": [1, -1, 1], "D": [-2, 0, 0, 1, 0, 0, 1, 0], "columns": 56, "nullity": 1, "expected": 1}
{"test": "type22_second", "rank": 3, "p": 2, "q": 2, "j": 2, "C": [1, 3, 0], "D": [0, -3, 1], "columns": 36, "nullity": 0, "expected": 0}
{"test": "type14_second", "rank": 3, "p": 1, "q": 4, "j": 2, "C": [1, -1, 1], "D": [0, 0, 0, 0, 0, 0, 0, 0, -1, 2, 0, 0, 0, 0, 0, 1, 0, 0], "columns": 124, "nullity": 0, "expected": 0}
{"test": "type15_first", "rank": 3, "p": 1, "q": 5, "j": 1, "C": [1, -1, 1], "D": [0, 0, 0, 0, 0, 0, 0, 0, 0, 0, 0, 0, 0, 0, 0, 0, 0, -2, 0, 0, 0, 0, 0, 0, 0, 0, 0, 0, 1, 0, 0, 1, 0, 0, 0, 0, 0, 0, 0, 0, 0, 0, 0, 0, 0, 0, 0, 0], "columns": 119, "nullity": 0, "expected": 0}
{"test": "type24_first", "rank": 3, "p": 2, "q": 4, "j": 1, "C": [2, 2, -2], "D": [0, 0, 0, 0, 0, 0, 0, 0, 0, 0, -2, 0, -1, 1, 0, 0, 0, 0], "columns": 56, "nullity": 0, "expected": 0}
{"test": "type33_first", "rank": 3, "p": 3, "q": 3, "j": 1, "C": [1, 0, 0, 0, 0, 0, 0, 3], "D": [0, 0, 0, 0, 0, 0, 0, 1], "columns": 36, "nullity": 0, "expected": 0}
{"test": "type14_previous_exception", "rank": 3, "p": 1, "q": 4, "j": 2, "C": [1, 0, 0], "D": [-4, 0, 0, 1, 0, 2, 0, 0, 0, 2, -2, 0, 0, 0, 0, 0, 0, 0], "columns": 124, "nullity": 0, "expected": 0}
{"test": "type15_derived_only", "rank": 3, "p": 1, "q": 5, "j": 1, "C": [1, 0, 0], "D": [1, 2, -2, 0, 0, 0, 2, 4, -4, 2, 4, -4, -2, -4, 4, 0, 0, 0, 0, 0, 0, 0, 0, 0, 0, 0, 0, 0, 0, 0, 0, 0, 0, 0, 0, 0, 0, 0, 0, 0, 0, 0, 0, 0, 0, 0, 0, 0], "columns": 119, "nullity": 0, "expected": 0}
{"test": "type14_derived_only", "rank": 3, "p": 1, "q": 4, "j": 2, "C": [1, 0, 0], "D": [0, -1, 0, 0, 0, 0, 0, 0, 0, 0, 0, 0, 0, 0, 0, 0, 0, 0], "columns": 124, "nullity": 0, "expected": 0}
{"test": "type24_derived_only", "rank": 3, "p": 2, "q": 4, "j": 1, "C": [1, 0, 0], "D": [0, -1, 0, 0, 0, 0, 0, 0, 0, 0, 0, 0, 0, 0, 0, 0, 0, 0], "columns": 56, "nullity": 0, "expected": 0}
PASS N8 class8 kernel checks: 39
