converting trivial
converting trivial_redundant
converting C4
converting C6
converting C6_redundant
converting C4_C2
converting Z_C2
converting D8
converting Q8
converting M16
converting D8_C2
converting Q8_Z
converting Q8_Z_redundant
converting G2
converting G2_redundant
converting G3
converting G4
converting G2_Z
converting G2_C2
converting H3
converting H3_D8
converting H3_D8_sheared
converting H3_D8_sheared_redundant
converting quotient_glue2
converting center_glue2
converting center_glue2_redundant
checked trivial mode=export
checked trivial_redundant mode=export
checked C4 mode=export
checked C6 mode=export
checked C6_redundant mode=export
checked C4_C2 mode=export
checked Z_C2 mode=export
checked D8 mode=export
checked Q8 mode=export
checked M16 mode=export
checked D8_C2 mode=export
checked Q8_Z mode=export
checked Q8_Z_redundant mode=export
checked G2 mode=export
checked G2_redundant mode=export
checked G3 mode=export
checked G4 mode=export
checked G2_Z mode=export
checked G2_C2 mode=export
checked H3 mode=export
checked H3_D8 mode=export
checked H3_D8_sheared mode=export
checked H3_D8_sheared_redundant mode=export
checked quotient_glue2 mode=export
checked center_glue2 mode=export
checked center_glue2_redundant mode=export
checked Z mode=export
[1m[34mgap> [0m[31m