     ● G  GAP 4.16.1 of 2026-08-23
  ● ●  A  https://www.gap-system.org
     ● P  Architecture: x86_64-pc-linux-gnu-default64-kv11
 Configuration:  gmp 6.3.0, GASMAN, readline
 Loading the library and packages ...
 Packages:   AClib 1.4, Alnuth 4.0.2, AtlasRep 2.1.12, AutoDoc 2026.06.30, 
             AutPGrp 1.12.0, Browse 1.8.23, CaratInterface 2.3.11, 
             CRISP 1.4.11, Cryst 4.1.32, CrystCat 1.1.13, CTblLib 1.3.11, 
             FactInt 1.7.0, FGA 1.5.0, Forms 1.3.0, GAPDoc 1.6.10, 
             genss 1.6.10, IO 4.10.0, IRREDSOL 1.4.6, LAGUNA 3.10.1, 
             orb 5.1.0, PackageManager 1.6.4, Polenta 1.3.11, Polycyclic 2.18, 
             PrimGrp 4.0.3, RadiRoot 2.10, recog 1.5.1, ResClasses 4.7.4, 
             SmallGrp 1.7.0, Sophus 1.27, SpinSym 1.5.2, StandardFF 1.0, 
             TomLib 1.2.11, TransGrp 3.6.5, utils 0.98
 Try '??help' for help. See also '?copyright', '?cite' and '?authors'
rank1_negative exact two-sided compositions checked
rank2_identity exact two-sided compositions checked
rank3_shift_-3 exact two-sided compositions checked
rank3_shift_-2 exact two-sided compositions checked
rank3_shift_-1 exact two-sided compositions checked
rank3_shift_0 exact two-sided compositions checked
rank3_shift_1 exact two-sided compositions checked
rank3_shift_2 exact two-sided compositions checked
rank3_shift_3 exact two-sided compositions checked
rank3_two_components exact two-sided compositions checked
rank3_other_column exact two-sided compositions checked
rank3_composite exact two-sided compositions checked
rank3_nonIA_domain_range exact two-sided compositions checked
rank4_signed_laurent exact two-sided compositions checked
rank2_inner exact two-sided compositions checked
counts=[ 16, 84, 10, 3, 24, 6 ]
PASS M0 independent integral-flow inverse replay
