BEGIN Magnus 2 10
BEGIN type2_5_base
RESULT type2_5_base True 0.179
BEGIN type2_5_corrected
RESULT type2_5_corrected True 1.976
BEGIN type2_5_top_perturbation
RESULT type2_5_top_perturbation False 0.363
BEGIN type2_5_first_perturbation
RESULT type2_5_first_perturbation False 0.146
BEGIN type3_4_base
RESULT type3_4_base True 0.181
BEGIN type3_4_corrected
RESULT type3_4_corrected True 3.975
BEGIN type3_4_top_perturbation
RESULT type3_4_top_perturbation False 0.414
BEGIN type3_4_first_perturbation
RESULT type3_4_first_perturbation False 0.155
BEGIN nonprimitive_nielsen_perturbation
RESULT nonprimitive_nielsen_perturbation False 1.729
BEGIN type1_exceptional_positive
RESULT type1_exceptional_positive True 1.231
BEGIN type1_exceptional_corrected
RESULT type1_exceptional_corrected True 2.319
BEGIN quadratic_layer_perturbation
RESULT quadratic_layer_perturbation False 2.209
BEGIN last_linear_layer_perturbation
RESULT last_linear_layer_perturbation False 2.625
BEGIN outside_identity
RESULT outside_identity None 0.0
BEGIN outside_degree_one
RESULT outside_degree_one None 0.0
PASS N8 all fourth-layer: 15 records; 6 witnesses; 61 linear decisions; 6 polynomials; 10 Nielsen lines
