Compact weighted relators constructed at 2 ms
Weighted quotient constructed at 24 ms
Known and computed group witnesses checked at 43344 ms
Complete kernel dimensions checked at 43350 ms
Complete integral successor line checked at 112789 ms
Polynomial group sample 0 residual checked at 144734 ms
Polynomial group sample 0 columns checked at 214197 ms
Polynomial group sample 0 checked at 234212 ms
Polynomial group sample 1 residual checked at 262433 ms
Polynomial group sample 1 columns checked at 267014 ms
Polynomial group sample 1 checked at 286921 ms
Polynomial group sample 2 residual checked at 311737 ms
Polynomial group sample 2 columns checked at 316293 ms
Polynomial group sample 2 checked at 336156 ms
Polynomial group sample 3 residual checked at 357433 ms
Polynomial group sample 3 columns checked at 362302 ms
Polynomial group sample 3 checked at 382186 ms
Polynomial group sample 4 residual checked at 399868 ms
Polynomial group sample 4 columns checked at 404501 ms
Polynomial group sample 4 checked at 424423 ms
PASS N8 parametric tail GAP: class 18; 250 polynomial columns; 
10 joint controls; 0 negative targets; 
2
  direct identity controls; 3 complete kernels; 1 complete integral line; 2 gro\
up witnesses
