Polynomial pairing: 1; equals scalar 1: false
All-parameter polynomial unit pairing and integral right inverse checked
Interpolated witness Pfaffian is 9*n*(1-n), not identically zero
n=
-1
 : rank-three subgroup, exact intersection and both torsion-free graded quotie\
nts
n=
0
 : rank-three subgroup, exact intersection and both torsion-free graded quotien\
ts
n=
1
 : rank-three subgroup, exact intersection and both torsion-free graded quotien\
ts
n=
2
 : rank-three subgroup, exact intersection and both torsion-free graded quotien\
ts
n=
3
 : rank-three subgroup, exact intersection and both torsion-free graded quotien\
ts
n=
4
 : rank-three subgroup, exact intersection and both torsion-free graded quotien\
ts
n=
9
 : rank-three subgroup, exact intersection and both torsion-free graded quotien\
ts
Nonisolated control <a^2,b> has a missing square root and abelian torsion 2
PASS N9 isolated-input structural checks
