BEGIN GAP quotient 3 7
READY GAP quotient 3 7
WITNESS 1
WITNESS 2
WITNESS 3
BEGIN LINEAR 1
BEGIN GAP quotient 3 6
READY GAP quotient 3 6
BEGIN COLUMNS 51
BEGIN MEMBERSHIP
LINEAR 1 true
BEGIN LINEAR 2
BEGIN COLUMNS 51
BEGIN MEMBERSHIP
LINEAR 2 true
BEGIN LINEAR 3
BEGIN COLUMNS 51
BEGIN MEMBERSHIP
LINEAR 3 true
BEGIN LINEAR 4
BEGIN COLUMNS 51
BEGIN MEMBERSHIP
LINEAR 4 true
BEGIN LINEAR 5
BEGIN COLUMNS 51
BEGIN MEMBERSHIP
LINEAR 5 true
BEGIN LINEAR 6
BEGIN COLUMNS 51
BEGIN MEMBERSHIP
LINEAR 6 true
BEGIN LINEAR 7
BEGIN COLUMNS 51
BEGIN MEMBERSHIP
LINEAR 7 true
BEGIN POLYNOMIAL 7
ARITHMETIC VERIFIED
BEGIN POLYNOMIAL 7
ARITHMETIC VERIFIED
BEGIN POLYNOMIAL 7
ARITHMETIC VERIFIED
BEGIN POLYNOMIAL 7
ARITHMETIC VERIFIED
BEGIN POLYNOMIAL 7
ARITHMETIC VERIFIED
BEGIN POLYNOMIAL 7
ARITHMETIC VERIFIED
BEGIN POLYNOMIAL 7
ARITHMETIC VERIFIED
PASS N8 class9 GAP: 3 witnesses; 7 linear decisions (0 negative); 
7 polynomial decisions (4 empty); 35 samples
