Timeout (0:01:00)!
Thread 0x000072d6c18e1080 (most recent call first):
  File "/project/gworld1/scripts/n8_ia_orbits.py", line 84 in expansion
  File "/project/gworld1/scripts/n8_ia_orbits.py", line 108 in collect
  File "/project/gworld1/scripts/n8_class8.py", line 37 in polynomial_finish
  File "/project/gworld1/scripts/n8_class8.py", line 74 in decide_class8
  File "/project/gworld1/scripts/check_n8_class8_focused.py", line 26 in check
  File "/project/gworld1/scripts/check_n8_class8_focused.py", line 53 in <module>
Timeout (0:01:00)!
Thread 0x000072d6c18e1080 (most recent call first):
  File "/project/gworld1/scripts/n8_fast_magnus.py", line 20 in mul
  File "/project/gworld1/scripts/n8_ia_orbits.py", line 98 in lift
  File "/project/gworld1/scripts/n8_ia_orbits.py", line 106 in collect
  File "/project/gworld1/scripts/n8_class6.py", line 32 in finished
  File "/project/gworld1/scripts/n8_class8.py", line 108 in decide_class8
  File "/project/gworld1/scripts/check_n8_class8_focused.py", line 26 in check
  File "/project/gworld1/scripts/check_n8_class8_focused.py", line 53 in <module>
Timeout (0:01:00)!
Thread 0x000072d6c18e1080 (most recent call first):
  File "/project/gworld1/scripts/n8_ia_orbits.py", line 83 in expansion
  File "/project/gworld1/scripts/n8_ia_orbits.py", line 108 in collect
  File "/project/gworld1/scripts/n8_class6.py", line 32 in finished
  File "/project/gworld1/scripts/n8_class8.py", line 108 in decide_class8
  File "/project/gworld1/scripts/check_n8_class8_focused.py", line 26 in check
  File "/project/gworld1/scripts/check_n8_class8_focused.py", line 53 in <module>
