BEGIN GAP quotient 3 8
HALL CACHE VERIFIED 3 8
READY GAP quotient 3 8
WITNESS 1
WITNESS 2
WITNESS 3
BEGIN LINEAR 1
BEGIN GAP quotient 3 7
HALL CACHE VERIFIED 3 7
READY GAP quotient 3 7
BEGIN COLUMNS 56
BEGIN MEMBERSHIP
LINEAR 1 true
BEGIN LINEAR 2
BEGIN COLUMNS 134
BEGIN MEMBERSHIP
LINEAR 2 true
BEGIN LINEAR 3
BEGIN COLUMNS 56
BEGIN MEMBERSHIP
LINEAR 3 true
BEGIN LINEAR 4
BEGIN COLUMNS 134
BEGIN MEMBERSHIP
LINEAR 4 true
BEGIN LINEAR 5
BEGIN COLUMNS 56
BEGIN MEMBERSHIP
LINEAR 5 true
BEGIN LINEAR 6
BEGIN COLUMNS 134
BEGIN MEMBERSHIP
LINEAR 6 false
BEGIN LINEAR 7
BEGIN COLUMNS 56
BEGIN MEMBERSHIP
LINEAR 7 true
BEGIN LINEAR 8
BEGIN COLUMNS 134
BEGIN MEMBERSHIP
LINEAR 8 false
BEGIN LINEAR 9
BEGIN COLUMNS 56
BEGIN MEMBERSHIP
LINEAR 9 false
BEGIN LINEAR 10
BEGIN COLUMNS 56
BEGIN MEMBERSHIP
LINEAR 10 false
BEGIN LINEAR 11
BEGIN COLUMNS 119
BEGIN MEMBERSHIP
LINEAR 11 true
BEGIN LINEAR 12
BEGIN COLUMNS 320
BEGIN MEMBERSHIP
LINEAR 12 true
FIRST NULLITY 0 VERIFIED
FIRST NULLITY 0 VERIFIED
FIRST NULLITY 0 VERIFIED
FIRST NULLITY 0 VERIFIED
FIRST NULLITY 0 VERIFIED
BEGIN GAP quotient 3 6
HALL CACHE VERIFIED 3 6
READY GAP quotient 3 6
HIGHER-TYPE SCOPE true VERIFIED
HIGHER-TYPE SCOPE true VERIFIED
HIGHER-TYPE SCOPE true VERIFIED
HIGHER-TYPE SCOPE true VERIFIED
HIGHER-TYPE SCOPE true VERIFIED
HIGHER-TYPE SCOPE false VERIFIED
PASS N8 type12 GAP: 3 witnesses; 12 linear decisions (4 negative); 
0 polynomial decisions (0 empty); 0 samples; 5 first nullities; 6 scope checks
