BEGIN Magnus 2 11
BEGIN d6_type2_4_base
RESULT d6_type2_4_base True 0.519
BEGIN d6_type2_4_corrected
RESULT d6_type2_4_corrected True 6.351
BEGIN d6_type2_4_top_perturbation
RESULT d6_type2_4_top_perturbation False 1.859
BEGIN d6_type2_4_first_perturbation
RESULT d6_type2_4_first_perturbation False 0.312
BEGIN d6_type2_4_nonprimitive_nielsen
RESULT d6_type2_4_nonprimitive_nielsen False 10.531
BEGIN d6_type3_3_base
RESULT d6_type3_3_base True 0.381
BEGIN d6_type3_3_corrected
RESULT d6_type3_3_corrected True 4.006
BEGIN d6_type3_3_top_perturbation
RESULT d6_type3_3_top_perturbation True 1.13
BEGIN d6_type3_3_first_perturbation
RESULT d6_type3_3_first_perturbation True 1.415
BEGIN d6_type1_base
RESULT d6_type1_base True 4.267
BEGIN d6_type1_corrected
RESULT d6_type1_corrected True 10.52
BEGIN d6_type1_offset2_perturbation
RESULT d6_type1_offset2_perturbation False 3.717
BEGIN d6_type1_offset3_perturbation
RESULT d6_type1_offset3_perturbation False 2.322
BEGIN d6_type1_offset4_perturbation
RESULT d6_type1_offset4_perturbation False 6.472
BEGIN d6_type1_offset5_perturbation
RESULT d6_type1_offset5_perturbation False 7.826
BEGIN d7_type2_5_base
RESULT d7_type2_5_base True 0.44
BEGIN d7_type2_5_corrected
RESULT d7_type2_5_corrected True 5.907
BEGIN d7_type2_5_top_perturbation
RESULT d7_type2_5_top_perturbation False 1.408
BEGIN d7_type2_5_first_perturbation
RESULT d7_type2_5_first_perturbation False 0.268
BEGIN d7_type3_4_base
RESULT d7_type3_4_base True 0.518
BEGIN d7_type3_4_corrected
RESULT d7_type3_4_corrected True 7.56
BEGIN d7_type3_4_top_perturbation
RESULT d7_type3_4_top_perturbation False 1.417
BEGIN d7_type3_4_first_perturbation
RESULT d7_type3_4_first_perturbation False 0.3
BEGIN d7_type3_4_nonprimitive_nielsen
RESULT d7_type3_4_nonprimitive_nielsen False 6.922
BEGIN d7_type1_base
RESULT d7_type1_base True 3.212
BEGIN d7_type1_corrected
RESULT d7_type1_corrected True 9.811
BEGIN d7_type1_offset2_perturbation
RESULT d7_type1_offset2_perturbation False 4.439
BEGIN d7_type1_offset3_perturbation
RESULT d7_type1_offset3_perturbation False 6.292
BEGIN outside_identity
RESULT outside_identity None 0.0
BEGIN outside_degree_one
RESULT outside_degree_one None 0.0
PASS N8 fifth/sixth layer: 30 records; 14 witnesses; {'layer': 131, 'nullity': 89, 'nielsen': 18, 'tail': 40, 'coupled': 10, 'polynomial_late': 6, 'polynomial': 6}
