Timeout (0:01:00)!
Thread 0x000073c6f7d96080 (most recent call first):
  File "/project/gworld1/scripts/n8_fast_magnus.py", line 19 in mul
  File "/project/gworld1/scripts/n8_class7.py", line 107 in tail_columns
  File "/project/gworld1/scripts/n8_class8_tail.py", line 17 in tail
  File "/project/gworld1/scripts/n8_class9.py", line 142 in decide_class9
  File "/project/gworld1/scripts/check_n8_class9.py", line 29 in check
  File "/project/gworld1/scripts/check_n8_class9.py", line 49 in <module>
Timeout (0:01:00)!
Thread 0x000073c6f7d96080 (most recent call first):
  File "/project/gworld1/scripts/n8_class3.py", line 22 in add
  File "/project/gworld1/scripts/n8_ia_orbits.py", line 60 in inv
  File "/project/gworld1/scripts/n8_class7.py", line 108 in tail_columns
  File "/project/gworld1/scripts/n8_class8_tail.py", line 17 in tail
  File "/project/gworld1/scripts/n8_class9.py", line 142 in decide_class9
  File "/project/gworld1/scripts/check_n8_class9.py", line 29 in check
  File "/project/gworld1/scripts/check_n8_class9.py", line 49 in <module>
Timeout (0:01:00)!
Thread 0x000073c6f7d96080 (most recent call first):
  File "/project/gworld1/scripts/n8_fast_magnus.py", line 21 in mul
  File "/project/gworld1/scripts/n8_ia_orbits.py", line 58 in inv
  File "/project/gworld1/scripts/n8_class7.py", line 108 in tail_columns
  File "/project/gworld1/scripts/n8_class8_tail.py", line 17 in tail
  File "/project/gworld1/scripts/n8_class9.py", line 142 in decide_class9
  File "/project/gworld1/scripts/check_n8_class9.py", line 29 in check
  File "/project/gworld1/scripts/check_n8_class9.py", line 49 in <module>
Timeout (0:01:00)!
Thread 0x000073c6f7d96080 (most recent call first):
  File "/project/gworld1/scripts/n8_flint_linear.py", line 12 in affine_solution
  File "/project/gworld1/scripts/n8_class8_tail.py", line 26 in tail
  File "/project/gworld1/scripts/n8_class9.py", line 142 in decide_class9
  File "/project/gworld1/scripts/check_n8_class9.py", line 29 in check
  File "/project/gworld1/scripts/check_n8_class9.py", line 49 in <module>
Timeout (0:01:00)!
Thread 0x000073c6f7d96080 (most recent call first):
  File "/project/gworld1/scripts/n8_flint_linear.py", line 12 in affine_solution
  File "/project/gworld1/scripts/n8_class8_tail.py", line 26 in tail
  File "/project/gworld1/scripts/n8_class9.py", line 142 in decide_class9
  File "/project/gworld1/scripts/check_n8_class9.py", line 29 in check
  File "/project/gworld1/scripts/check_n8_class9.py", line 49 in <module>
Timeout (0:01:00)!
Thread 0x000073c6f7d96080 (most recent call first):
  File "/project/gworld1/scripts/n8_flint_linear.py", line 12 in affine_solution
  File "/project/gworld1/scripts/n8_class8_tail.py", line 26 in tail
  File "/project/gworld1/scripts/n8_class9.py", line 142 in decide_class9
  File "/project/gworld1/scripts/check_n8_class9.py", line 29 in check
  File "/project/gworld1/scripts/check_n8_class9.py", line 49 in <module>
