BEGIN type17_corrected_positive
RESULT type17_corrected_positive True 1.35
BEGIN type17_last_perturbation
RESULT type17_last_perturbation False 2.32
BEGIN type26_corrected_positive
RESULT type26_corrected_positive True 0.762
BEGIN type26_last_perturbation
RESULT type26_last_perturbation False 0.849
BEGIN type26_nonprimitive_positive
RESULT type26_nonprimitive_positive True 3.443
BEGIN type35_corrected_positive
RESULT type35_corrected_positive True 0.333
BEGIN type35_last_perturbation
RESULT type35_last_perturbation False 0.476
BEGIN type44_corrected_positive
RESULT type44_corrected_positive True 0.503
BEGIN type44_last_perturbation
RESULT type44_last_perturbation False 0.321
BEGIN type44_nonprimitive_positive
RESULT type44_nonprimitive_positive True 0.995
BEGIN exception_delegates_positive
RESULT exception_delegates_positive True 3.334
BEGIN Eisenstein_leading_negative
RESULT Eisenstein_leading_negative False 0.202
BEGIN penultimate_delegated_positive
RESULT penultimate_delegated_positive True 0.19
BEGIN identity
RESULT identity True 0.0
BEGIN outside_degree_one
RESULT outside_degree_one None 0.0
BEGIN outside_degree_three
RESULT outside_degree_three None 0.002
PASS N8 class10 third-layer groups: 16 records; 9 witnesses; 44 linear steps; 1 polynomials
