Timeout (0:01:30)!
Thread 0x00007f2af59be080 (most recent call first):
  File "/project/gworld1/scripts/n8_weighted_automorphisms.py", line 15 in add
  File "/project/gworld1/scripts/check_n8_parametric_tail.py", line 24 in inv
  File "/project/gworld1/scripts/n8_weighted_automorphisms.py", line 136 in comm
  File "/project/gworld1/scripts/check_n8_polynomial_group_tail.py", line 131 in main
  File "/project/gworld1/scripts/check_n8_polynomial_group_tail.py", line 168 in <module>
Timeout (0:01:30)!
Thread 0x00007f2af59be080 (most recent call first):
  File "/usr/lib/python3.12/fractions.py", line 719 in _add
  File "/usr/lib/python3.12/fractions.py", line 615 in forward
  File "/project/gworld1/scripts/n8_weighted_automorphisms.py", line 15 in add
  File "/project/gworld1/scripts/check_n8_polynomial_group_tail.py", line 43 in collect
  File "/project/gworld1/scripts/check_n8_polynomial_group_tail.py", line 100 in coords
  File "/project/gworld1/scripts/check_n8_polynomial_group_tail.py", line 113 in main
  File "/project/gworld1/scripts/check_n8_polynomial_group_tail.py", line 168 in <module>
Timeout (0:01:30)!
Thread 0x00007f2af59be080 (most recent call first):
  File "/project/gworld1/scripts/n8_weighted_automorphisms.py", line 15 in add
  File "/project/gworld1/scripts/check_n8_polynomial_group_tail.py", line 43 in collect
  File "/project/gworld1/scripts/check_n8_polynomial_group_tail.py", line 100 in coords
  File "/project/gworld1/scripts/check_n8_polynomial_group_tail.py", line 128 in main
  File "/project/gworld1/scripts/check_n8_polynomial_group_tail.py", line 168 in <module>
Timeout (0:01:30)!
Thread 0x00007f2af59be080 (most recent call first):
  File "/project/gworld1/scripts/n8_weighted_automorphisms.py", line 15 in add
  File "/project/gworld1/scripts/check_n8_polynomial_group_tail.py", line 43 in collect
  File "/project/gworld1/scripts/check_n8_polynomial_group_tail.py", line 100 in coords
  File "/project/gworld1/scripts/check_n8_polynomial_group_tail.py", line 131 in main
  File "/project/gworld1/scripts/check_n8_polynomial_group_tail.py", line 168 in <module>
Timeout (0:01:30)!
Thread 0x00007f2af59be080 (most recent call first):
  File "/project/gworld1/scripts/n8_component_hnf.py", line 30 in hermite
  File "/project/gworld1/scripts/check_n8_polynomial_group_tail.py", line 144 in main
  File "/project/gworld1/scripts/check_n8_polynomial_group_tail.py", line 168 in <module>
Timeout (0:01:30)!
Thread 0x00007f2af59be080 (most recent call first):
  File "/project/gworld1/.venv/lib/python3.12/site-packages/sympy/core/numbers.py", line 1932 in __mul__
  File "/project/gworld1/.venv/lib/python3.12/site-packages/sympy/matrices/reductions.py", line 58 in cross_cancel
  File "/project/gworld1/.venv/lib/python3.12/site-packages/sympy/matrices/reductions.py", line 109 in _row_reduce_list
  File "/project/gworld1/.venv/lib/python3.12/site-packages/sympy/matrices/reductions.py", line 127 in _row_reduce
  File "/project/gworld1/.venv/lib/python3.12/site-packages/sympy/matrices/reductions.py", line 242 in _rank
  File "/project/gworld1/.venv/lib/python3.12/site-packages/sympy/matrices/matrixbase.py", line 3115 in rank
  File "/project/gworld1/scripts/check_n8_polynomial_group_tail.py", line 145 in main
  File "/project/gworld1/scripts/check_n8_polynomial_group_tail.py", line 168 in <module>
