{"case": 1, "label": "saturated separated free lattices", "answer": true}
{"case": 2, "label": "nonprimitive combined lattice", "answer": false}
{"case": 3, "label": "intersecting forced lattices", "answer": false}
{"case": 4, "label": "congruence split", "answer": true}
{"case": 5, "label": "contradictory congruences", "answer": false}
{"case": 6, "label": "torsion shear required", "answer": true}
{"case": 7, "label": "torsion shear obstruction", "answer": false}
{"case": 8, "label": "cyclic prime-power indecomposable", "answer": false}
{"case": 9, "label": "coprime cyclic factors", "answer": true}
{"case": 10, "label": "elementary abelian factors", "answer": true}
{"case": 11, "label": "infinite cyclic indecomposable", "answer": false}
{"case": 12, "label": "free abelian rank two", "answer": true}
{"case": 13, "label": "finite subgroup-set oracle", "answer": false}
{"case": 14, "label": "finite subgroup-set oracle", "answer": false}
{"case": 15, "label": "finite subgroup-set oracle", "answer": false}
{"case": 16, "label": "finite subgroup-set oracle", "answer": false}
{"case": 17, "label": "finite subgroup-set oracle", "answer": false}
{"case": 18, "label": "finite subgroup-set oracle", "answer": false}
{"case": 19, "label": "finite subgroup-set oracle", "answer": false}
{"case": 20, "label": "finite subgroup-set oracle", "answer": false}
{"case": 21, "label": "finite subgroup-set oracle", "answer": false}
{"case": 22, "label": "finite subgroup-set oracle", "answer": false}
{"case": 23, "label": "finite subgroup-set oracle", "answer": false}
{"case": 24, "label": "finite subgroup-set oracle", "answer": false}
{"case": 25, "label": "finite subgroup-set oracle", "answer": false}
{"case": 26, "label": "finite subgroup-set oracle", "answer": false}
{"case": 27, "label": "finite subgroup-set oracle", "answer": false}
{"case": 28, "label": "finite subgroup-set oracle", "answer": false}
{"case": 29, "label": "finite subgroup-set oracle", "answer": true}
{"case": 30, "label": "finite subgroup-set oracle", "answer": false}
{"case": 31, "label": "finite subgroup-set oracle", "answer": true}
{"case": 32, "label": "finite subgroup-set oracle", "answer": false}
{"case": 33, "label": "finite subgroup-set oracle", "answer": false}
{"case": 34, "label": "finite subgroup-set oracle", "answer": false}
{"case": 35, "label": "finite subgroup-set oracle", "answer": false}
{"case": 36, "label": "finite subgroup-set oracle", "answer": false}
{"case": 37, "label": "finite subgroup-set oracle", "answer": true}
{"case": 38, "label": "finite subgroup-set oracle", "answer": false}
{"case": 39, "label": "finite subgroup-set oracle", "answer": true}
{"case": 40, "label": "finite subgroup-set oracle", "answer": true}
{"case": 41, "label": "finite subgroup-set oracle", "answer": true}
{"case": 42, "label": "finite subgroup-set oracle", "answer": true}
{"case": 43, "label": "finite subgroup-set oracle", "answer": false}
{"case": 44, "label": "finite subgroup-set oracle", "answer": false}
{"case": 45, "label": "finite subgroup-set oracle", "answer": true}
{"case": 46, "label": "finite subgroup-set oracle", "answer": true}
{"case": 47, "label": "finite subgroup-set oracle", "answer": true}
{"case": 48, "label": "finite subgroup-set oracle", "answer": true}
{"case": 49, "label": "finite subgroup-set oracle", "answer": false}
{"case": 50, "label": "finite subgroup-set oracle", "answer": true}
{"case": 51, "label": "finite subgroup-set oracle", "answer": false}
{"case": 52, "label": "finite subgroup-set oracle", "answer": true}
{"case": 53, "label": "finite subgroup-set oracle", "answer": true}
{"case": 54, "label": "finite subgroup-set oracle", "answer": true}
{"case": 55, "label": "finite subgroup-set oracle", "answer": true}
{"case": 56, "label": "finite subgroup-set oracle", "answer": true}
{"case": 57, "label": "finite subgroup-set oracle", "answer": true}
{"case": 58, "label": "finite subgroup-set oracle", "answer": false}
{"case": 59, "label": "finite subgroup-set oracle", "answer": false}
{"case": 60, "label": "finite subgroup-set oracle", "answer": true}
{"case": 61, "label": "finite subgroup-set oracle", "answer": true}
{"case": 62, "label": "finite subgroup-set oracle", "answer": false}
{"case": 63, "label": "finite subgroup-set oracle", "answer": false}
{"case": 64, "label": "finite subgroup-set oracle", "answer": false}
{"case": 65, "label": "finite subgroup-set oracle", "answer": true}
{"case": 66, "label": "finite subgroup-set oracle", "answer": true}
{"case": 67, "label": "finite subgroup-set oracle", "answer": true}
{"case": 68, "label": "finite subgroup-set oracle", "answer": false}
{"case": 69, "label": "finite subgroup-set oracle", "answer": true}
{"case": 70, "label": "finite subgroup-set oracle", "answer": false}
{"case": 71, "label": "finite subgroup-set oracle", "answer": true}
{"case": 72, "label": "finite subgroup-set oracle", "answer": true}
{"case": 73, "label": "independent modular-projector oracle", "answer": false}
{"case": 74, "label": "independent modular-projector oracle", "answer": true}
{"case": 75, "label": "independent modular-projector oracle", "answer": false}
{"case": 76, "label": "independent modular-projector oracle", "answer": false}
{"case": 77, "label": "independent modular-projector oracle", "answer": true}
{"case": 78, "label": "independent modular-projector oracle", "answer": false}
{"case": 79, "label": "independent modular-projector oracle", "answer": true}
{"case": 80, "label": "independent modular-projector oracle", "answer": true}
{"case": 81, "label": "independent modular-projector oracle", "answer": true}
{"case": 82, "label": "independent modular-projector oracle", "answer": true}
{"case": 83, "label": "independent modular-projector oracle", "answer": true}
{"case": 84, "label": "independent modular-projector oracle", "answer": false}
{"case": 85, "label": "independent modular-projector oracle", "answer": true}
{"case": 86, "label": "independent modular-projector oracle", "answer": true}
{"case": 87, "label": "independent modular-projector oracle", "answer": false}
{"case": 88, "label": "independent modular-projector oracle", "answer": false}
{"case": 89, "label": "independent modular-projector oracle", "answer": false}
{"case": 90, "label": "independent modular-projector oracle", "answer": false}
{"case": 91, "label": "independent modular-projector oracle", "answer": false}
{"case": 92, "label": "independent modular-projector oracle", "answer": false}
{"case": 93, "label": "independent modular-projector oracle", "answer": false}
{"case": 94, "label": "independent modular-projector oracle", "answer": true}
{"case": 95, "label": "independent modular-projector oracle", "answer": true}
{"case": 96, "label": "independent modular-projector oracle", "answer": false}
{"case": 97, "label": "independent modular-projector oracle", "answer": false}
{"case": 98, "label": "independent modular-projector oracle", "answer": false}
{"case": 99, "label": "independent modular-projector oracle", "answer": true}
{"case": 100, "label": "independent modular-projector oracle", "answer": false}
{"case": 101, "label": "independent modular-projector oracle", "answer": false}
{"case": 102, "label": "independent modular-projector oracle", "answer": true}
{"case": 103, "label": "independent modular-projector oracle", "answer": true}
{"case": 104, "label": "independent modular-projector oracle", "answer": true}
{"case": 105, "label": "independent modular-projector oracle", "answer": true}
{"case": 106, "label": "independent modular-projector oracle", "answer": true}
{"case": 107, "label": "independent modular-projector oracle", "answer": true}
{"case": 108, "label": "independent modular-projector oracle", "answer": true}
{"case": 109, "label": "independent modular-projector oracle", "answer": false}
{"case": 110, "label": "independent modular-projector oracle", "answer": false}
{"case": 111, "label": "independent modular-projector oracle", "answer": true}
{"case": 112, "label": "independent modular-projector oracle", "answer": false}
{"case": 113, "label": "independent modular-projector oracle", "answer": true}
{"case": 114, "label": "independent modular-projector oracle", "answer": false}
{"case": 115, "label": "independent modular-projector oracle", "answer": false}
{"case": 116, "label": "independent modular-projector oracle", "answer": false}
{"case": 117, "label": "independent modular-projector oracle", "answer": false}
{"case": 118, "label": "nonsplit cyclic central extension", "answer": false}
{"case": 119, "label": "split cyclic central extension", "answer": true}
{"case": 120, "label": "dependent relators retain central obstruction", "answer": false}
PASS N5 central constraints: 120 cases; 54 positive projections
