BEGIN constructed_positive {'p': 1, 'q': 4}
constructed_positive True 0.311
BEGIN constructed_positive {'p': 1, 'q': 5}
constructed_positive True 0.198
BEGIN constructed_positive {'p': 2, 'q': 4}
constructed_positive True 0.113
BEGIN constructed_positive {'p': 3, 'q': 3}
constructed_positive True 0.138
BEGIN exceptional_positive {'k': -1}
exceptional_positive True 0.406
BEGIN exceptional_positive {'k': 2}
exceptional_positive True 0.417
BEGIN exceptional_perturbation {'layer': 7, 'case': 0}
exceptional_perturbation True 0.235
BEGIN exceptional_perturbation {'layer': 7, 'case': 1}
exceptional_perturbation True 0.277
BEGIN exceptional_perturbation {'layer': 7, 'case': 2}
exceptional_perturbation False 0.567
BEGIN exceptional_perturbation {'layer': 8, 'case': 0}
exceptional_perturbation True 0.235
BEGIN exceptional_perturbation {'layer': 8, 'case': 1}
exceptional_perturbation True 0.239
BEGIN exceptional_perturbation {'layer': 8, 'case': 2}
exceptional_perturbation False 0.484
BEGIN identity {}
identity True 0.0
BEGIN nonzero_abelianization {}
nonzero_abelianization False 0.0
PASS N8 class8 focused targets: 2 14 targets; 11 witnesses; 33 linear steps; 10 polynomial branches
