Timeout (0:01:30)!
Thread 0x00007969a179d080 (most recent call first):
  File "/usr/lib/python3.12/fractions.py", line 317 in _from_coprime_ints
  File "/usr/lib/python3.12/fractions.py", line 716 in _add
  File "/usr/lib/python3.12/fractions.py", line 630 in reverse
  File "/project/gworld1/scripts/check_n8_polynomial_group_tail.py", line 29 in mul
  File "/project/gworld1/scripts/check_n8_parametric_tail.py", line 22 in inv
  File "/project/gworld1/scripts/n8_weighted_automorphisms.py", line 136 in comm
  File "/project/gworld1/scripts/check_n8_polynomial_group_tail.py", line 136 in main
  File "/project/gworld1/scripts/check_n8_polynomial_group_tail.py", line 177 in <module>
Timeout (0:01:30)!
Thread 0x00007969a179d080 (most recent call first):
  File "/project/gworld1/scripts/check_n8_polynomial_group_tail.py", line 22 in mul
  File "/project/gworld1/scripts/check_n8_parametric_tail.py", line 22 in inv
  File "/project/gworld1/scripts/n8_weighted_automorphisms.py", line 136 in comm
  File "/project/gworld1/scripts/check_n8_polynomial_group_tail.py", line 136 in main
  File "/project/gworld1/scripts/check_n8_polynomial_group_tail.py", line 177 in <module>
Timeout (0:01:30)!
Thread 0x00007969a179d080 (most recent call first):
  File "/usr/lib/python3.12/fractions.py", line 324 in _from_coprime_ints
  File "/usr/lib/python3.12/fractions.py", line 716 in _add
  File "/usr/lib/python3.12/fractions.py", line 615 in forward
  File "/project/gworld1/scripts/n8_weighted_automorphisms.py", line 15 in add
  File "/project/gworld1/scripts/check_n8_polynomial_group_tail.py", line 43 in collect
  File "/project/gworld1/scripts/check_n8_polynomial_group_tail.py", line 103 in coords
  File "/project/gworld1/scripts/check_n8_polynomial_group_tail.py", line 133 in main
  File "/project/gworld1/scripts/check_n8_polynomial_group_tail.py", line 177 in <module>
Timeout (0:01:30)!
Thread 0x00007969a179d080 (most recent call first):
  File "/project/gworld1/scripts/check_n8_polynomial_group_tail.py", line 22 in mul
  File "/project/gworld1/scripts/n8_weighted_automorphisms.py", line 103 in bracket
  File "/project/gworld1/scripts/check_n8_polynomial_group_tail.py", line 131 in main
  File "/project/gworld1/scripts/check_n8_polynomial_group_tail.py", line 177 in <module>
Timeout (0:01:30)!
Thread 0x00007969a179d080 (most recent call first):
  File "/project/gworld1/scripts/n8_component_hnf.py", line 30 in hermite
  File "/project/gworld1/scripts/n8_component_linear.py", line 12 in affine_solution
  File "/project/gworld1/scripts/parametric_integer_linear.py", line 41 in integer_solve
  File "/project/gworld1/scripts/check_n8_polynomial_group_tail.py", line 148 in main
  File "/project/gworld1/scripts/check_n8_polynomial_group_tail.py", line 177 in <module>
