divisor verified
fraction_no_roots verified
fraction_with_large_solutions verified
zero_row_integer_roots verified
zero_row_no_integer_roots verified
rational_but_not_integer verified
parity verified
nonlinear_residues verified
bezout_parity verified
polynomial_bezout verified
resultant_mod4 verified
rank_drop_extra verified
rank_drop_all verified
two_parameter_coordinates verified
rectangular_consistent verified
rectangular_inconsistent verified
fractional_coefficients verified
zero_matrix_consistent verified
zero_matrix_isolated verified
zero_matrix_impossible verified
polynomial_unimodular verified
nonconstant_determinant verified
constant_lattice_period17 verified
rational_root_excluded verified
PASS parametric integers GAP: 24 complete systems; 268 finite checks; 
352 residue checks; 2040 specializations; 19 final witnesses
