BEGIN GAP quotient 3 9
READY GAP quotient 3 9
WITNESS 1
WITNESS 2
WITNESS 3
WITNESS 4
WITNESS 5
BEGIN LINEAR 1
BEGIN GAP quotient 3 8
READY GAP quotient 3 8
LINEAR 1 true
BEGIN LINEAR 2
LINEAR 2 true
BEGIN LINEAR 3
LINEAR 3 true
BEGIN LINEAR 4
LINEAR 4 true
BEGIN LINEAR 5
LINEAR 5 true
BEGIN LINEAR 6
LINEAR 6 true
BEGIN LINEAR 7
LINEAR 7 true
BEGIN LINEAR 8
LINEAR 8 true
BEGIN LINEAR 9
LINEAR 9 true
BEGIN LINEAR 10
LINEAR 10 true
BEGIN LINEAR 11
LINEAR 11 true
BEGIN LINEAR 12
LINEAR 12 true
BEGIN POLYNOMIAL 9
