BEGIN GAP quotient 2 10
HALL CACHE VERIFIED 2 10
READY GAP quotient 2 10
WITNESS 1
WITNESS 2
WITNESS 3
BEGIN LINEAR 1
BEGIN GAP quotient 2 7
HALL CACHE VERIFIED 2 7
READY GAP quotient 2 7
BEGIN COLUMNS 10
BEGIN MEMBERSHIP
LINEAR 1 true
BEGIN LINEAR 2
BEGIN GAP quotient 2 8
HALL CACHE VERIFIED 2 8
READY GAP quotient 2 8
BEGIN COLUMNS 20
BEGIN MEMBERSHIP
LINEAR 2 true
BEGIN LINEAR 3
BEGIN COLUMNS 62
BEGIN MEMBERSHIP
LINEAR 3 true
BEGIN LINEAR 4
BEGIN COLUMNS 10
BEGIN MEMBERSHIP
LINEAR 4 true
BEGIN LINEAR 5
BEGIN COLUMNS 20
BEGIN MEMBERSHIP
LINEAR 5 true
BEGIN LINEAR 6
BEGIN COLUMNS 10
BEGIN MEMBERSHIP
LINEAR 6 true
BEGIN LINEAR 7
BEGIN COLUMNS 20
BEGIN MEMBERSHIP
LINEAR 7 true
BEGIN LINEAR 8
BEGIN COLUMNS 10
BEGIN MEMBERSHIP
LINEAR 8 true
BEGIN LINEAR 9
BEGIN COLUMNS 20
BEGIN MEMBERSHIP
LINEAR 9 true
BEGIN LINEAR 10
BEGIN COLUMNS 10
BEGIN MEMBERSHIP
LINEAR 10 true
BEGIN LINEAR 11
BEGIN COLUMNS 20
BEGIN MEMBERSHIP
LINEAR 11 true
BEGIN LINEAR 12
BEGIN COLUMNS 10
BEGIN MEMBERSHIP
LINEAR 12 true
BEGIN LINEAR 13
BEGIN COLUMNS 20
BEGIN MEMBERSHIP
LINEAR 13 true
BEGIN LINEAR 14
BEGIN COLUMNS 10
BEGIN MEMBERSHIP
LINEAR 14 true
BEGIN LINEAR 15
BEGIN COLUMNS 20
BEGIN MEMBERSHIP
LINEAR 15 true
BEGIN LINEAR 16
BEGIN COLUMNS 19
BEGIN MEMBERSHIP
LINEAR 16 true
BEGIN LINEAR 17
BEGIN COLUMNS 91
BEGIN MEMBERSHIP
LINEAR 17 false
BEGIN LINEAR 18
BEGIN COLUMNS 91
BEGIN MEMBERSHIP
LINEAR 18 true
BEGIN LINEAR 19
BEGIN COLUMNS 19
BEGIN MEMBERSHIP
LINEAR 19 true
BEGIN LINEAR 20
BEGIN COLUMNS 91
BEGIN MEMBERSHIP
LINEAR 20 false
BEGIN LINEAR 21
BEGIN COLUMNS 91
BEGIN MEMBERSHIP
LINEAR 21 false
BEGIN LINEAR 22
BEGIN COLUMNS 19
BEGIN MEMBERSHIP
LINEAR 22 true
BEGIN LINEAR 23
BEGIN COLUMNS 91
BEGIN MEMBERSHIP
LINEAR 23 false
BEGIN LINEAR 24
BEGIN COLUMNS 91
BEGIN MEMBERSHIP
LINEAR 24 false
BEGIN LINEAR 25
BEGIN COLUMNS 10
BEGIN MEMBERSHIP
LINEAR 25 false
BEGIN LINEAR 26
BEGIN COLUMNS 10
BEGIN MEMBERSHIP
LINEAR 26 false
BEGIN LINEAR 27
BEGIN COLUMNS 10
BEGIN MEMBERSHIP
LINEAR 27 false
BEGIN LINEAR 28
BEGIN COLUMNS 10
BEGIN MEMBERSHIP
LINEAR 28 false
BEGIN LINEAR 29
BEGIN COLUMNS 10
BEGIN MEMBERSHIP
LINEAR 29 false
BEGIN LINEAR 30
BEGIN COLUMNS 10
BEGIN MEMBERSHIP
LINEAR 30 false
BEGIN LINEAR 31
BEGIN COLUMNS 10
BEGIN MEMBERSHIP
LINEAR 31 false
BEGIN LINEAR 32
BEGIN COLUMNS 10
BEGIN MEMBERSHIP
LINEAR 32 false
BEGIN LINEAR 33
BEGIN COLUMNS 8
BEGIN MEMBERSHIP
LINEAR 33 true
BEGIN LINEAR 34
BEGIN COLUMNS 12
BEGIN MEMBERSHIP
LINEAR 34 false
BEGIN LINEAR 35
BEGIN COLUMNS 8
BEGIN MEMBERSHIP
LINEAR 35 true
BEGIN LINEAR 36
BEGIN COLUMNS 12
BEGIN MEMBERSHIP
LINEAR 36 false
BEGIN LINEAR 37
BEGIN COLUMNS 8
BEGIN MEMBERSHIP
LINEAR 37 true
BEGIN LINEAR 38
BEGIN COLUMNS 12
BEGIN MEMBERSHIP
LINEAR 38 true
BEGIN LINEAR 39
BEGIN COLUMNS 0
BEGIN MEMBERSHIP
LINEAR 39 true
BEGIN GAP quotient 2 9
HALL CACHE VERIFIED 2 9
READY GAP quotient 2 9
COUPLED 1 VERIFIED
COUPLED 2 VERIFIED
COUPLED 3 VERIFIED
COUPLED 4 VERIFIED
COUPLED 5 VERIFIED
COUPLED 6 VERIFIED
COUPLED 7 VERIFIED
POLYNOMIAL 1 VERIFIED
POLYNOMIAL 2 VERIFIED
POLYNOMIAL 3 VERIFIED
PASS N8 full class10 GAP: 3 witnesses; 39 linear decisions (15 negative); 
7 coupled (6 negative); 3 polynomial (0 empty, 0 late); 15 polynomial samples
