VERIFIED 1 1 5 betti 2 survivors []
VERIFIED 1 1 6 betti 2 survivors []
VERIFIED 2 1 5 betti 2 survivors []
VERIFIED 2 1 6 betti 2 survivors []
VERIFIED 3 1 5 betti 2 survivors []
VERIFIED 3 1 6 betti 2 survivors []
VERIFIED 4 1 5 betti 2 survivors []
VERIFIED 4 1 6 betti 2 survivors []
VERIFIED 4 2 5 betti 2 survivors []
VERIFIED 4 2 6 betti 2 survivors []
VERIFIED 5 1 5 betti 2 survivors []
VERIFIED 5 1 6 betti 2 survivors []
VERIFIED 6 2 5 betti 2 survivors []
VERIFIED 6 2 6 betti 2 survivors []
VERIFIED 7 1 5 betti 2 survivors []
VERIFIED 7 1 6 betti 2 survivors []
VERIFIED 8 1 5 betti 2 survivors []
VERIFIED 8 1 6 betti 2 survivors []
VERIFIED 8 2 5 betti 2 survivors []
VERIFIED 8 2 6 betti 2 survivors []
VERIFIED 8 3 5 betti 2 survivors []
VERIFIED 8 3 6 betti 2 survivors []
VERIFIED 8 4 5 betti 2 survivors []
VERIFIED 8 4 6 betti 2 survivors []
VERIFIED 9 1 5 betti 2 survivors []
VERIFIED 9 1 6 betti 2 survivors []
VERIFIED 9 2 5 betti 2 survivors []
VERIFIED 9 2 6 betti 2 survivors []
VERIFIED 10 2 5 betti 2 survivors []
VERIFIED 10 2 6 betti 2 survivors []
VERIFIED 11 1 5 betti 2 survivors []
VERIFIED 11 1 6 betti 2 survivors []
VERIFIED 12 2 5 betti 2 survivors []
VERIFIED 12 2 6 betti 2 survivors []
VERIFIED 12 5 5 betti 2 survivors []
VERIFIED 12 5 6 betti 2 survivors []
VERIFIED 13 1 5 betti 2 survivors []
VERIFIED 13 1 6 betti 2 survivors []
VERIFIED 14 2 5 betti 2 survivors []
VERIFIED 14 2 6 betti 2 survivors []
VERIFIED 15 1 5 betti 2 survivors []
VERIFIED 15 1 6 betti 2 survivors []
VERIFIED 16 1 5 betti 2 survivors []
VERIFIED 16 1 6 betti 2 survivors []
VERIFIED 16 2 5 betti 2 survivors []
VERIFIED 16 2 6 betti 2 survivors []
VERIFIED 16 3 5 betti 2 survivors []
VERIFIED 16 3 6 betti 2 survivors []
VERIFIED 16 4 5 betti 2 survivors []
VERIFIED 16 4 6 betti 2 survivors []
VERIFIED 16 5 5 betti 2 survivors []
VERIFIED 16 5 6 betti 2 survivors []
VERIFIED 16 6 5 betti 2 survivors []
VERIFIED 16 6 6 betti 2 survivors []
VERIFIED 16 7 5 betti 2 survivors []
VERIFIED 16 7 6 betti 2 survivors []
VERIFIED 16 8 5 betti 2 survivors []
VERIFIED 16 8 6 betti 2 survivors []
VERIFIED 16 9 5 betti 2 survivors []
VERIFIED 16 9 6 betti 2 survivors []
VERIFIED 17 1 5 betti 2 survivors []
VERIFIED 17 1 6 betti 2 survivors []
VERIFIED 18 2 5 betti 2 survivors []
VERIFIED 18 2 6 betti 2 survivors []
VERIFIED 18 5 5 betti 2 survivors []
VERIFIED 18 5 6 betti 2 survivors []
VERIFIED 19 1 5 betti 2 survivors []
VERIFIED 19 1 6 betti 2 survivors []
VERIFIED 20 2 5 betti 2 survivors []
VERIFIED 20 2 6 betti 2 survivors []
VERIFIED 20 5 5 betti 2 survivors []
VERIFIED 20 5 6 betti 2 survivors []
VERIFIED 21 2 5 betti 2 survivors []
VERIFIED 21 2 6 betti 2 survivors []
VERIFIED 22 2 5 betti 2 survivors []
VERIFIED 22 2 6 betti 2 survivors []
VERIFIED 23 1 5 betti 2 survivors []
VERIFIED 23 1 6 betti 2 survivors []
VERIFIED 24 2 5 betti 2 survivors []
VERIFIED 24 2 6 betti 2 survivors []
VERIFIED 24 9 5 betti 2 survivors []
VERIFIED 24 9 6 betti 2 survivors []
VERIFIED 24 10 5 betti 2 survivors []
VERIFIED 24 10 6 betti 2 survivors []
VERIFIED 24 11 5 betti 2 survivors []
VERIFIED 24 11 6 betti 2 survivors []
VERIFIED 25 1 5 betti 2 survivors []
VERIFIED 25 1 6 betti 2 survivors []
VERIFIED 25 2 5 betti 2 survivors []
VERIFIED 25 2 6 betti 2 survivors []
VERIFIED 26 2 5 betti 2 survivors []
VERIFIED 26 2 6 betti 2 survivors []
VERIFIED 27 1 5 betti 2 survivors []
VERIFIED 27 1 6 betti 2 survivors []
VERIFIED 27 2 5 betti 2 survivors []
VERIFIED 27 2 6 betti 2 survivors []
VERIFIED 27 3 5 betti 2 survivors []
VERIFIED 27 3 6 betti 2 survivors []
VERIFIED 27 4 5 betti 2 survivors []
VERIFIED 27 4 6 betti 2 survivors []
VERIFIED 28 2 5 betti 2 survivors []
VERIFIED 28 2 6 betti 2 survivors []
VERIFIED 28 4 5 betti 2 survivors []
VERIFIED 28 4 6 betti 2 survivors []
VERIFIED 29 1 5 betti 2 survivors []
VERIFIED 29 1 6 betti 2 survivors []
VERIFIED 30 4 5 betti 2 survivors []
VERIFIED 30 4 6 betti 2 survivors []
VERIFIED 31 1 5 betti 2 survivors []
VERIFIED 31 1 6 betti 2 survivors []
VERIFIED 32 1 5 betti 2 survivors []
VERIFIED 32 1 6 betti 2 survivors []
VERIFIED 32 2 5 betti 2 survivors []
VERIFIED 32 2 6 betti 2 survivors []
VERIFIED 32 3 5 betti 2 survivors []
VERIFIED 32 3 6 betti 2 survivors []
VERIFIED 32 4 5 betti 2 survivors []
VERIFIED 32 4 6 betti 2 survivors []
VERIFIED 32 5 5 betti 2 survivors []
VERIFIED 32 5 6 betti 2 survivors []
VERIFIED 32 6 5 betti 2 survivors []
VERIFIED 32 6 6 betti 2 survivors []
VERIFIED 32 7 5 betti 2 survivors []
VERIFIED 32 7 6 betti 2 survivors []
VERIFIED 32 8 5 betti 2 survivors []
VERIFIED 32 8 6 betti 2 survivors []
VERIFIED 32 9 5 betti 2 survivors []
VERIFIED 32 9 6 betti 2 survivors []
VERIFIED 32 10 5 betti 2 survivors []
VERIFIED 32 10 6 betti 2 survivors []
VERIFIED 32 11 5 betti 2 survivors []
VERIFIED 32 11 6 betti 2 survivors []
VERIFIED 32 12 5 betti 2 survivors []
VERIFIED 32 12 6 betti 2 survivors []
VERIFIED 32 13 5 betti 2 survivors []
VERIFIED 32 13 6 betti 2 survivors []
VERIFIED 32 14 5 betti 2 survivors []
VERIFIED 32 14 6 betti 2 survivors []
VERIFIED 32 15 5 betti 2 survivors []
VERIFIED 32 15 6 betti 2 survivors []
VERIFIED 32 16 5 betti 2 survivors []
VERIFIED 32 16 6 betti 2 survivors []
VERIFIED 32 17 5 betti 2 survivors []
VERIFIED 32 17 6 betti 2 survivors []
VERIFIED 32 18 5 betti 2 survivors []
VERIFIED 32 18 6 betti 2 survivors []
VERIFIED 32 19 5 betti 2 survivors []
VERIFIED 32 19 6 betti 2 survivors []
VERIFIED 32 20 5 betti 2 survivors []
VERIFIED 32 20 6 betti 2 survivors []
VERIFIED 64 1 6 betti 2 survivors []
VERIFIED 64 2 6 betti 2 survivors []
VERIFIED 64 3 6 betti 2 survivors []
VERIFIED 64 4 6 betti 2 survivors []
VERIFIED 64 5 6 betti 2 survivors []
VERIFIED 64 6 6 betti 2 survivors []
VERIFIED 64 7 6 betti 2 survivors []
VERIFIED 64 8 6 betti 2 survivors []
VERIFIED 64 9 6 betti 2 survivors []
VERIFIED 64 10 6 betti 2 survivors []
VERIFIED 64 11 6 betti 2 survivors []
VERIFIED 64 12 6 betti 2 survivors []
VERIFIED 64 13 6 betti 2 survivors []
VERIFIED 64 14 6 betti 2 survivors []
VERIFIED 64 15 6 betti 2 survivors []
VERIFIED 64 16 6 betti 2 survivors []
VERIFIED 64 17 6 betti 2 survivors []
VERIFIED 64 18 6 betti 2 survivors []
VERIFIED 64 19 6 betti 2 survivors []
VERIFIED 64 20 6 betti 2 survivors []
VERIFIED 64 21 6 betti 2 survivors []
VERIFIED 64 22 6 betti 2 survivors []
VERIFIED 64 23 6 betti 2 survivors []
VERIFIED 64 24 6 betti 2 survivors []
VERIFIED 64 25 6 betti 2 survivors []
VERIFIED 64 26 6 betti 2 survivors []
VERIFIED 64 27 6 betti 2 survivors []
VERIFIED 64 28 6 betti 2 survivors []
VERIFIED 64 29 6 betti 2 survivors []
VERIFIED 64 30 6 betti 2 survivors []
VERIFIED 64 31 6 betti 2 survivors []
VERIFIED 64 32 6 betti 2 survivors []
VERIFIED 64 33 6 betti 2 survivors []
VERIFIED 64 34 6 betti 2 survivors []
VERIFIED 64 35 6 betti 2 survivors []
VERIFIED 64 36 6 betti 2 survivors []
VERIFIED 64 37 6 betti 2 survivors []
VERIFIED 64 38 6 betti 2 survivors []
VERIFIED 64 39 6 betti 2 survivors []
VERIFIED 64 40 6 betti 2 survivors []
VERIFIED 64 41 6 betti 2 survivors []
VERIFIED 64 42 6 betti 2 survivors []
VERIFIED 64 43 6 betti 2 survivors []
VERIFIED 64 44 6 betti 2 survivors []
VERIFIED 64 45 6 betti 2 survivors []
VERIFIED 64 46 6 betti 2 survivors []
VERIFIED 64 47 6 betti 2 survivors []
VERIFIED 64 48 6 betti 2 survivors []
VERIFIED 64 49 6 betti 2 survivors []
VERIFIED 64 50 6 betti 2 survivors []
VERIFIED 64 51 6 betti 2 survivors []
VERIFIED 64 52 6 betti 2 survivors []
VERIFIED 64 53 6 betti 2 survivors []
VERIFIED 64 54 6 betti 2 survivors []
VERIFIED 81 1 6 betti 2 survivors []
VERIFIED 81 2 6 betti 2 survivors []
VERIFIED 81 3 6 betti 2 survivors []
VERIFIED 81 4 6 betti 2 survivors []
VERIFIED 81 5 6 betti 2 survivors []
VERIFIED 81 6 6 betti 2 survivors []
VERIFIED 81 7 6 betti 2 survivors []
VERIFIED 81 8 6 betti 2 survivors []
VERIFIED 81 9 6 betti 2 survivors []
VERIFIED 81 10 6 betti 2 survivors []
VERIFIED 125 1 6 betti 2 survivors []
VERIFIED 125 2 6 betti 2 survivors []
VERIFIED 125 3 6 betti 2 survivors []
VERIFIED 125 4 6 betti 2 survivors []
PASS F20 independent cover homology: 218 covers; 3 controls
