BEGIN Magnus 3 8
BEGIN type2_3_base
RESULT type2_3_base True 0.263
BEGIN type2_3_corrected
RESULT type2_3_corrected True 116.587
BEGIN type2_3_top_perturbation
RESULT type2_3_top_perturbation False 1.744
BEGIN type2_3_first_perturbation
RESULT type2_3_first_perturbation False 0.166
BEGIN nonprimitive_nielsen_perturbation
RESULT nonprimitive_nielsen_perturbation False 55.093
BEGIN type1_exceptional_positive
RESULT type1_exceptional_positive True 4.316
BEGIN type1_exceptional_corrected
RESULT type1_exceptional_corrected True 8.649
BEGIN quadratic_layer_perturbation
RESULT quadratic_layer_perturbation False 1.931
BEGIN last_linear_layer_perturbation
RESULT last_linear_layer_perturbation False 7.91
BEGIN outside_identity
RESULT outside_identity None 0.0
BEGIN outside_degree_one
RESULT outside_degree_one None 0.0
PASS N8 all fourth-layer: 11 records; 4 witnesses; 48 linear decisions; 6 polynomials; 10 Nielsen lines
