BEGIN class-nine Hall basis 2
BEGIN constructed_positive {'p': 1, 'q': 2}
constructed_positive True 0.882
BEGIN constructed_positive {'p': 1, 'q': 3}
constructed_positive True 0.54
BEGIN constructed_positive {'p': 1, 'q': 4}
constructed_positive True 0.379
BEGIN constructed_positive {'p': 2, 'q': 3}
constructed_positive True 0.365
BEGIN constructed_positive {'p': 1, 'q': 5}
constructed_positive True 0.561
BEGIN constructed_positive {'p': 2, 'q': 4}
constructed_positive True 0.218
BEGIN constructed_positive {'p': 3, 'q': 3}
constructed_positive True 0.271
BEGIN constructed_positive {'p': 1, 'q': 6}
constructed_positive True 0.517
BEGIN constructed_positive {'p': 2, 'q': 5}
constructed_positive True 0.222
BEGIN constructed_positive {'p': 3, 'q': 4}
constructed_positive True 0.204
BEGIN exceptional_positive {'q': 4, 'k': -1}
exceptional_positive True 0.444
BEGIN exceptional_positive {'q': 4, 'k': 2}
exceptional_positive True 0.835
BEGIN exceptional_perturbation {'q': 4, 'layer': 7, 'case': 0}
exceptional_perturbation True 0.328
BEGIN exceptional_perturbation {'q': 4, 'layer': 7, 'case': 1}
exceptional_perturbation True 0.398
BEGIN exceptional_perturbation {'q': 4, 'layer': 9, 'case': 0}
exceptional_perturbation True 0.316
BEGIN exceptional_perturbation {'q': 4, 'layer': 9, 'case': 1}
exceptional_perturbation False 0.608
BEGIN exceptional_positive {'q': 6, 'k': -1}
exceptional_positive True 0.879
BEGIN exceptional_positive {'q': 6, 'k': 2}
exceptional_positive True 0.783
BEGIN exceptional_perturbation {'q': 6, 'layer': 9, 'case': 0}
exceptional_perturbation False 1.274
BEGIN exceptional_perturbation {'q': 6, 'layer': 9, 'case': 1}
exceptional_perturbation False 1.192
BEGIN exceptional_perturbation {'q': 6, 'layer': 9, 'case': 0}
exceptional_perturbation False 1.189
BEGIN exceptional_perturbation {'q': 6, 'layer': 9, 'case': 1}
exceptional_perturbation False 1.192
BEGIN nonprimitive_type12 {}
nonprimitive_type12 True 1.854
BEGIN penultimate_positive {}
penultimate_positive True 0.115
BEGIN central_positive {}
central_positive True 0.194
BEGIN identity {}
identity True 0.0
BEGIN nonzero_abelianization {}
nonzero_abelianization False 0.0
PASS N8 class9 targets: 2 27 targets; 21 witnesses; 68 linear steps; 17 polynomial branches
