converting trivial
converting trivial_redundant
converting C4
converting C6
converting C6_redundant
converting C4_C2
converting Z_C2
converting D8
converting Q8
converting M16
converting D8_C2
converting Q8_Z
converting Q8_Z_redundant
converting G2
converting G2_redundant
converting G3
converting G4
converting G2_Z
converting G2_C2
converting H3
converting H3_D8
converting H3_D8_sheared
converting H3_D8_sheared_redundant
converting quotient_glue2
converting center_glue2
converting center_glue2_redundant
checked trivial mode=replay
checked trivial_redundant mode=replay
checked C4 mode=replay
checked C6 mode=replay
checked C6_redundant mode=replay
checked C4_C2 mode=replay
checked Z_C2 mode=replay
checked D8 mode=replay
checked Q8 mode=replay
checked M16 mode=replay
checked D8_C2 mode=replay
checked Q8_Z mode=replay
checked Q8_Z_redundant mode=replay
checked G2 mode=replay
checked G2_redundant mode=replay
checked G3 mode=replay
checked G4 mode=replay
checked G2_Z mode=replay
checked G2_C2 mode=replay
checked H3 mode=replay
checked H3_D8 mode=replay
checked H3_D8_sheared mode=replay
checked H3_D8_sheared_redundant mode=replay
checked quotient_glue2 mode=replay
checked center_glue2 mode=replay
checked center_glue2_redundant mode=replay
checked Z mode=replay
PASS N5 input replay: 27 models, 12 positive factors
