BEGIN GAP quotient 3 8
HALL CACHE VERIFIED 3 8
READY GAP quotient 3 8
WITNESS 1
WITNESS 2
WITNESS 3
WITNESS 4
WITNESS 5
BEGIN LINEAR 1
BEGIN GAP quotient 3 7
HALL CACHE VERIFIED 3 7
READY GAP quotient 3 7
BEGIN COLUMNS 36
BEGIN MEMBERSHIP
LINEAR 1 true
BEGIN LINEAR 2
BEGIN COLUMNS 96
BEGIN MEMBERSHIP
LINEAR 2 true
BEGIN LINEAR 3
BEGIN COLUMNS 36
BEGIN MEMBERSHIP
LINEAR 3 true
BEGIN LINEAR 4
BEGIN COLUMNS 96
BEGIN MEMBERSHIP
LINEAR 4 false
BEGIN LINEAR 5
BEGIN COLUMNS 36
BEGIN MEMBERSHIP
LINEAR 5 true
BEGIN LINEAR 6
BEGIN COLUMNS 96
BEGIN MEMBERSHIP
LINEAR 6 true
BEGIN LINEAR 7
BEGIN COLUMNS 36
BEGIN MEMBERSHIP
LINEAR 7 true
BEGIN LINEAR 8
BEGIN COLUMNS 96
BEGIN MEMBERSHIP
LINEAR 8 false
BEGIN LINEAR 9
BEGIN COLUMNS 36
BEGIN MEMBERSHIP
LINEAR 9 true
BEGIN LINEAR 10
BEGIN COLUMNS 96
BEGIN MEMBERSHIP
LINEAR 10 true
BEGIN LINEAR 11
BEGIN COLUMNS 119
BEGIN MEMBERSHIP
LINEAR 11 false
BEGIN LINEAR 12
BEGIN COLUMNS 119
BEGIN MEMBERSHIP
LINEAR 12 false
BEGIN LINEAR 13
BEGIN COLUMNS 56
BEGIN MEMBERSHIP
LINEAR 13 true
BEGIN LINEAR 14
BEGIN COLUMNS 134
BEGIN MEMBERSHIP
LINEAR 14 true
BEGIN LINEAR 15
BEGIN COLUMNS 119
BEGIN MEMBERSHIP
LINEAR 15 true
BEGIN LINEAR 16
BEGIN COLUMNS 320
BEGIN MEMBERSHIP
LINEAR 16 true
FIRST NULLITY 0 VERIFIED
FIRST NULLITY 0 VERIFIED
FIRST NULLITY 0 VERIFIED
FIRST NULLITY 0 VERIFIED
FIRST NULLITY 0 VERIFIED
FIRST NULLITY 0 VERIFIED
FIRST NULLITY 0 VERIFIED
PASS N8 all third-layer GAP: 5 witnesses; 16 linear decisions (4 negative); 
0 polynomial decisions (0 empty); 0 samples; 7 first nullities; 
0 Nielsen periods
