{"lean_version": "Lean (version 4.24.0, x86_64-unknown-linux-gnu, commit 797c613eb9b6d4ec95db23e3e00af9ac6657f24b, Release)", "components": [{"path": "research/certificates/N8-polynomial-bridge-lean/Bridge.lean", "sha256": "ad4697b0313dd3ba7cb18bf63ca9b4825b29d93e3d749e310447c1d6b77ccf10"}, {"path": "research/certificates/N8-energy-lean/Energy.lean", "sha256": "63ae082e726df82e198f6a64478d91d443b868a3477f024e017baba9883123d0"}, {"path": "research/certificates/N8-analytic-assembly/Assembly.lean", "sha256": "e13a72adfe914b2cbdee080554f2133f16b2aa9b47a4e12419a592d237673477"}, {"path": "research/certificates/N8-positional-polynomials/Polynomial.lean", "sha256": "3877d87cee7d0eb0dad7a7965fe77aefd885dd631a6a525ce29cdae8a8a2c3e1"}, {"path": "research/certificates/N8-word-dictionary/Words.lean", "sha256": "1b1f3d1bed6c57b40180ca0f0adfa42a145b33970d763ad4327bae59456cc8e5"}], "snapshot": "/project/gworld1/research/certificates/N8-word-dictionary/Combined-v2.lean", "snapshot_sha256": "e108e17065e5ee014f8d2beac25a014e4902ba4d42024654902655eebaadd385", "command": ["lake", "env", "lean", "--trust=0", "--stdin"], "mathlib_revision": "f897ebcf72cd16f89ab4577d0c826cd14afaafc7", "scope": "Universal ordered-word encoding, actual free-associative prefix/suffix commutators and positional implication; free-Lie and full N8 algorithm outside."}
'N8Bridge.transfer_average_half' depends on axioms: [propext, Classical.choice, Quot.sound]
PASS N8 division-free positional averaging bridge
'N8Energy.hyperplane_harmonic_constant' depends on axioms: [propext, Classical.choice, Quot.sound]
PASS N8 concrete half-transfer energy maximum principle
'N8Assembly.positional_constant' depends on axioms: [propext, Classical.choice, Quot.sound]
PASS N8 assembled positional identities imply constancy
'N8Polynomial.rational_polynomial_constant' depends on axioms: [propext, Classical.choice, Quot.sound]
'N8Polynomial.rational_diagonal_constant' depends on axioms: [propext, Classical.choice, Quot.sound]
PASS N8 rational positional polynomial constancy
<stdin>:849:21: warning: This simp argument is unused:
  Finsupp.single_apply

Hint: Omit it from the simp argument list.
  simp [exponents,̵ ̵F̵i̵n̵s̵u̵p̵p̵.̵s̵i̵n̵g̵l̵e̵_̵a̵p̵p̵l̵y̵]

Note: This linter can be disabled with `set_option linter.unusedSimpArgs false`
<stdin>:861:21: warning: This simp argument is unused:
  Finsupp.single_apply

Hint: Omit it from the simp argument list.
  simp [exponents,̵ ̵F̵i̵n̵s̵u̵p̵p̵.̵s̵i̵n̵g̵l̵e̵_̵a̵p̵p̵l̵y̵]

Note: This linter can be disabled with `set_option linter.unusedSimpArgs false`
<stdin>:915:4: error: Type mismatch
  FreeMonoid.ofList_cons j (List.ofFn v)
has type
  FreeMonoid.ofList (j :: List.ofFn v) = FreeMonoid.of j * FreeMonoid.ofList (List.ofFn v)
but is expected to have type
  word (Fin.cons j v) = FreeMonoid.of j * word v
<stdin>:932:4: error: No goals to be solved
'N8Words.positional_word_constant' depends on axioms: [propext, Classical.choice, Quot.sound]
<stdin>:964:0: error: Unexpected axiom sorryAx
