BEGIN Hall/Magnus construction 3 9
BEGIN type12_third
{"test": "type12_third", "p": 1, "q": 2, "j": 3, "C": [-1, 1, -2], "D": [-2, 1, 2], "columns": 66, "nullity": 1, "expected": 1, "predicted_direction": [7, -10, 6, -2, 4, -10, -2, 12, -16, 1, 0, 4, -3, 4, 4, 2, -8, 8, -4, 2, 4, 4, -2, -4, -12, 6, 12, 2, -1, -2, 2, -1, -2, 4, -2, -4, -4, 2, 4, 8, -4, -8, 0, 0, 0, 0, 0, 0, 0, 0, 0, 0, 0, 0, 0, 0, 0, 0, 0, 0, 0, 0, 0, 0, 0, 0]}
BEGIN type23_second
{"test": "type23_second", "p": 2, "q": 3, "j": 2, "C": [-1, -1, 2], "D": [0, 0, 0, 2, 2, 0, -2, 0], "columns": 66, "nullity": 0, "expected": 0}
BEGIN type16_exception
{"test": "type16_exception", "p": 1, "q": 6, "j": 1, "C": [-1, 1, -2], "D": [8, -8, -16, 24, -32, 80, -60, 88, -208, 24, 104, -144, 352, -16, -64, 36, -56, 128, -24, 24, -80, -128, 192, -448, 64, -32, 192, -32, -33, 66, -48, 42, -102, 84, 36, -36, 10, -31, 34, -18, 69, -78, 48, -162, 180, 6, -45, 54, -48, 228, -264, 72, -276, 312, 6, 10, -16, -36, 6, 12, 48, 36, -72, 54, -42, 24, -168, 72, 0, 120, 24, -96, -24, 26, -20, 120, -108, 72, -192, 120, -48, -2, 8, -18, -12, 56, -64, 8, -60, 144, -112, -2, 24, -96, 160, -96, 1, -2, 8, -2, -8, 24, 8, -24, 0, 32, -7, 40, -72, 32, 16, 2, -16, 48, -64, 32], "columns": 315, "nullity": 1, "expected": 1, "predicted_direction": [-2, 1, 2, -20, 30, -70, 1, 13, -6, -14, 36, 20, -36, 76, -10, 14, -36, -4, 24, -8, 16, -32, 4, -8, 16, 4, -16, -4, 4, -12, 2, 2, 4, -4, 8, 8, -8, 24, -4, -4, -8, 8, -16, -20, 20, -60, 10, 10, 20, -20, 40, -4, 4, -12, 2, 2, 4, -4, 8, 24, -24, 72, -12, -12, -24, 24, -48, -32, 32, -96, 16, 16, 32, -32, 64, 2, -2, 6, -1, -1, -2, 2, -4, 0, 0, 0, 0, 0, 0, 0, 0, 8, -8, 24, -4, -4, -8, 8, -16, -6, 6, -18, 3, 3, 6, -6, 12, 8, -8, 24, -4, -4, -8, 8, -16, 8, -8, 24, -4, -4, -8, 8, -16, 4, -4, 12, -2, -2, -4, 4, -8, -16, 16, -48, 8, 8, 16, -16, 32, 16, -16, 48, -8, -8, -16, 16, -32, -8, 38, -32, -17, -14, 40, 4, -46, 52, 22, 16, -56, -20, 122, -116, -56, -44, 136, -14, -1, 34, 4, -2, -20, 46, -43, -50, 10, 22, 4, -68, 26, 124, 4, -20, -56, -32, 44, 16, -14, -20, 16, 104, -116, -88, 32, 56, -16, 4, -2, -4, -12, 6, 12, 28, -14, -28, 12, -6, -12, -60, 30, 60, 72, -36, -72, -4, 2, 4, 36, -18, -36, -96, 48, 96, 80, -40, -80, -2, 1, 2, 2, -1, -2, -12, 6, 12, 6, -3, -6, 0, 0, 0, -24, 12, 24, -10, 5, 10, 36, -18, -36, -24, 12, 24, -16, 8, 16, 4, -2, -4, -24, 12, 24, 48, -24, -48, -32, 16, 32, 0, 0, 0, 0, 0, 0, 0, 0, 0, 0, 0, 0, 0, 0, 0, 0, 0, 0, 0, 0, 0, 0, 0, 0, 0, 0, 0, 0, 0, 0, 0, 0, 0, 0, 0, 0, 0, 0, 0, 0, 0, 0, 0, 0, 0, 0, 0, 0]}
BEGIN type16_general
{"test": "type16_general", "p": 1, "q": 6, "j": 1, "C": [-1, 1, -2], "D": [0, -1, 0, 0, 0, 0, 0, 0, 0, 0, 0, 0, 0, 0, 0, 0, 0, 0, 0, 0, 0, 0, 0, -1, 0, 0, 0, 0, 0, 0, 0, 0, 0, 0, 0, 0, 0, 0, 0, 0, 0, 0, 0, 0, 0, 0, 0, 0, 0, 0, 0, 0, 0, 0, 0, 0, 0, 0, 0, 0, 0, 0, 0, 0, 0, 1, 0, 0, 0, 0, 0, 0, 0, 0, 0, 0, 0, 0, 0, 0, 0, 0, 0, 0, 0, 0, 0, 0, 0, 0, 0, 0, 0, 0, 0, 0, 0, 0, 0, 0, 0, 0, 0, 0, 0, 0, 0, 0, 0, 0, 0, 0, 0, 0, 0, 0], "columns": 315, "nullity": 0, "expected": 0}
BEGIN type25_first
{"test": "type25_first", "p": 2, "q": 5, "j": 1, "C": [-1, -2, 2], "D": [0, 0, 0, 0, 0, 0, 0, 0, 0, 0, 0, 0, 0, 0, 0, 0, 0, 0, 0, 0, 0, 0, 0, 0, 0, 0, 0, 0, 0, 0, 0, 0, 0, 1, 0, 2, 0, 0, 0, 0, 0, 0, 0, 0, 0, 0, -2, 0], "columns": 124, "nullity": 0, "expected": 0}
BEGIN type34_first
{"test": "type34_first", "p": 3, "q": 4, "j": 1, "C": [-1, 0, 0, 0, 2, 0, -1, 0], "D": [1, 0, 0, 0, 0, 0, 0, 0, 0, -1, 0, 0, 0, 0, 0, 0, 0, -2], "columns": 66, "nullity": 1, "expected": 1, "predicted_direction": [1, 0, 0, 0, 0, 0, 0, 0, 0, -1, 0, 0, 0, 0, 0, 0, 0, -2, 0, 0, 0, 0, 0, 0, 0, 0, 0, 0, 0, 0, 0, 0, 0, 0, 0, 0, 0, 0, 0, 0, 0, 0, 0, 0, 0, 0, 0, 0, 0, 0, 0, 0, 0, 0, 0, 0, 0, 0, 0, 0, 0, 0, 0, 0, 0, 0]}
OBSTRUCTION 818 819
BEGIN type12_third
{"test": "type12_third", "p": 1, "q": 2, "j": 3, "C": [-1, 2, -2], "D": [-1, -2, 1], "columns": 66, "nullity": 1, "expected": 1, "predicted_direction": [8, -10, -6, -1, 4, -5, -4, 12, -8, -2, 9, -8, -12, 20, -8, 4, -8, 4, -1, -2, 1, 2, 4, -2, -3, -6, 3, -2, -4, 2, 5, 10, -5, -4, -8, 4, -2, -4, 2, 2, 4, -2, 0, 0, 0, 0, 0, 0, 0, 0, 0, 0, 0, 0, 0, 0, 0, 0, 0, 0, 0, 0, 0, 0, 0, 0]}
BEGIN type23_second
{"test": "type23_second", "p": 2, "q": 3, "j": 2, "C": [-1, 1, -1], "D": [0, 2, 0, 0, 1, 0, 2, 0], "columns": 66, "nullity": 0, "expected": 0}
BEGIN type16_exception
{"test": "type16_exception", "p": 1, "q": 6, "j": 1, "C": [-1, 2, -2], "D": [16, -8, -32, 30, -104, 112, -96, 320, -352, -24, 88, -288, 320, 32, -32, 72, -224, 256, 48, -96, 64, -128, 384, -448, -112, 256, -192, -64, -60, 60, -156, 84, -48, 168, -36, 72, 10, -20, 34, -36, 96, -156, 48, -108, 180, 24, -144, 216, -96, 336, -528, 72, -192, 312, 30, -20, 46, -144, 84, -204, 132, -72, 180, 216, -96, 264, -384, 144, -432, 168, -48, 168, -96, 16, -80, 240, 0, 144, -192, -48, -48, -1, 8, -9, -24, 56, -32, 32, -120, 144, -56, -16, 96, -192, 160, -48, -2, 17, -16, -56, 104, -48, 88, -240, 216, -64, -64, 224, -288, 160, -32, 16, -64, 96, -64, 16], "columns": 315, "nullity": 1, "expected": 1, "predicted_direction": [-1, -2, 1, -5, 24, -22, 8, -26, 24, 20, -36, 10, -36, 38, 2, -2, 0, -4, 12, 34, -100, 118, 32, -74, 56, 20, -4, -1, 2, -3, -2, 5, -4, -2, 2, 4, -8, 12, 8, -20, 16, 8, -8, -5, 10, -15, -10, 25, -20, -10, 10, -4, 8, -12, -8, 20, -16, -8, 8, 12, -24, 36, 24, -60, 48, 24, -24, -8, 16, -24, -16, 40, -32, -16, 16, -2, 4, -6, -4, 10, -8, -4, 4, 9, -18, 27, 18, -45, 36, 18, -18, -8, 16, -24, -16, 40, -32, -16, 16, -12, 24, -36, -24, 60, -48, -24, 24, 20, -40, 60, 40, -100, 80, 40, -40, -8, 16, -24, -16, 40, -32, -16, 16, 4, -8, 12, 8, -20, 16, 8, -8, -8, 16, -24, -16, 40, -32, -16, 16, 4, -8, 12, 8, -20, 16, 8, -8, -4, 5, -16, 26, -53, 20, 4, -32, 52, -80, 152, -56, -10, 26, -58, 92, -182, 68, -17, -26, -5, 16, -52, 22, 50, 86, 2, -28, 118, -52, -44, -80, 4, 16, -88, 40, -32, -68, 16, -8, -28, 16, 52, 124, -44, 40, -4, -8, 1, 2, -1, -6, -12, 6, 7, 14, -7, 12, 24, -12, -30, -60, 30, 18, 36, -18, -8, -16, 8, 36, 72, -36, -48, -96, 48, 20, 40, -20, 2, 4, -2, -13, -26, 13, 12, 24, -12, 30, 60, -30, -54, -108, 54, 24, 48, -24, -28, -56, 28, 72, 144, -72, -60, -120, 60, 16, 32, -16, 8, 16, -8, -24, -48, 24, 24, 48, -24, -8, -16, 8, 0, 0, 0, 0, 0, 0, 0, 0, 0, 0, 0, 0, 0, 0, 0, 0, 0, 0, 0, 0, 0, 0, 0, 0, 0, 0, 0, 0, 0, 0, 0, 0, 0, 0, 0, 0, 0, 0, 0, 0, 0, 0, 0, 0, 0, 0, 0, 0]}
BEGIN type16_general
{"test": "type16_general", "p": 1, "q": 6, "j": 1, "C": [-1, 2, -2], "D": [0, 0, 0, 0, 0, 0, 0, 0, 0, 0, 0, 0, 0, 0, 0, 0, 0, 0, 0, 0, 0, 0, 0, 0, 0, 1, 0, 0, 0, 0, 0, 0, 0, 0, 0, 0, 0, 0, 0, 0, 0, 0, 0, 0, 0, 0, 0, 0, 0, 0, 0, 0, 0, 0, 0, 0, 0, 0, 0, 0, 0, 0, 0, 0, 0, -1, 0, 0, 0, 0, 0, 0, 0, 0, 0, 0, 0, 0, 0, 0, 0, 0, 0, 0, 0, 0, 0, 0, 0, 0, 0, 0, 0, 0, 0, 0, 0, 0, 0, 0, 0, 0, 0, 0, 0, 0, 0, 0, 1, 0, 0, 0, 0, 0, 0, 0], "columns": 315, "nullity": 0, "expected": 0}
BEGIN type25_first
{"test": "type25_first", "p": 2, "q": 5, "j": 1, "C": [1, 1, -2], "D": [0, 0, 0, 0, 2, 0, 0, 0, 0, 0, 0, 0, 0, 0, 0, 0, 0, 0, 0, 0, 0, 0, 0, 0, 0, 0, 0, -1, 0, 0, 0, 0, 0, 0, -1, 0, 0, 0, 0, 0, 0, 0, 0, 0, 0, 0, 0, 0], "columns": 124, "nullity": 0, "expected": 0}
BEGIN type34_first
{"test": "type34_first", "p": 3, "q": 4, "j": 1, "C": [0, 0, 0, 0, -2, 0, 2, 1], "D": [0, -2, 0, 0, -2, 0, 0, 0, 0, 0, 0, 0, 0, 0, 0, 0, 1, 0], "columns": 66, "nullity": 1, "expected": 1, "predicted_direction": [0, -2, 0, 0, -2, 0, 0, 0, 0, 0, 0, 0, 0, 0, 0, 0, 1, 0, 0, 0, 0, 0, 0, 0, 0, 0, 0, 0, 0, 0, 0, 0, 0, 0, 0, 0, 0, 0, 0, 0, 0, 0, 0, 0, 0, 0, 0, 0, 0, 0, 0, 0, 0, 0, 0, 0, 0, 0, 0, 0, 0, 0, 0, 0, 0, 0]}
OBSTRUCTION 818 819
BEGIN type12_third
{"test": "type12_third", "p": 1, "q": 2, "j": 3, "C": [-2, -2, 2], "D": [-2, 1, -2], "columns": 66, "nullity": 1, "expected": 1, "predicted_direction": [-20, -32, 12, -8, -16, 24, -8, 32, -24, 4, 0, -8, -12, 8, 4, -8, 16, -8, -8, 4, -8, -8, 4, -8, 16, -8, 16, 4, -2, 4, -4, 2, -4, -4, 2, -4, -8, 4, -8, 8, -4, 8, 0, 0, 0, 0, 0, 0, 0, 0, 0, 0, 0, 0, 0, 0, 0, 0, 0, 0, 0, 0, 0, 0, 0, 0]}
BEGIN type23_second
{"test": "type23_second", "p": 2, "q": 3, "j": 2, "C": [-1, 2, -1], "D": [-1, -1, 0, 0, 0, 0, 1, 0], "columns": 66, "nullity": 0, "expected": 0}
BEGIN type16_exception
{"test": "type16_exception", "p": 1, "q": 6, "j": 1, "C": [-2, -2, 2], "D": [128, 0, 256, -256, -384, 512, -704, -1152, 1408, 192, 576, 896, -1152, -64, 256, -448, -768, 896, 192, 192, -320, 768, 1280, -1536, -256, -128, 384, 128, -432, 432, 288, -576, 720, 576, -144, -144, -160, 304, 352, -288, 720, 864, 480, -912, -1056, -96, 528, 672, 576, -1440, -1728, -480, 912, 1056, -64, -80, -128, -480, 48, -96, 288, 144, 288, -768, 336, 192, 1152, -288, 0, -384, -48, -192, -352, 208, 160, 864, -432, -288, -672, 240, 96, -32, -128, 160, -192, 512, -320, -128, 576, -768, 320, -32, 256, -576, 512, -160, 16, 32, -64, -32, -64, 96, -128, 192, 0, -64, -112, 320, -288, 64, 16, -32, 128, -192, 128, -32], "columns": 315, "nullity": 1, "expected": 1, "predicted_direction": [-2, 1, -2, 96, 176, -192, 8, 40, -24, 32, -48, 96, 224, -192, -16, -80, 48, -64, 96, -64, -128, 128, 16, 32, -32, 16, -32, -32, -32, 64, 16, -16, -16, -32, 32, -64, -64, 128, 32, -32, -32, -64, 64, 96, 96, -192, -48, 48, 48, 96, -96, -32, -32, 64, 16, -16, -16, -32, 32, 128, 128, -256, -64, 64, 64, 128, -128, -96, -96, 192, 48, -48, -48, -96, 96, 16, 16, -32, -8, 8, 8, 16, -16, 0, 0, 0, 0, 0, 0, 0, 0, -32, -32, 64, 16, -16, -16, -32, 32, -48, -48, 96, 24, -24, -24, -48, 48, 32, 32, -64, -16, 16, 16, 32, -32, 16, 16, -32, -8, 8, 8, 16, -16, -32, -32, 64, 16, -16, -16, -32, 32, 64, 64, -128, -32, 32, 32, 64, -64, -32, -32, 64, 16, -16, -16, -32, 32, 64, -208, -160, 88, -64, -224, 32, -272, -320, 128, -80, -352, -128, 416, 320, -176, 128, 448, 80, -8, 160, -16, -8, 80, 304, -232, 320, 40, -88, 16, -208, 88, -320, 8, 40, -112, 224, -224, 160, 56, -80, -64, -352, 304, -320, -64, 112, 32, 32, -16, 32, 96, -48, 96, -128, 64, -128, 96, -48, 96, -288, 144, -288, 192, -96, 192, 32, -16, 32, -192, 96, -192, 288, -144, 288, -128, 64, -128, -16, 8, -16, -16, 8, -16, 48, -24, 48, 48, -24, 48, 0, 0, 0, -48, 24, -48, 80, -40, 80, -144, 72, -144, 48, -24, 48, 16, -8, 16, 32, -16, 32, -96, 48, -96, 96, -48, 96, -32, 16, -32, 0, 0, 0, 0, 0, 0, 0, 0, 0, 0, 0, 0, 0, 0, 0, 0, 0, 0, 0, 0, 0, 0, 0, 0, 0, 0, 0, 0, 0, 0, 0, 0, 0, 0, 0, 0, 0, 0, 0, 0, 0, 0, 0, 0, 0, 0, 0, 0]}
BEGIN type16_general
{"test": "type16_general", "p": 1, "q": 6, "j": 1, "C": [-2, -2, 2], "D": [0, 0, 0, 0, 0, 0, 0, 0, 0, 0, 0, 0, 0, 0, 0, 0, 0, 0, 0, 0, 0, 0, 0, 0, 0, 0, 0, 0, 0, 0, 0, 0, 0, 0, 0, 0, 0, 0, 0, 0, 0, 0, 0, 0, 0, 0, 2, 0, 0, 0, 0, 0, 0, 0, 0, 0, 0, 0, 0, 0, 0, 0, 0, 0, 1, 0, 0, 0, 0, 0, 0, 0, 0, 0, 0, 1, 0, 0, 0, 0, 0, 0, 0, 0, 0, 0, 0, 0, 0, 0, 0, 0, 0, 0, 0, 0, 0, 0, 0, 0, 0, 0, 0, 0, 0, 0, 0, 0, 0, 0, 0, 0, 0, 0, 0, 0], "columns": 315, "nullity": 0, "expected": 0}
BEGIN type25_first
{"test": "type25_first", "p": 2, "q": 5, "j": 1, "C": [1, -2, 2], "D": [0, 0, 0, 0, 0, 0, 0, 0, 0, 0, -2, -1, 0, 0, 0, 0, 0, 0, 0, 0, 0, 0, 0, 0, 0, 0, 0, 0, 0, 0, 0, 0, 0, 0, 0, 0, 0, 2, 0, 0, 0, 0, 0, 0, 0, 0, 0, 0], "columns": 124, "nullity": 0, "expected": 0}
BEGIN type34_first
{"test": "type34_first", "p": 3, "q": 4, "j": 1, "C": [0, 0, 0, 0, 1, 1, 2, 0], "D": [0, 0, 0, 0, 0, 0, 0, -2, 0, 0, 0, 1, 0, 0, 0, 0, -2, 0], "columns": 66, "nullity": 1, "expected": 1, "predicted_direction": [0, 0, 0, 0, 0, 0, 0, -2, 0, 0, 0, 1, 0, 0, 0, 0, -2, 0, 0, 0, 0, 0, 0, 0, 0, 0, 0, 0, 0, 0, 0, 0, 0, 0, 0, 0, 0, 0, 0, 0, 0, 0, 0, 0, 0, 0, 0, 0, 0, 0, 0, 0, 0, 0, 0, 0, 0, 0, 0, 0, 0, 0, 0, 0, 0, 0]}
BEGIN type16_EW
{"test": "type16_EW", "p": 1, "q": 6, "j": 1, "C": [1, 0, 0], "D": [0, 0, 0, 0, 0, 0, 0, 0, 0, 0, 0, 0, 0, 0, 0, 0, 0, 0, 0, 0, 0, 0, 0, 0, 0, 0, 0, 0, 0, 0, -1, 0, 1, 0, 0, 0, 0, 0, 0, 0, 0, 0, 0, 0, 0, 0, 0, 0, 0, 0, 0, -1, 0, 0, 0, 0, 0, 0, 0, 0, 0, 0, 0, 0, 0, 0, 1, 0, 0, 0, 0, 0, 0, 0, 0, 0, 0, 0, 0, 0, 0, 0, 0, 0, 0, 0, 0, 0, 0, 0, 0, 0, 0, 0, 0, 0, 0, 0, 0, 0, 0, 0, 0, 0, 0, 0, 0, 0, 0, 0, 0, 0, 0, 0, 0, 0], "columns": 315, "nullity": 0, "expected": 0}
BEGIN type16_BB
{"test": "type16_BB", "p": 1, "q": 6, "j": 1, "C": [1, 0, 0], "D": [0, 0, 0, 0, 0, 0, 0, 0, 0, 0, 0, 0, 0, 0, 0, 0, 0, 0, 0, 0, 0, -1, 0, 0, 0, 0, 0, 0, 0, 0, 0, 0, 0, 0, 0, 0, 0, 0, 0, 0, 0, 0, 0, 0, 0, 0, 0, 0, 0, 0, 0, 0, 0, 0, 0, 0, 0, 0, 0, 0, 0, 0, 0, 0, 0, 0, 0, 0, 0, 0, 0, 0, 0, 0, 0, 0, 0, 0, 0, 0, 0, 0, 0, 0, 0, 0, 0, 0, 0, 0, 0, 0, 0, 0, 0, 0, 0, 0, 0, 0, 0, 0, 0, 0, 0, 0, 0, 0, 0, 0, 0, 0, 0, 0, 0, 0], "columns": 315, "nullity": 0, "expected": 0}
BEGIN type25_EB
{"test": "type25_EB", "p": 2, "q": 5, "j": 1, "C": [1, 0, 0], "D": [0, 0, 0, 0, 0, 0, 0, 0, 0, 0, 0, 0, 0, 0, 0, 0, 0, 0, 0, 0, 0, -1, 0, 0, 0, 0, 0, 0, 0, 0, 0, 0, 0, 0, 0, 0, 0, 0, 0, 0, 0, 0, 0, 0, 0, 0, 0, 0], "columns": 124, "nullity": 0, "expected": 0}
BEGIN type16_EEE
{"test": "type16_EEE", "p": 1, "q": 6, "j": 1, "C": [1, 0, 0], "D": [0, 0, 0, 0, 0, 0, 0, 0, 0, 0, 0, 0, 0, 0, 0, 0, 0, 0, 0, 0, 0, 0, 0, 0, 0, 0, 0, 0, 0, 0, 0, 1, 0, 0, 0, 0, 0, 0, 0, 0, 0, 0, 0, 0, 0, 0, 0, 0, 0, 0, 0, 0, 0, 0, 0, 0, 0, 0, 0, 0, 0, 0, 0, 0, 0, 0, 0, 0, 0, 0, 0, 0, 0, 0, 0, 0, 0, 0, 0, 0, 0, 0, 0, 0, 0, 0, 0, 0, 0, 0, 0, 0, 0, 0, 0, 0, 0, 0, 0, 0, 0, 0, 0, 0, 0, 0, 0, 0, 0, 0, 0, 0, 0, 0, 0, 0], "columns": 315, "nullity": 0, "expected": 0}
BEGIN type34_EE
{"test": "type34_EE", "p": 3, "q": 4, "j": 1, "C": [0, 0, 0, 0, 0, 0, 0, 1], "D": [0, -1, 0, 0, 0, 0, 0, 0, 0, 0, 0, 0, 0, 0, 0, 0, 0, 0], "columns": 66, "nullity": 1, "expected": 1, "predicted_direction": [0, -1, 0, 0, 0, 0, 0, 0, 0, 0, 0, 0, 0, 0, 0, 0, 0, 0, 0, 0, 0, 0, 0, 0, 0, 0, 0, 0, 0, 0, 0, 0, 0, 0, 0, 0, 0, 0, 0, 0, 0, 0, 0, 0, 0, 0, 0, 0, 0, 0, 0, 0, 0, 0, 0, 0, 0, 0, 0, 0, 0, 0, 0, 0, 0, 0]}
PASS N8 class9 kernels: 3 23 kernels; 2 obstructions
