Period ambient Hall words reconstructed
Period base and unit-correction probe reconstructed
Preparing reusable prefix-tail subgroup 1
Preparing reusable prefix-tail subgroup 2
Checking specialized period 9 sign 1 case 1
Checking specialized period 9 sign -1 case 2
Checking specialized period 9 sign 1 case 3
Checking specialized period 9 sign -1 case 4
Checking specialized period 11 sign 1 case 5
Checking specialized period 11 sign -1 case 6
Checking specialized period 11 sign 1 case 7
Checking specialized period 11 sign -1 case 8
Checking specialized period 13 sign 1 case 9
Checking specialized period 13 sign -1 case 10
Checking specialized period 13 sign 1 case 11
Checking specialized period 13 sign -1 case 12
Checking specialized period 15 sign 1 case 13
Checking specialized period 15 sign -1 case 14
Checking specialized period 15 sign 1 case 15
Checking specialized period 15 sign -1 case 16
PASS N8 delayed periods GAP: 
16 exact map specializations; complete lattice quotient order 
16345929600; terminal period 479001600 (residues described, not enumerated)
