BEGIN Magnus 2 11
BEGIN type3_5_base
RESULT type3_5_base True 0.381
BEGIN type3_5_corrected
RESULT type3_5_corrected True 4.406
BEGIN type3_5_top_perturbation
RESULT type3_5_top_perturbation False 0.902
BEGIN type3_5_first_perturbation
RESULT type3_5_first_perturbation False 0.323
BEGIN type4_4_base
RESULT type4_4_base True 0.304
BEGIN type4_4_corrected
RESULT type4_4_corrected True 2.706
BEGIN type4_4_top_perturbation
RESULT type4_4_top_perturbation False 0.469
BEGIN type4_4_first_perturbation
RESULT type4_4_first_perturbation True 0.438
BEGIN type1_exceptional_positive
RESULT type1_exceptional_positive True 6.369
BEGIN type1_exceptional_corrected
RESULT type1_exceptional_corrected True 9.637
BEGIN quadratic_layer_perturbation
RESULT quadratic_layer_perturbation False 11.399
BEGIN last_linear_layer_perturbation
RESULT last_linear_layer_perturbation False 13.362
BEGIN joint_tail_needed_positive
RESULT joint_tail_needed_positive True 1.371
BEGIN outside_identity
RESULT outside_identity None 0.0
BEGIN outside_degree_one
RESULT outside_degree_one None 0.0
PASS N8 all fourth-layer: 15 records; 8 witnesses; 39 linear decisions; 6 polynomials; 0 Nielsen lines
