Collecting weasyprint
  Downloading weasyprint-70.0-py3-none-any.whl.metadata (3.8 kB)
Collecting pydyf>=0.11.0 (from weasyprint)
  Downloading pydyf-0.12.1-py3-none-any.whl.metadata (2.5 kB)
Collecting cffi>=0.6 (from weasyprint)
  Downloading cffi-2.1.1-cp312-cp312-manylinux2014_x86_64.manylinux_2_17_x86_64.whl.metadata (2.5 kB)
Collecting tinyhtml5>=2.0.0b1 (from weasyprint)
  Downloading tinyhtml5-2.1.0-py3-none-any.whl.metadata (2.9 kB)
Collecting tinycss2>=1.5.0 (from weasyprint)
  Downloading tinycss2-1.5.1-py3-none-any.whl.metadata (3.0 kB)
Collecting cssselect2>=0.8.0 (from weasyprint)
  Downloading cssselect2-0.10.1-py3-none-any.whl.metadata (2.9 kB)
Collecting Pyphen>=0.9.1 (from weasyprint)
  Downloading pyphen-0.18.1-py3-none-any.whl.metadata (3.4 kB)
Collecting Pillow>=9.1.0 (from weasyprint)
  Using cached pillow-12.3.0-cp312-cp312-manylinux_2_27_x86_64.manylinux_2_28_x86_64.whl.metadata (9.1 kB)
Collecting fonttools>=4.59.2 (from fonttools[woff]>=4.59.2->weasyprint)
  Downloading fonttools-4.66.1-cp312-cp312-manylinux2014_x86_64.manylinux_2_17_x86_64.whl.metadata (130 kB)
     ━━━━━━━━━━━━━━━━━━━━━━━━━━━━━━━━━━━━━━ 130.1/130.1 kB 10.9 MB/s eta 0:00:00
Collecting pycparser (from cffi>=0.6->weasyprint)
  Downloading pycparser-3.0-py3-none-any.whl.metadata (8.2 kB)
Collecting webencodings (from cssselect2>=0.8.0->weasyprint)
  Downloading webencodings-0.6.1-py3-none-any.whl.metadata (3.4 kB)
Collecting brotli>=1.0.1 (from fonttools[woff]>=4.59.2->weasyprint)
  Downloading brotli-1.2.0-cp312-cp312-manylinux2014_x86_64.manylinux_2_17_x86_64.whl.metadata (6.1 kB)
Collecting zopfli>=0.1.4 (from fonttools[woff]>=4.59.2->weasyprint)
  Downloading zopfli-0.4.3-cp310-abi3-manylinux2014_x86_64.manylinux_2_17_x86_64.whl.metadata (3.5 kB)
Downloading weasyprint-70.0-py3-none-any.whl (328 kB)
   ━━━━━━━━━━━━━━━━━━━━━━━━━━━━━━━━━━━━━━━━ 328.9/328.9 kB 39.5 MB/s eta 0:00:00
Downloading cffi-2.1.1-cp312-cp312-manylinux2014_x86_64.manylinux_2_17_x86_64.whl (221 kB)
   ━━━━━━━━━━━━━━━━━━━━━━━━━━━━━━━━━━━━━━━━ 221.8/221.8 kB 92.0 MB/s eta 0:00:00
Downloading cssselect2-0.10.1-py3-none-any.whl (15 kB)
Downloading fonttools-4.66.1-cp312-cp312-manylinux2014_x86_64.manylinux_2_17_x86_64.whl (5.4 MB)
   ━━━━━━━━━━━━━━━━━━━━━━━━━━━━━━━━━━━━━━━━ 5.4/5.4 MB 85.0 MB/s eta 0:00:00
Using cached pillow-12.3.0-cp312-cp312-manylinux_2_27_x86_64.manylinux_2_28_x86_64.whl (6.9 MB)
Downloading pydyf-0.12.1-py3-none-any.whl (8.0 kB)
Downloading pyphen-0.18.1-py3-none-any.whl (2.1 MB)
   ━━━━━━━━━━━━━━━━━━━━━━━━━━━━━━━━━━━━━━━━ 2.1/2.1 MB 104.0 MB/s eta 0:00:00
Downloading tinycss2-1.5.1-py3-none-any.whl (28 kB)
Downloading tinyhtml5-2.1.0-py3-none-any.whl (39 kB)
Downloading brotli-1.2.0-cp312-cp312-manylinux2014_x86_64.manylinux_2_17_x86_64.whl (1.4 MB)
   ━━━━━━━━━━━━━━━━━━━━━━━━━━━━━━━━━━━━━━━━ 1.4/1.4 MB 90.8 MB/s eta 0:00:00
Downloading webencodings-0.6.1-py3-none-any.whl (8.7 kB)
Downloading zopfli-0.4.3-cp310-abi3-manylinux2014_x86_64.manylinux_2_17_x86_64.whl (829 kB)
   ━━━━━━━━━━━━━━━━━━━━━━━━━━━━━━━━━━━━━━━━ 829.4/829.4 kB 75.8 MB/s eta 0:00:00
Downloading pycparser-3.0-py3-none-any.whl (48 kB)
   ━━━━━━━━━━━━━━━━━━━━━━━━━━━━━━━━━━━━━━━━ 48.2/48.2 kB 20.8 MB/s eta 0:00:00
Installing collected packages: brotli, zopfli, webencodings, Pyphen, pydyf, pycparser, Pillow, fonttools, tinyhtml5, tinycss2, cffi, cssselect2, weasyprint
Successfully installed Pillow-12.3.0 Pyphen-0.18.1 brotli-1.2.0 cffi-2.1.1 cssselect2-0.10.1 fonttools-4.66.1 pycparser-3.0 pydyf-0.12.1 tinycss2-1.5.1 tinyhtml5-2.1.0 weasyprint-70.0 webencodings-0.6.1 zopfli-0.4.3
