{
  "words_through_length": 8,
  "nonempty_words_checked": 13120,
  "image_lift_signs": [
    1,
    1,
    -1
  ],
  "domain_survival_histogram": {
    "2": 1642,
    "0": 6520,
    "3": 862,
    "1": 3236,
    "6": 102,
    "4": 430,
    "7": 44,
    "5": 220,
    "12": 6,
    "8": 26,
    "13": 2,
    "9": 12,
    "11": 6,
    "10": 10,
    "14": 2
  },
  "maximum_domain_steps": 14,
  "one_maximizing_word": [
    1,
    2,
    1,
    1,
    1,
    1,
    -2,
    -1
  ]
}
PASS F28 exact matrix identities and bounded word audit
