{
  "degree": 5,
  "basis_convention": "right-nested, final generator 4, indices 0..4",
  "rational_rank": 20,
  "kernel_dimension": 4,
  "witness_brackets": [
    {
      "word": [
        0,
        1,
        2,
        3,
        4
      ],
      "coefficient": -1
    },
    {
      "word": [
        0,
        1,
        3,
        2,
        4
      ],
      "coefficient": 3
    },
    {
      "word": [
        0,
        2,
        1,
        3,
        4
      ],
      "coefficient": 1
    },
    {
      "word": [
        0,
        2,
        3,
        1,
        4
      ],
      "coefficient": -3
    },
    {
      "word": [
        0,
        3,
        1,
        2,
        4
      ],
      "coefficient": -1
    },
    {
      "word": [
        0,
        3,
        2,
        1,
        4
      ],
      "coefficient": 1
    },
    {
      "word": [
        1,
        0,
        2,
        3,
        4
      ],
      "coefficient": 1
    },
    {
      "word": [
        1,
        0,
        3,
        2,
        4
      ],
      "coefficient": -3
    },
    {
      "word": [
        1,
        2,
        0,
        3,
        4
      ],
      "coefficient": -1
    },
    {
      "word": [
        1,
        2,
        3,
        0,
        4
      ],
      "coefficient": 3
    },
    {
      "word": [
        1,
        3,
        0,
        2,
        4
      ],
      "coefficient": 1
    },
    {
      "word": [
        1,
        3,
        2,
        0,
        4
      ],
      "coefficient": -1
    },
    {
      "word": [
        2,
        0,
        1,
        3,
        4
      ],
      "coefficient": -1
    },
    {
      "word": [
        2,
        0,
        3,
        1,
        4
      ],
      "coefficient": 3
    },
    {
      "word": [
        2,
        1,
        0,
        3,
        4
      ],
      "coefficient": 1
    },
    {
      "word": [
        2,
        1,
        3,
        0,
        4
      ],
      "coefficient": -3
    },
    {
      "word": [
        2,
        3,
        0,
        1,
        4
      ],
      "coefficient": -1
    },
    {
      "word": [
        2,
        3,
        1,
        0,
        4
      ],
      "coefficient": 1
    }
  ],
  "witness_tensor_terms": [
    {
      "word": [
        0,
        1,
        2,
        3,
        4
      ],
      "coefficient": -1
    },
    {
      "word": [
        0,
        1,
        2,
        4,
        3
      ],
      "coefficient": -1
    },
    {
      "word": [
        0,
        1,
        3,
        2,
        4
      ],
      "coefficient": 3
    },
    {
      "word": [
        0,
        1,
        3,
        4,
        2
      ],
      "coefficient": -2
    },
    {
      "word": [
        0,
        1,
        4,
        2,
        3
      ],
      "coefficient": 3
    },
    {
      "word": [
        0,
        1,
        4,
        3,
        2
      ],
      "coefficient": -2
    },
    {
      "word": [
        0,
        2,
        1,
        3,
        4
      ],
      "coefficient": 1
    },
    {
      "word": [
        0,
        2,
        1,
        4,
        3
      ],
      "coefficient": 1
    },
    {
      "word": [
        0,
        2,
        3,
        1,
        4
      ],
      "coefficient": -3
    },
    {
      "word": [
        0,
        2,
        3,
        4,
        1
      ],
      "coefficient": 2
    },
    {
      "word": [
        0,
        2,
        4,
        1,
        3
      ],
      "coefficient": -3
    },
    {
      "word": [
        0,
        2,
        4,
        3,
        1
      ],
      "coefficient": 2
    },
    {
      "word": [
        0,
        3,
        1,
        2,
        4
      ],
      "coefficient": -1
    },
    {
      "word": [
        0,
        3,
        2,
        1,
        4
      ],
      "coefficient": 1
    },
    {
      "word": [
        0,
        3,
        4,
        1,
        2
      ],
      "coefficient": 2
    },
    {
      "word": [
        0,
        3,
        4,
        2,
        1
      ],
      "coefficient": -2
    },
    {
      "word": [
        0,
        4,
        1,
        2,
        3
      ],
      "coefficient": -1
    },
    {
      "word": [
        0,
        4,
        2,
        1,
        3
      ],
      "coefficient": 1
    },
    {
      "word": [
        0,
        4,
        3,
        1,
        2
      ],
      "coefficient": 2
    },
    {
      "word": [
        0,
        4,
        3,
        2,
        1
      ],
      "coefficient": -2
    },
    {
      "word": [
        1,
        0,
        2,
        3,
        4
      ],
      "coefficient": 1
    },
    {
      "word": [
        1,
        0,
        2,
        4,
        3
      ],
      "coefficient": 1
    },
    {
      "word": [
        1,
        0,
        3,
        2,
        4
      ],
      "coefficient": -3
    },
    {
      "word": [
        1,
        0,
        3,
        4,
        2
      ],
      "coefficient": 2
    },
    {
      "word": [
        1,
        0,
        4,
        2,
        3
      ],
      "coefficient": -3
    },
    {
      "word": [
        1,
        0,
        4,
        3,
        2
      ],
      "coefficient": 2
    },
    {
      "word": [
        1,
        2,
        0,
        3,
        4
      ],
      "coefficient": -1
    },
    {
      "word": [
        1,
        2,
        0,
        4,
        3
      ],
      "coefficient": -1
    },
    {
      "word": [
        1,
        2,
        3,
        0,
        4
      ],
      "coefficient": 3
    },
    {
      "word": [
        1,
        2,
        3,
        4,
        0
      ],
      "coefficient": -2
    },
    {
      "word": [
        1,
        2,
        4,
        0,
        3
      ],
      "coefficient": 3
    },
    {
      "word": [
        1,
        2,
        4,
        3,
        0
      ],
      "coefficient": -2
    },
    {
      "word": [
        1,
        3,
        0,
        2,
        4
      ],
      "coefficient": 1
    },
    {
      "word": [
        1,
        3,
        2,
        0,
        4
      ],
      "coefficient": -1
    },
    {
      "word": [
        1,
        3,
        4,
        0,
        2
      ],
      "coefficient": -2
    },
    {
      "word": [
        1,
        3,
        4,
        2,
        0
      ],
      "coefficient": 2
    },
    {
      "word": [
        1,
        4,
        0,
        2,
        3
      ],
      "coefficient": 1
    },
    {
      "word": [
        1,
        4,
        2,
        0,
        3
      ],
      "coefficient": -1
    },
    {
      "word": [
        1,
        4,
        3,
        0,
        2
      ],
      "coefficient": -2
    },
    {
      "word": [
        1,
        4,
        3,
        2,
        0
      ],
      "coefficient": 2
    },
    {
      "word": [
        2,
        0,
        1,
        3,
        4
      ],
      "coefficient": -1
    },
    {
      "word": [
        2,
        0,
        1,
        4,
        3
      ],
      "coefficient": -1
    },
    {
      "word": [
        2,
        0,
        3,
        1,
        4
      ],
      "coefficient": 3
    },
    {
      "word": [
        2,
        0,
        3,
        4,
        1
      ],
      "coefficient": -2
    },
    {
      "word": [
        2,
        0,
        4,
        1,
        3
      ],
      "coefficient": 3
    },
    {
      "word": [
        2,
        0,
        4,
        3,
        1
      ],
      "coefficient": -2
    },
    {
      "word": [
        2,
        1,
        0,
        3,
        4
      ],
      "coefficient": 1
    },
    {
      "word": [
        2,
        1,
        0,
        4,
        3
      ],
      "coefficient": 1
    },
    {
      "word": [
        2,
        1,
        3,
        0,
        4
      ],
      "coefficient": -3
    },
    {
      "word": [
        2,
        1,
        3,
        4,
        0
      ],
      "coefficient": 2
    },
    {
      "word": [
        2,
        1,
        4,
        0,
        3
      ],
      "coefficient": -3
    },
    {
      "word": [
        2,
        1,
        4,
        3,
        0
      ],
      "coefficient": 2
    },
    {
      "word": [
        2,
        3,
        0,
        1,
        4
      ],
      "coefficient": -1
    },
    {
      "word": [
        2,
        3,
        1,
        0,
        4
      ],
      "coefficient": 1
    },
    {
      "word": [
        2,
        3,
        4,
        0,
        1
      ],
      "coefficient": 2
    },
    {
      "word": [
        2,
        3,
        4,
        1,
        0
      ],
      "coefficient": -2
    },
    {
      "word": [
        2,
        4,
        0,
        1,
        3
      ],
      "coefficient": -1
    },
    {
      "word": [
        2,
        4,
        1,
        0,
        3
      ],
      "coefficient": 1
    },
    {
      "word": [
        2,
        4,
        3,
        0,
        1
      ],
      "coefficient": 2
    },
    {
      "word": [
        2,
        4,
        3,
        1,
        0
      ],
      "coefficient": -2
    },
    {
      "word": [
        3,
        0,
        1,
        4,
        2
      ],
      "coefficient": 1
    },
    {
      "word": [
        3,
        0,
        2,
        4,
        1
      ],
      "coefficient": -1
    },
    {
      "word": [
        3,
        0,
        4,
        1,
        2
      ],
      "coefficient": -3
    },
    {
      "word": [
        3,
        0,
        4,
        2,
        1
      ],
      "coefficient": 3
    },
    {
      "word": [
        3,
        1,
        0,
        4,
        2
      ],
      "coefficient": -1
    },
    {
      "word": [
        3,
        1,
        2,
        4,
        0
      ],
      "coefficient": 1
    },
    {
      "word": [
        3,
        1,
        4,
        0,
        2
      ],
      "coefficient": 3
    },
    {
      "word": [
        3,
        1,
        4,
        2,
        0
      ],
      "coefficient": -3
    },
    {
      "word": [
        3,
        2,
        0,
        4,
        1
      ],
      "coefficient": 1
    },
    {
      "word": [
        3,
        2,
        1,
        4,
        0
      ],
      "coefficient": -1
    },
    {
      "word": [
        3,
        2,
        4,
        0,
        1
      ],
      "coefficient": -3
    },
    {
      "word": [
        3,
        2,
        4,
        1,
        0
      ],
      "coefficient": 3
    },
    {
      "word": [
        3,
        4,
        0,
        1,
        2
      ],
      "coefficient": 1
    },
    {
      "word": [
        3,
        4,
        0,
        2,
        1
      ],
      "coefficient": -1
    },
    {
      "word": [
        3,
        4,
        1,
        0,
        2
      ],
      "coefficient": -1
    },
    {
      "word": [
        3,
        4,
        1,
        2,
        0
      ],
      "coefficient": 1
    },
    {
      "word": [
        3,
        4,
        2,
        0,
        1
      ],
      "coefficient": 1
    },
    {
      "word": [
        3,
        4,
        2,
        1,
        0
      ],
      "coefficient": -1
    },
    {
      "word": [
        4,
        0,
        1,
        3,
        2
      ],
      "coefficient": 1
    },
    {
      "word": [
        4,
        0,
        2,
        3,
        1
      ],
      "coefficient": -1
    },
    {
      "word": [
        4,
        0,
        3,
        1,
        2
      ],
      "coefficient": -3
    },
    {
      "word": [
        4,
        0,
        3,
        2,
        1
      ],
      "coefficient": 3
    },
    {
      "word": [
        4,
        1,
        0,
        3,
        2
      ],
      "coefficient": -1
    },
    {
      "word": [
        4,
        1,
        2,
        3,
        0
      ],
      "coefficient": 1
    },
    {
      "word": [
        4,
        1,
        3,
        0,
        2
      ],
      "coefficient": 3
    },
    {
      "word": [
        4,
        1,
        3,
        2,
        0
      ],
      "coefficient": -3
    },
    {
      "word": [
        4,
        2,
        0,
        3,
        1
      ],
      "coefficient": 1
    },
    {
      "word": [
        4,
        2,
        1,
        3,
        0
      ],
      "coefficient": -1
    },
    {
      "word": [
        4,
        2,
        3,
        0,
        1
      ],
      "coefficient": -3
    },
    {
      "word": [
        4,
        2,
        3,
        1,
        0
      ],
      "coefficient": 3
    },
    {
      "word": [
        4,
        3,
        0,
        1,
        2
      ],
      "coefficient": 1
    },
    {
      "word": [
        4,
        3,
        0,
        2,
        1
      ],
      "coefficient": -1
    },
    {
      "word": [
        4,
        3,
        1,
        0,
        2
      ],
      "coefficient": -1
    },
    {
      "word": [
        4,
        3,
        1,
        2,
        0
      ],
      "coefficient": 1
    },
    {
      "word": [
        4,
        3,
        2,
        0,
        1
      ],
      "coefficient": 1
    },
    {
      "word": [
        4,
        3,
        2,
        1,
        0
      ],
      "coefficient": -1
    }
  ]
}
PASS N8 degree-five rational outer-map kernel
