BEGIN Hall construction 3 9
BEGIN 17-nonlinear-exception
{"label": "17-nonlinear-exception", "p": 1, "q": 7, "columns": 813, "nullity": 1, "expected": 1}
BEGIN 17-length-one
{"label": "17-length-one", "p": 1, "q": 7, "columns": 813, "nullity": 0, "expected": 0}
BEGIN 17-length-two-off-ratio
{"label": "17-length-two-off-ratio", "p": 1, "q": 7, "columns": 813, "nullity": 0, "expected": 0}
BEGIN 17-length-three
{"label": "17-length-three", "p": 1, "q": 7, "columns": 813, "nullity": 0, "expected": 0}
BEGIN 17-mixed-length
{"label": "17-mixed-length", "p": 1, "q": 7, "columns": 813, "nullity": 0, "expected": 0}
BEGIN 17-hall-0
{"label": "17-hall-0", "p": 1, "q": 7, "columns": 813, "nullity": 0, "expected": 0}
BEGIN 17-hall-156
{"label": "17-hall-156", "p": 1, "q": 7, "columns": 813, "nullity": 0, "expected": 0}
BEGIN 17-hall-311
{"label": "17-hall-311", "p": 1, "q": 7, "columns": 813, "nullity": 0, "expected": 0}
BEGIN 17-polarization-rank-two
{"label": "17-polarization-rank-two", "p": 1, "q": 7, "columns": 813, "nullity": 0, "expected": 0}
BEGIN 17-mixed-seeds
