{
  "counts": {
    "records": 786,
    "terminal": 786,
    "recorded_nonsuccess": 197,
    "recorded_success": 589,
    "timed_out": 46,
    "interrupted": 24
  },
  "receipt_issues": 0,
  "peak_reserved_cores": {
    "utc": "2026-09-29T03:27:41.302392+00:00",
    "jobs": [
      "s5-lean-cache-setup-v1"
    ],
    "reserved_cores_sum": 8,
    "distinct_cpu_ids": [
      0,
      1,
      2,
      3,
      4,
      5,
      6,
      7
    ],
    "requested_memory_gb_sum": 16.0
  },
  "peak_requested_memory": {
    "utc": "2026-09-28T16:54:01.621626+00:00",
    "jobs": [
      "n8-class8-expansion-v1",
      "n8-class8-focused-rank3-v3",
      "n8-class8-focused-rank3-v4",
      "n8-class8-pivot-rank2-gap-v1",
      "n8-class8-pivot-rank3-v1"
    ],
    "reserved_cores_sum": 5,
    "distinct_cpu_ids": [
      0,
      1,
      2,
      3,
      4
    ],
    "requested_memory_gb_sum": 52.0
  },
  "peak_simultaneous_jobs": {
    "utc": "2026-09-29T15:52:22.204783+00:00",
    "jobs": [
      "n8-three-exception-block-e5-arithmetic-gap-v1",
      "n8-three-exception-block-e5-families-gap-v1",
      "n8-three-exception-block-e5-gap-v1",
      "n8-three-exception-block-e6-arithmetic-gap-v1",
      "n8-three-exception-block-e6-families-gap-v1",
      "n8-three-exception-block-e6-gap-v1",
      "n8-three-exception-gauges-gap-v1"
    ],
    "reserved_cores_sum": 7,
    "distinct_cpu_ids": [
      0,
      1,
      2,
      3,
      4,
      5,
      6
    ],
    "requested_memory_gb_sum": 32.0
  },
  "budget_excesses": 0,
  "cpu_overlaps": 0,
  "live_processes": 3
}
COMPLETE resource/process inventory; inspect findings
