GAP Lie replay zero
trivial: 1 partitions, 1 supports, generation indices [ 1 ]
GAP Lie replay zero
finite_nonabelian: 1 partitions, 1 supports, generation indices [ 1 ]
GAP Lie replay abelian3: [ 1, 1, 1 ]; centroid 0; reduced dimension 0
abelian3: 8 partitions, 1 supports, generation indices [ 1 ]
GAP Lie replay heisenberg: [ 3 ]; centroid 3; reduced dimension 1
heisenberg: 2 partitions, 2 supports, generation indices [ 1 ]
GAP Lie replay free_class3: [ 5 ]; centroid 5; reduced dimension 1
free_class3: 2 partitions, 2 supports, generation indices [ 1 ]
GAP Lie replay free_class4: [ 8 ]; centroid 7; reduced dimension 1
free_class4: 2 partitions, 2 supports, generation indices [ 1 ]
GAP Lie replay mixed_classes: [ 1, 3, 5 ]; centroid 14; reduced dimension 2
mixed_classes: 8 partitions, 4 supports, generation indices [ 1 ]
GAP Lie replay noncentral_finite_torsion: [ 5 ]; centroid 
5; reduced dimension 1
noncentral_finite_torsion: 2 partitions, 2 supports, generation indices [ 1 ]
GAP Lie replay finite_relative_order: [ 3 ]; centroid 3; reduced dimension 1
finite_relative_order: 2 partitions, 2 supports, generation indices [ 1 ]
GAP Lie replay mixed_classes_and_torsion: [ 3, 5 ]; centroid 
14; reduced dimension 2
mixed_classes_and_torsion: 4 partitions, 4 supports, generation indices [ 1 ]
GAP Lie replay repeated_class3: [ 5, 5 ]; centroid 18; reduced dimension 2
repeated_class3: 4 partitions, 4 supports, generation indices [ 1 ]
GAP Lie replay index_two_gluing: [ 3, 5 ]; centroid 14; reduced dimension 2
index_two_gluing: 4 partitions, 4 supports, generation indices [ 1, 2 ]
PASS N5 general rational supports: 12 groups; 40 partitions
