begin identity 2 3
identity identity-target 
done identity True
begin abelian-negative 2 3
abelian-negative abelianization-obstruction 
done abelian-negative False
begin central-positive 2 3
central-positive complete-leading-list 
central-positive positive-commutator 
done central-positive True
begin scale-sensitive 2 5
scale-sensitive complete-leading-list 
scale-sensitive linear-tail 1
scale-sensitive linear-tail 1
scale-sensitive linear-tail 1
scale-sensitive positive-commutator 
done scale-sensitive True
begin equal-leading-universal 2 6
equal-leading-universal complete-leading-list 
equal-leading-universal unique-layer 1
equal-leading-universal period-layer 2
equal-leading-universal period-residue 2
equal-leading-universal linear-tail 3
equal-leading-universal positive-commutator 
done equal-leading-universal True
begin exceptional-quadratic 2 7
exceptional-quadratic complete-leading-list 
exceptional-quadratic exception-block 1
exceptional-quadratic quadratic-exception 1
exceptional-quadratic linear-tail 2
exceptional-quadratic positive-commutator 
done exceptional-quadratic True
begin rank3-positive 3 4
rank3-positive complete-leading-list 
rank3-positive unique-layer 1
rank3-positive linear-tail 2
rank3-positive positive-commutator 
done rank3-positive True
begin rank4-exterior-negative 4 2
rank4-exterior-negative complete-leading-list 
rank4-exterior-negative all-leading-branches-rejected 
done rank4-exterior-negative False
PASS N8 general solver core 8 controls 0.7207466214895248
